Archive member included because of file (symbol)

E:/ARM7-SDK-2011-07-20/GNU/arm-elf/lib//libc.a(lib_a-memcmp.o)
                              E:/手持机项目/Release/SysOperation.o (memcmp)
E:/ARM7-SDK-2011-07-20/GNU/arm-elf/lib//libc.a(lib_a-memcpy.o)
                              E:/手持机项目/Release/WiFi.o (memcpy)
E:/ARM7-SDK-2011-07-20/GNU/arm-elf/lib//libc.a(lib_a-memset.o)
                              E:/手持机项目/Release/WiFi.o (memset)
E:/ARM7-SDK-2011-07-20/GNU/arm-elf/lib//libc.a(lib_a-sprintf.o)
                              E:/手持机项目/Release/MyFristPos.o (sprintf)
E:/ARM7-SDK-2011-07-20/GNU/arm-elf/lib//libc.a(lib_a-strlen.o)
                              E:/手持机项目/Release/WiFi.o (strlen)
E:/ARM7-SDK-2011-07-20/GNU/arm-elf/lib//libc.a(lib_a-vfprintf.o)
                              E:/ARM7-SDK-2011-07-20/GNU/arm-elf/lib//libc.a(lib_a-sprintf.o) (_vfprintf_r)
E:/ARM7-SDK-2011-07-20/GNU/arm-elf/lib//libc.a(lib_a-wcrtomb.o)
                              E:/ARM7-SDK-2011-07-20/GNU/arm-elf/lib//libc.a(lib_a-vfprintf.o) (_wcrtomb_r)
E:/ARM7-SDK-2011-07-20/GNU/arm-elf/lib//libc.a(lib_a-wcsrtombs.o)
                              E:/ARM7-SDK-2011-07-20/GNU/arm-elf/lib//libc.a(lib_a-vfprintf.o) (_wcsrtombs_r)
E:/ARM7-SDK-2011-07-20/GNU/arm-elf/lib//libc.a(lib_a-wctomb_r.o)
                              E:/ARM7-SDK-2011-07-20/GNU/arm-elf/lib//libc.a(lib_a-wcrtomb.o) (_wctomb_r)
E:/ARM7-SDK-2011-07-20/GNU/arm-elf/lib//libc.a(lib_a-wsetup.o)
                              E:/ARM7-SDK-2011-07-20/GNU/arm-elf/lib//libc.a(lib_a-vfprintf.o) (__swsetup)
E:/ARM7-SDK-2011-07-20/GNU/arm-elf/lib//libc.a(lib_a-dtoa.o)
                              E:/ARM7-SDK-2011-07-20/GNU/arm-elf/lib//libc.a(lib_a-vfprintf.o) (_dtoa_r)
E:/ARM7-SDK-2011-07-20/GNU/arm-elf/lib//libc.a(lib_a-fflush.o)
                              E:/ARM7-SDK-2011-07-20/GNU/arm-elf/lib//libc.a(lib_a-vfprintf.o) (fflush)
E:/ARM7-SDK-2011-07-20/GNU/arm-elf/lib//libc.a(lib_a-findfp.o)
                              E:/ARM7-SDK-2011-07-20/GNU/arm-elf/lib//libc.a(lib_a-vfprintf.o) (__sinit)
E:/ARM7-SDK-2011-07-20/GNU/arm-elf/lib//libc.a(lib_a-freer.o)
                              E:/ARM7-SDK-2011-07-20/GNU/arm-elf/lib//libc.a(lib_a-vfprintf.o) (_free_r)
E:/ARM7-SDK-2011-07-20/GNU/arm-elf/lib//libc.a(lib_a-fvwrite.o)
                              E:/ARM7-SDK-2011-07-20/GNU/arm-elf/lib//libc.a(lib_a-vfprintf.o) (__sfvwrite_r)
E:/ARM7-SDK-2011-07-20/GNU/arm-elf/lib//libc.a(lib_a-fwalk.o)
                              E:/ARM7-SDK-2011-07-20/GNU/arm-elf/lib//libc.a(lib_a-fflush.o) (_fwalk)
E:/ARM7-SDK-2011-07-20/GNU/arm-elf/lib//libc.a(lib_a-impure.o)
                              E:/ARM7-SDK-2011-07-20/GNU/arm-elf/lib//libc.a(lib_a-sprintf.o) (_impure_ptr)
E:/ARM7-SDK-2011-07-20/GNU/arm-elf/lib//libc.a(lib_a-locale.o)
                              E:/ARM7-SDK-2011-07-20/GNU/arm-elf/lib//libc.a(lib_a-vfprintf.o) (localeconv)
E:/ARM7-SDK-2011-07-20/GNU/arm-elf/lib//libc.a(lib_a-makebuf.o)
                              E:/ARM7-SDK-2011-07-20/GNU/arm-elf/lib//libc.a(lib_a-wsetup.o) (__smakebuf)
E:/ARM7-SDK-2011-07-20/GNU/arm-elf/lib//libc.a(lib_a-mallocr.o)
                              E:/ARM7-SDK-2011-07-20/GNU/arm-elf/lib//libc.a(lib_a-vfprintf.o) (_malloc_r)
E:/ARM7-SDK-2011-07-20/GNU/arm-elf/lib//libc.a(lib_a-memchr.o)
                              E:/ARM7-SDK-2011-07-20/GNU/arm-elf/lib//libc.a(lib_a-vfprintf.o) (memchr)
E:/ARM7-SDK-2011-07-20/GNU/arm-elf/lib//libc.a(lib_a-memmove.o)
                              E:/ARM7-SDK-2011-07-20/GNU/arm-elf/lib//libc.a(lib_a-fvwrite.o) (memmove)
E:/ARM7-SDK-2011-07-20/GNU/arm-elf/lib//libc.a(lib_a-mlock.o)
                              E:/ARM7-SDK-2011-07-20/GNU/arm-elf/lib//libc.a(lib_a-freer.o) (__malloc_lock)
E:/ARM7-SDK-2011-07-20/GNU/arm-elf/lib//libc.a(lib_a-mprec.o)
                              E:/ARM7-SDK-2011-07-20/GNU/arm-elf/lib//libc.a(lib_a-dtoa.o) (_Bfree)
E:/ARM7-SDK-2011-07-20/GNU/arm-elf/lib//libc.a(lib_a-reallocr.o)
                              E:/ARM7-SDK-2011-07-20/GNU/arm-elf/lib//libc.a(lib_a-fvwrite.o) (_realloc_r)
E:/ARM7-SDK-2011-07-20/GNU/arm-elf/lib//libc.a(lib_a-s_isinfd.o)
                              E:/ARM7-SDK-2011-07-20/GNU/arm-elf/lib//libc.a(lib_a-vfprintf.o) (__isinfd)
E:/ARM7-SDK-2011-07-20/GNU/arm-elf/lib//libc.a(lib_a-s_isnand.o)
                              E:/ARM7-SDK-2011-07-20/GNU/arm-elf/lib//libc.a(lib_a-vfprintf.o) (__isnand)
E:/ARM7-SDK-2011-07-20/GNU/arm-elf/lib//libc.a(lib_a-stdio.o)
                              E:/ARM7-SDK-2011-07-20/GNU/arm-elf/lib//libc.a(lib_a-findfp.o) (__sclose)
E:/ARM7-SDK-2011-07-20/GNU/arm-elf/lib//libc.a(lib_a-strcmp.o)
                              E:/ARM7-SDK-2011-07-20/GNU/arm-elf/lib//libc.a(lib_a-wctomb_r.o) (strcmp)
E:/ARM7-SDK-2011-07-20/GNU/arm-elf/lib//libc.a(lib_a-callocr.o)
                              E:/ARM7-SDK-2011-07-20/GNU/arm-elf/lib//libc.a(lib_a-mprec.o) (_calloc_r)
E:/ARM7-SDK-2011-07-20/GNU/arm-elf/lib//libc.a(lib_a-fclose.o)
[...]
Memory Configuration

Name             Origin             Length             Attributes
ram              0x0c060000         0x007a0000
*default*        0x00000000         0xffffffff

Linker script and memory map

LOAD E:/手持机项目/Release/crt0.o
LOAD E:/手持机项目/Release/MyFristPos.o
LOAD E:/手持机项目/Release/MyDefine.o
LOAD E:/手持机项目/Release/WiFi.o
LOAD E:/手持机项目/Release/ParemeterInit.o
LOAD E:/手持机项目/Release/CalCRC.o
LOAD E:/手持机项目/Release/CPUCard.o
LOAD E:/手持机项目/Release/SysOperation.o
START GROUP
LOAD E:/ARM7-SDK-2011-07-20/GNU/arm-elf/lib//libgcc.a
LOAD E:/ARM7-SDK-2011-07-20/GNU/arm-elf/lib//libc.a
LOAD E:/ARM7-SDK-2011-07-20/GNU/arm-elf/lib//libg.a
LOAD E:/ARM7-SDK-2011-07-20/GNU/arm-elf/lib//libm.a
LOAD E:/ARM7-SDK-2011-07-20/HHFiles/lib//libARMPos.a
LOAD E:/ARM7-SDK-2011-07-20/HHFiles/lib//libext.a
LOAD E:/ARM7-SDK-2011-07-20/HHFiles/lib//libcard.a
LOAD E:/ARM7-SDK-2011-07-20/HHFiles/lib//libcontactless.a
LOAD E:/ARM7-SDK-2011-07-20/HHFiles/lib//libmagcard.a
LOAD E:/ARM7-SDK-2011-07-20/HHFiles/lib//libsound.a
LOAD E:/ARM7-SDK-2011-07-20/HHFiles/lib//libdb.a
LOAD E:/ARM7-SDK-2011-07-20/HHFiles/lib//libfinger.a
LOAD E:/ARM7-SDK-2011-07-20/HHFiles/lib//libjpg.a
LOAD E:/ARM7-SDK-2011-07-20/HHFiles/lib//libsim.a
LOAD E:/ARM7-SDK-2011-07-20/HHFiles/lib//libusb.a
LOAD E:/ARM7-SDK-2011-07-20/HHFiles/lib//libupdown.a
LOAD E:/ARM7-SDK-2011-07-20/HHFiles/lib//libprinter.a
LOAD E:/ARM7-SDK-2011-07-20/HHFiles/lib//libtcpip.a
LOAD E:/ARM7-SDK-2011-07-20/HHFiles/lib//librf433.a
LOAD E:/ARM7-SDK-2011-07-20/HHFiles/lib//libWiFi.a
END GROUP

.text           0x0c060000    0x27390
                0x0c060000                _stext = .
 *(.text)
 .text          0x0c060000      0x324 E:/手持机项目/Release/crt0.o
                0x0c060168                _lseek_r
                0x0c060254                _stat_r
                0x0c0602dc                GetBaseOfRO
                0x0c060264                times
                0x0c0600e8                _fstat_r
                0x0c060090                execve
                0x0c060108                getpid
                0x0c0600c0                _fork_r
                0x0c060188                _open64_r
                0x0c060110                isatty
                0x0c0601f4                _sbrk_r
                0x0c060198                _read_r
                0x0c06030c                GetBaseOfZI
                0x0c060300                GetEndOfRW
                0x0c060160                lseek
                0x0c0602e8                GetEndOfRO
                0x0c060318                GetEndOfZI
                0x0c060284                _unlink_r
                0x0c0602cc                write
                0x0c0600d8                fstat
                0x0c060118                kill
                0x0c06029c                wait
                0x0c060000                _start
                0x0c060190                read
                0x0c060180                _open_r
                0x0c0602f4                GetBaseOfRW
                0x0c06026c                unlink
                0x0c060088                _close_r
                0x0c0602b4                _wait_r
                0x0c0600a8                fork
                0x0c0601a0                sbrk
                0x0c060148                _link_r
                0x0c0602d4                _write_r
                0x0c060170                _lseek64_r
                0x0c060244                stat
                0x0c060130                link
                0x0c0600f8                _fstat64_r
                0x0c060178                open
                0x0c060080                close
 .text          0x0c060324      0x258 E:/手持机项目/Release/MyFristPos.o
                0x0c060324                main
 .text          0x0c06057c        0x0 E:/手持机项目/Release/MyDefine.o
 .text          0x0c06057c     0x1f38 E:/手持机项目/Release/WiFi.o
                0x0c0611fc                UdpSendDate
                0x0c061578                Open_WifiModel
                0x0c06057c                Wifi_ReadDate
                0x0c0609cc                Wifi_WriteDate
                0x0c061738                Wifi_GetDemo
                0x0c060c68                WiFi_MsgDisplay
                0x0c06114c                Wifi_Connect
                0x0c060628                UdpReceiceDateDiag
                0x0c0610d0                Wifi_GetSocketStatus
                0x0c061b84                Wifi_SetDemo
 .text          0x0c0624b4      0x51c E:/手持机项目/Release/ParemeterInit.o
                0x0c0624b4                WriteParameter
                0x0c062548                ReadParameter
 .text          0x0c0629d0       0x48 E:/手持机项目/Release/CalCRC.o
                0x0c0629d0                Cal_CRC_Sub
 .text          0x0c062a18      0x2a4 E:/手持机项目/Release/CPUCard.o
                0x0c062a18                CPU_test
 .text          0x0c062cbc     0x2008 E:/手持机项目/Release/SysOperation.o
                0x0c063010                GetSysParameter
                0x0c062d1c                WaringBeep
                0x0c062df8                SetInputDate
                0x0c062cbc                WaringFdivBeep
                0x0c062e98                RunPassWord
                0x0c062f80                Inputdate
                0x0c063f70                SetSysParameter
 .text          0x0c064cc4       0x94 E:/ARM7-SDK-2011-07-20/GNU/arm-elf/lib//libc.a(lib_a-memcmp.o)
                0x0c064cc4                memcmp
 .text          0x0c064d58       0xa8 E:/ARM7-SDK-2011-07-20/GNU/arm-elf/lib//libc.a(lib_a-memcpy.o)
                0x0c064d58                memcpy
 .text          0x0c064e00       0x98 E:/ARM7-SDK-2011-07-20/GNU/arm-elf/lib//libc.a(lib_a-memset.o)
                0x0c064e00                memset
 .text          0x0c064e98       0xdc E:/ARM7-SDK-2011-07-20/GNU/arm-elf/lib//libc.a(lib_a-sprintf.o)
                0x0c064f0c                _sprintf_r
                0x0c064e98                sprintf
 .text          0x0c064f74       0x68 E:/ARM7-SDK-2011-07-20/GNU/arm-elf/lib//libc.a(lib_a-strlen.o)
                0x0c064f74                strlen
 .text          0x0c064fdc     0x2080 E:/ARM7-SDK-2011-07-20/GNU/arm-elf/lib//libc.a(lib_a-vfprintf.o)
                0x0c06500c                _vfprintf_r
                0x0c067030                vfprintf
 .text          0x0c06705c       0x74 E:/ARM7-SDK-2011-07-20/GNU/arm-elf/lib//libc.a(lib_a-wcrtomb.o)
                0x0c06705c                _wcrtomb_r
                0x0c0670a4                wcrtomb
 .text          0x0c0670d0      0x180 E:/ARM7-SDK-2011-07-20/GNU/arm-elf/lib//libc.a(lib_a-wcsrtombs.o)
                0x0c0670d0                _wcsrtombs_r
                0x0c067210                wcsrtombs
 .text          0x0c067250      0x420 E:/ARM7-SDK-2011-07-20/GNU/arm-elf/lib//libc.a(lib_a-wctomb_r.o)
                0x0c067250                _wctomb_r
 .text          0x0c067670      0x110 E:/ARM7-SDK-2011-07-20/GNU/arm-elf/lib//libc.a(lib_a-wsetup.o)
                0x0c067670                __swsetup
 .text          0x0c067780     0x16f4 E:/ARM7-SDK-2011-07-20/GNU/arm-elf/lib//libc.a(lib_a-dtoa.o)
                0x0c0679a8                _dtoa_r
 .text          0x0c068e74      0x1ac E:/ARM7-SDK-2011-07-20/GNU/arm-elf/lib//libc.a(lib_a-fflush.o)
                0x0c068e74                fflush
 .text          0x0c069020      0x26c E:/ARM7-SDK-2011-07-20/GNU/arm-elf/lib//libc.a(lib_a-findfp.o)
                0x0c06908c                __sinit
                0x0c069164                __sfmoreglue
                0x0c069154                _cleanup
                0x0c069148                _cleanup_r
                0x0c069130                __fp_lock_all
                0x0c06907c                __sfp_lock_acquire
                0x0c0691b4                __sfp
                0x0c069088                __sinit_lock_release
                0x0c069118                __fp_unlock_all
                0x0c069080                __sfp_lock_release
                0x0c069084                __sinit_lock_acquire
 .text          0x0c06928c      0x3a4 E:/ARM7-SDK-2011-07-20/GNU/arm-elf/lib//libc.a(lib_a-freer.o)
                0x0c069384                _free_r
                0x0c06928c                _malloc_trim_r
 .text          0x0c069630      0x44c E:/ARM7-SDK-2011-07-20/GNU/arm-elf/lib//libc.a(lib_a-fvwrite.o)
                0x0c069630                __sfvwrite_r
 .text          0x0c069a7c      0x10c E:/ARM7-SDK-2011-07-20/GNU/arm-elf/lib//libc.a(lib_a-fwalk.o)
                0x0c069b04                _fwalk
                0x0c069a7c                _fwalk_reent
 .text          0x0c069b88        0x0 E:/ARM7-SDK-2011-07-20/GNU/arm-elf/lib//libc.a(lib_a-impure.o)
 .text          0x0c069b88       0xa8 E:/ARM7-SDK-2011-07-20/GNU/arm-elf/lib//libc.a(lib_a-locale.o)
                0x0c069bb4                _setlocale_r
                0x0c069b88                __locale_charset
                0x0c069b98                _localeconv_r
                0x0c069c14                setlocale
                0x0c069ba4                localeconv
 .text          0x0c069c30      0x178 E:/ARM7-SDK-2011-07-20/GNU/arm-elf/lib//libc.a(lib_a-makebuf.o)
                0x0c069c30                __smakebuf
 .text          0x0c069da8      0x798 E:/ARM7-SDK-2011-07-20/GNU/arm-elf/lib//libc.a(lib_a-mallocr.o)
                0x0c069da8                _malloc_r
 .text          0x0c06a540      0x10c E:/ARM7-SDK-2011-07-20/GNU/arm-elf/lib//libc.a(lib_a-memchr.o)
                0x0c06a540                memchr
 .text          0x0c06a64c       0xf4 E:/ARM7-SDK-2011-07-20/GNU/arm-elf/lib//libc.a(lib_a-memmove.o)
                0x0c06a64c                memmove
 .text          0x0c06a740        0x8 E:/ARM7-SDK-2011-07-20/GNU/arm-elf/lib//libc.a(lib_a-mlock.o)
                0x0c06a744                __malloc_unlock
                0x0c06a740                __malloc_lock
 .text          0x0c06a748      0xcf4 E:/ARM7-SDK-2011-07-20/GNU/arm-elf/lib//libc.a(lib_a-mprec.o)
                0x0c06aa50                _mprec_log10
                0x0c06aafc                __any_on
                0x0c06ab98                _Balloc
                0x0c06a9d0                __ratio
                0x0c06b174                __i2b
                0x0c06a910                __b2d
                0x0c06b35c                __s2b
                0x0c06a850                __mcmp
                0x0c06a764                __hi0bits
                0x0c06b268                __pow5mult
                0x0c06ae98                __lshift
                0x0c06afa0                __multiply
                0x0c06ac28                __d2b
                0x0c06aaa0                __copybits
                0x0c06a8b0                __ulp
                0x0c06ad54                __mdiff
                0x0c06a7bc                __lo0bits
                0x0c06b194                __multadd
                0x0c06a748                _Bfree
 .text          0x0c06b43c      0x500 E:/ARM7-SDK-2011-07-20/GNU/arm-elf/lib//libc.a(lib_a-reallocr.o)
                0x0c06b43c                _realloc_r
 .text          0x0c06b93c       0x3c E:/ARM7-SDK-2011-07-20/GNU/arm-elf/lib//libc.a(lib_a-s_isinfd.o)
                0x0c06b93c                __isinfd
 .text          0x0c06b978       0x30 E:/ARM7-SDK-2011-07-20/GNU/arm-elf/lib//libc.a(lib_a-s_isnand.o)
                0x0c06b978                __isnand
 .text          0x0c06b9a8      0x100 E:/ARM7-SDK-2011-07-20/GNU/arm-elf/lib//libc.a(lib_a-stdio.o)
                0x0c06b9bc                __sseek
                0x0c06ba64                __sread
                0x0c06b9a8                __sclose
                0x0c06ba04                __swrite
 .text          0x0c06baa8       0xe8 E:/ARM7-SDK-2011-07-20/GNU/arm-elf/lib//libc.a(lib_a-strcmp.o)
                0x0c06baa8                strcmp
 .text          0x0c06bb90       0xa0 E:/ARM7-SDK-2011-07-20/GNU/arm-elf/lib//libc.a(lib_a-callocr.o)
                0x0c06bb90                _calloc_r
 .text          0x0c06bc30      0x10c E:/ARM7-SDK-2011-07-20/GNU/arm-elf/lib//libc.a(lib_a-fclose.o)
                0x0c06bc30                _fclose_r
                0x0c06bd28                fclose
 .text          0x0c06bd3c       0xa0 E:/ARM7-SDK-2011-07-20/HHFiles/lib//libARMPos.a(libARMPos.o)
                0x0c06bd98                Sys_Delay_MS
                0x0c06bd88                Sys_Delay_US
                0x0c06bd60                Sys_Delay_NS
                0x0c06bd3c                SYS_Restart_Code
                0x0c06bdc4                Sys_Delay_Sec
 .text          0x0c06bddc     0x14a0 E:/ARM7-SDK-2011-07-20/HHFiles/lib//libARMPos.a(call_api.o)
                0x0c06c3c4                UART_Modem_Ctrl
                0x0c06c2ec                UART_Stat
                0x0c06bf44                KEY_Beep_Mask_Read
                0x0c06c124                Disp_Get_Pixel
                0x0c06c4fc                RTC_Alarm_Control
                0x0c06c04c                Disp_Init
                0x0c06c364                UART2_Flush_FIFO
                0x0c06cbec                Sys_Get_SDRAM_Size
                0x0c06c0ac                Disp_Goto_XY
                0x0c06c664                EEPROM_Write_Byte
                0x0c06cd24                SYS_NO_OP35
                0x0c06ca9c                Disp_Get_Color_Setting
                0x0c06be3c                Sys_Int_Disable
                0x0c06c034                Disp_Get_Select_Color
                0x0c06c91c                Sys_Init_EXINT
                0x0c06c97c                Nand_Correct_Data
                0x0c06cb14                SYS_NO_OP16
                0x0c06c3f4                Sys_Timer_Read
                0x0c06bfa4                Is_EL_On
                0x0c06c22c                Disp_Get_Contrast
                0x0c06c544                SIO_Exchange
                0x0c06c52c                SIO_Init
                0x0c06c73c                Nand_Is_Bad_Block
                0x0c06c514                RTC_Alarm_Status
                0x0c06c43c                RTC_Set_Date
                0x0c06c61c                I2C_ACK_Control
                0x0c06cc34                Disp_Put_Bmp_New
                0x0c06c094                Disp_Set_Font_Attrib
                0x0c06c88c                Sys_BC_Init
                0x0c06cba4                KEY_Set_CallBack
                0x0c06cc1c                EEPROM_Set_Type
                0x0c06ca0c                SYS_AUX_Sock_Select
                0x0c06ca6c                Sys_AUX_IO_Control
                0x0c06c8a4                Sys_BC_Laser_Enable
                0x0c06c274                UART_Init
                0x0c06c2d4                UART_Flush_FIFO
                0x0c06c6ac                Sys_Delay_Sec1
                0x0c06c2bc                UART_Send_Str
                0x0c06bddc                Sys_Power_Sleep
                0x0c06c10c                Disp_Clr_Win
                0x0c06cae4                User_Timer_End
                0x0c06c7cc                SYS_Read_Vol_ADC
                0x0c06c6c4                Flash_Get_Size
                0x0c06bf14                KEY_EL_Mask_Set
                0x0c06becc                KEY_Read_Up
                0x0c06cb8c                User_Param_Read
                0x0c06c934                Sys_EXINT_Output
                0x0c06cb74                User_Param_Write
                0x0c06c874                Sys_Motor_Enable
                0x0c06cb2c                SYS_NO_OP17
                0x0c06cbbc                Sys_Network_Power_Control
                0x0c06ca84                Sys_Card_INT_Control
                0x0c06c964                Nand_Calculate_ECC
                0x0c06c34c                UART2_Send_Str
                0x0c06c28c                UART_Rev_Char
                0x0c06c25c                Disp_Dec_Contrast
                0x0c06cc64                EEPROM_Read_Con
                0x0c06c3dc                Sys_Timer_Start
                0x0c06bfd4                EL_Get_Timeout
                0x0c06ca54                Sys_Gprs_Power_Control
                0x0c06c304                UART2_Init
                0x0c06cd0c                SYS_NO_OP34
                0x0c06bf5c                KEY_EL_Mask_Read
                0x0c06c9f4                SYS_LED_Control
                0x0c06c064                Disp_Write_Char
                0x0c06c7fc                SYS_Read_Current
                0x0c06c19c                Disp_Put_Bmp_Raw
                0x0c06c604                I2C_Send_Char
                0x0c06c6f4                FLASH_Erase_One_Block
                0x0c06c58c                I2C_Init
                0x0c06c13c                Disp_Put_Pixel
                0x0c06c424                WatchDog_Set
                0x0c06be0c                Sys_Auto_Poweroff_Read
                0x0c06c994                Disp_Write_16x16_Chr
                0x0c06c2a4                UART_Send_Char
                0x0c06c5ec                I2C_Recv_Char
                0x0c06ca24                Sys_Get_POS_Type
                0x0c06c82c                Sys_Read_RARC
                0x0c06c1fc                Disp_7_SEG_Time
                0x0c06bf2c                KEY_Flush_FIFO
                0x0c06c0c4                Disp_Write_Str
                0x0c06ccdc                Sys_U2P2_Power_Control
                0x0c06c4cc                RTC_Set_Alarm
                0x0c06be9c                KEY_Init
                0x0c06c55c                SIO_Aux_Pin_Control
                0x0c06bf74                KEY_Get_Status
                0x0c06c4b4                RTC_Get_DateTime
                0x0c06c70c                FLASH_Write_Record
                0x0c06c184                Disp_Put_Bmp
                0x0c06be6c                SYS_Msg_Wait
                0x0c06be24                BATT_Check_Level
                0x0c06ca3c                Sys_AUX_OUT_Set
                0x0c06ccc4                Sys_U2P1_Power_Control
                0x0c06c8bc                Sys_Get_Lib_Version
                0x0c06c1b4                Disp_Icon_Set
                0x0c06c784                Nand_Write_OnePage
                0x0c06ccac                Disp_Get_Magnification
                0x0c06c9c4                SYS_Msg_Wait_Ext
                0x0c06c814                Sys_Read_RAAC
                0x0c06c37c                UART2_Stat
                0x0c06c5bc                I2C_Start_Recv
                0x0c06c94c                Sys_EXINT_Read
                0x0c06cc04                Sys_Get_Version
                0x0c06c694                Sys_Delay_MS1
                0x0c06bee4                KEY_Read_Down
                0x0c06c634                EEPROM_Init
                0x0c06c7e4                SYS_Read_Vol_IC
                0x0c06cc4c                Sys_Magcard_Power_Control
                0x0c06c76c                Nand_Read_Random
                0x0c06c244                Disp_Inc_Contrast
                0x0c06c01c                Disp_Set_Color
                0x0c06c454                RTC_Set_Time
                0x0c06c484                RTC_Get_Date
                0x0c06bdf4                Sys_Auto_Poweroff_Set
                0x0c06cd3c                SYS_NO_OP36
                0x0c06cc7c                EEPROM_Write_Page
                0x0c06c0f4                Disp_Clear
                0x0c06c574                SIO_Aux_Power_Control
                0x0c06ccf4                SYS_NO_OP33
                0x0c06c79c                Nand_Erase_OneBlock
                0x0c06be84                SYS_Msg_Mask_Set
                0x0c06c64c                EEPROM_Read_Byte
                0x0c06c67c                Sys_Delay_US1
                0x0c06c724                Nand_Read_ID
                0x0c06c7b4                SYS_Read_Vol
                0x0c06c8ec                Dis_Key_Int
                0x0c06c214                Disp_Set_Contrast
                0x0c06c4e4                RTC_Get_Alarm
                0x0c06c154                Disp_Put_Pixel_Col
                0x0c06bf8c                EL_Set
                0x0c06c004                Is_Charger_On
                0x0c06befc                KEY_Beep_Mask_Set
                0x0c06c16c                Disp_Set_Bmp_Mode
                0x0c06cab4                User_Timer_Get
                0x0c06cb5c                SYS_NO_OP19
                0x0c06c07c                Disp_Write_Char_Col
                0x0c06c844                Sys_Power_5V_Enable
                0x0c06c1cc                Disp_Icon_Battery_Time_Set
                0x0c06cb44                SYS_NO_OP18
                0x0c06c1e4                Disp_Icon_Battery_Time_Refresh
                0x0c06c904                En_Key_Int
                0x0c06cc94                Disp_Set_Magnification
                0x0c06c5a4                I2C_Start_Send
                0x0c06c5d4                I2C_Stop
                0x0c06c46c                RTC_Set_DateTime
                0x0c06c334                UART2_Send_Char
                0x0c06c3ac                UART_Printf
                0x0c06beb4                KEY_Read
                0x0c06c9dc                Sys_BC_Init_EXT
                0x0c06c9ac                FLASH_Get_Sec_ID
                0x0c06c85c                Sys_Power_3V_Enable
                0x0c06c754                Nand_Read_Pages
                0x0c06c394                UART_Send_Term
                0x0c06bfbc                EL_Set_Timeout
                0x0c06c49c                RTC_Get_Time
                0x0c06cbd4                Sys_Audio_Power_Control
                0x0c06c40c                Sys_Timer_CallBack
                0x0c06c8d4                SYS_Query
                0x0c06cacc                User_Timer_Start
                0x0c06c31c                UART2_Rev_Char
                0x0c06c0dc                Disp_Write_Str_Col
                0x0c06be54                Sys_Int_Enable
                0x0c06c6dc                FLASH_Erase_One_Sector
                0x0c06bfec                Beep_Sound
                0x0c06cafc                User_Timer_Read
 .text          0x0c06d27c     0x5744 E:/ARM7-SDK-2011-07-20/HHFiles/lib//libext.a(exlib.o)
                0x0c06d63c                RTC_read_date
                0x0c06dcac                DispChar_E
                0x0c06f698                DispStr_E
                0x0c06dd44                GetStr_E
                0x0c06f6a0                EXT_Display_Multi_Lines
                0x0c06d600                RTC_read_time
                0x0c0729bc                GetStr_CE
                0x0c06f69c                DispStr_C
                0x0c06f9b8                EXT_Brow_Select
                0x0c06d88c                get_flash_size
                0x0c06ff80                EXT_Select_In_Line
                0x0c06d8c0                delay_and_wait_key
                0x0c070bdc                GetStr_CEX
                0x0c070650                EXT_Brow_Info
                0x0c06e958                DispStr_CE
                0x0c06d3f4                RTC_get_week
                0x0c06d6b8                RTC_set_date
                0x0c06d678                RTC_set_time
                0x0c06dc54                EXT_ClearLine
 .text          0x0c0729c0      0x114 E:/ARM7-SDK-2011-07-20/HHFiles/lib//libext.a(exlib_pinyin.o)
                0x0c0729c0                py_ime
 .text          0x0c072ad4     0x1424 E:/ARM7-SDK-2011-07-20/HHFiles/lib//libcard.a(libcard.o)
                0x0c072d74                IC_CARD_GET_URR
                0x0c072d48                IC_CARD_GET_MSR
                0x0c073078                set_C4
                0x0c07366c                Receive_I2C_Data
                0x0c072cc4                IC_CARD_GET_UCR1
                0x0c073068                reset_CLK
                0x0c072ecc                card_stop_level_low
                0x0c073ba0                is_card_exist
                0x0c072dcc                IC_CARD_GET_HSR
                0x0c072af0                IC_card_set_C6
                0x0c0731e0                get_IO
                0x0c0732ac                ICC_access_CLK
                0x0c073274                set_IO
                0x0c073254                reset_IO
                0x0c072e2c                set_PSC_32
                0x0c072c40                IC_CARD_GET_PDR
                0x0c073180                get_C8
                0x0c072da0                IC_CARD_GET_USR
                0x0c073a74                ICC_memcard_atr
                0x0c072d1c                IC_CARD_GET_TOC
                0x0c072be8                IC_CARD_GET_CSR
                0x0c073370                close_8007_interrupt
                0x0c073378                open_8007_interrupt
                0x0c072b24                IC_Card_Clk_Open
                0x0c073324                ICC_card_activity
                0x0c072ad4                ICC_Enalble_C6
                0x0c0730ac                reset_C4
                0x0c073028                reset_RST
                0x0c073358                Parse_Addr
                0x0c0737a4                Start_I2C_IO
                0x0c0734d0                Send_I2C_Data
                0x0c073c84                ICC_select_sock
                0x0c072f00                stop_card_clk
                0x0c073550                Send_I2C_NOACK
                0x0c073970                ACK_Polling_I2C
                0x0c072c98                IC_CARD_GET_GTR
                0x0c07330c                ICC_get_curr_sock
                0x0c073294                ICC_memcard_pin_session
                0x0c072cf0                IC_CARD_GET_PCR
                0x0c072c6c                IC_CARD_GET_UCR2
                0x0c072c14                IC_CARD_GET_CCR
                0x0c072f38                start_card_clk
                0x0c0731b0                set_recv_mode
                0x0c0737f8                ICC_memcard_IIC_session
                0x0c0732d4                ICC_CPU_access_speed
                0x0c073a3c                start_card
                0x0c073598                Send_I2C_ACK
                0x0c07344c                Send_I2C_Data_LSB
                0x0c073220                set_send_mode
                0x0c073114                reset_C6
                0x0c0733d8                ICC_sock_check
                0x0c072bd4                IC_Card_Clk_Check
                0x0c073700                Receive_I2C_ACK
                0x0c072f6c                set_card_vcc
                0x0c073750                Stop_I2C_IO
                0x0c0735dc                Receive_I2C_Data_LSB
                0x0c073a08                stop_card
                0x0c073150                reset_C8
                0x0c0730dc                get_C4
                0x0c072ff4                set_RST
                0x0c073380                clear_8007_interrupt
                0x0c072df8                set_PSC_31
                0x0c072e94                card_stop_level_high
                0x0c07311c                set_C8
                0x0c073d48                ICC_interface_power
                0x0c072e64                check_8007_type
                0x0c07310c                set_C6
                0x0c073c5c                ICC_deactivate_current_sock
                0x0c073058                set_CLK
                0x0c072b88                IC_Card_Clk_Close
 .text          0x0c073ef8     0x42ac E:/ARM7-SDK-2011-07-20/HHFiles/lib//libcard.a(cpucard.o)
                0x0c075200                ICC_T0_TPDU
                0x0c07475c                PBOC_atr_check
                0x0c074780                wait_for_CLKSW_reset
                0x0c075dbc                ICC_T1_frame
                0x0c074154                PBOC_EMV_atr_check
                0x0c0766f4                ICC_T1_APDU_Exchange
                0x0c0747d0                wait_for_CLKSW_set
                0x0c0740d8                ICC_cpucard_set_param
                0x0c0765f8                ICC_T1_Set_IFSD
                0x0c0740d0                EMV_ISO_atr_check
                0x0c077038                ICC_cpucard_ATR
                0x0c07412c                ICC_cpucard_get_param
                0x0c074888                ICC_cpucard_PTS
                0x0c074820                wait_for_CRED
 .text          0x0c0781a4     0x28e8 E:/ARM7-SDK-2011-07-20/HHFiles/lib//libcontactless.a(iso14443.o)
                0x0c079ebc                ISO14443_Request_TypeB
                0x0c078f88                ISO14443_Slot_Marker_TypeB
                0x0c079050                CardTypeBSlotMarker
                0x0c078a9c                CardTypeBExchangeBlock
                0x0c079cac                CardTypeAExchangeBlock
                0x0c07a158                ISO14443_RATS_TypeA_Ex
                0x0c0785e4                ISO14443_Check_Mode
                0x0c078f44                CardTypeBAttrib
                0x0c078b34                ISO14443_Deselect_TypeB
                0x0c078418                ISO14443_Param_Set_Rate
                0x0c07aa44                CardTypeAAnticoll
                0x0c07a3cc                CardTypeARATS
                0x0c07a050                ISO14443_PPS_TypeA
                0x0c07a59c                ISO14443_Request_TypeA
                0x0c078df4                CardTypeBAttrib_Ex
                0x0c07a7c8                ISO14443_AntiCollision_TypeA_Basic
                0x0c079534                ISO14443_LinkLayer_Exchange
                0x0c07825c                ISO14443_Param_Analyse_TypeA
                0x0c07a500                CardTypeASelect
                0x0c078420                CardGetParam
                0x0c07a72c                ISO14443_Halt_TypeA
                0x0c078c10                ISO14443_Halt_TypeB
                0x0c07a7a8                CardTypeAHalt
                0x0c07a6e0                CardTypeARequest
                0x0c078614                RCX_TransCeive_14443B
                0x0c079e2c                ISO14443_Deselect
                0x0c07a370                CardTypeARATS_Ex
                0x0c079094                RCX_TransCeive_14443A
                0x0c0781b0                ISO14443_Param_Init_TypeA
                0x0c07a42c                ISO14443_Select_TypeA_Basic
                0x0c079e84                CardTypeADeselect
                0x0c0781a4                ISO14443_ParamGet
                0x0c079fe4                CardTypeBRequest
                0x0c078ca8                CardTypeBHalt
                0x0c07a3f8                ISO14443_RATS_TypeA
                0x0c07845c                ISO14443_Param_Analyse_TypeB
                0x0c079d7c                ISO14443_Deselect_TypeA
                0x0c07a12c                CardTypeAPPS
                0x0c079a80                ISO14443_APDU_Exchange_Ex
                0x0c079bcc                ISO14443_APDU_Exchange
                0x0c078e6c                ISO14443_Attrib_TypeB
                0x0c078cd0                ISO14443_Attrib_TypeB_Ex
                0x0c078bd8                CardTypeBDeselect
 .text          0x0c07aa8c      0x368 E:/ARM7-SDK-2011-07-20/HHFiles/lib//libcontactless.a(port.o)
                0x0c07ac6c                RCX_Power_Off
                0x0c07abcc                RCX_ReadReg_Same
                0x0c07acfc                RCX_Reset
                0x0c07aa90                RCX_Enable_Int
                0x0c07ab68                RCX_ReadReg
                0x0c07aa94                RCX_WriteFIFO
                0x0c07aa8c                RCX_Disable_Int
                0x0c07abd4                RCX_ReadFIFO
                0x0c07ab5c                RCX_WriteReg_Same
                0x0c07ab1c                RCX_WriteReg
                0x0c07acb0                RCX_Power_On
 .text          0x0c07adf4     0x12b8 E:/ARM7-SDK-2011-07-20/HHFiles/lib//libcontactless.a(rcxcomm.o)
                0x0c07b74c                RCX_Reg_Init_ICODE1STD
                0x0c07b514                RCX_ReadE2
                0x0c07ae44                RCX_Adjust_RxGain
                0x0c07b984                RCX_Reg_Init_15693STD
                0x0c07bbd4                RCX_Reg_Init_14443B_MOT
                0x0c07c078                RCX_Read_Product_Serial
                0x0c07b874                RCX_Reg_Init_15693Fast
                0x0c07b148                RCX_CalcCRC
                0x0c07baa0                RCX_Reg_Init_14443B_ASK
                0x0c07b4dc                RCX_Adjust_14443A
                0x0c07adf4                RCX_Key_Transform
                0x0c07b314                RCX_WriteE2
                0x0c07aeb0                RCX_Authent2
                0x0c07af38                RCX_Authent1
                0x0c07b624                RCX_Reg_Init_ICODE1Fast
                0x0c07be3c                RCX_Reg_Init_14443A
                0x0c07b5f0                RCX_Read_Product_Type
                0x0c07b09c                RCX_LoadKeyE2
                0x0c07ae90                RCX_Close
                0x0c07bf64                RCX_Init
                0x0c07bd08                RCX_Reg_Init_14443B_STD
                0x0c07b004                RCX_LoadKey
 .text          0x0c07c0ac      0x524 E:/ARM7-SDK-2011-07-20/HHFiles/lib//libcontactless.a(rcxreg.o)
                0x0c07c320                RCX_RF_Close
                0x0c07c104                RCX_Get_RxLastBit
                0x0c07c4e0                RCX_PowerDown
                0x0c07c4a8                RCX_Clear_Crypto1
                0x0c07c430                RCX_Stop_Timer
                0x0c07c0d8                RCX_Check_WriteE2
                0x0c07c208                RCX_Set_TSPMSB
                0x0c07c198                RCX_Check_IRQ
                0x0c07c3a0                RCX_Set_TxLastBits
                0x0c07c568                RCX_RF_Reset
                0x0c07c0ac                RCX_Check_CRCReady
                0x0c07c46c                RCX_Start_Timer
                0x0c07c2e8                RCX_SendOnePulse_Enable
                0x0c07c240                RCX_Clear_100ASK
                0x0c07c2b0                RCX_SendOnePulse_Disable
                0x0c07c278                RCX_Set_100ASK
                0x0c07c134                RCX_Check_ErrorFlag
                0x0c07c1d0                RCX_Clear_TSPMSB
                0x0c07c3e4                RCX_Set_RX_AutoPD
                0x0c07c16c                RCX_Check_Crypto1
                0x0c07c518                RCX_FlushFIFO
                0x0c07c358                RCX_Set_RxAlign
 .text          0x0c07c5d0      0x874 E:/ARM7-SDK-2011-07-20/HHFiles/lib//libWiFi.a(libWiFi.o)
                0x0c07ccf8                CWiFi_ConnState
                0x0c07c740                CWiFi_GetHostInfo
                0x0c07c9b8                CWiFi_SetLocalNetMask
                0x0c07c5ec                CWiFi_CloseMould
                0x0c07c730                CWiFi_GetSocketStatus
                0x0c07c750                CWiFi_GetHandle
                0x0c07c90c                CWiFi_GetNicMac
                0x0c07c93c                CWiFi_GetLocalNetMask
                0x0c07ccdc                CWiFi_SetWiFiChanle
                0x0c07ccd4                CWiFi_SetWiFiTransRate
                0x0c07c8dc                CWiFi_GetSoftwareVer
                0x0c07cce4                CWiFi_SetPowerMode
                0x0c07cc78                CNaNoWiFi_ClearRoutePSK
                0x0c07cacc                CWiFi_SetGatewayAddress
                0x0c07c7b4                CWiFi_Read
                0x0c07c938                CWiFi_SetNicMac
                0x0c07cbe0                CWiFi_SetLocalAddress
                0x0c07c7f4                CWiFi_Connect
                0x0c07ccfc                CWiFi_ResetModule
                0x0c07c8e0                CWiFi_GetWiFiVersion
                0x0c07ca50                CWiFi_GetGatewayAddress
                0x0c07cd2c                CWiFi_InitModule
                0x0c07c754                CWiFi_Write
                0x0c07c720                CWiFi_GetRepStatus
                0x0c07cca8                CWiFi_SetRouteSSID
                0x0c07cb64                CWiFi_GetLocalAddress
                0x0c07cc7c                CWiFi_SetRoutePSK
                0x0c07c5d0                CWiFi_SetMSGCallBack
                0x0c07c6c4                CWiFi_Disconnect
                0x0c07c658                CWiFi_OpenMould
 .text          0x0c07ce44     0x2118 E:/ARM7-SDK-2011-07-20/HHFiles/lib//libWiFi.a(CNaNoWiFi.o)
                0x0c07ea14                CNaNoWiFi_GetSoftwareVer_0
                0x0c07d3b4                CNaNoWiFi_SetLocalAddress_0
                0x0c07eb68                CNaNoWiFi_GetNicMac_0
                0x0c07da9c                CNaNoWiFi_AT_i
                0x0c07ec48                CNaNoWiFi_GetGatewayAddress_0
                0x0c07ceac                CNaNoWiFi_Disconnect_0
                0x0c07d468                CNaNoWiFi_ClearRoutePSK_0
                0x0c07e694                CNaNoWiFi_ConnectUDP_0
                0x0c07db0c                CNaNoWiFi_AT_iFD
                0x0c07d61c                CNaNoWiFi_SetRouteSSID_0
                0x0c07ecb8                CNaNoWiFi_Read_0
                0x0c07d87c                CNaNoWiFi_SetPowerMode_0
                0x0c07d170                CNaNoWiFi_GetNaNoWiFiInfo_0
                0x0c07eee8                CNaNoWiFi_GetLocalAddress_0
                0x0c07e854                CNaNoWiFi_ConnectTCP_0
                0x0c07e348                CNaNoWiFi_GetHandle_0
                0x0c07cf80                CNaNoWiFi_AT_IRP5
                0x0c07d198                CNaNoWiFi_SetNicMac_0
                0x0c07e4d8                CNaNoWiFi_Write_0
                0x0c07d6d4                CNaNoWiFi_SetWiFiTransRate_0
                0x0c07ebd8                CNaNoWiFi_GetLocalNetMask_0
                0x0c07d7a8                CNaNoWiFi_SetWiFiChanle_0
                0x0c07e140                CNaNoWiFi_GetHostInfo_0
                0x0c07de20                CNaNoWiFi_GetRepStatus_0
                0x0c07d300                CNaNoWiFi_SetGatewayAddress_0
                0x0c07dfb0                CNaNoWiFi_GetSocketStatus_0
                0x0c07d24c                CNaNoWiFi_SetLocalNetMask_0
                0x0c07d564                CNaNoWiFi_SetRoutePSK_0
                0x0c07db74                CNaNoWiFi_InitModule_0
                0x0c07d078                CNaNoWiFi_AT_IRP1
 .text          0x0c07ef5c      0xf58 E:/ARM7-SDK-2011-07-20/HHFiles/lib//libWiFi.a(Analyse_0.o)
                0x0c07fd70                Analyse_0_NaNoWiFi_Result
                0x0c07ef5c                Analyse_0_NaNoWiFi_ERRORTYPE
                0x0c07fb1c                Analyse_0_CallBackDisplay
 .text          0x0c07feb4      0x1a8 E:/ARM7-SDK-2011-07-20/HHFiles/lib//libWiFi.a(WiFiPubFuncs.o)
                0x0c07feb4                Myitoa
                0x0c07ff98                Myatoi
 .text          0x0c08005c      0x200 E:/ARM7-SDK-2011-07-20/HHFiles/lib//libWiFi.a(ARML.o)
                0x0c08005c                WiFi_ARML_ARM_UART_get_char
                0x0c08009c                WiFi_ReadPort
                0x0c0801a0                WiFi_WritePort
 .text          0x0c08025c      0x1f0 E:/ARM7-SDK-2011-07-20/HHFiles/lib//libWiFi.a(PhyL.o)
                0x0c0803f4                WiFi_PhyL_ARM_ClrUart
                0x0c08025c                PhyL_Port_Close
                0x0c0802e8                PhyL_Port_Open
 .text          0x0c08044c     0x12c8 E:/ARM7-SDK-2011-07-20/HHFiles/lib//libWiFi.a(CRS22WiFi.o)
                0x0c0807c0                CRS22WiFi_ConnectTCP_1
                0x0c080678                CRS22WiFi_ResetModule_1
                0x0c0805e0                CRS22WiFi_ConfigEnable_1
                0x0c0814d4                CRS22WiFi_InitModule_1
                0x0c0809c8                CRS22WiFi_GetWiFiVersion_1
                0x0c0812dc                CRS22WiFi_NetWorkScan_1
                0x0c080c4c                CRS22WiFi_Read_1
                0x0c080ba4                CRS22WiFi_GetNicMac_1
                0x0c080f60                CRS22WiFi_SetIPConfig_1
                0x0c08113c                CRS22WiFi_NetWorkJoin_1
                0x0c08049c                CRS22WiFi_ConfigSave_1
                0x0c080574                CRS22WiFi_Disconnect_1
                0x0c0806fc                CRS22WiFi_SetPassWord_1
                0x0c080508                CRS22WiFi_ExitJion_1
                0x0c080d04                CRS22WiFi_Write_1
                0x0c080a54                CRS22WiFi_GetConfig_1
 .text          0x0c081714      0xd34 E:/ARM7-SDK-2011-07-20/HHFiles/lib//libWiFi.a(Analyse_1.o)
                0x0c0819a0                Analyse_1_RS22WiFi_ERROR
                0x0c082418                Analyse_1_NaNoWiFi_Result
                0x0c0823e0                Analyse_1_RS22WiFi_OK
                0x0c0819dc                Analyse_1_RS22WiFi_ERRORTYPE
                0x0c081714                Analyse_1_CallBackDisplay
 .text          0x0c082448      0x110 E:/ARM7-SDK-2011-07-20/GNU/arm-elf/lib//libgcc.a(_udivsi3.o)
                0x0c082448                __udivsi3
                0x0c082448                __aeabi_uidiv
                0x0c082540                __aeabi_uidivmod
 .text          0x0c082558      0x140 E:/ARM7-SDK-2011-07-20/GNU/arm-elf/lib//libgcc.a(_divsi3.o)
                0x0c082558                __aeabi_idiv
                0x0c082558                __divsi3
                0x0c082680                __aeabi_idivmod
 .text          0x0c082698       0xcc E:/ARM7-SDK-2011-07-20/GNU/arm-elf/lib//libgcc.a(_umodsi3.o)
                0x0c082698                __umodsi3
 .text          0x0c082764       0xe4 E:/ARM7-SDK-2011-07-20/GNU/arm-elf/lib//libgcc.a(_modsi3.o)
                0x0c082764                __modsi3
 .text          0x0c082848        0x4 E:/ARM7-SDK-2011-07-20/GNU/arm-elf/lib//libgcc.a(_dvmd_tls.o)
                0x0c082848                __aeabi_ldiv0
                0x0c082848                __div0
                0x0c082848                __aeabi_idiv0
 .text          0x0c08284c      0x400 E:/ARM7-SDK-2011-07-20/GNU/arm-elf/lib//libgcc.a(_addsubdf3.o)
                0x0c082be0                __floatdidf
                0x0c082b60                __floatsidf
                0x0c082b38                __aeabi_ui2d
                0x0c08284c                __aeabi_drsub
                0x0c082b8c                __extendsfdf2
                0x0c082858                __adddf3
                0x0c082b38                __floatunsidf
                0x0c082858                __aeabi_dadd
                0x0c082bcc                __aeabi_ul2d
                0x0c082854                __aeabi_dsub
                0x0c082bcc                __floatundidf
                0x0c082b60                __aeabi_i2d
                0x0c082be0                __aeabi_l2d
                0x0c082b8c                __aeabi_f2d
                0x0c082854                __subdf3
 .text          0x0c082c4c      0x470 E:/ARM7-SDK-2011-07-20/GNU/arm-elf/lib//libgcc.a(_muldivdf3.o)
                0x0c082eb8                __aeabi_ddiv
                0x0c082c4c                __aeabi_dmul
                0x0c082eb8                __divdf3
                0x0c082c4c                __muldf3
 .text          0x0c0830bc      0x128 E:/ARM7-SDK-2011-07-20/GNU/arm-elf/lib//libgcc.a(_cmpdf2.o)
                0x0c0831a8                __aeabi_dcmple
                0x0c0830cc                __cmpdf2
                0x0c0830cc                __eqdf2
                0x0c0830bc                __gtdf2
                0x0c08316c                __aeabi_cdcmple
                0x0c083150                __aeabi_cdrcmple
                0x0c0830c4                __ltdf2
                0x0c083194                __aeabi_dcmplt
                0x0c0830c4                __ledf2
                0x0c0831d0                __aeabi_dcmpgt
                0x0c0831bc                __aeabi_dcmpge
                0x0c0830cc                __nedf2
                0x0c083180                __aeabi_dcmpeq
                0x0c08316c                __aeabi_cdcmpeq
                0x0c0830bc                __gedf2
 .text          0x0c0831e4       0x5c E:/ARM7-SDK-2011-07-20/GNU/arm-elf/lib//libgcc.a(_fixdfsi.o)
                0x0c0831e4                __fixdfsi
                0x0c0831e4                __aeabi_d2iz
 .text          0x0c083240       0x54 E:/ARM7-SDK-2011-07-20/GNU/arm-elf/lib//libgcc.a(_fixunsdfsi.o)
                0x0c083240                __fixunsdfsi
                0x0c083240                __aeabi_d2uiz
 .text          0x0c083294       0x18 E:/ARM7-SDK-2011-07-20/GNU/arm-elf/lib//libc.a(lib_a-atoi.o)
                0x0c083294                _atoi_r
                0x0c0832a0                atoi
 .text          0x0c0832ac       0x18 E:/ARM7-SDK-2011-07-20/GNU/arm-elf/lib//libc.a(lib_a-atol.o)
                0x0c0832ac                _atol_r
                0x0c0832b8                atol
 .text          0x0c0832c4        0x0 E:/ARM7-SDK-2011-07-20/GNU/arm-elf/lib//libc.a(lib_a-ctype_.o)
 .text          0x0c0832c4       0xa4 E:/ARM7-SDK-2011-07-20/GNU/arm-elf/lib//libc.a(lib_a-strcat.o)
                0x0c0832c4                strcat
 .text          0x0c083368       0x9c E:/ARM7-SDK-2011-07-20/GNU/arm-elf/lib//libc.a(lib_a-strcpy.o)
                0x0c083368                strcpy
 .text          0x0c083404       0x50 E:/ARM7-SDK-2011-07-20/GNU/arm-elf/lib//libc.a(lib_a-strstr.o)
                0x0c083404                strstr
 .text          0x0c083454       0x18 E:/ARM7-SDK-2011-07-20/GNU/arm-elf/lib//libc.a(lib_a-strtok.o)
                0x0c083454                strtok
 .text          0x0c08346c       0xc4 E:/ARM7-SDK-2011-07-20/GNU/arm-elf/lib//libc.a(lib_a-strtok_r.o)
                0x0c083528                strtok_r
                0x0c08346c                __strtok_r
 .text          0x0c083530      0x1f0 E:/ARM7-SDK-2011-07-20/GNU/arm-elf/lib//libc.a(lib_a-strtol.o)
                0x0c0836f4                strtol
                0x0c083530                _strtol_r
 .text          0x0c083720      0x4bc E:/ARM7-SDK-2011-07-20/GNU/arm-elf/lib//libm.a(lib_a-w_pow.o)
                0x0c083720                pow
 .text          0x0c083bdc     0x1110 E:/ARM7-SDK-2011-07-20/GNU/arm-elf/lib//libm.a(lib_a-e_pow.o)
                0x0c083bdc                __ieee754_pow
 .text          0x0c084cec      0x288 E:/ARM7-SDK-2011-07-20/GNU/arm-elf/lib//libm.a(lib_a-e_sqrt.o)
                0x0c084cec                __ieee754_sqrt
 .text          0x0c084f74       0x20 E:/ARM7-SDK-2011-07-20/GNU/arm-elf/lib//libm.a(lib_a-s_fabs.o)
                0x0c084f74                fabs
 .text          0x0c084f94       0x18 E:/ARM7-SDK-2011-07-20/GNU/arm-elf/lib//libm.a(lib_a-s_finite.o)
                0x0c084f94                finite
 .text          0x0c084fac        0x0 E:/ARM7-SDK-2011-07-20/GNU/arm-elf/lib//libm.a(lib_a-s_lib_ver.o)
 .text          0x0c084fac        0x8 E:/ARM7-SDK-2011-07-20/GNU/arm-elf/lib//libm.a(lib_a-s_matherr.o)
                0x0c084fac                matherr
 .text          0x0c084fb4      0x1c8 E:/ARM7-SDK-2011-07-20/GNU/arm-elf/lib//libm.a(lib_a-s_rint.o)
                0x0c084fb4                rint
 .text          0x0c08517c      0x1d4 E:/ARM7-SDK-2011-07-20/GNU/arm-elf/lib//libm.a(lib_a-s_scalbn.o)
                0x0c08517c                scalbn
 .text          0x0c085350       0x24 E:/ARM7-SDK-2011-07-20/GNU/arm-elf/lib//libm.a(lib_a-s_copysign.o)
                0x0c085350                copysign
 .text          0x0c085374       0x10 E:/ARM7-SDK-2011-07-20/GNU/arm-elf/lib//libc.a(lib_a-errno.o)
                0x0c085374                __errno
                0x0c085384                . = ALIGN (0x4)
                0x0c085384                __CTOR_LIST__ = .
                0x0c085384        0x4 LONG 0x0 (((__CTOR_END__ - __CTOR_LIST__) / 0x4) - 0x2)
 *(.ctors)
                0x0c085388        0x4 LONG 0x0
                0x0c08538c                __CTOR_END__ = .
                0x0c08538c                __DTOR_LIST__ = .
                0x0c08538c        0x4 LONG 0x0 (((__DTOR_END__ - __DTOR_LIST__) / 0x4) - 0x2)
 *(.dtors)
                0x0c085390        0x4 LONG 0x0
                0x0c085394                __DTOR_END__ = .
 *(.rodata)
 .rodata        0x0c085394       0x20 E:/ARM7-SDK-2011-07-20/GNU/arm-elf/lib//libc.a(lib_a-vfprintf.o)
 .rodata        0x0c0853b4        0x4 E:/ARM7-SDK-2011-07-20/GNU/arm-elf/lib//libc.a(lib_a-impure.o)
                0x0c0853b4                _global_impure_ptr
 .rodata        0x0c0853b8       0x34 E:/ARM7-SDK-2011-07-20/GNU/arm-elf/lib//libc.a(lib_a-locale.o)
 .rodata        0x0c0853ec      0x124 E:/ARM7-SDK-2011-07-20/GNU/arm-elf/lib//libc.a(lib_a-mprec.o)
                0x0c0854dc                __mprec_tinytens
                0x0c0853ec                __mprec_tens
                0x0c0854b4                __mprec_bigtens
 .rodata        0x0c085510      0x2f0 E:/ARM7-SDK-2011-07-20/HHFiles/lib//libext.a(exlib.o)
 .rodata        0x0c085800       0x50 E:/ARM7-SDK-2011-07-20/HHFiles/lib//libcard.a(cpucard.o)
                0x0c085830                DI_D_table
                0x0c085800                FI_PDR_table
                0x0c085810                FI_F_table
 .rodata        0x0c085850       0x28 E:/ARM7-SDK-2011-07-20/HHFiles/lib//libcontactless.a(iso14443.o)
 .rodata        0x0c085878       0x3e E:/ARM7-SDK-2011-07-20/HHFiles/lib//libWiFi.a(WiFiPubFuncs.o)
 .rodata        0x0c0858b6      0x101 E:/ARM7-SDK-2011-07-20/GNU/arm-elf/lib//libc.a(lib_a-ctype_.o)
                0x0c0858b6                _ctype_
 *fill*         0x0c0859b7        0x1 00
 .rodata        0x0c0859b8       0x30 E:/ARM7-SDK-2011-07-20/GNU/arm-elf/lib//libm.a(lib_a-e_pow.o)
 .rodata        0x0c0859e8       0x10 E:/ARM7-SDK-2011-07-20/GNU/arm-elf/lib//libm.a(lib_a-s_rint.o)
 *(.rodata*)
 .rodata.str1.4
                0x0c0859f8       0x4a E:/手持机项目/Release/MyFristPos.o
                                 0x4c (size before relaxing)
 *fill*         0x0c085a42        0x2 00
 .rodata.str1.4
                0x0c085a44      0x6f1 E:/手持机项目/Release/WiFi.o
                                0x724 (size before relaxing)
 *fill*         0x0c086135        0x3 00
 .rodata.str1.4
                0x0c086138       0x2c E:/手持机项目/Release/CPUCard.o
 .rodata.str1.4
                0x0c086164      0x7e7 E:/手持机项目/Release/SysOperation.o
                                0x820 (size before relaxing)
 *fill*         0x0c08694b        0x1 00
 .rodata.str1.4
                0x0c08694c       0x5b E:/ARM7-SDK-2011-07-20/GNU/arm-elf/lib//libc.a(lib_a-vfprintf.o)
                                 0x64 (size before relaxing)
 *fill*         0x0c0869a7        0x1 00
 .rodata.str1.4
                0x0c0869a8       0x1e E:/ARM7-SDK-2011-07-20/GNU/arm-elf/lib//libc.a(lib_a-wctomb_r.o)
                                 0x20 (size before relaxing)
 *fill*         0x0c0869c6        0x2 00
 .rodata.str1.4
                0x0c0869c8       0x10 E:/ARM7-SDK-2011-07-20/GNU/arm-elf/lib//libc.a(lib_a-dtoa.o)
                                 0x14 (size before relaxing)
 .rodata.str1.4
                0x0c0869d8        0x2 E:/ARM7-SDK-2011-07-20/GNU/arm-elf/lib//libc.a(lib_a-impure.o)
                                  0x4 (size before relaxing)
 *fill*         0x0c0869da        0x2 00
 .rodata.str1.4
                0x0c0869dc        0xb E:/ARM7-SDK-2011-07-20/GNU/arm-elf/lib//libc.a(lib_a-locale.o)
                                 0x18 (size before relaxing)
 *fill*         0x0c0869e7        0x1 00
 .rodata.str1.4
                0x0c0869e8       0x76 E:/ARM7-SDK-2011-07-20/HHFiles/lib//libext.a(exlib.o)
                                 0x88 (size before relaxing)
 *fill*         0x0c086a5e        0x2 00
 .rodata.str1.4
                0x0c086a60      0x100 E:/ARM7-SDK-2011-07-20/HHFiles/lib//libext.a(exlib_pinyin.o)
                                0x10c (size before relaxing)
 .rodata.str1.4
                0x0c086b60       0x85 E:/ARM7-SDK-2011-07-20/HHFiles/lib//libWiFi.a(libWiFi.o)
                                 0x98 (size before relaxing)
 *fill*         0x0c086be5        0x3 00
 .rodata.str1.4
                0x0c086be8      0x1ee E:/ARM7-SDK-2011-07-20/HHFiles/lib//libWiFi.a(CNaNoWiFi.o)
                                0x1f4 (size before relaxing)
 *fill*         0x0c086dd6        0x2 00
 .rodata.str1.4
                0x0c086dd8      0x30c E:/ARM7-SDK-2011-07-20/HHFiles/lib//libWiFi.a(Analyse_0.o)
                                0x364 (size before relaxing)
 .rodata.str1.4
                0x0c0870e4      0x150 E:/ARM7-SDK-2011-07-20/HHFiles/lib//libWiFi.a(CRS22WiFi.o)
                                0x160 (size before relaxing)
 .rodata.str1.4
                0x0c087234      0x157 E:/ARM7-SDK-2011-07-20/HHFiles/lib//libWiFi.a(Analyse_1.o)
                                0x2c4 (size before relaxing)
 *fill*         0x0c08738b        0x1 00
 .rodata.str1.4
                0x0c08738c        0x4 E:/ARM7-SDK-2011-07-20/GNU/arm-elf/lib//libm.a(lib_a-w_pow.o)
 *(.glue_7t)
 .glue_7t       0x0c087390        0x0 E:/手持机项目/Release/crt0.o
 .glue_7t       0x0c087390        0x0 E:/手持机项目/Release/MyFristPos.o
 .glue_7t       0x0c087390        0x0 E:/手持机项目/Release/MyDefine.o
 .glue_7t       0x0c087390        0x0 E:/手持机项目/Release/WiFi.o
 .glue_7t       0x0c087390        0x0 E:/手持机项目/Release/ParemeterInit.o
 .glue_7t       0x0c087390        0x0 E:/手持机项目/Release/CalCRC.o
 .glue_7t       0x0c087390        0x0 E:/手持机项目/Release/CPUCard.o
 .glue_7t       0x0c087390        0x0 E:/手持机项目/Release/SysOperation.o
 .glue_7t       0x0c087390        0x0 E:/ARM7-SDK-2011-07-20/GNU/arm-elf/lib//libc.a(lib_a-memcmp.o)
 .glue_7t       0x0c087390        0x0 E:/ARM7-SDK-2011-07-20/GNU/arm-elf/lib//libc.a(lib_a-memcpy.o)
 .glue_7t       0x0c087390        0x0 E:/ARM7-SDK-2011-07-20/GNU/arm-elf/lib//libc.a(lib_a-memset.o)
 .glue_7t       0x0c087390        0x0 E:/ARM7-SDK-2011-07-20/GNU/arm-elf/lib//libc.a(lib_a-sprintf.o)
 .glue_7t       0x0c087390        0x0 E:/ARM7-SDK-2011-07-20/GNU/arm-elf/lib//libc.a(lib_a-strlen.o)
 .glue_7t       0x0c087390        0x0 E:/ARM7-SDK-2011-07-20/GNU/arm-elf/lib//libc.a(lib_a-vfprintf.o)
 .glue_7t       0x0c087390        0x0 E:/ARM7-SDK-2011-07-20/GNU/arm-elf/lib//libc.a(lib_a-wcrtomb.o)
 .glue_7t       0x0c087390        0x0 E:/ARM7-SDK-2011-07-20/GNU/arm-elf/lib//libc.a(lib_a-wcsrtombs.o)
 .glue_7t       0x0c087390        0x0 E:/ARM7-SDK-2011-07-20/GNU/arm-elf/lib//libc.a(lib_a-wctomb_r.o)
 .glue_7t       0x0c087390        0x0 E:/ARM7-SDK-2011-07-20/GNU/arm-elf/lib//libc.a(lib_a-wsetup.o)
 .glue_7t       0x0c087390        0x0 E:/ARM7-SDK-2011-07-20/GNU/arm-elf/lib//libc.a(lib_a-dtoa.o)
 .glue_7t       0x0c087390        0x0 E:/ARM7-SDK-2011-07-20/GNU/arm-elf/lib//libc.a(lib_a-fflush.o)
 .glue_7t       0x0c087390        0x0 E:/ARM7-SDK-2011-07-20/GNU/arm-elf/lib//libc.a(lib_a-findfp.o)
 .glue_7t       0x0c087390        0x0 E:/ARM7-SDK-2011-07-20/GNU/arm-elf/lib//libc.a(lib_a-freer.o)
 .glue_7t       0x0c087390        0x0 E:/ARM7-SDK-2011-07-20/GNU/arm-elf/lib//libc.a(lib_a-fvwrite.o)
 .glue_7t       0x0c087390        0x0 E:/ARM7-SDK-2011-07-20/GNU/arm-elf/lib//libc.a(lib_a-fwalk.o)
 .glue_7t       0x0c087390        0x0 E:/ARM7-SDK-2011-07-20/GNU/arm-elf/lib//libc.a(lib_a-impure.o)
 .glue_7t       0x0c087390        0x0 E:/ARM7-SDK-2011-07-20/GNU/arm-elf/lib//libc.a(lib_a-locale.o)
 .glue_7t       0x0c087390        0x0 E:/ARM7-SDK-2011-07-20/GNU/arm-elf/lib//libc.a(lib_a-makebuf.o)
 .glue_7t       0x0c087390        0x0 E:/ARM7-SDK-2011-07-20/GNU/arm-elf/lib//libc.a(lib_a-mallocr.o)
 .glue_7t       0x0c087390        0x0 E:/ARM7-SDK-2011-07-20/GNU/arm-elf/lib//libc.a(lib_a-memchr.o)
 .glue_7t       0x0c087390        0x0 E:/ARM7-SDK-2011-07-20/GNU/arm-elf/lib//libc.a(lib_a-memmove.o)
 .glue_7t       0x0c087390        0x0 E:/ARM7-SDK-2011-07-20/GNU/arm-elf/lib//libc.a(lib_a-mlock.o)
 .glue_7t       0x0c087390        0x0 E:/ARM7-SDK-2011-07-20/GNU/arm-elf/lib//libc.a(lib_a-mprec.o)
 .glue_7t       0x0c087390        0x0 E:/ARM7-SDK-2011-07-20/GNU/arm-elf/lib//libc.a(lib_a-reallocr.o)
 .glue_7t       0x0c087390        0x0 E:/ARM7-SDK-2011-07-20/GNU/arm-elf/lib//libc.a(lib_a-s_isinfd.o)
 .glue_7t       0x0c087390        0x0 E:/ARM7-SDK-2011-07-20/GNU/arm-elf/lib//libc.a(lib_a-s_isnand.o)
 .glue_7t       0x0c087390        0x0 E:/ARM7-SDK-2011-07-20/GNU/arm-elf/lib//libc.a(lib_a-stdio.o)
 .glue_7t       0x0c087390        0x0 E:/ARM7-SDK-2011-07-20/GNU/arm-elf/lib//libc.a(lib_a-strcmp.o)
 .glue_7t       0x0c087390        0x0 E:/ARM7-SDK-2011-07-20/GNU/arm-elf/lib//libc.a(lib_a-callocr.o)
 .glue_7t       0x0c087390        0x0 E:/ARM7-SDK-2011-07-20/GNU/arm-elf/lib//libc.a(lib_a-fclose.o)
 .glue_7t       0x0c087390        0x0 E:/ARM7-SDK-2011-07-20/HHFiles/lib//libARMPos.a(libARMPos.o)
 .glue_7t       0x0c087390        0x0 E:/ARM7-SDK-2011-07-20/HHFiles/lib//libARMPos.a(call_api.o)
 .glue_7t       0x0c087390        0x0 E:/ARM7-SDK-2011-07-20/HHFiles/lib//libext.a(exlib.o)
 .glue_7t       0x0c087390        0x0 E:/ARM7-SDK-2011-07-20/HHFiles/lib//libext.a(exlib_pinyin.o)
 .glue_7t       0x0c087390        0x0 E:/ARM7-SDK-2011-07-20/HHFiles/lib//libcard.a(libcard.o)
 .glue_7t       0x0c087390        0x0 E:/ARM7-SDK-2011-07-20/HHFiles/lib//libcard.a(cpucard.o)
 .glue_7t       0x0c087390        0x0 E:/ARM7-SDK-2011-07-20/HHFiles/lib//libcontactless.a(iso14443.o)
 .glue_7t       0x0c087390        0x0 E:/ARM7-SDK-2011-07-20/HHFiles/lib//libcontactless.a(port.o)
 .glue_7t       0x0c087390        0x0 E:/ARM7-SDK-2011-07-20/HHFiles/lib//libcontactless.a(rcxcomm.o)
 .glue_7t       0x0c087390        0x0 E:/ARM7-SDK-2011-07-20/HHFiles/lib//libcontactless.a(rcxreg.o)
 .glue_7t       0x0c087390        0x0 E:/ARM7-SDK-2011-07-20/HHFiles/lib//libWiFi.a(libWiFi.o)
 .glue_7t       0x0c087390        0x0 E:/ARM7-SDK-2011-07-20/HHFiles/lib//libWiFi.a(CNaNoWiFi.o)
 .glue_7t       0x0c087390        0x0 E:/ARM7-SDK-2011-07-20/HHFiles/lib//libWiFi.a(Analyse_0.o)
 .glue_7t       0x0c087390        0x0 E:/ARM7-SDK-2011-07-20/HHFiles/lib//libWiFi.a(WiFiPubFuncs.o)
 .glue_7t       0x0c087390        0x0 E:/ARM7-SDK-2011-07-20/HHFiles/lib//libWiFi.a(ARML.o)
 .glue_7t       0x0c087390        0x0 E:/ARM7-SDK-2011-07-20/HHFiles/lib//libWiFi.a(PhyL.o)
 .glue_7t       0x0c087390        0x0 E:/ARM7-SDK-2011-07-20/HHFiles/lib//libWiFi.a(CRS22WiFi.o)
 .glue_7t       0x0c087390        0x0 E:/ARM7-SDK-2011-07-20/HHFiles/lib//libWiFi.a(Analyse_1.o)
 .glue_7t       0x0c087390        0x0 E:/ARM7-SDK-2011-07-20/GNU/arm-elf/lib//libgcc.a(_udivsi3.o)
 .glue_7t       0x0c087390        0x0 E:/ARM7-SDK-2011-07-20/GNU/arm-elf/lib//libgcc.a(_divsi3.o)
 .glue_7t       0x0c087390        0x0 E:/ARM7-SDK-2011-07-20/GNU/arm-elf/lib//libgcc.a(_umodsi3.o)
 .glue_7t       0x0c087390        0x0 E:/ARM7-SDK-2011-07-20/GNU/arm-elf/lib//libgcc.a(_modsi3.o)
 .glue_7t       0x0c087390        0x0 E:/ARM7-SDK-2011-07-20/GNU/arm-elf/lib//libgcc.a(_dvmd_tls.o)
 .glue_7t       0x0c087390        0x0 E:/ARM7-SDK-2011-07-20/GNU/arm-elf/lib//libgcc.a(_addsubdf3.o)
 .glue_7t       0x0c087390        0x0 E:/ARM7-SDK-2011-07-20/GNU/arm-elf/lib//libgcc.a(_muldivdf3.o)
 .glue_7t       0x0c087390        0x0 E:/ARM7-SDK-2011-07-20/GNU/arm-elf/lib//libgcc.a(_cmpdf2.o)
 .glue_7t       0x0c087390        0x0 E:/ARM7-SDK-2011-07-20/GNU/arm-elf/lib//libgcc.a(_fixdfsi.o)
 .glue_7t       0x0c087390        0x0 E:/ARM7-SDK-2011-07-20/GNU/arm-elf/lib//libgcc.a(_fixunsdfsi.o)
 .glue_7t       0x0c087390        0x0 E:/ARM7-SDK-2011-07-20/GNU/arm-elf/lib//libc.a(lib_a-atoi.o)
 .glue_7t       0x0c087390        0x0 E:/ARM7-SDK-2011-07-20/GNU/arm-elf/lib//libc.a(lib_a-atol.o)
 .glue_7t       0x0c087390        0x0 E:/ARM7-SDK-2011-07-20/GNU/arm-elf/lib//libc.a(lib_a-ctype_.o)
 .glue_7t       0x0c087390        0x0 E:/ARM7-SDK-2011-07-20/GNU/arm-elf/lib//libc.a(lib_a-strcat.o)
 .glue_7t       0x0c087390        0x0 E:/ARM7-SDK-2011-07-20/GNU/arm-elf/lib//libc.a(lib_a-strcpy.o)
 .glue_7t       0x0c087390        0x0 E:/ARM7-SDK-2011-07-20/GNU/arm-elf/lib//libc.a(lib_a-strstr.o)
 .glue_7t       0x0c087390        0x0 E:/ARM7-SDK-2011-07-20/GNU/arm-elf/lib//libc.a(lib_a-strtok.o)
 .glue_7t       0x0c087390        0x0 E:/ARM7-SDK-2011-07-20/GNU/arm-elf/lib//libc.a(lib_a-strtok_r.o)
 .glue_7t       0x0c087390        0x0 E:/ARM7-SDK-2011-07-20/GNU/arm-elf/lib//libc.a(lib_a-strtol.o)
 .glue_7t       0x0c087390        0x0 E:/ARM7-SDK-2011-07-20/GNU/arm-elf/lib//libm.a(lib_a-w_pow.o)
 .glue_7t       0x0c087390        0x0 E:/ARM7-SDK-2011-07-20/GNU/arm-elf/lib//libm.a(lib_a-e_pow.o)
 .glue_7t       0x0c087390        0x0 E:/ARM7-SDK-2011-07-20/GNU/arm-elf/lib//libm.a(lib_a-e_sqrt.o)
 .glue_7t       0x0c087390        0x0 E:/ARM7-SDK-2011-07-20/GNU/arm-elf/lib//libm.a(lib_a-s_fabs.o)
 .glue_7t       0x0c087390        0x0 E:/ARM7-SDK-2011-07-20/GNU/arm-elf/lib//libm.a(lib_a-s_finite.o)
 .glue_7t       0x0c087390        0x0 E:/ARM7-SDK-2011-07-20/GNU/arm-elf/lib//libm.a(lib_a-s_lib_ver.o)
 .glue_7t       0x0c087390        0x0 E:/ARM7-SDK-2011-07-20/GNU/arm-elf/lib//libm.a(lib_a-s_matherr.o)
 .glue_7t       0x0c087390        0x0 E:/ARM7-SDK-2011-07-20/GNU/arm-elf/lib//libm.a(lib_a-s_rint.o)
 .glue_7t       0x0c087390        0x0 E:/ARM7-SDK-2011-07-20/GNU/arm-elf/lib//libm.a(lib_a-s_scalbn.o)
 .glue_7t       0x0c087390        0x0 E:/ARM7-SDK-2011-07-20/GNU/arm-elf/lib//libm.a(lib_a-s_copysign.o)
 .glue_7t       0x0c087390        0x0 E:/ARM7-SDK-2011-07-20/GNU/arm-elf/lib//libc.a(lib_a-errno.o)
 *(.glue_7)
 .glue_7        0x0c087390        0x0 E:/手持机项目/Release/crt0.o
 .glue_7        0x0c087390        0x0 E:/手持机项目/Release/MyFristPos.o
 .glue_7        0x0c087390        0x0 E:/手持机项目/Release/MyDefine.o
 .glue_7        0x0c087390        0x0 E:/手持机项目/Release/WiFi.o
 .glue_7        0x0c087390        0x0 E:/手持机项目/Release/ParemeterInit.o
 .glue_7        0x0c087390        0x0 E:/手持机项目/Release/CalCRC.o
 .glue_7        0x0c087390        0x0 E:/手持机项目/Release/CPUCard.o
 .glue_7        0x0c087390        0x0 E:/手持机项目/Release/SysOperation.o
 .glue_7        0x0c087390        0x0 E:/ARM7-SDK-2011-07-20/GNU/arm-elf/lib//libc.a(lib_a-memcmp.o)
 .glue_7        0x0c087390        0x0 E:/ARM7-SDK-2011-07-20/GNU/arm-elf/lib//libc.a(lib_a-memcpy.o)
 .glue_7        0x0c087390        0x0 E:/ARM7-SDK-2011-07-20/GNU/arm-elf/lib//libc.a(lib_a-memset.o)
 .glue_7        0x0c087390        0x0 E:/ARM7-SDK-2011-07-20/GNU/arm-elf/lib//libc.a(lib_a-sprintf.o)
 .glue_7        0x0c087390        0x0 E:/ARM7-SDK-2011-07-20/GNU/arm-elf/lib//libc.a(lib_a-strlen.o)
 .glue_7        0x0c087390        0x0 E:/ARM7-SDK-2011-07-20/GNU/arm-elf/lib//libc.a(lib_a-vfprintf.o)
 .glue_7        0x0c087390        0x0 E:/ARM7-SDK-2011-07-20/GNU/arm-elf/lib//libc.a(lib_a-wcrtomb.o)
 .glue_7        0x0c087390        0x0 E:/ARM7-SDK-2011-07-20/GNU/arm-elf/lib//libc.a(lib_a-wcsrtombs.o)
 .glue_7        0x0c087390        0x0 E:/ARM7-SDK-2011-07-20/GNU/arm-elf/lib//libc.a(lib_a-wctomb_r.o)
 .glue_7        0x0c087390        0x0 E:/ARM7-SDK-2011-07-20/GNU/arm-elf/lib//libc.a(lib_a-wsetup.o)
 .glue_7        0x0c087390        0x0 E:/ARM7-SDK-2011-07-20/GNU/arm-elf/lib//libc.a(lib_a-dtoa.o)
 .glue_7        0x0c087390        0x0 E:/ARM7-SDK-2011-07-20/GNU/arm-elf/lib//libc.a(lib_a-fflush.o)
 .glue_7        0x0c087390        0x0 E:/ARM7-SDK-2011-07-20/GNU/arm-elf/lib//libc.a(lib_a-findfp.o)
 .glue_7        0x0c087390        0x0 E:/ARM7-SDK-2011-07-20/GNU/arm-elf/lib//libc.a(lib_a-freer.o)
 .glue_7        0x0c087390        0x0 E:/ARM7-SDK-2011-07-20/GNU/arm-elf/lib//libc.a(lib_a-fvwrite.o)
 .glue_7        0x0c087390        0x0 E:/ARM7-SDK-2011-07-20/GNU/arm-elf/lib//libc.a(lib_a-fwalk.o)
 .glue_7        0x0c087390        0x0 E:/ARM7-SDK-2011-07-20/GNU/arm-elf/lib//libc.a(lib_a-impure.o)
 .glue_7        0x0c087390        0x0 E:/ARM7-SDK-2011-07-20/GNU/arm-elf/lib//libc.a(lib_a-locale.o)
 .glue_7        0x0c087390        0x0 E:/ARM7-SDK-2011-07-20/GNU/arm-elf/lib//libc.a(lib_a-makebuf.o)
 .glue_7        0x0c087390        0x0 E:/ARM7-SDK-2011-07-20/GNU/arm-elf/lib//libc.a(lib_a-mallocr.o)
 .glue_7        0x0c087390        0x0 E:/ARM7-SDK-2011-07-20/GNU/arm-elf/lib//libc.a(lib_a-memchr.o)
 .glue_7        0x0c087390        0x0 E:/ARM7-SDK-2011-07-20/GNU/arm-elf/lib//libc.a(lib_a-memmove.o)
 .glue_7        0x0c087390        0x0 E:/ARM7-SDK-2011-07-20/GNU/arm-elf/lib//libc.a(lib_a-mlock.o)
 .glue_7        0x0c087390        0x0 E:/ARM7-SDK-2011-07-20/GNU/arm-elf/lib//libc.a(lib_a-mprec.o)
 .glue_7        0x0c087390        0x0 E:/ARM7-SDK-2011-07-20/GNU/arm-elf/lib//libc.a(lib_a-reallocr.o)
 .glue_7        0x0c087390        0x0 E:/ARM7-SDK-2011-07-20/GNU/arm-elf/lib//libc.a(lib_a-s_isinfd.o)
 .glue_7        0x0c087390        0x0 E:/ARM7-SDK-2011-07-20/GNU/arm-elf/lib//libc.a(lib_a-s_isnand.o)
 .glue_7        0x0c087390        0x0 E:/ARM7-SDK-2011-07-20/GNU/arm-elf/lib//libc.a(lib_a-stdio.o)
 .glue_7        0x0c087390        0x0 E:/ARM7-SDK-2011-07-20/GNU/arm-elf/lib//libc.a(lib_a-strcmp.o)
 .glue_7        0x0c087390        0x0 E:/ARM7-SDK-2011-07-20/GNU/arm-elf/lib//libc.a(lib_a-callocr.o)
 .glue_7        0x0c087390        0x0 E:/ARM7-SDK-2011-07-20/GNU/arm-elf/lib//libc.a(lib_a-fclose.o)
 .glue_7        0x0c087390        0x0 E:/ARM7-SDK-2011-07-20/HHFiles/lib//libARMPos.a(libARMPos.o)
 .glue_7        0x0c087390        0x0 E:/ARM7-SDK-2011-07-20/HHFiles/lib//libARMPos.a(call_api.o)
 .glue_7        0x0c087390        0x0 E:/ARM7-SDK-2011-07-20/HHFiles/lib//libext.a(exlib.o)
 .glue_7        0x0c087390        0x0 E:/ARM7-SDK-2011-07-20/HHFiles/lib//libext.a(exlib_pinyin.o)
 .glue_7        0x0c087390        0x0 E:/ARM7-SDK-2011-07-20/HHFiles/lib//libcard.a(libcard.o)
 .glue_7        0x0c087390        0x0 E:/ARM7-SDK-2011-07-20/HHFiles/lib//libcard.a(cpucard.o)
 .glue_7        0x0c087390        0x0 E:/ARM7-SDK-2011-07-20/HHFiles/lib//libcontactless.a(iso14443.o)
 .glue_7        0x0c087390        0x0 E:/ARM7-SDK-2011-07-20/HHFiles/lib//libcontactless.a(port.o)
 .glue_7        0x0c087390        0x0 E:/ARM7-SDK-2011-07-20/HHFiles/lib//libcontactless.a(rcxcomm.o)
 .glue_7        0x0c087390        0x0 E:/ARM7-SDK-2011-07-20/HHFiles/lib//libcontactless.a(rcxreg.o)
 .glue_7        0x0c087390        0x0 E:/ARM7-SDK-2011-07-20/HHFiles/lib//libWiFi.a(libWiFi.o)
 .glue_7        0x0c087390        0x0 E:/ARM7-SDK-2011-07-20/HHFiles/lib//libWiFi.a(CNaNoWiFi.o)
 .glue_7        0x0c087390        0x0 E:/ARM7-SDK-2011-07-20/HHFiles/lib//libWiFi.a(Analyse_0.o)
 .glue_7        0x0c087390        0x0 E:/ARM7-SDK-2011-07-20/HHFiles/lib//libWiFi.a(WiFiPubFuncs.o)
 .glue_7        0x0c087390        0x0 E:/ARM7-SDK-2011-07-20/HHFiles/lib//libWiFi.a(ARML.o)
 .glue_7        0x0c087390        0x0 E:/ARM7-SDK-2011-07-20/HHFiles/lib//libWiFi.a(PhyL.o)
 .glue_7        0x0c087390        0x0 E:/ARM7-SDK-2011-07-20/HHFiles/lib//libWiFi.a(CRS22WiFi.o)
 .glue_7        0x0c087390        0x0 E:/ARM7-SDK-2011-07-20/HHFiles/lib//libWiFi.a(Analyse_1.o)
 .glue_7        0x0c087390        0x0 E:/ARM7-SDK-2011-07-20/GNU/arm-elf/lib//libgcc.a(_udivsi3.o)
 .glue_7        0x0c087390        0x0 E:/ARM7-SDK-2011-07-20/GNU/arm-elf/lib//libgcc.a(_divsi3.o)
 .glue_7        0x0c087390        0x0 E:/ARM7-SDK-2011-07-20/GNU/arm-elf/lib//libgcc.a(_umodsi3.o)
 .glue_7        0x0c087390        0x0 E:/ARM7-SDK-2011-07-20/GNU/arm-elf/lib//libgcc.a(_modsi3.o)
 .glue_7        0x0c087390        0x0 E:/ARM7-SDK-2011-07-20/GNU/arm-elf/lib//libgcc.a(_dvmd_tls.o)
 .glue_7        0x0c087390        0x0 E:/ARM7-SDK-2011-07-20/GNU/arm-elf/lib//libgcc.a(_addsubdf3.o)
 .glue_7        0x0c087390        0x0 E:/ARM7-SDK-2011-07-20/GNU/arm-elf/lib//libgcc.a(_muldivdf3.o)
 .glue_7        0x0c087390        0x0 E:/ARM7-SDK-2011-07-20/GNU/arm-elf/lib//libgcc.a(_cmpdf2.o)
 .glue_7        0x0c087390        0x0 E:/ARM7-SDK-2011-07-20/GNU/arm-elf/lib//libgcc.a(_fixdfsi.o)
 .glue_7        0x0c087390        0x0 E:/ARM7-SDK-2011-07-20/GNU/arm-elf/lib//libgcc.a(_fixunsdfsi.o)
 .glue_7        0x0c087390        0x0 E:/ARM7-SDK-2011-07-20/GNU/arm-elf/lib//libc.a(lib_a-atoi.o)
 .glue_7        0x0c087390        0x0 E:/ARM7-SDK-2011-07-20/GNU/arm-elf/lib//libc.a(lib_a-atol.o)
 .glue_7        0x0c087390        0x0 E:/ARM7-SDK-2011-07-20/GNU/arm-elf/lib//libc.a(lib_a-ctype_.o)
 .glue_7        0x0c087390        0x0 E:/ARM7-SDK-2011-07-20/GNU/arm-elf/lib//libc.a(lib_a-strcat.o)
 .glue_7        0x0c087390        0x0 E:/ARM7-SDK-2011-07-20/GNU/arm-elf/lib//libc.a(lib_a-strcpy.o)
 .glue_7        0x0c087390        0x0 E:/ARM7-SDK-2011-07-20/GNU/arm-elf/lib//libc.a(lib_a-strstr.o)
 .glue_7        0x0c087390        0x0 E:/ARM7-SDK-2011-07-20/GNU/arm-elf/lib//libc.a(lib_a-strtok.o)
 .glue_7        0x0c087390        0x0 E:/ARM7-SDK-2011-07-20/GNU/arm-elf/lib//libc.a(lib_a-strtok_r.o)
 .glue_7        0x0c087390        0x0 E:/ARM7-SDK-2011-07-20/GNU/arm-elf/lib//libc.a(lib_a-strtol.o)
 .glue_7        0x0c087390        0x0 E:/ARM7-SDK-2011-07-20/GNU/arm-elf/lib//libm.a(lib_a-w_pow.o)
 .glue_7        0x0c087390        0x0 E:/ARM7-SDK-2011-07-20/GNU/arm-elf/lib//libm.a(lib_a-e_pow.o)
 .glue_7        0x0c087390        0x0 E:/ARM7-SDK-2011-07-20/GNU/arm-elf/lib//libm.a(lib_a-e_sqrt.o)
 .glue_7        0x0c087390        0x0 E:/ARM7-SDK-2011-07-20/GNU/arm-elf/lib//libm.a(lib_a-s_fabs.o)
 .glue_7        0x0c087390        0x0 E:/ARM7-SDK-2011-07-20/GNU/arm-elf/lib//libm.a(lib_a-s_finite.o)
 .glue_7        0x0c087390        0x0 E:/ARM7-SDK-2011-07-20/GNU/arm-elf/lib//libm.a(lib_a-s_lib_ver.o)
 .glue_7        0x0c087390        0x0 E:/ARM7-SDK-2011-07-20/GNU/arm-elf/lib//libm.a(lib_a-s_matherr.o)
 .glue_7        0x0c087390        0x0 E:/ARM7-SDK-2011-07-20/GNU/arm-elf/lib//libm.a(lib_a-s_rint.o)
 .glue_7        0x0c087390        0x0 E:/ARM7-SDK-2011-07-20/GNU/arm-elf/lib//libm.a(lib_a-s_scalbn.o)
 .glue_7        0x0c087390        0x0 E:/ARM7-SDK-2011-07-20/GNU/arm-elf/lib//libm.a(lib_a-s_copysign.o)
 .glue_7        0x0c087390        0x0 E:/ARM7-SDK-2011-07-20/GNU/arm-elf/lib//libc.a(lib_a-errno.o)
                0x0c087390                . = ALIGN (0x4)
                0x0c087390                _etext = .

.vfp11_veneer   0x00000000        0x0
 .vfp11_veneer  0x00000000        0x0 E:/手持机项目/Release/crt0.o
 .vfp11_veneer  0x00000000        0x0 E:/手持机项目/Release/MyFristPos.o
 .vfp11_veneer  0x00000000        0x0 E:/手持机项目/Release/MyDefine.o
 .vfp11_veneer  0x00000000        0x0 E:/手持机项目/Release/WiFi.o
 .vfp11_veneer  0x00000000        0x0 E:/手持机项目/Release/ParemeterInit.o
 .vfp11_veneer  0x00000000        0x0 E:/手持机项目/Release/CalCRC.o
 .vfp11_veneer  0x00000000        0x0 E:/手持机项目/Release/CPUCard.o
 .vfp11_veneer  0x00000000        0x0 E:/手持机项目/Release/SysOperation.o
 .vfp11_veneer  0x00000000        0x0 E:/ARM7-SDK-2011-07-20/GNU/arm-elf/lib//libc.a(lib_a-memcmp.o)
 .vfp11_veneer  0x00000000        0x0 E:/ARM7-SDK-2011-07-20/GNU/arm-elf/lib//libc.a(lib_a-memcpy.o)
 .vfp11_veneer  0x00000000        0x0 E:/ARM7-SDK-2011-07-20/GNU/arm-elf/lib//libc.a(lib_a-memset.o)
 .vfp11_veneer  0x00000000        0x0 E:/ARM7-SDK-2011-07-20/GNU/arm-elf/lib//libc.a(lib_a-sprintf.o)
 .vfp11_veneer  0x00000000        0x0 E:/ARM7-SDK-2011-07-20/GNU/arm-elf/lib//libc.a(lib_a-strlen.o)
 .vfp11_veneer  0x00000000        0x0 E:/ARM7-SDK-2011-07-20/GNU/arm-elf/lib//libc.a(lib_a-vfprintf.o)
 .vfp11_veneer  0x00000000        0x0 E:/ARM7-SDK-2011-07-20/GNU/arm-elf/lib//libc.a(lib_a-wcrtomb.o)
 .vfp11_veneer  0x00000000        0x0 E:/ARM7-SDK-2011-07-20/GNU/arm-elf/lib//libc.a(lib_a-wcsrtombs.o)
 .vfp11_veneer  0x00000000        0x0 E:/ARM7-SDK-2011-07-20/GNU/arm-elf/lib//libc.a(lib_a-wctomb_r.o)
 .vfp11_veneer  0x00000000        0x0 E:/ARM7-SDK-2011-07-20/GNU/arm-elf/lib//libc.a(lib_a-wsetup.o)
 .vfp11_veneer  0x00000000        0x0 E:/ARM7-SDK-2011-07-20/GNU/arm-elf/lib//libc.a(lib_a-dtoa.o)
 .vfp11_veneer  0x00000000        0x0 E:/ARM7-SDK-2011-07-20/GNU/arm-elf/lib//libc.a(lib_a-fflush.o)
 .vfp11_veneer  0x00000000        0x0 E:/ARM7-SDK-2011-07-20/GNU/arm-elf/lib//libc.a(lib_a-findfp.o)
 .vfp11_veneer  0x00000000        0x0 E:/ARM7-SDK-2011-07-20/GNU/arm-elf/lib//libc.a(lib_a-freer.o)
 .vfp11_veneer  0x00000000        0x0 E:/ARM7-SDK-2011-07-20/GNU/arm-elf/lib//libc.a(lib_a-fvwrite.o)
 .vfp11_veneer  0x00000000        0x0 E:/ARM7-SDK-2011-07-20/GNU/arm-elf/lib//libc.a(lib_a-fwalk.o)
 .vfp11_veneer  0x00000000        0x0 E:/ARM7-SDK-2011-07-20/GNU/arm-elf/lib//libc.a(lib_a-impure.o)
 .vfp11_veneer  0x00000000        0x0 E:/ARM7-SDK-2011-07-20/GNU/arm-elf/lib//libc.a(lib_a-locale.o)
 .vfp11_veneer  0x00000000        0x0 E:/ARM7-SDK-2011-07-20/GNU/arm-elf/lib//libc.a(lib_a-makebuf.o)
 .vfp11_veneer  0x00000000        0x0 E:/ARM7-SDK-2011-07-20/GNU/arm-elf/lib//libc.a(lib_a-mallocr.o)
 .vfp11_veneer  0x00000000        0x0 E:/ARM7-SDK-2011-07-20/GNU/arm-elf/lib//libc.a(lib_a-memchr.o)
 .vfp11_veneer  0x00000000        0x0 E:/ARM7-SDK-2011-07-20/GNU/arm-elf/lib//libc.a(lib_a-memmove.o)
 .vfp11_veneer  0x00000000        0x0 E:/ARM7-SDK-2011-07-20/GNU/arm-elf/lib//libc.a(lib_a-mlock.o)
 .vfp11_veneer  0x00000000        0x0 E:/ARM7-SDK-2011-07-20/GNU/arm-elf/lib//libc.a(lib_a-mprec.o)
 .vfp11_veneer  0x00000000        0x0 E:/ARM7-SDK-2011-07-20/GNU/arm-elf/lib//libc.a(lib_a-reallocr.o)
 .vfp11_veneer  0x00000000        0x0 E:/ARM7-SDK-2011-07-20/GNU/arm-elf/lib//libc.a(lib_a-s_isinfd.o)
 .vfp11_veneer  0x00000000        0x0 E:/ARM7-SDK-2011-07-20/GNU/arm-elf/lib//libc.a(lib_a-s_isnand.o)
 .vfp11_veneer  0x00000000        0x0 E:/ARM7-SDK-2011-07-20/GNU/arm-elf/lib//libc.a(lib_a-stdio.o)
 .vfp11_veneer  0x00000000        0x0 E:/ARM7-SDK-2011-07-20/GNU/arm-elf/lib//libc.a(lib_a-strcmp.o)
 .vfp11_veneer  0x00000000        0x0 E:/ARM7-SDK-2011-07-20/GNU/arm-elf/lib//libc.a(lib_a-callocr.o)
 .vfp11_veneer  0x00000000        0x0 E:/ARM7-SDK-2011-07-20/GNU/arm-elf/lib//libc.a(lib_a-fclose.o)
 .vfp11_veneer  0x00000000        0x0 E:/ARM7-SDK-2011-07-20/HHFiles/lib//libARMPos.a(libARMPos.o)
 .vfp11_veneer  0x00000000        0x0 E:/ARM7-SDK-2011-07-20/HHFiles/lib//libARMPos.a(call_api.o)
 .vfp11_veneer  0x00000000        0x0 E:/ARM7-SDK-2011-07-20/HHFiles/lib//libext.a(exlib.o)
 .vfp11_veneer  0x00000000        0x0 E:/ARM7-SDK-2011-07-20/HHFiles/lib//libext.a(exlib_pinyin.o)
 .vfp11_veneer  0x00000000        0x0 E:/ARM7-SDK-2011-07-20/HHFiles/lib//libcard.a(libcard.o)
 .vfp11_veneer  0x00000000        0x0 E:/ARM7-SDK-2011-07-20/HHFiles/lib//libcard.a(cpucard.o)
 .vfp11_veneer  0x00000000        0x0 E:/ARM7-SDK-2011-07-20/HHFiles/lib//libcontactless.a(iso14443.o)
 .vfp11_veneer  0x00000000        0x0 E:/ARM7-SDK-2011-07-20/HHFiles/lib//libcontactless.a(port.o)
 .vfp11_veneer  0x00000000        0x0 E:/ARM7-SDK-2011-07-20/HHFiles/lib//libcontactless.a(rcxcomm.o)
 .vfp11_veneer  0x00000000        0x0 E:/ARM7-SDK-2011-07-20/HHFiles/lib//libcontactless.a(rcxreg.o)
 .vfp11_veneer  0x00000000        0x0 E:/ARM7-SDK-2011-07-20/HHFiles/lib//libWiFi.a(libWiFi.o)
 .vfp11_veneer  0x00000000        0x0 E:/ARM7-SDK-2011-07-20/HHFiles/lib//libWiFi.a(CNaNoWiFi.o)
 .vfp11_veneer  0x00000000        0x0 E:/ARM7-SDK-2011-07-20/HHFiles/lib//libWiFi.a(Analyse_0.o)
 .vfp11_veneer  0x00000000        0x0 E:/ARM7-SDK-2011-07-20/HHFiles/lib//libWiFi.a(WiFiPubFuncs.o)
 .vfp11_veneer  0x00000000        0x0 E:/ARM7-SDK-2011-07-20/HHFiles/lib//libWiFi.a(ARML.o)
 .vfp11_veneer  0x00000000        0x0 E:/ARM7-SDK-2011-07-20/HHFiles/lib//libWiFi.a(PhyL.o)
 .vfp11_veneer  0x00000000        0x0 E:/ARM7-SDK-2011-07-20/HHFiles/lib//libWiFi.a(CRS22WiFi.o)
 .vfp11_veneer  0x00000000        0x0 E:/ARM7-SDK-2011-07-20/HHFiles/lib//libWiFi.a(Analyse_1.o)
 .vfp11_veneer  0x00000000        0x0 E:/ARM7-SDK-2011-07-20/GNU/arm-elf/lib//libgcc.a(_udivsi3.o)
 .vfp11_veneer  0x00000000        0x0 E:/ARM7-SDK-2011-07-20/GNU/arm-elf/lib//libgcc.a(_divsi3.o)
 .vfp11_veneer  0x00000000        0x0 E:/ARM7-SDK-2011-07-20/GNU/arm-elf/lib//libgcc.a(_umodsi3.o)
 .vfp11_veneer  0x00000000        0x0 E:/ARM7-SDK-2011-07-20/GNU/arm-elf/lib//libgcc.a(_modsi3.o)
 .vfp11_veneer  0x00000000        0x0 E:/ARM7-SDK-2011-07-20/GNU/arm-elf/lib//libgcc.a(_dvmd_tls.o)
 .vfp11_veneer  0x00000000        0x0 E:/ARM7-SDK-2011-07-20/GNU/arm-elf/lib//libgcc.a(_addsubdf3.o)
 .vfp11_veneer  0x00000000        0x0 E:/ARM7-SDK-2011-07-20/GNU/arm-elf/lib//libgcc.a(_muldivdf3.o)
 .vfp11_veneer  0x00000000        0x0 E:/ARM7-SDK-2011-07-20/GNU/arm-elf/lib//libgcc.a(_cmpdf2.o)
 .vfp11_veneer  0x00000000        0x0 E:/ARM7-SDK-2011-07-20/GNU/arm-elf/lib//libgcc.a(_fixdfsi.o)
 .vfp11_veneer  0x00000000        0x0 E:/ARM7-SDK-2011-07-20/GNU/arm-elf/lib//libgcc.a(_fixunsdfsi.o)
 .vfp11_veneer  0x00000000        0x0 E:/ARM7-SDK-2011-07-20/GNU/arm-elf/lib//libc.a(lib_a-atoi.o)
 .vfp11_veneer  0x00000000        0x0 E:/ARM7-SDK-2011-07-20/GNU/arm-elf/lib//libc.a(lib_a-atol.o)
 .vfp11_veneer  0x00000000        0x0 E:/ARM7-SDK-2011-07-20/GNU/arm-elf/lib//libc.a(lib_a-ctype_.o)
 .vfp11_veneer  0x00000000        0x0 E:/ARM7-SDK-2011-07-20/GNU/arm-elf/lib//libc.a(lib_a-strcat.o)
 .vfp11_veneer  0x00000000        0x0 E:/ARM7-SDK-2011-07-20/GNU/arm-elf/lib//libc.a(lib_a-strcpy.o)
 .vfp11_veneer  0x00000000        0x0 E:/ARM7-SDK-2011-07-20/GNU/arm-elf/lib//libc.a(lib_a-strstr.o)
 .vfp11_veneer  0x00000000        0x0 E:/ARM7-SDK-2011-07-20/GNU/arm-elf/lib//libc.a(lib_a-strtok.o)
 .vfp11_veneer  0x00000000        0x0 E:/ARM7-SDK-2011-07-20/GNU/arm-elf/lib//libc.a(lib_a-strtok_r.o)
 .vfp11_veneer  0x00000000        0x0 E:/ARM7-SDK-2011-07-20/GNU/arm-elf/lib//libc.a(lib_a-strtol.o)
 .vfp11_veneer  0x00000000        0x0 E:/ARM7-SDK-2011-07-20/GNU/arm-elf/lib//libm.a(lib_a-w_pow.o)
 .vfp11_veneer  0x00000000        0x0 E:/ARM7-SDK-2011-07-20/GNU/arm-elf/lib//libm.a(lib_a-e_pow.o)
 .vfp11_veneer  0x00000000        0x0 E:/ARM7-SDK-2011-07-20/GNU/arm-elf/lib//libm.a(lib_a-e_sqrt.o)
 .vfp11_veneer  0x00000000        0x0 E:/ARM7-SDK-2011-07-20/GNU/arm-elf/lib//libm.a(lib_a-s_fabs.o)
 .vfp11_veneer  0x00000000        0x0 E:/ARM7-SDK-2011-07-20/GNU/arm-elf/lib//libm.a(lib_a-s_finite.o)
 .vfp11_veneer  0x00000000        0x0 E:/ARM7-SDK-2011-07-20/GNU/arm-elf/lib//libm.a(lib_a-s_lib_ver.o)
 .vfp11_veneer  0x00000000        0x0 E:/ARM7-SDK-2011-07-20/GNU/arm-elf/lib//libm.a(lib_a-s_matherr.o)
 .vfp11_veneer  0x00000000        0x0 E:/ARM7-SDK-2011-07-20/GNU/arm-elf/lib//libm.a(lib_a-s_rint.o)
 .vfp11_veneer  0x00000000        0x0 E:/ARM7-SDK-2011-07-20/GNU/arm-elf/lib//libm.a(lib_a-s_scalbn.o)
 .vfp11_veneer  0x00000000        0x0 E:/ARM7-SDK-2011-07-20/GNU/arm-elf/lib//libm.a(lib_a-s_copysign.o)
 .vfp11_veneer  0x00000000        0x0 E:/ARM7-SDK-2011-07-20/GNU/arm-elf/lib//libc.a(lib_a-errno.o)

.data           0x0c087390     0x69b8
                0x0c087390                . = ALIGN (0x4)
                0x0c087390                _data = .
 *(.data)
 .data          0x0c087390        0xc E:/手持机项目/Release/crt0.o
                0x0c087390                environ
                0x0c087394                stack_ptr
                0x0c087398                funcmain
 .data          0x0c08739c        0x8 E:/手持机项目/Release/MyFristPos.o
                0x0c0873a3                G_ServerPortLen
                0x0c0873a2                G_PskLen
                0x0c08739c                G_TransRate
                0x0c0873a1                G_GateWayLen
                0x0c08739d                G_AddrIPLen
                0x0c08739e                G_SsidLen
                0x0c08739f                G_ServerIpLen
                0x0c0873a0                G_NetMaskLen
 .data          0x0c0873a4        0x0 E:/手持机项目/Release/MyDefine.o
 .data          0x0c0873a4        0x0 E:/手持机项目/Release/WiFi.o
 .data          0x0c0873a4        0x0 E:/手持机项目/Release/ParemeterInit.o
 .data          0x0c0873a4      0x400 E:/手持机项目/Release/CalCRC.o
                0x0c0873a4                crc_table
 .data          0x0c0877a4        0x0 E:/手持机项目/Release/CPUCard.o
 .data          0x0c0877a4        0x0 E:/手持机项目/Release/SysOperation.o
 .data          0x0c0877a4        0x0 E:/ARM7-SDK-2011-07-20/GNU/arm-elf/lib//libc.a(lib_a-memcmp.o)
 .data          0x0c0877a4        0x0 E:/ARM7-SDK-2011-07-20/GNU/arm-elf/lib//libc.a(lib_a-memcpy.o)
 .data          0x0c0877a4        0x0 E:/ARM7-SDK-2011-07-20/GNU/arm-elf/lib//libc.a(lib_a-memset.o)
 .data          0x0c0877a4        0x0 E:/ARM7-SDK-2011-07-20/GNU/arm-elf/lib//libc.a(lib_a-sprintf.o)
 .data          0x0c0877a4        0x0 E:/ARM7-SDK-2011-07-20/GNU/arm-elf/lib//libc.a(lib_a-strlen.o)
 .data          0x0c0877a4        0x0 E:/ARM7-SDK-2011-07-20/GNU/arm-elf/lib//libc.a(lib_a-vfprintf.o)
 .data          0x0c0877a4        0x0 E:/ARM7-SDK-2011-07-20/GNU/arm-elf/lib//libc.a(lib_a-wcrtomb.o)
 .data          0x0c0877a4        0x0 E:/ARM7-SDK-2011-07-20/GNU/arm-elf/lib//libc.a(lib_a-wcsrtombs.o)
 .data          0x0c0877a4        0x0 E:/ARM7-SDK-2011-07-20/GNU/arm-elf/lib//libc.a(lib_a-wctomb_r.o)
 .data          0x0c0877a4        0x0 E:/ARM7-SDK-2011-07-20/GNU/arm-elf/lib//libc.a(lib_a-wsetup.o)
 .data          0x0c0877a4        0x0 E:/ARM7-SDK-2011-07-20/GNU/arm-elf/lib//libc.a(lib_a-dtoa.o)
 .data          0x0c0877a4        0x0 E:/ARM7-SDK-2011-07-20/GNU/arm-elf/lib//libc.a(lib_a-fflush.o)
 .data          0x0c0877a4        0x0 E:/ARM7-SDK-2011-07-20/GNU/arm-elf/lib//libc.a(lib_a-findfp.o)
 .data          0x0c0877a4        0x0 E:/ARM7-SDK-2011-07-20/GNU/arm-elf/lib//libc.a(lib_a-freer.o)
 .data          0x0c0877a4        0x0 E:/ARM7-SDK-2011-07-20/GNU/arm-elf/lib//libc.a(lib_a-fvwrite.o)
 .data          0x0c0877a4        0x0 E:/ARM7-SDK-2011-07-20/GNU/arm-elf/lib//libc.a(lib_a-fwalk.o)
 .data          0x0c0877a4      0x404 E:/ARM7-SDK-2011-07-20/GNU/arm-elf/lib//libc.a(lib_a-impure.o)
                0x0c0877a4                _impure_ptr
 .data          0x0c087ba8       0x10 E:/ARM7-SDK-2011-07-20/GNU/arm-elf/lib//libc.a(lib_a-locale.o)
                0x0c087ba8                __mb_cur_max
                0x0c087bac                __lc_ctype
 .data          0x0c087bb8        0x0 E:/ARM7-SDK-2011-07-20/GNU/arm-elf/lib//libc.a(lib_a-makebuf.o)
 .data          0x0c087bb8      0x410 E:/ARM7-SDK-2011-07-20/GNU/arm-elf/lib//libc.a(lib_a-mallocr.o)
                0x0c087fc4                __malloc_sbrk_base
                0x0c087bb8                __malloc_av_
                0x0c087fc0                __malloc_trim_threshold
 .data          0x0c087fc8        0x0 E:/ARM7-SDK-2011-07-20/GNU/arm-elf/lib//libc.a(lib_a-memchr.o)
 .data          0x0c087fc8        0x0 E:/ARM7-SDK-2011-07-20/GNU/arm-elf/lib//libc.a(lib_a-memmove.o)
 .data          0x0c087fc8        0x0 E:/ARM7-SDK-2011-07-20/GNU/arm-elf/lib//libc.a(lib_a-mlock.o)
 .data          0x0c087fc8        0x0 E:/ARM7-SDK-2011-07-20/GNU/arm-elf/lib//libc.a(lib_a-mprec.o)
 .data          0x0c087fc8        0x0 E:/ARM7-SDK-2011-07-20/GNU/arm-elf/lib//libc.a(lib_a-reallocr.o)
 .data          0x0c087fc8        0x0 E:/ARM7-SDK-2011-07-20/GNU/arm-elf/lib//libc.a(lib_a-s_isinfd.o)
 .data          0x0c087fc8        0x0 E:/ARM7-SDK-2011-07-20/GNU/arm-elf/lib//libc.a(lib_a-s_isnand.o)
 .data          0x0c087fc8        0x0 E:/ARM7-SDK-2011-07-20/GNU/arm-elf/lib//libc.a(lib_a-stdio.o)
 .data          0x0c087fc8        0x0 E:/ARM7-SDK-2011-07-20/GNU/arm-elf/lib//libc.a(lib_a-strcmp.o)
 .data          0x0c087fc8        0x0 E:/ARM7-SDK-2011-07-20/GNU/arm-elf/lib//libc.a(lib_a-callocr.o)
 .data          0x0c087fc8        0x0 E:/ARM7-SDK-2011-07-20/GNU/arm-elf/lib//libc.a(lib_a-fclose.o)
 .data          0x0c087fc8        0x0 E:/ARM7-SDK-2011-07-20/HHFiles/lib//libARMPos.a(libARMPos.o)
 .data          0x0c087fc8        0x0 E:/ARM7-SDK-2011-07-20/HHFiles/lib//libARMPos.a(call_api.o)
 .data          0x0c087fc8        0x0 E:/ARM7-SDK-2011-07-20/HHFiles/lib//libext.a(exlib.o)
 .data          0x0c087fc8     0x5ce8 E:/ARM7-SDK-2011-07-20/HHFiles/lib//libext.a(exlib_pinyin.o)
                0x0c08baa8                PY_mb_tu
                0x0c089d38                PY_mb_ka
                0x0c088848                PY_mb_chui
                0x0c08b2c0                PY_mb_san
                0x0c08955c                PY_mb_hou
                0x0c0884a4                PY_mb_cao
                0x0c088bf8                PY_mb_die
                0x0c08be78                PY_mb_xia
                0x0c08cf40                PY_mb_zuo
                0x0c08ba4c                PY_mb_tong
                0x0c08a0c0                PY_mb_leng
                0x0c089298                PY_mb_gua
                0x0c08c984                PY_mb_zei
                0x0c088830                PY_mb_chuang
                0x0c0884c0                PY_mb_ce
                0x0c08b2e4                PY_mb_sao
                0x0c08cb0c                PY_mb_zhen
                0x0c08c9f8                PY_mb_zhai
                0x0c08ad40                PY_mb_pu
                0x0c08c7f0                PY_mb_yuan
                0x0c08b70c                PY_mb_song
                0x0c089504                PY_mb_hei
                0x0c0889c0                PY_mb_da
                0x0c08a528                PY_mb_mang
                0x0c08d3e4                PY_index_k
                0x0c08a9c8                PY_mb_nuo
                0x0c089894                PY_mb_jia
                0x0c08a8a8                PY_mb_ng
                0x0c088e34                PY_mb_fa
                0x0c08cc6c                PY_mb_zhong
                0x0c08ced8                PY_mb_zu
                0x0c08bb94                PY_mb_wai
                0x0c08a958                PY_mb_ning
                0x0c08d73c                PY_index_q
                0x0c08c44c                PY_mb_yen
                0x0c08c0f4                PY_mb_xiu
                0x0c08bae4                PY_mb_tui
                0x0c089b8c                PY_mb_jiong
                0x0c08ae58                PY_mb_qia
                0x0c08ccf0                PY_mb_zhu
                0x0c08cec0                PY_mb_zou
                0x0c08ba10                PY_mb_tie
                0x0c0885dc                PY_mb_chao
                0x0c08a4fc                PY_mb_man
                0x0c08a1d8                PY_mb_liang
                0x0c0898fc                PY_mb_jian
                0x0c08d69c                PY_index_o
                0x0c088ad8                PY_mb_de
                0x0c089f24                PY_mb_kui
                0x0c089a4c                PY_mb_jie
                0x0c08b130                PY_mb_que
                0x0c089098                PY_mb_gan
                0x0c089fe4                PY_mb_lan
                0x0c089ad4                PY_mb_jin
                0x0c08a7ec                PY_mb_na
                0x0c089e90                PY_mb_ku
                0x0c08b958                PY_mb_ti
                0x0c088cbc                PY_mb_du
                0x0c08a34c                PY_mb_lou
                0x0c08a3dc                PY_mb_luan
                0x0c08c080                PY_mb_xin
                0x0c089314                PY_mb_gui
                0x0c08b798                PY_mb_sui
                0x0c08cba4                PY_mb_zhi
                0x0c08cf18                PY_mb_zui
                0x0c08cea8                PY_mb_zong
                0x0c08b2bc                PY_mb_sal
                0x0c08c848                PY_mb_yue
                0x0c088b7c                PY_mb_dian
                0x0c0892b8                PY_mb_guai
                0x0c088304                PY_mb_biao
                0x0c08887c                PY_mb_chuo
                0x0c08b9e0                PY_mb_tiao
                0x0c087fc8                PY_mb_a
                0x0c088f40                PY_mb_feng
                0x0c08acd0                PY_mb_ping
                0x0c08d2d4                PY_index_h
                0x0c08a4b0                PY_mb_ma
                0x0c089070                PY_mb_gai
                0x0c0887a8                PY_mb_chu
                0x0c08bb70                PY_mb_uu
                0x0c08a908                PY_mb_niang
                0x0c089f90                PY_mb_kuo
                0x0c08ad88                PY_mb_q
                0x0c08a08c                PY_mb_lei
                0x0c089d74                PY_mb_kan
                0x0c08ac7c                PY_mb_piao
                0x0c088e04                PY_mb_ei
                0x0c08da2c                PY_index_x
                0x0c088f80                PY_mb_fou
                0x0c08a9e8                PY_mb_nv
                0x0c08c9a8                PY_mb_zha
                0x0c088c5c                PY_mb_diu
                0x0c08a544                PY_mb_mao
                0x0c0887f8                PY_mb_chua
                0x0c08ca20                PY_mb_zhan
                0x0c08c8fc                PY_mb_zan
                0x0c08b294                PY_mb_sa
                0x0c08c120                PY_mb_xu
                0x0c08ad8c                PY_mb_qi
                0x0c08c590                PY_mb_yin
                0x0c08d544                PY_index_m
                0x0c08acb0                PY_mb_pin
                0x0c08aafc                PY_mb_pei
                0x0c08a8a4                PY_mb_neus
                0x0c0899d8                PY_mb_jiao
                0x0c08bc14                PY_mb_wei
                0x0c089534                PY_mb_hong
                0x0c08a2d8                PY_mb_liu
                0x0c08bbec                PY_mb_wang
                0x0c0893c4                PY_mb_ha
                0x0c08cdc4                PY_mb_zhui
                0x0c08af28                PY_mb_qiao
                0x0c08aa50                PY_mb_pai
                0x0c088c64                PY_mb_dong
                0x0c08a0cc                PY_mb_li
                0x0c088d5c                PY_mb_duo
                0x0c08aa6c                PY_mb_pan
                0x0c08cf74                PY_index_a
                0x0c08c5f0                PY_mb_ying
                0x0c08a320                PY_mb_long
                0x0c08922c                PY_mb_gu
                0x0c08b688                PY_mb_shuo
                0x0c08950c                PY_mb_hen
                0x0c08a620                PY_mb_mi
                0x0c089e2c                PY_mb_kei
                0x0c08bb74                PY_mb_wa
                0x0c08a370                PY_mb_lu
                0x0c088bbc                PY_mb_diao
                0x0c08a910                PY_mb_niao
                0x0c08bd28                PY_mb_wu
                0x0c08bcf8                PY_mb_wo
                0x0c08a18c                PY_mb_lian
                0x0c089fa8                PY_mb_la
                0x0c088e14                PY_mb_er
                0x0c088f78                PY_mb_fiao
                0x0c08b27c                PY_mb_run
                0x0c08b3c8                PY_mb_shang
                0x0c088a9c                PY_mb_dao
                0x0c089c7c                PY_mb_juan
                0x0c08c958                PY_mb_ze
                0x0c08a044                PY_mb_lao
                0x0c08c450                PY_mb_yi
                0x0c089624                PY_mb_huai
                0x0c08b458                PY_mb_shen
                0x0c08a894                PY_mb_nen
                0x0c0890fc                PY_mb_gao
                0x0c089780                PY_mb_ji
                0x0c08b3e8                PY_mb_shao
                0x0c088128                PY_mb_bang
                0x0c08d9e4                PY_index_w
                0x0c0884f0                PY_mb_cha
                0x0c08b6ac                PY_mb_si
                0x0c088924                PY_mb_cu
                0x0c08ac28                PY_mb_pianpang
                0x0c08a400                PY_mb_lun
                0x0c08c8cc                PY_mb_za
                0x0c08c004                PY_mb_xie
                0x0c08cd80                PY_mb_zhuai
                0x0c08b7c8                PY_mb_sun
                0x0c089d9c                PY_mb_kang
                0x0c0880cc                PY_mb_bai
                0x0c08b174                PY_mb_rang
                0x0c08b814                PY_mb_ta
                0x0c088530                PY_mb_chai
                0x0c0893f4                PY_mb_han
                0x0c08d01c                PY_index_c
                0x0c08b4cc                PY_mb_shi
                0x0c08c250                PY_mb_ya
                0x0c08ab30                PY_mb_pen
                0x0c08bb24                PY_mb_tuo
                0x0c08cb64                PY_mb_zheng
                0x0c089054                PY_mb_ga
                0x0c08ad28                PY_mb_pou
                0x0c0895f4                PY_mb_hua
                0x0c0884d4                PY_mb_cen
                0x0c08d374                PY_index_j
                0x0c08cf04                PY_mb_zuan
                0x0c0881f8                PY_mb_beng
                0x0c08cf30                PY_mb_zun
                0x0c08cda4                PY_mb_zhuang
                0x0c08a8b0                PY_mb_ni
                0x0c08859c                PY_mb_chang
                0x0c08a258                PY_mb_lin
                0x0c08d5dc                PY_index_n
                0x0c08d23c                PY_index_g
                0x0c08aa00                PY_mb_o
                0x0c08b5a4                PY_mb_shu
                0x0c08a4ac                PY_mb_m
                0x0c089dbc                PY_mb_kao
                0x0c088054                PY_mb_ao
                0x0c08cac4                PY_mb_zhe
                0x0c088670                PY_mb_cheng
                0x0c08c1d4                PY_mb_xue
                0x0c08c884                PY_mb_yun
                0x0c08a728                PY_mb_mo
                0x0c08c1f8                PY_mb_xun
                0x0c08b1e4                PY_mb_ri
                0x0c088420                PY_mb_bu
                0x0c08a31c                PY_mb_lo
                0x0c08ca5c                PY_mb_zhang