YKT_CK.CARDINFO
YKT_CK.CARDINFO_TEST
YKT_CK.CLERK
YKT_CK.COM_DICTIONARY
YKT_CK.DEPARTMENT
YKT_CK.DUTYTIME
YKT_CK.EXTRAWORKINFO
YKT_CK.EXTRAWORKINFOMAP
YKT_CK.ICO_ACCOUNT_ROLE
YKT_CK.ICO_MENU
YKT_CK.ICO_PERMISSION
YKT_CK.ICO_RESOURCE
YKT_CK.ICO_ROLE
YKT_CK.ICO_ROLE_MENU
YKT_CK.IRREGULARREST
YKT_CK.IRREGULARRESTMAP
YKT_CK.LEAVEINFO
YKT_CK.MANAGER
YKT_CK.T_KQ_TXDTL
YKT_CK.USR_ACCOUNT
YKT_CK.USR_PERSON
YKT_CK.VACATION
YKT_CK.WORKCONF
YKT_CK.WORKCONFMAP
YKT_CK.WORKINFO
YKT_CK.WORKTIMECONF
YKT_CK.WORKTIMEPARA
YKT_CK.WORKTIMEPARAMAP
YKT_CONF.T_ASSEMBLY_ROOM
YKT_CONF.T_ATTENDEE_GROUP
YKT_CONF.T_ATTENDEE_LIST
YKT_CONF.T_CONFERENCE
YKT_CONF.T_CONFERENCE_TYPE
YKT_CONF.T_DEPT_LIMIT
YKT_CONF.T_DEV_CONFERENCE
YKT_CONF.T_DUTY
YKT_CONF.T_FUNC_LIST
YKT_CONF.T_GROUP
YKT_CONF.T_INFORM_LIST
YKT_CONF.T_OPERATOR
YKT_CONF.T_OPER_LIMIT
YKT_CUR.ACT_TMP
YKT_CUR.COLSINFO
YKT_CUR.INPUTINIT
YKT_CUR.MAP_ALERT_TABLE
YKT_CUR.MAP_ANALYSIS_POINT
YKT_CUR.MAP_CAUNBALANCE_TABLE
YKT_CUR.MAP_CONTACT_MONITOR_TABLE
YKT_CUR.MAP_CONTACT_TABLE
YKT_CUR.MAP_DEVICE_TABLE
YKT_CUR.MAP_FATHERSETS_TABLE
YKT_CUR.MAP_FATHER_LINE
YKT_CUR.MAP_LINES_TABLE
YKT_CUR.MAP_PARAM_TABLE
YKT_CUR.MAP_ROUTE_TEST
YKT_CUR.MAP_SERIALEXCEPT_TABLE
YKT_CUR.MAP_SERIALOST_TABLE
YKT_CUR.MAP_SERIAL_TABLE
YKT_CUR.MAP_SETS_TABLE
YKT_CUR.MAP_USER_TABLE
YKT_CUR.MESSAGES
YKT_CUR.SPLITTMP
YKT_CUR.TABLE_160
YKT_CUR.TAB_YKT_NODE
YKT_CUR.T_AIF_ACCOUNT
YKT_CUR.T_AIF_OUTSYS_ACT
YKT_CUR.T_AIF_TRADEACT
YKT_CUR.T_CIF_CUSTOMER
YKT_CUR.T_CIF_CUSTOMER_TEST
YKT_CUR.T_CIF_CUSTOMER_TMP
YKT_CUR.T_CIF_CUST_CARD_ACCOUNT
YKT_CUR.T_CIF_CUTTYPECARDTYPE
YKT_CUR.T_CIF_CUTTYPEFEE
YKT_CUR.T_CIF_CUTTYPEFEE1
YKT_CUR.T_CIF_CUTTYPETRADEFEE
YKT_CUR.T_CIF_EMPLOYEE
YKT_CUR.T_CIF_PHOTOTMP
YKT_CUR.T_CIF_SHOP
YKT_CUR.T_CIF_SHOP2
YKT_CUR.T_CIF_SHOP_LOG
YKT_CUR.T_CIF_SHOP_POS
YKT_CUR.T_CIF_SHOP_POS_LOG
YKT_CUR.T_CIT_STUDENT
YKT_CUR.T_DOOR_DEVICE_CARDLIST
YKT_CUR.T_DOOR_DEVICE_HOLIDAY
YKT_CUR.T_DOOR_DEVICE_WORKTIME
YKT_CUR.T_DOOR_GROUP
YKT_CUR.T_DOOR_GROUP_MEMBER
YKT_CUR.T_DOOR_HOLIDAY
YKT_CUR.T_DOOR_OPER_RIGHT
YKT_CUR.T_DOOR_RPT_DAY
YKT_CUR.T_DOOR_TXDTL
YKT_CUR.T_MIF_ALARM
YKT_CUR.T_MIF_ALARMLEVEL
YKT_CUR.T_MIF_ALARMOP
YKT_CUR.T_MIF_CARDDBINCON
YKT_CUR.T_MIF_CARDOPERATE
YKT_CUR.T_MIF_CONSUME
YKT_CUR.T_MIF_DEVMONERR
YKT_CUR.T_MIF_DEVMONITOR
YKT_CUR.T_MIF_LINKMAN
YKT_CUR.T_MIF_OPERATOR
YKT_CUR.T_MIF_SYSSTATE
YKT_CUR.T_MIF_TRADESERIALERROR
YKT_CUR.T_MIF_TRAN
YKT_CUR.T_PIF_AA
YKT_CUR.T_PIF_APP_FUNC_LIST
YKT_CUR.T_PIF_AREA
YKT_CUR.T_PIF_AUTHCARD
YKT_CUR.T_PIF_CARD
YKT_CUR.T_PIF_CARDLEVEL
YKT_CUR.T_PIF_CARDLEVEL_GROUP
YKT_CUR.T_PIF_CARDLOSSINFO
YKT_CUR.T_PIF_CARDPURSE
YKT_CUR.T_PIF_CARDSTRUT
YKT_CUR.T_PIF_CARD_AND_LEVELG
YKT_CUR.T_PIF_CARD_LEVELG
YKT_CUR.T_PIF_CARD_MANAGE_FEE
YKT_CUR.T_PIF_CUR_SYSPARA
YKT_CUR.T_PIF_CUT_AND_LEVELG
YKT_CUR.T_PIF_DEVASSET
YKT_CUR.T_PIF_DEVCARDTYPE
YKT_CUR.T_PIF_DEVFEE
YKT_CUR.T_PIF_DEVICE
YKT_CUR.T_PIF_DEVICE_LOG
YKT_CUR.T_PIF_DEVTIME
YKT_CUR.T_PIF_DICTIONARY
YKT_CUR.T_PIF_ERRCODE
YKT_CUR.T_PIF_FEETYPE
YKT_CUR.T_PIF_MEAL_TYPE
YKT_CUR.T_PIF_MODULE_AUTH
YKT_CUR.T_PIF_OLD_SYSPARA
YKT_CUR.T_PIF_OPERATOR
YKT_CUR.T_PIF_OPERATOR_LOG
YKT_CUR.T_PIF_OPER_MAIN_FUNC
YKT_CUR.T_PIF_OPER_SITE
YKT_CUR.T_PIF_OPER_STATUS_REC
YKT_CUR.T_PIF_OUTER_SYSTEM
YKT_CUR.T_PIF_PHYDEVICE
YKT_CUR.T_PIF_SHOP_DUTY_FEE
YKT_CUR.T_PIF_SHOP_MANAGE_FEE
YKT_CUR.T_PIF_SITE_INFO
YKT_CUR.T_PIF_SPEFEE
YKT_CUR.T_PIF_SUBSYSTEM
YKT_CUR.T_PIF_SUBSYS_LOG
YKT_CUR.T_PIF_SUB_UPDATE
YKT_CUR.T_PIF_SYSKEY
YKT_CUR.T_PIF_SYSTIME
YKT_CUR.T_PIF_TRADECODE
YKT_CUR.T_PIF_WATCH_ADDRESS
YKT_CUR.T_SERIAL
YKT_CUR.T_SUBSYSPARAMS
YKT_CUR.T_SUBSYS_LOG
YKT_CUR.T_TEST
YKT_CUR.T_TEST_SERIAL
YKT_CUR.T_TIF_AA
YKT_CUR.T_TIF_ACT_DAYSUM
YKT_CUR.T_TIF_APPEAR_AUTHEN_RECORD2
YKT_CUR.T_TIF_AUTHEN_LOG
YKT_CUR.T_TIF_AUTO_TRANS_CONDITION
YKT_CUR.T_TIF_AUTO_TRAN_LOSS
YKT_CUR.T_TIF_BANKBILL
YKT_CUR.T_TIF_BANK_COMP
YKT_CUR.T_TIF_BANK_RECORD
YKT_CUR.T_TIF_BLACK_SHEET
YKT_CUR.T_TIF_BTOS_TRAN_LOSS
YKT_CUR.T_TIF_CARDMESS
YKT_CUR.T_TIF_CFGSPLIT
YKT_CUR.T_TIF_CFGTXFEE
YKT_CUR.T_TIF_CHECKOUT_CUR
YKT_CUR.T_TIF_CHECKOUT_HIS
YKT_CUR.T_TIF_CHECK_BACK
YKT_CUR.T_TIF_CHECK_SUBSYSTEM
YKT_CUR.T_TIF_COMPUTER_COSUME_RECORD
YKT_CUR.T_TIF_COSUME_HIS
YKT_CUR.T_TIF_COSUME_LOG
YKT_CUR.T_TIF_CUT_INFO_UPDATE
YKT_CUR.T_TIF_DAY_BACK_SUM
YKT_CUR.T_TIF_DAY_MONITOR_SUM
YKT_CUR.T_TIF_DAY_OPERATE_SUM
YKT_CUR.T_TIF_DAY_SUBSYSTEM_SUM
YKT_CUR.T_TIF_DAY_SYSTEM_SUM
YKT_CUR.T_TIF_DEPOSIT_LOG
YKT_CUR.T_TIF_DIFF_TRANSFER
YKT_CUR.T_TIF_DOOR_AUTHEN_RECORD
YKT_CUR.T_TIF_ELECT_COSUME_RECORD
YKT_CUR.T_TIF_HOSPITALLOG
YKT_CUR.T_TIF_HOSPITAL_CONSUME_TYPE
YKT_CUR.T_TIF_LIBRARY_AUTHEN_RECORD
YKT_CUR.T_TIF_LIBRARY_CONSUME_TYPE
YKT_CUR.T_TIF_LIBRARY_COSUME_RECORD
YKT_CUR.T_TIF_LOSEAUTHEN_SUM
YKT_CUR.T_TIF_LOSECONSUME_SUM
YKT_CUR.T_TIF_LOSEDEPOIST_SUM
YKT_CUR.T_TIF_LOSEWATCH_SUM
YKT_CUR.T_TIF_MESLIST
YKT_CUR.T_TIF_MONTH_BACK_SUM
YKT_CUR.T_TIF_MONTH_MONITOR_SUM
YKT_CUR.T_TIF_MONTH_OPERATE_SUM
YKT_CUR.T_TIF_MONTH_SUBSYSTEM_SUM
YKT_CUR.T_TIF_MONTH_SYSTEM_SUM
YKT_CUR.T_TIF_OUTSYS_LOG
YKT_CUR.T_TIF_RCVDTL
YKT_CUR.T_TIF_REPORT_ACTIVE
YKT_CUR.T_TIF_REPORT_BANK_TRANSFER
YKT_CUR.T_TIF_REPORT_CARDDB_NOBALANCE
YKT_CUR.T_TIF_REPORT_DEPTTRADE
YKT_CUR.T_TIF_REPORT_ERRACC
YKT_CUR.T_TIF_REPORT_OPER
YKT_CUR.T_TIF_REPORT_OPER_CARD_AMT
YKT_CUR.T_TIF_REPORT_RICH_DEBT
YKT_CUR.T_TIF_REPORT_SHOP_BALANCE
YKT_CUR.T_TIF_REPORT_TRANS_COMP
YKT_CUR.T_TIF_REVISE_LOG
YKT_CUR.T_TIF_SAVDTL
YKT_CUR.T_TIF_SCHBILL
YKT_CUR.T_TIF_SELFHELP_TRAN_LOSS
YKT_CUR.T_TIF_SHOP_DAYSUM
YKT_CUR.T_TIF_SHOP_MONTHSUM
YKT_CUR.T_TIF_SHOP_YEARSUM
YKT_CUR.T_TIF_SPLITCFG
YKT_CUR.T_TIF_SUBJECT
YKT_CUR.T_TIF_SUBJECT_BALANCE
YKT_CUR.T_TIF_SUBSIDY
YKT_CUR.T_TIF_SUBSIDYTMP
YKT_CUR.T_TIF_SUBSIDY_WAITING
YKT_CUR.T_TIF_TRADELOG
YKT_CUR.T_TIF_TRADESERIAL
YKT_CUR.T_TIF_TRANSFER_LOG
YKT_CUR.T_TIF_TRANUPDATER_TYPE
YKT_CUR.T_TIF_TRANUPDATE_REASON
YKT_CUR.T_TIF_WARRANT
YKT_CUR.T_TIF_WATCH_LOG
YKT_CUR.T_TIF_WATER_COSUME_RECORD
YKT_CUR.T_TIF_WHITE_SHEET
YKT_CUR.T_TIF_WHITE_SHEET_LOG
YKT_CUR.T_TIF_YEAR_BACK_SUM
YKT_CUR.T_TIF_YEAR_MONITOR_SUM
YKT_CUR.T_TIF_YEAR_OPERATE_SUM
YKT_CUR.T_TIF_YEAR_SUBSYSTEM_SUM
YKT_CUR.T_TIF_YEAR_SYSTEM_SUM
YKT_CUR.T_TRADECODE_SHOP
YKT_CUR.T_WATER_INFO
YKT_MON.MAP_ALERT_TABLE
YKT_MON.MAP_ANALYSIS_POINT
YKT_MON.MAP_CAUNBALANCE_TABLE
YKT_MON.MAP_CONTACT_MONITOR_TABLE
YKT_MON.MAP_CONTACT_TABLE
YKT_MON.MAP_DEVICE_TABLE
YKT_MON.MAP_FATHERSETS_TABLE
YKT_MON.MAP_FATHER_LINE
YKT_MON.MAP_LINES_TABLE
YKT_MON.MAP_PARAM_TABLE
YKT_MON.MAP_SERIALEXCEPT_TABLE
YKT_MON.MAP_SERIALOST_TABLE
YKT_MON.MAP_SETS_TABLE
YKT_MON.MAP_SYS_DICTIONARY
YKT_MON.MAP_USER_TABLE
YKT_QUERY.T_LEADQUERY_FUNCLIST
YKT_QUERY.T_LEADQUERY_OPERATOR
YKT_QUERY.T_LEADQUERY_OPERLIMIT
YKT_QUERY.T_LEADQUERY_STORELIMIT
YKT_WEB.ABCONTACT
YKT_WEB.ABCONTACTS_ABLISTS
YKT_WEB.ABLIST
YKT_WEB.ACCOUNT
YKT_WEB.ADDRESS
YKT_WEB.ADMINCONFIG
YKT_WEB.BJENTRIES_BJTOPICS
YKT_WEB.BJENTRIES_BJVERSES
YKT_WEB.BJENTRY
YKT_WEB.BJTOPIC
YKT_WEB.BJVERSE
YKT_WEB.BLOGSCATEGORY
YKT_WEB.BLOGSCOMMENTS
YKT_WEB.BLOGSENTRY
YKT_WEB.BLOGSLINK
YKT_WEB.BLOGSPROPS
YKT_WEB.BLOGSREFERER
YKT_WEB.BLOGSUSER
YKT_WEB.BOOKMARKSENTRY
YKT_WEB.BOOKMARKSFOLDER
YKT_WEB.CALEVENT
YKT_WEB.CALTASK
YKT_WEB.COLORSCHEME
YKT_WEB.COMPANY
YKT_WEB.CONTACT
YKT_WEB.COUNTER
YKT_WEB.CYRUSUSER
YKT_WEB.CYRUSVIRTUAL
YKT_WEB.DLFILEPROFILE
YKT_WEB.DLFILERANK
YKT_WEB.DLFILEVERSION
YKT_WEB.DLREPOSITORY
YKT_WEB.ECARD_HIT_INFO
YKT_WEB.ECARD_INFORMATION
YKT_WEB.ECARD_MSGBOARD
YKT_WEB.ECARD_PIC_DELAY
YKT_WEB.ECARD_POSTPONE_APPLY
YKT_WEB.GROUPS_ROLES
YKT_WEB.GROUP_
YKT_WEB.IGFOLDER
YKT_WEB.IGIMAGE
YKT_WEB.IMAGE
YKT_WEB.INFO_TYPE
YKT_WEB.JOURNALARTICLE
YKT_WEB.JOURNALSTRUCTURE
YKT_WEB.JOURNALTEMPLATE
YKT_WEB.LAYOUT
YKT_WEB.MAILRECEIPT
YKT_WEB.MBMESSAGE
YKT_WEB.MBMESSAGEFLAG
YKT_WEB.MBTHREAD
YKT_WEB.MBTOPIC
YKT_WEB.NETWORKADDRESS
YKT_WEB.NOTE
YKT_WEB.PASSWORDTRACKER
YKT_WEB.POLLSCHOICE
YKT_WEB.POLLSQUESTION
YKT_WEB.POLLSVOTE
YKT_WEB.PORTLET
YKT_WEB.PORTLETPREFERENCES
YKT_WEB.POSTPONE_FILES
YKT_WEB.PROJFIRM
YKT_WEB.PROJPROJECT
YKT_WEB.PROJTASK
YKT_WEB.PROJTIME
YKT_WEB.PROPERTIES
YKT_WEB.RELEASE_
YKT_WEB.ROLE_
YKT_WEB.SHOPPINGCART
YKT_WEB.SHOPPINGCATEGORY
YKT_WEB.SHOPPINGCOUPON
YKT_WEB.SHOPPINGITEM
YKT_WEB.SHOPPINGITEMFIELD
YKT_WEB.SHOPPINGITEMPRICE
YKT_WEB.SHOPPINGORDER
YKT_WEB.SHOPPINGORDERITEM
YKT_WEB.UPLOAD_FILES
YKT_WEB.USERS_GROUPS
YKT_WEB.USERS_PROJPROJECTS
YKT_WEB.USERS_PROJTASKS
YKT_WEB.USERS_ROLES
YKT_WEB.USERTRACKER
YKT_WEB.USERTRACKERPATH
YKT_WEB.USER_
YKT_WEB.WIKINODE
YKT_WEB.WIKIPAGE
