
 Start         Length     Name                   Class
 0001:00000000 000A8F38H .text                   CODE
 0002:00000000 000022F0H .data                   DATA
 0002:000022F0 00000D8DH .bss                    BSS


Detailed map of segments

 0001:00000000 000056CB C=CODE     S=.text    G=(none)   M=System   ACBP=A9
 0001:000056CC 00000140 C=CODE     S=.text    G=(none)   M=SysInit  ACBP=A9
 0001:0000580C 00000078 C=CODE     S=.text    G=(none)   M=Types    ACBP=A9
 0001:00005884 00000D94 C=CODE     S=.text    G=(none)   M=Windows  ACBP=A9
 0001:00006618 00000038 C=CODE     S=.text    G=(none)   M=Messages ACBP=A9
 0001:00006650 00000388 C=CODE     S=.text    G=(none)   M=SysConst ACBP=A9
 0001:000069D8 0000705C C=CODE     S=.text    G=(none)   M=SysUtils ACBP=A9
 0001:0000DA34 0000082B C=CODE     S=.text    G=(none)   M=VarUtils ACBP=A9
 0001:0000E260 00009452 C=CODE     S=.text    G=(none)   M=Variants ACBP=A9
 0001:000176B4 00000150 C=CODE     S=.text    G=(none)   M=RTLConsts ACBP=A9
 0001:00017804 00001918 C=CODE     S=.text    G=(none)   M=TypInfo  ACBP=A9
 0001:0001911C 000000B0 C=CODE     S=.text    G=(none)   M=ActiveX  ACBP=A9
 0001:000191CC 0000A296 C=CODE     S=.text    G=(none)   M=Classes  ACBP=A9
 0001:00023464 000002E8 C=CODE     S=.text    G=(none)   M=Consts   ACBP=A9
 0001:0002374C 000090DB C=CODE     S=.text    G=(none)   M=Graphics ACBP=A9
 0001:0002C828 00000048 C=CODE     S=.text    G=(none)   M=Math     ACBP=A9
 0001:0002C870 000002B8 C=CODE     S=.text    G=(none)   M=Contnrs  ACBP=A9
 0001:0002CB28 000000FC C=CODE     S=.text    G=(none)   M=CommCtrl ACBP=A9
 0001:0002CC24 00000787 C=CODE     S=.text    G=(none)   M=MultiMon ACBP=A9
 0001:0002D3AC 00000038 C=CODE     S=.text    G=(none)   M=Imm      ACBP=A9
 0001:0002D3E4 00000FF8 C=CODE     S=.text    G=(none)   M=HelpIntfs ACBP=A9
 0001:0002E3DC 00000038 C=CODE     S=.text    G=(none)   M=WinSpool ACBP=A9
 0001:0002E414 00000044 C=CODE     S=.text    G=(none)   M=Printers ACBP=A9
 0001:0002E458 0000031F C=CODE     S=.text    G=(none)   M=FlatSB   ACBP=A9
 0001:0002E778 000001A4 C=CODE     S=.text    G=(none)   M=SyncObjs ACBP=A9
 0001:0002E91C 000009BB C=CODE     S=.text    G=(none)   M=UxTheme  ACBP=A9
 0001:0002F2D8 00000038 C=CODE     S=.text    G=(none)   M=RichEdit ACBP=A9
 0001:0002F310 00000038 C=CODE     S=.text    G=(none)   M=ToolWin  ACBP=A9
 0001:0002F348 00000038 C=CODE     S=.text    G=(none)   M=ShellAPI ACBP=A9
 0001:0002F380 00000038 C=CODE     S=.text    G=(none)   M=RegStr   ACBP=A9
 0001:0002F3B8 00000038 C=CODE     S=.text    G=(none)   M=WinInet  ACBP=A9
 0001:0002F3F0 00000038 C=CODE     S=.text    G=(none)   M=UrlMon   ACBP=A9
 0001:0002F428 00000038 C=CODE     S=.text    G=(none)   M=ShlObj   ACBP=A9
 0001:0002F460 00000038 C=CODE     S=.text    G=(none)   M=CommDlg  ACBP=A9
 0001:0002F498 00000038 C=CODE     S=.text    G=(none)   M=Dlgs     ACBP=A9
 0001:0002F4D0 0000130D C=CODE     S=.text    G=(none)   M=Dialogs  ACBP=A9
 0001:000307E0 00002B3E C=CODE     S=.text    G=(none)   M=ExtCtrls ACBP=A9
 0001:00033320 00000038 C=CODE     S=.text    G=(none)   M=ComStrs  ACBP=A9
 0001:00033358 0000069C C=CODE     S=.text    G=(none)   M=Clipbrd  ACBP=A9
 0001:000339F4 00000038 C=CODE     S=.text    G=(none)   M=StrUtils ACBP=A9
 0001:00033A2C 000023BD C=CODE     S=.text    G=(none)   M=Buttons  ACBP=A9
 0001:00035DEC 00000038 C=CODE     S=.text    G=(none)   M=ExtDlgs  ACBP=A9
 0001:00035E24 00001014 C=CODE     S=.text    G=(none)   M=IniFiles ACBP=A9
 0001:00036E38 000007D8 C=CODE     S=.text    G=(none)   M=Registry ACBP=A9
 0001:00037610 0000006C C=CODE     S=.text    G=(none)   M=Mapi     ACBP=A9
 0001:0003767C 00000058 C=CODE     S=.text    G=(none)   M=ExtActns ACBP=A9
 0001:000376D4 00000038 C=CODE     S=.text    G=(none)   M=ListActns ACBP=A9
 0001:0003770C 00000180 C=CODE     S=.text    G=(none)   M=ComCtrls ACBP=A9
 0001:0003788C 00000CEC C=CODE     S=.text    G=(none)   M=Themes   ACBP=A9
 0001:00038578 00007048 C=CODE     S=.text    G=(none)   M=StdCtrls ACBP=A9
 0001:0003F5C0 00000168 C=CODE     S=.text    G=(none)   M=StdActns ACBP=A9
 0001:0003F728 00000D1F C=CODE     S=.text    G=(none)   M=WinHelpViewer ACBP=A9
 0001:00040448 0001106F C=CODE     S=.text    G=(none)   M=Controls ACBP=A9
 0001:000514B8 00001292 C=CODE     S=.text    G=(none)   M=ActnList ACBP=A9
 0001:0005274C 00001B9C C=CODE     S=.text    G=(none)   M=ImgList  ACBP=A9
 0001:000542E8 00006639 C=CODE     S=.text    G=(none)   M=Menus    ACBP=A9
 0001:0005A924 0000C4B8 C=CODE     S=.text    G=(none)   M=Forms    ACBP=A9
 0001:00066DDC 000009E0 C=CODE     S=.text    G=(none)   M=MaskUtils ACBP=A9
 0001:000677BC 00000070 C=CODE     S=.text    G=(none)   M=DateUtils ACBP=A9
 0001:0006782C 000001A0 C=CODE     S=.text    G=(none)   M=DBConsts ACBP=A9
 0001:000679CC 00000F73 C=CODE     S=.text    G=(none)   M=SqlTimSt ACBP=A9
 0001:00068940 00004AFB C=CODE     S=.text    G=(none)   M=FMTBcd   ACBP=A9
 0001:0006D43C 00000058 C=CODE     S=.text    G=(none)   M=ComConst ACBP=A9
 0001:0006D494 00000E9D C=CODE     S=.text    G=(none)   M=ComObj   ACBP=A9
 0001:0006E334 0001448C C=CODE     S=.text    G=(none)   M=DB       ACBP=A9
 0001:000827C0 000000C4 C=CODE     S=.text    G=(none)   M=OleDB    ACBP=A9
 0001:00082884 00000250 C=CODE     S=.text    G=(none)   M=ADOInt   ACBP=A9
 0001:00082AD4 000009CC C=CODE     S=.text    G=(none)   M=DBCommon ACBP=A9
 0001:000834A0 00000160 C=CODE     S=.text    G=(none)   M=Mtx      ACBP=A9
 0001:00083600 000000B0 C=CODE     S=.text    G=(none)   M=ADOConst ACBP=A9
 0001:000836B0 0001039E C=CODE     S=.text    G=(none)   M=ADODB    ACBP=A9
 0001:00093A50 00001F28 C=CODE     S=.text    G=(none)   M=Mask     ACBP=A9
 0001:00095978 00000038 C=CODE     S=.text    G=(none)   M=Grids    ACBP=A9
 0001:000959B0 00000090 C=CODE     S=.text    G=(none)   M=VDBConsts ACBP=A9
 0001:00095A40 00000728 C=CODE     S=.text    G=(none)   M=DBLogDlg ACBP=A9
 0001:00096168 00000531 C=CODE     S=.text    G=(none)   M=DBPWDlg  ACBP=A9
 0001:0009669C 00000304 C=CODE     S=.text    G=(none)   M=DBCtrls  ACBP=A9
 0001:000969A0 00000038 C=CODE     S=.text    G=(none)   M=DBGrids  ACBP=A9
 0001:000969D8 0000435A C=CODE     S=.text    G=(none)   M=RzCommon ACBP=A9
 0001:0009AD34 00001044 C=CODE     S=.text    G=(none)   M=RzGrafx  ACBP=A9
 0001:0009BD78 000004E0 C=CODE     S=.text    G=(none)   M=RzBorder ACBP=A9
 0001:0009C258 00002490 C=CODE     S=.text    G=(none)   M=RzEdit   ACBP=A9
 0001:0009E6E8 00000038 C=CODE     S=.text    G=(none)   M=RzCommonCursors ACBP=A9
 0001:0009E720 00000038 C=CODE     S=.text    G=(none)   M=RzSpnEdt ACBP=A9
 0001:0009E758 00000038 C=CODE     S=.text    G=(none)   M=RzCommonBitmaps ACBP=A9
 0001:0009E790 00000038 C=CODE     S=.text    G=(none)   M=RzPopups ACBP=A9
 0001:0009E7C8 0000284C C=CODE     S=.text    G=(none)   M=RzLabel  ACBP=A9
 0001:000A1014 00000038 C=CODE     S=.text    G=(none)   M=RzIntLst ACBP=A9
 0001:000A104C 00000038 C=CODE     S=.text    G=(none)   M=RzRadChk ACBP=A9
 0001:000A1084 00000038 C=CODE     S=.text    G=(none)   M=RzRadGrp ACBP=A9
 0001:000A10BC 000003CC C=CODE     S=.text    G=(none)   M=RzCmboBx ACBP=A9
 0001:000A1488 00000038 C=CODE     S=.text    G=(none)   M=RzLstBox ACBP=A9
 0001:000A14C0 00000038 C=CODE     S=.text    G=(none)   M=RzChkLst ACBP=A9
 0001:000A14F8 00000038 C=CODE     S=.text    G=(none)   M=RzToolbarForm ACBP=A9
 0001:000A1530 000000E1 C=CODE     S=.text    G=(none)   M=RzButton ACBP=A9
 0001:000A1614 00003624 C=CODE     S=.text    G=(none)   M=RzPanel  ACBP=A9
 0001:000A4C38 00000038 C=CODE     S=.text    G=(none)   M=RzPrgres ACBP=A9
 0001:000A4C70 0000004C C=CODE     S=.text    G=(none)   M=RzSysRes ACBP=A9
 0001:000A4CBC 000000BC C=CODE     S=.text    G=(none)   M=RzStatus ACBP=A9
 0001:000A4D78 000002F4 C=CODE     S=.text    G=(none)   M=UtCardDll ACBP=A9
 0001:000A506C 00003AD0 C=CODE     S=.text    G=(none)   M=unitMain ACBP=A9
 0001:000A8B3C 000003FC C=CODE     S=.text    G=(none)   M=ConvertCard ACBP=A9
 0002:00000000 0000009C C=DATA     S=.data    G=DGROUP   M=System   ACBP=A9
 0002:0000009C 00000020 C=DATA     S=.data    G=DGROUP   M=SysInit  ACBP=A9
 0002:000000BC 00000274 C=DATA     S=.data    G=DGROUP   M=SysUtils ACBP=A9
 0002:00000330 00000110 C=DATA     S=.data    G=DGROUP   M=VarUtils ACBP=A9
 0002:00000440 000001B6 C=DATA     S=.data    G=DGROUP   M=Variants ACBP=A9
 0002:000005F8 0000000C C=DATA     S=.data    G=DGROUP   M=TypInfo  ACBP=A9
 0002:00000604 00000010 C=DATA     S=.data    G=DGROUP   M=ActiveX  ACBP=A9
 0002:00000614 000000E4 C=DATA     S=.data    G=DGROUP   M=Classes  ACBP=A9
 0002:000006F8 00000304 C=DATA     S=.data    G=DGROUP   M=Graphics ACBP=A9
 0002:000009FC 00000004 C=DATA     S=.data    G=DGROUP   M=Printers ACBP=A9
 0002:00000A00 000000B4 C=DATA     S=.data    G=DGROUP   M=Dialogs  ACBP=A9
 0002:00000AB4 0000018C C=DATA     S=.data    G=DGROUP   M=ExtCtrls ACBP=A9
 0002:00000C40 00000088 C=DATA     S=.data    G=DGROUP   M=Buttons  ACBP=A9
 0002:00000CC8 00000008 C=DATA     S=.data    G=DGROUP   M=IniFiles ACBP=A9
 0002:00000CD0 00000008 C=DATA     S=.data    G=DGROUP   M=Registry ACBP=A9
 0002:00000CD8 00000008 C=DATA     S=.data    G=DGROUP   M=Mapi     ACBP=A9
 0002:00000CE0 00000018 C=DATA     S=.data    G=DGROUP   M=ComCtrls ACBP=A9
 0002:00000CF8 00000068 C=DATA     S=.data    G=DGROUP   M=Themes   ACBP=A9
 0002:00000D60 000000AC C=DATA     S=.data    G=DGROUP   M=StdCtrls ACBP=A9
 0002:00000E0C 0000013C C=DATA     S=.data    G=DGROUP   M=Controls ACBP=A9
 0002:00000F48 00000020 C=DATA     S=.data    G=DGROUP   M=ImgList  ACBP=A9
 0002:00000F68 000000EC C=DATA     S=.data    G=DGROUP   M=Menus    ACBP=A9
 0002:00001054 0000011C C=DATA     S=.data    G=DGROUP   M=Forms    ACBP=A9
 0002:00001170 00000009 C=DATA     S=.data    G=DGROUP   M=MaskUtils ACBP=A9
 0002:0000117C 0000003C C=DATA     S=.data    G=DGROUP   M=SqlTimSt ACBP=A9
 0002:000011B8 00000065 C=DATA     S=.data    G=DGROUP   M=FMTBcd   ACBP=A9
 0002:00001220 00000030 C=DATA     S=.data    G=DGROUP   M=ComObj   ACBP=A9
 0002:00001250 0000021E C=DATA     S=.data    G=DGROUP   M=DB       ACBP=A9
 0002:00001470 00000010 C=DATA     S=.data    G=DGROUP   M=OleDB    ACBP=A9
 0002:00001480 00000060 C=DATA     S=.data    G=DGROUP   M=ADOInt   ACBP=A9
 0002:000014E0 00000020 C=DATA     S=.data    G=DGROUP   M=Mtx      ACBP=A9
 0002:00001500 00000294 C=DATA     S=.data    G=DGROUP   M=ADODB    ACBP=A9
 0002:00001794 00000004 C=DATA     S=.data    G=DGROUP   M=Mask     ACBP=A9
 0002:00001798 00000028 C=DATA     S=.data    G=DGROUP   M=DBCtrls  ACBP=A9
 0002:000017C0 000000CC C=DATA     S=.data    G=DGROUP   M=RzCommon ACBP=A9
 0002:0000188C 00000230 C=DATA     S=.data    G=DGROUP   M=RzBorder ACBP=A9
 0002:00001ABC 0000000C C=DATA     S=.data    G=DGROUP   M=RzLabel  ACBP=A9
 0002:00001AC8 0000015C C=DATA     S=.data    G=DGROUP   M=RzCmboBx ACBP=A9
 0002:00001C24 0000002C C=DATA     S=.data    G=DGROUP   M=RzButton ACBP=A9
 0002:00001C50 00000004 C=DATA     S=.data    G=DGROUP   M=RzSysRes ACBP=A9
 0002:00001C54 00000018 C=DATA     S=.data    G=DGROUP   M=RzStatus ACBP=A9
 0002:00001C6C 00000014 C=DATA     S=.data    G=DGROUP   M=unitMain ACBP=A9
 0002:00003000 00000664 C=BSS      S=.bss     G=DGROUP   M=System   ACBP=A9
 0002:00003664 00000010 C=BSS      S=.bss     G=DGROUP   M=SysInit  ACBP=A9
 0002:00003674 00000004 C=BSS      S=.bss     G=DGROUP   M=Types    ACBP=A9
 0002:00003678 00000004 C=BSS      S=.bss     G=DGROUP   M=Windows  ACBP=A9
 0002:0000367C 00000004 C=BSS      S=.bss     G=DGROUP   M=Messages ACBP=A9
 0002:00003680 00000004 C=BSS      S=.bss     G=DGROUP   M=SysConst ACBP=A9
 0002:00003684 00000120 C=BSS      S=.bss     G=DGROUP   M=SysUtils ACBP=A9
 0002:000037A4 0000005C C=BSS      S=.bss     G=DGROUP   M=VarUtils ACBP=A9
 0002:00003800 00000040 C=BSS      S=.bss     G=DGROUP   M=Variants ACBP=A9
 0002:00003840 00000004 C=BSS      S=.bss     G=DGROUP   M=RTLConsts ACBP=A9
 0002:00003844 00000004 C=BSS      S=.bss     G=DGROUP   M=TypInfo  ACBP=A9
 0002:00003848 00000004 C=BSS      S=.bss     G=DGROUP   M=ActiveX  ACBP=A9
 0002:0000384C 00000040 C=BSS      S=.bss     G=DGROUP   M=Classes  ACBP=A9
 0002:0000388C 00000004 C=BSS      S=.bss     G=DGROUP   M=Consts   ACBP=A9
 0002:00003890 00000060 C=BSS      S=.bss     G=DGROUP   M=Graphics ACBP=A9
 0002:000038F0 00000004 C=BSS      S=.bss     G=DGROUP   M=Math     ACBP=A9
 0002:000038F4 00000004 C=BSS      S=.bss     G=DGROUP   M=Contnrs  ACBP=A9
 0002:000038F8 00000004 C=BSS      S=.bss     G=DGROUP   M=CommCtrl ACBP=A9
 0002:000038FC 00000031 C=BSS      S=.bss     G=DGROUP   M=MultiMon ACBP=A9
 0002:00003930 00000004 C=BSS      S=.bss     G=DGROUP   M=Imm      ACBP=A9
 0002:00003934 00000008 C=BSS      S=.bss     G=DGROUP   M=HelpIntfs ACBP=A9
 0002:0000393C 00000004 C=BSS      S=.bss     G=DGROUP   M=WinSpool ACBP=A9
 0002:00003940 00000004 C=BSS      S=.bss     G=DGROUP   M=Printers ACBP=A9
 0002:00003944 00000034 C=BSS      S=.bss     G=DGROUP   M=FlatSB   ACBP=A9
 0002:00003978 00000004 C=BSS      S=.bss     G=DGROUP   M=SyncObjs ACBP=A9
 0002:0000397C 000000CC C=BSS      S=.bss     G=DGROUP   M=UxTheme  ACBP=A9
 0002:00003A48 00000004 C=BSS      S=.bss     G=DGROUP   M=RichEdit ACBP=A9
 0002:00003A4C 00000004 C=BSS      S=.bss     G=DGROUP   M=ToolWin  ACBP=A9
 0002:00003A50 00000004 C=BSS      S=.bss     G=DGROUP   M=ShellAPI ACBP=A9
 0002:00003A54 00000004 C=BSS      S=.bss     G=DGROUP   M=RegStr   ACBP=A9
 0002:00003A58 00000004 C=BSS      S=.bss     G=DGROUP   M=WinInet  ACBP=A9
 0002:00003A5C 00000004 C=BSS      S=.bss     G=DGROUP   M=UrlMon   ACBP=A9
 0002:00003A60 00000004 C=BSS      S=.bss     G=DGROUP   M=ShlObj   ACBP=A9
 0002:00003A64 00000004 C=BSS      S=.bss     G=DGROUP   M=CommDlg  ACBP=A9
 0002:00003A68 00000004 C=BSS      S=.bss     G=DGROUP   M=Dlgs     ACBP=A9
 0002:00003A6C 00000038 C=BSS      S=.bss     G=DGROUP   M=Dialogs  ACBP=A9
 0002:00003AA4 00000004 C=BSS      S=.bss     G=DGROUP   M=ExtCtrls ACBP=A9
 0002:00003AA8 00000004 C=BSS      S=.bss     G=DGROUP   M=ComStrs  ACBP=A9
 0002:00003AAC 0000000C C=BSS      S=.bss     G=DGROUP   M=Clipbrd  ACBP=A9
 0002:00003AB8 00000004 C=BSS      S=.bss     G=DGROUP   M=StrUtils ACBP=A9
 0002:00003ABC 00000030 C=BSS      S=.bss     G=DGROUP   M=Buttons  ACBP=A9
 0002:00003AEC 00000004 C=BSS      S=.bss     G=DGROUP   M=ExtDlgs  ACBP=A9
 0002:00003AF0 00000004 C=BSS      S=.bss     G=DGROUP   M=IniFiles ACBP=A9
 0002:00003AF4 00000004 C=BSS      S=.bss     G=DGROUP   M=Registry ACBP=A9
 0002:00003AF8 00000004 C=BSS      S=.bss     G=DGROUP   M=Mapi     ACBP=A9
 0002:00003AFC 00000009 C=BSS      S=.bss     G=DGROUP   M=ExtActns ACBP=A9
 0002:00003B08 00000004 C=BSS      S=.bss     G=DGROUP   M=ListActns ACBP=A9
 0002:00003B0C 00000010 C=BSS      S=.bss     G=DGROUP   M=ComCtrls ACBP=A9
 0002:00003B1C 00000008 C=BSS      S=.bss     G=DGROUP   M=Themes   ACBP=A9
 0002:00003B24 00000004 C=BSS      S=.bss     G=DGROUP   M=StdCtrls ACBP=A9
 0002:00003B28 00000004 C=BSS      S=.bss     G=DGROUP   M=StdActns ACBP=A9
 0002:00003B2C 00000014 C=BSS      S=.bss     G=DGROUP   M=WinHelpViewer ACBP=A9
 0002:00003B40 00000080 C=BSS      S=.bss     G=DGROUP   M=Controls ACBP=A9
 0002:00003BC0 00000004 C=BSS      S=.bss     G=DGROUP   M=ActnList ACBP=A9
 0002:00003BC4 0000000C C=BSS      S=.bss     G=DGROUP   M=ImgList  ACBP=A9
 0002:00003BD0 00000010 C=BSS      S=.bss     G=DGROUP   M=Menus    ACBP=A9
 0002:00003BE0 00000020 C=BSS      S=.bss     G=DGROUP   M=Forms    ACBP=A9
 0002:00003C00 00000004 C=BSS      S=.bss     G=DGROUP   M=MaskUtils ACBP=A9
 0002:00003C04 00000004 C=BSS      S=.bss     G=DGROUP   M=DateUtils ACBP=A9
 0002:00003C08 00000004 C=BSS      S=.bss     G=DGROUP   M=DBConsts ACBP=A9
 0002:00003C0C 00000004 C=BSS      S=.bss     G=DGROUP   M=SqlTimSt ACBP=A9
 0002:00003C10 00000004 C=BSS      S=.bss     G=DGROUP   M=FMTBcd   ACBP=A9
 0002:00003C14 00000004 C=BSS      S=.bss     G=DGROUP   M=ComConst ACBP=A9
 0002:00003C18 00000011 C=BSS      S=.bss     G=DGROUP   M=ComObj   ACBP=A9
 0002:00003C2C 00000020 C=BSS      S=.bss     G=DGROUP   M=DB       ACBP=A9
 0002:00003C4C 00000004 C=BSS      S=.bss     G=DGROUP   M=OleDB    ACBP=A9
 0002:00003C50 00000004 C=BSS      S=.bss     G=DGROUP   M=ADOInt   ACBP=A9
 0002:00003C54 00000004 C=BSS      S=.bss     G=DGROUP   M=DBCommon ACBP=A9
 0002:00003C58 00000004 C=BSS      S=.bss     G=DGROUP   M=Mtx      ACBP=A9
 0002:00003C5C 00000004 C=BSS      S=.bss     G=DGROUP   M=ADOConst ACBP=A9
 0002:00003C60 00000008 C=BSS      S=.bss     G=DGROUP   M=ADODB    ACBP=A9
 0002:00003C68 00000004 C=BSS      S=.bss     G=DGROUP   M=Mask     ACBP=A9
 0002:00003C6C 00000004 C=BSS      S=.bss     G=DGROUP   M=Grids    ACBP=A9
 0002:00003C70 00000004 C=BSS      S=.bss     G=DGROUP   M=VDBConsts ACBP=A9
 0002:00003C74 00000004 C=BSS      S=.bss     G=DGROUP   M=DBLogDlg ACBP=A9
 0002:00003C78 00000004 C=BSS      S=.bss     G=DGROUP   M=DBPWDlg  ACBP=A9
 0002:00003C7C 00000004 C=BSS      S=.bss     G=DGROUP   M=DBCtrls  ACBP=A9
 0002:00003C80 00000004 C=BSS      S=.bss     G=DGROUP   M=DBGrids  ACBP=A9
 0002:00003C84 00000008 C=BSS      S=.bss     G=DGROUP   M=RzCommon ACBP=A9
 0002:00003C8C 00000004 C=BSS      S=.bss     G=DGROUP   M=RzGrafx  ACBP=A9
 0002:00003C90 00000004 C=BSS      S=.bss     G=DGROUP   M=RzBorder ACBP=A9
 0002:00003C94 00000004 C=BSS      S=.bss     G=DGROUP   M=RzEdit   ACBP=A9
 0002:00003C98 00000004 C=BSS      S=.bss     G=DGROUP   M=RzCommonCursors ACBP=A9
 0002:00003C9C 00000004 C=BSS      S=.bss     G=DGROUP   M=RzSpnEdt ACBP=A9
 0002:00003CA0 00000004 C=BSS      S=.bss     G=DGROUP   M=RzCommonBitmaps ACBP=A9
 0002:00003CA4 00000004 C=BSS      S=.bss     G=DGROUP   M=RzPopups ACBP=A9
 0002:00003CA8 00000004 C=BSS      S=.bss     G=DGROUP   M=RzLabel  ACBP=A9
 0002:00003CAC 00000004 C=BSS      S=.bss     G=DGROUP   M=RzIntLst ACBP=A9
 0002:00003CB0 00000004 C=BSS      S=.bss     G=DGROUP   M=RzRadChk ACBP=A9
 0002:00003CB4 00000004 C=BSS      S=.bss     G=DGROUP   M=RzRadGrp ACBP=A9
 0002:00003CB8 00000004 C=BSS      S=.bss     G=DGROUP   M=RzCmboBx ACBP=A9
 0002:00003CBC 00000004 C=BSS      S=.bss     G=DGROUP   M=RzLstBox ACBP=A9
 0002:00003CC0 00000004 C=BSS      S=.bss     G=DGROUP   M=RzChkLst ACBP=A9
 0002:00003CC4 00000004 C=BSS      S=.bss     G=DGROUP   M=RzToolbarForm ACBP=A9
 0002:00003CC8 00000030 C=BSS      S=.bss     G=DGROUP   M=RzButton ACBP=A9
 0002:00003CF8 00000004 C=BSS      S=.bss     G=DGROUP   M=RzPanel  ACBP=A9
 0002:00003CFC 00000004 C=BSS      S=.bss     G=DGROUP   M=RzPrgres ACBP=A9
 0002:00003D00 00000004 C=BSS      S=.bss     G=DGROUP   M=RzSysRes ACBP=A9
 0002:00003D04 00000004 C=BSS      S=.bss     G=DGROUP   M=RzStatus ACBP=A9
 0002:00003D08 00000004 C=BSS      S=.bss     G=DGROUP   M=UtCardDll ACBP=A9
 0002:00003D0C 00000080 C=BSS      S=.bss     G=DGROUP   M=unitMain ACBP=A9


  Address         Publics by Name

 0002:00003C88       .01
 0002:00003C0C       .1
 0002:00003CA0       .1
 0002:00003A64       .1
 0002:0000388C       .1
 0002:00003A50       .1
 0002:00003A48       .1
 0002:0000366C       .1
 0002:00003AF8       .1
 0002:00003674       .1
 0002:00003A38       .1
 0002:00003A54       .1
 0002:00003C4C       .1
 0002:00003D00       .1
 0002:00003964       .1
 0002:00003C58       .1
 0002:00003B34       .1
 0002:00003930       .1
 0002:0000391C       .1
 0002:000038F8       .1
 0002:00003C5C       .1
 0002:00003AB8       .1
 0002:00003C8C       .1
 0002:00003C70       .1
 0002:0000367C       .1
 0002:00003A58       .1
 0002:00003A5C       .1
 0002:00003AA8       .1
 0002:00003680       .1
 0002:00003840       .1
 0002:00003C04       .1
 0002:00003C98       .1
 0002:00003C08       .1
 0002:00003A60       .1
 0002:00003A68       .1
 0002:00003C14       .1
 0002:00003C94       .11
 0002:00003A6C       .11
 0002:00003CBC       .11
 0002:00003C6C       .11
 0002:00003894       .12
 0002:00003AA4       .12
 0002:00003D14       .2
 0002:00003C78       .2
 0002:00003D08       .2
 0002:00003C00       .2
 0002:000038F0       .2
 0002:00003AB0       .2
 0002:00003CC0       .2
 0002:00003CC4       .2
 0002:00003934       .2
 0002:00003C74       .2
 0002:00003B1C       .2
 0002:000038F4       .21
 0002:00003C7C       .22
 0002:00003848       .3
 0002:0000393C       .3
 0002:00003C10       .3
 0002:00003940       .3
 0002:00003CFC       .3
 0002:00003BC4       .3
 0002:00003CAC       .3
 0002:00003678       .3
 0002:00003C54       .3
 0002:00003CA8       .3
 0002:00003AEC       .3
 0002:00003C60       .31
 0002:00003CC8       .31
 0002:00003CF8       .31
 0002:00003794       .35
 0002:00003B0C       .36
 0002:00003C48       .36
 0002:00003ABC       .4
 0002:00003A4C       .4
 0002:00003C18       .41
 0002:00003BE8       .41
 0002:00003B24       .42
 0002:00003858       .45
 0002:00003C9C       .5
 0002:000035BC       .5
 0002:00003C68       .5
 0002:00003C90       .5
 0002:000037FC       .5
 0002:00003C50       .5
 0002:00003CB4       .5
 0002:00003AF4       .5
 0002:00003CB8       .51
 0002:00003844       .6
 0002:00003CB0       .6
 0002:00003978       .6
 0002:00003D04       .71
 0002:00003B48       .72
 0002:00003AFC       .72
 0002:00003B28       .73
 0002:00003AF0       .8
 0002:00003BC0       .8
 0002:00003CA4       .8
 0002:00003B08       .8
 0002:00003820       .81
 0002:00003BD8       .9
 0002:00003C80       .9
 0001:00001BD0       @AbstractError
 0001:000027B8       @AfterConstruction
 0001:000025EC       @AsClass
 0001:00001D74       @AStrCmp
 0001:000027C8       @BeforeDestruction
 0001:0000237C       @BoundErr
 0001:00002638       @CallDynaInst
 0001:00005108       @CheckAutoResult
 0001:00002760       @ClassCreate
 0001:000027B0       @ClassDestroy
 0001:00001C40       @Close
 0001:00001968       @Copy
 0001:00004094       @CopyArray
 0001:00003F78       @CopyRecord
 0001:00001B80       @COS
 0001:00004200       @DispCallByIDError
 0001:0000F2BC       @DispInvoke
 0001:0000EFB4       @DispInvokeError
 0001:0000419C       @Dispose
 0001:00002D08       @DoneExcept
 0001:00004988       @DynArrayAsg
 0001:0000494C       @DynArrayClear
 0001:00004838       @DynArrayCopy
 0001:00004858       @DynArrayCopyRange
 0001:00004678       @DynArrayHigh
 0001:00004670       @DynArrayLength
 0001:0000482C       @DynArraySetLength
 0001:00002DF0       @ExceptionHandler
 0001:00001DE4       @FillChar
 0001:00003F54       @Finalize
 0001:00003E68       @FinalizeArray
 0001:00003E1C       @FinalizeRecord
 0001:00002650       @FindDynaInst
 0001:00002370       @FpuInit
 0001:000022AC       @FpuMaskInit
 0001:000017F0       @FreeMem
 0001:000017D0       @GetMem
 0001:00005744       @GetTls
 0001:00003254       @Halt
 0001:0000317C       @Halt0
 0001:000028DC       @HandleAnyException
 0001:00002BC8       @HandleAutoException
 0001:00002B90       @HandleFinally
 0001:00002A08       @HandleOnException
 0001:00005790       @InitExe
 0001:00003E10       @Initialize
 0001:00003D7C       @InitializeArray
 0001:00003D4C       @InitializeRecord
 0001:00003024       @InitImports
 0001:00002FFC       @InitResStringImports
 0001:00002FD8       @InitResStrings
 0001:00003048       @InitWideStrings
 0001:0000506C       @IntfAddRef
 0001:0000503C       @IntfCast
 0001:00004FF8       @IntfClear
 0001:00005010       @IntfCopy
 0001:000025C8       @IsClass
 0001:0000227C       @isNECWindows
 0001:0000371C       @LStrAddRef
 0001:00003290       @LStrArrayClr
 0001:000032C0       @LStrAsg
 0001:00003534       @LStrCat
 0001:00003578       @LStrCat3
 0001:000035EC       @LStrCatN
 0001:0000326C       @LStrClr
 0001:00003678       @LStrCmp
 0001:0000378C       @LStrCopy
 0001:000037CC       @LStrDelete
 0001:000034DC       @LStrFromArray
 0001:00003454       @LStrFromChar
 0001:00003464       @LStrFromPChar
 0001:0000335C       @LStrFromPCharLen
 0001:00003494       @LStrFromPWChar
 0001:000033C8       @LStrFromPWCharLen
 0001:000034D0       @LStrFromString
 0001:000034F4       @LStrFromWStr
 0001:00003814       @LStrInsert
 0001:00003304       @LStrLAsg
 0001:0000352C       @LStrLen
 0001:0000391C       @LStrOfChar
 0001:00003870       @LStrPos
 0001:000038B8       @LStrSetLength
 0001:0000372C       @LStrToPChar
 0001:00003508       @LStrToString
 0001:00004188       @New
 0001:00003330       @NewAnsiString
 0001:00003950       @NewWideString
 0001:00013808       @OleVarFromInt
 0001:00013B0C       @OleVarFromLStr
 0001:00013BC8       @OleVarFromVar
 0001:00001F90       @Pow10
 0001:00001CF0       @PStrCmp
 0001:00001CC8       @PStrCpy
 0001:00001C98       @PStrNCat
 0001:00001CD4       @PStrNCpy
 0001:00002CB4       @RaiseAgain
 0001:00002C8C       @RaiseExcept
 0001:00001810       @ReallocMem
 0001:00001BA0       @ROUND
 0001:00003260       @RunError
 0001:00001F74       @SetEq
 0001:00001B58       @SetLength
 0001:00001B90       @SIN
 0001:00002F98       @StartExe
 0001:00004424       @Str0Int64
 0001:00001E64       @Str0Long
 0001:00004364       @StrInt64
 0001:000003B0       @strlen
 0001:00001E04       @StrLong
 0001:00001BAC       @TRUNC
 0001:00002D38       @TryFinallyExit
 0001:00003784       @UniqueStringA
 0001:00004440       @ValInt64
 0001:00001E70       @ValLong
 0001:00017544       @VarAdd
 0001:000154D4       @VarAddRef
 0001:00015C9C       @VarArrayGet
 0001:00015D8C       @VarArrayPut
 0001:00015AE8       @VarArrayRedim
 0001:0000FC10       @VarCast
 0001:0000F2A0       @VarClear
 0001:00003E50       @VarClr
 0001:0000F2B4       @VarClr
 0001:00017550       @VarCmpEQ
 0001:00017580       @VarCmpGT
 0001:00017570       @VarCmpLT
 0001:00017560       @VarCmpNE
 0001:00003F60       @VarCopy
 0001:0000F6CC       @VarCopy
 0001:0000F94C       @VarCopyNoInd
 0001:0001399C       @VarFromBool
 0001:00013828       @VarFromByte
 0001:000139EC       @VarFromCurr
 0001:00013944       @VarFromCurrency
 0001:00013970       @VarFromDate
 0001:00013AE0       @VarFromDisp
 0001:00013918       @VarFromDouble
 0001:000137AC       @VarFromInt
 0001:000138C8       @VarFromInt64
 0001:000137E8       @VarFromInteger
 0001:00013AB4       @VarFromIntf
 0001:00013868       @VarFromLongWord
 0001:00013A00       @VarFromLStr
 0001:00013A2C       @VarFromPStr
 0001:000139C4       @VarFromReal
 0001:00013888       @VarFromShortInt
 0001:000138F4       @VarFromSingle
 0001:000138A8       @VarFromSmallInt
 0001:000139D8       @VarFromTDateTime
 0001:00013848       @VarFromWord
 0001:00013A7C       @VarFromWStr
 0001:0000F008       @VarNull
 0001:00014B28       @VarOp
 0001:0000F960       @VarStringToOleStr
 0001:000113DC       @VarToBool
 0001:00011094       @VarToBoolean
 0001:000104D4       @VarToByte
 0001:00012280       @VarToCurrency
 0001:00011D18       @VarToDate
 0001:00013700       @VarToDisp
 0001:000115A8       @VarToDouble
 0001:00010A98       @VarToInt64
 0001:0000FFD4       @VarToInteger
 0001:00013634       @VarToIntf
 0001:0001074C       @VarToLongWord
 0001:00012934       @VarToLStr
 0001:00011924       @VarToReal
 0001:00010424       @VarToShortInt
 0001:00011940       @VarToSingle
 0001:0001057C       @VarToSmallInt
 0001:00010674       @VarToWord
 0001:0001305C       @VarToWStr
 0001:00003D2C       @WStrAddRef
 0001:00003990       @WStrArrayClr
 0001:000039B4       @WStrAsg
 0001:00003B20       @WStrCat
 0001:00003B80       @WStrCatN
 0001:00003978       @WStrClr
 0001:00003BC8       @WStrCmp
 0001:00003C4C       @WStrCopy
 0001:00003AF4       @WStrFromLStr
 0001:00003A88       @WStrFromPChar
 0001:000039D8       @WStrFromPCharLen
 0001:00003AB8       @WStrFromPWChar
 0001:00003A64       @WStrFromPWCharLen
 0001:00003B14       @WStrLen
 0001:00003C98       @WStrPos
 0001:00003CE8       @WStrSetLength
 0001:00003B04       @WStrToPWChar
 0001:00001F50       @_CLenToPasStr
 0001:00001F44       @_CToPasStr
 0001:00001938       @_IOTest
 0001:0000422C       @_lldiv
 0001:000042A8       @_llmod
 0001:00004208       @_llmul
 0001:00004324       @_llshl
 0001:00004344       @_llushr
 0001:0000B770       Abort
 0001:0004341C       AbsMin
 0001:0000BB3C       AbstractErrorHandler
 0002:0000302C       AbstractErrorProc
 0002:00000140       AccessMode
 0001:000018A0       AcquireExceptionObject
 0001:0001B798       ActivateClassGroup
 0001:00005E08       ActivateKeyboardLayout
 0002:00003B7C       ActiveDrag
 0001:000191C4       ActiveX
 0001:00052720       ActnList
 0001:000004DC       AddBlockAfter
 0001:00069A8C       AddChars
 0001:0006CB34       AddCurrency
 0001:0006C304       AddCurrencySymbol
 0002:00000614       AddDataModule
 0001:0006BC10       AddDigit
 0001:00007690       AddExitProc
 0001:0008C510       AddFieldDef
 0001:00075388       AddFieldDefs
 0001:000755BC       AddFields
 0001:00092D48       AddFieldToList
 0001:0001F060       AddFinished
 0001:00055F1C       AddIn
 0001:0006CE24       AddLiterals
 0001:00004E9C       AddModuleUnloadProc
 0001:00004E8C       AddModuleUnloadProc
 0001:0006C3E4       AddNegCurrencySymbol
 0001:0006B178       AddNormalizedFractions
 0001:0001F098       AddNotFinished
 0001:0006BBF4       AddOneChar
 0001:00069B48       AddStrings
 0001:0001FABC       AddSubComponentsToLoaded
 0002:00001198       AdjustAmt
 0002:000011B0       AdjustAmt
 0002:000011A8       AdjustAmt
 0002:000011A0       AdjustAmt
 0001:00097E10       AdjustColor
 0001:000272FC       AdjustColor
 0001:00032B6C       AdjustColors
 0001:0006A5A4       AdjustDecimalPosition
 0001:00080E7C       AdjustFirstRecord
 0001:0005CF34       Adjustment
 0001:0006B4D0       AdjustNibbles
 0001:000A01C8       AdjustRect
 0001:0009FD48       AdjustRect
 0001:000A2F0C       AdjustRect
 0001:00005E10       AdjustWindowRectEx
 0001:000836A8       ADOConst
 0001:000939FC       ADODB
 0001:00082ACC       ADOInt
 0001:00086DAC       ADOTypeToFieldType
 0002:00001760       AffectRecordsValues
 0001:0000CE0C       AL1
 0002:00000310       AL1s
 0001:0000CE1C       AL2
 0002:00000320       AL2s
 0002:00000D68       Alignments
 0002:0000102C       Alignments
 0002:00000ABC       Alignments
 0002:0000103C       Alignments
 0001:00063E2C       AlignWork
 0001:00048A88       AlignWork
 0001:00023244       AllocateHWnd
 0001:00007644       AllocMem
 0002:000035B4       AllocMemCount
 0002:000035B8       AllocMemSize
 0001:0002C620       AllocPatternBitmap
 0001:000056EC       AllocTlsBuffer
 0001:0000CE4C       ALR
 0001:0000CE34       ALV
 0002:00000E18       AnchorAlign
 0002:00000E0C       AnimateWindowProc
 0002:00000F14       AnimationStyle
 0001:00007870       AnsiCompareStr
 0001:000078A8       AnsiCompareText
 0001:00007968       AnsiExtractQuotedStr
 0001:00007FB8       AnsiLastChar
 0001:00005E18       AnsiLower
 0001:0000783C       AnsiLowerCase
 0001:0000C47C       AnsiLowerCaseFileName
 0001:0000C444       AnsiPos
 0001:0005A730       AnsiSameCaption
 0001:000078E0       AnsiSameText
 0001:000078F8       AnsiStrLIComp
 0001:0000C508       AnsiStrPos
 0001:0000C5A8       AnsiStrRScan
 0001:0000C5D0       AnsiStrScan
 0001:00005488       AnsiToUtf8
 0001:00007808       AnsiUpperCase
 0001:0001413C       AnyOp
 0001:000135BC       AnyToIntf
 0001:000099C4       AppendChars
 0001:00009D88       AppendFormat
 0001:00009A28       AppendNumber
 0001:00009A08       AppendString
 0002:00003BE0       Application
 0002:00000624       ApplicationHandleException
 0001:000875C0       ApplicationHandleException
 0002:0000062C       ApplicationShowException
 0002:00001168       AppVisible
 0002:00001794       ArrowKey
 0001:0000BB20       AssertErrorHandler
 0002:00003024       AssertErrorProc
 0001:00089FBC       AssignField
 0001:000188A4       AssignLongStr
 0001:0008A038       AssignParam
 0001:00089EDC       AssignParameter
 0001:0008A2E8       AssignToParam
 0001:00018F20       AssignVariant
 0001:00075E74       AttributeSetStored
 0002:0000360C       avail
 0001:00008128       BackfillGetDiskFreeSpaceEx
 0001:00045FB0       BackgroundClipped
 0001:0000DCCC       BackupVarBoolFromStr
 0001:0000DE2C       BackupVarBStrFromBool
 0001:0000DD4C       BackupVarBStrFromCy
 0001:0000DDBC       BackupVarBStrFromDate
 0001:0000DC60       BackupVarCyFromStr
 0001:0000DBF4       BackupVarDateFromStr
 0001:0000DAB0       BackupVarI4FromStr
 0001:0000DA5C       BackupVariantChangeTypeEx
 0001:0000DB1C       BackupVarR4FromStr
 0001:0000DB88       BackupVarR8FromStr
 0002:00001448       BaseFieldTypes
 0002:00000458       BaseTypeMap
 0001:0006BAA4       BcdAdd
 0001:0006B680       BcdCompare
 0001:0006C774       BcdCurrencyFormat
 0001:0006B8E8       BcdDivide
 0001:0006BA38       BcdDivide
 0001:00068C60       BcdError
 0001:00068BF0       BcdErrorFmt
 0001:0006C124       BcdFixedOrNumberFormat
 0001:0006C0C0       BcdGeneralFormat
 0001:0006B784       BcdMultiply
 0001:0006B87C       BcdMultiply
 0001:0006BF18       BcdScale
 0001:0006C0D8       BcdScientificFormat
 0001:0006B748       BcdSubtract
 0001:0006C014       BCDToCurr
 0001:00069660       BcdToDouble
 0001:0006BDD4       BcdToStr
 0001:0006C860       BcdToStrF
 0001:0000C114       Beep
 0001:0001BAF0       BeginGlobalLoading
 0001:00005E20       BeginPaint
 0001:00027308       BetterSize
 0001:0003245C       BevelLine
 0001:0003236C       BevelRect
 0001:00056D90       BiDiDraw
 0001:00021E50       BinToHex
 0001:00005BC8       BitBlt
 0002:00000C6C       BitBtnCaptions
 0002:00001C24       BitBtnCaptions
 0002:00003CCC       BitBtnGlyphs
 0002:00003AC0       BitBtnGlyphs
 0002:00000C98       BitBtnModalResults
 0002:00000C40       BitBtnResNames
 0001:0009AD34       BitFillBlit
 0002:000009B0       BitmapCanvasList
 0002:000038AC       BitmapImageLock
 0001:0000DA98       BiUnimplemented
 0001:0006A440       BlankArgument
 0002:00001824       BlinkingControls
 0002:000006CC       BlockCode
 0002:000035E4       blockDescBlockList
 0002:000035E8       blockDescFreeList
 0002:000005F8       BooleanIdents
 0002:00000454       BooleanToStringRule
 0001:00007E50       BoolToStr
 0001:000126BC       BoolToWStrViaOS
 0002:00000AB4       BorderStyles
 0002:00000D60       BorderStyles
 0001:00005830       Bounds
 0001:0001AAB0       Bounds
 0001:0009ADFC       BoxBitMirrorBlit
 0002:00000FD4       Breaks
 0002:000038E4       BrushManager
 0002:00001798       BtnHintId
 0001:00080548       BufferToByteArray
 0001:0008E178       BufferToVar
 0001:00059544       BuildImage
 0002:00000A5C       ButtonCaptions
 0002:00000A30       ButtonNames
 0001:00035DC4       Buttons
 0002:00001050       Buttons
 0002:00000E04       ButtonStyles
 0002:00003A78       ButtonWidths
 0001:000805FC       ByteArrayToBuffer
 0001:00026AE8       BytesPerScanline
 0001:00026E40       ByteSwapColors
 0001:0000C1F8       ByteToCharIndex
 0001:0000C1D0       ByteToCharLen
 0001:0000C194       ByteType
 0001:0000C11C       ByteTypeTest
 0002:00003BC8       CachedComCtrlVer
 0001:00023180       CalcJmpOffset
 0001:0006CA24       CalcPrecisionAndDigits
 0001:0005078C       CalcSplitterPos
 0001:0007BC1C       CalcTotalSize
 0001:00075EB4       CalculatedStored
 0001:00005E28       CallNextHookEx
 0001:0000CDD0       CallTerminateProcs
 0001:00005E30       CallWindowProc
 0001:00044454       CancelDrag
 0001:00081A1C       CancelNestedDataSets
 0001:0006A3D0       CanUseShort
 0002:00003B90       CanvasList
 0002:000038E8       CanvasList
 0002:00000A08       Captions
 0002:00000ED0       CaptureControl
 0002:00003D18       CardManage
 0002:00001C70       CARD_REGISTER_PUBLISH_CODE
 0002:00001C74       CARD_REGISTER_SERVICE_CODE
 0002:00001C6C       CARD_STRUCT_VERSION
 0002:00000F74       cBooleanToItemAutoFlag
 0002:00000504       CBooleanToRelationship
 0002:00003AAE       CF_COMPONENT
 0002:00003AAC       CF_PICTURE
 0002:00003818       ChangeAnyProc
 0001:000429D4       ChangeBiDiModeAlignment
 0002:00000DB8       CharCases
 0002:00000D88       CharCases
 0001:0000338C       CharFromWChar
 0001:0000C3CC       CharLength
 0001:00005E38       CharLowerBuff
 0001:00000330       CharNext
 0001:00005E40       CharNext
 0001:00025214       CharsetToIdent
 0001:0000C2E0       CharToByteIndex
 0001:0000C344       CharToByteLen
 0001:00005E48       CharToOemA
 0001:00005E50       CharUpperBuff
 0001:000278D0       CheckBool
 0001:000A4E00       CheckCard
 0001:00087D28       CheckForAsyncExecute
 0001:0008EC94       CheckForFlyAway
 0001:00002858       CheckJmp
 0001:00005E58       CheckMenuItem
 0001:00080A68       CheckNestedBrowseMode
 0002:00000FC4       Checks
 0001:000687DC       CheckSqlTimeStamp
 0001:0001FAF8       CheckSubComponents
 0001:00021F58       CheckSynchronize
 0001:0005C968       CheckTaskWindow
 0001:00014118       CheckType
 0001:00044108       CheckUndock
 0001:0000C008       CheckWin32Version
 0002:00000470       CInvalidCustomVariantType
 0002:00000F78       cItemAutoFlagToBoolean
 0002:00000F70       cItemAutoFlagToMenu
 0001:000233D0       Classes
 0001:0001B55C       ClassNotFound
 0002:00001490       CLASS_Command
 0002:00001480       CLASS_Connection
 0002:000014B0       CLASS_DataSpace
 0002:000014A0       CLASS_Recordset
 0002:00003814       ClearAnyProc
 0001:00024AA4       ClearColor
 0001:0006E014       ClearExcepInfo
 0001:000167C4       ClearVariantTypeList
 0001:00005E60       ClientToScreen
 0001:0004DD30       ClientToWindow
 0001:000338B0       Clipboard
 0002:000009A8       ClipboardFormats
 0001:0003399C       Clipbrd
 0001:00005E68       CloseClipboard
 0001:00005978       CloseHandle
 0001:000A4D98       CloseMF
 0002:00003980       CloseThemeData
 0002:00001470       CLSID_DATALINKS
 0002:00003040       CmdLine
 0002:0000303C       CmdShow
 0002:00000F6C       cMenuAutoFlagToItem
 0002:00000510       CmpTypeMap
 0001:0000DAA4       CmpUnimplemented
 0002:00001228       CoAddRefServerProcess
 0001:00019168       CoCreateInstance
 0002:00001220       CoCreateInstanceEx
 0001:00019160       CoGetMalloc
 0002:000014E4       CoGetObjectContextProc
 0002:00001238       CoInitFlags
 0001:00019150       CoInitialize
 0002:00001224       CoInitializeEx
 0002:00000728       Colors
 0002:0000184C       Colors
 0002:0000186C       Colors
 0001:00097E30       ColorsTooClose
 0002:0000188C       ColorSwatches
 0001:00097804       ColorToHSL
 0001:0002500C       ColorToIdent
 0002:00000AC8       ColorToPretyName
 0001:00024FFC       ColorToRGB
 0002:00000DA4       ComboBoxStyles
 0002:00003C20       ComClassManagerVar
 0001:0006D48C       ComConst
 0002:00003B18       ComCtlVersion
 0001:00037884       ComCtrls
 0002:00003BDC       CommandPool
 0002:00001500       CommandTypeValues
 0001:0002CC1C       CommCtrl
 0001:0002F490       CommDlg
 0001:000007BC       Commit
 0002:00003628       committedRoot
 0001:0006E2DC       ComObj
 0001:0006B450       CompactBcd
 0001:0006982C       CompareDigits
 0001:00055500       CompareFront
 0001:00007770       CompareMem
 0001:0006B230       CompareNormalizedFractions
 0001:00007740       CompareStr
 0001:00005980       CompareString
 0001:00007790       CompareText
 0001:00007D78       CompareWith
 0001:0001FBD8       ComponentCreated
 0001:000276A0       ComputeAldusChecksum
 0001:00033350       ComStrs
 0002:00001ABC       CondenseCaptionFlags
 0001:000A4D80       ConnectMF
 0002:00001518       ConnectModeValues
 0002:00001538       ConnectOptionValues
 0001:00023744       Consts
 0001:0002CB20       Contnrs
 0002:00003B4E       ControlAtom
 0002:00003B54       ControlAtomString
 0001:000616FC       ControlHasHelp
 0001:00051428       Controls
 0002:00000658       Convert
 0002:00000648       Convert
 0001:0000B510       ConvertAddr
 0001:000A8E9C       ConvertCard
 0001:00009B18       ConvertEraString
 0001:00007608       ConvertError
 0001:00007620       ConvertErrorFmt
 0001:00009C80       ConvertYearString
 0001:00004680       CopyArray
 0001:00029BB0       CopyBitmap
 0001:0002A278       CopyBitmapAsMask
 0001:0006C0AC       CopyByte
 0001:00005BD0       CopyEnhMetaFile
 0001:00035B74       CopyImage
 0001:0000636C       CopyMemory
 0001:0002A214       CopyPalette
 0002:00000CFC       Copyright
 0001:000585F0       CopyToBest
 0002:0000122C       CoReleaseServerProcess
 0002:00001230       CoResumeClassObjects
 0002:00001234       CoSuspendClassObjects
 0001:00019158       CoUninitialize
 0001:0000C250       CountChars
 0002:000038C4       CounterLock
 0002:00000474       CRangeToType
 0001:00086D48       CreateADOObject
 0001:0000BA64       CreateAssertException
 0001:0000BBEC       CreateAVObject
 0001:00005BD8       CreateBitmap
 0001:00005BE0       CreateBrushIndirect
 0001:0006D7EC       CreateComObject
 0001:00005BE8       CreateCompatibleBitmap
 0001:00005BF0       CreateCompatibleDC
 0001:0001FC58       CreateComponent
 0001:00005C00       CreateDIBitmap
 0001:00005BF8       CreateDIBSection
 0001:00005988       CreateEvent
 0001:00005990       CreateFile
 0001:00005C08       CreateFontIndirect
 0001:00005C10       CreateHalftonePalette
 0001:00005E70       CreateIcon
 0001:0000B990       CreateInOutError
 0001:00005E78       CreateMenu
 0001:0002FF50       CreateMessageDialog
 0001:000059A0       CreateMutex
 0001:00005C18       CreatePalette
 0001:00005C20       CreatePenIndirect
 0001:00005E80       CreatePopupMenu
 0001:00005C28       CreateSolidBrush
 0001:00026E98       CreateSystemPalette
 0001:000059C0       CreateThread
 0001:00006490       CreateWindow
 0001:00006438       CreateWindowEx
 0002:00000A00       CreationControl
 0002:00000E10       CreationControl
 0002:000005E4       CRelationshipToBoolean
 0002:00000438       CResult
 0002:00000138       cSimpleBoolStrs
 0002:0000058C       CText
 0002:00000DFC       Ctl3DStyles
 0002:00000F0C       Ctl3DStyles
 0002:00003620       curAlloc
 0001:00014E28       CurrCompare
 0002:0000368C       CurrencyDecimals
 0002:00003688       CurrencyFormat
 0002:00003684       CurrencyString
 0002:00003C84       CurrentXPColorScheme
 0001:000099B0       CurrentYear
 0001:00014724       CurrOp
 0001:0006BF88       CurrToBCD
 0001:0008D9F8       CurrToBuffer
 0001:000092C8       CurrToStr
 0001:00009330       CurrToStrF
 0001:0001264C       CurrToWStrViaOS
 0002:00001540       CursorLocationValues
 0002:000010EC       CursorMap
 0002:00001548       CursorOptionValues
 0002:00000E20       Cursors
 0001:00042CF4       CursorToIdent
 0002:0000157C       CursorTypeValues
 0002:000010DC       cUseAlpha
 0002:000010E4       cUseColorKey
 0002:00001AD0       CustomColorItem
 0002:00000330       CVarTypeToElementInfo
 0001:00007ACC       CvtInt
 0001:00007B38       CvtInt64
 0002:00001214       CWNear
 0002:00000178       CWNear
 0001:00097D94       DarkerColor
 0001:00073EB8       DatabaseError
 0001:00073F64       DatabaseErrorFmt
 0001:00036FAC       DataTypeToRegData
 0002:00001590       DataTypeValues
 0001:00014E00       DateCompare
 0001:0001425C       DateOp
 0002:0000368D       DateSeparator
 0001:00080500       DateTimeToNative
 0001:0006870C       DateTimeToSQLTimeStamp
 0001:0000A5C8       DateTimeToStr
 0001:0000A53C       DateTimeToString
 0001:000094E4       DateTimeToTimeStamp
 0001:0000A598       DateToStr
 0001:00012684       DateToWStrViaOS
 0001:00067824       DateUtils
 0001:00009988       DayOfWeek
 0001:000677BC       DaysInAMonth
 0001:00082734       DB
 0002:00003C44       DBApplication
 0001:00083498       DBCommon
 0001:000679C4       DBConsts
 0001:00096930       DBCtrls
 0001:000969D0       DBGrids
 0001:00096114       DBLogDlg
 0001:00096684       DBPWDlg
 0002:00003C40       DBScreen
 0002:00000174       DCon10
 0002:00000724       DDBsOnly
 0001:000232F8       DeallocateHWnd
 0002:00000028       DebugHook
 0002:0000368B       DecimalSeparator
 0001:00016034       DecIndices
 0001:00009968       DecodeDate
 0001:0000981C       DecodeDateFully
 0001:0000968C       DecodeTime
 0001:00000850       Decommit
 0001:00000E6C       DecommitFree
 0002:000035FC       decommittedRoot
 0001:0005F384       Default
 0001:00064A54       Default
 0002:00000020       Default8087CW
 0002:00001170       DefaultBlank
 0002:00001AC8       DefaultColorItem
 0002:00000E14       DefaultDockTreeClass
 0002:00001250       DefaultFieldClasses
 0002:000035C0       DefaultUserCodePage
 0002:00000978       DefBrushData
 0002:000006F8       DefFontData
 0001:00005E88       DefFrameProc
 0002:00000204       DefLongDayNames
 0002:000001B8       DefLongMonthNames
 0001:00005E90       DefMDIChildProc
 0002:00000958       DefPenData
 0002:000001E8       DefShortDayNames
 0002:00000188       DefShortMonthNames
 0001:00005E98       DefWindowProc
 0001:000049E0       DelayLoadResourceModule
 0001:0000050C       DeleteBlock
 0001:0000047C       DeleteCriticalSection
 0001:000059C8       DeleteCriticalSection
 0001:00005C30       DeleteDC
 0001:00005C38       DeleteEnhMetaFile
 0001:00000CB4       DeleteFree
 0001:00005EA0       DeleteMenu
 0001:00005C40       DeleteObject
 0001:0003E52C       DeleteSelectedText
 0001:0002976C       DeselectBitmap
 0001:0008CC40       DesignerDataStored
 0001:00005EA8       DestroyCursor
 0001:00005EB0       DestroyIcon
 0001:00035C84       DestroyLocals
 0001:00005EB8       DestroyMenu
 0001:00005EC0       DestroyWindow
 0001:000400FC       DialogEnumerationTester
 0001:000307A0       Dialogs
 0002:000009B4       DIBPalSizes
 0002:0000008C       dig
 0002:000014C0       DIID_ConnectionEvents
 0002:000014D0       DIID_RecordsetEvents
 0001:0005C7BC       DisableTaskWindows
 0001:0006DA28       DispatchInvoke
 0001:0006E008       DispatchInvokeError
 0001:00005EC8       DispatchMessage
 0001:000629DC       DispatchShortCut
 0001:0006E024       DispCall
 0001:0006E108       DispCallByID
 0002:00003000       DispCallByIDProc
 0001:0006DF34       DispCallError
 0001:000075EC       DivMod
 0001:0002F4C8       Dlgs
 0001:00063CE0       DoAlign
 0001:00048918       DoAlign
 0001:0007FBAC       DoBindFields
 0001:0004CA10       DoCalcConstraints
 0002:00003B84       DockSiteList
 0001:00059210       DoClick
 0001:0004A05C       DoControlMsg
 0001:0005C76C       DoDisableWindow
 0001:00043A34       DoDragOver
 0001:00007664       DoExitProc
 0001:0004EA60       DoFindControlZone
 0001:0005C8A8       DoFindWindow
 0001:0004EFEC       DoFindZone
 0001:0004EAE4       DoForEach
 0001:000503F0       DoGetNextLimit
 0001:0005C734       DoneApplication
 0001:00051150       DoneControls
 0001:0000BF18       DoneExceptions
 0001:00060D58       DoNestedActivation
 0001:00021F18       DoneThreadSynchronization
 0001:00063B30       DoPosition
 0001:000484D8       DoPosition
 0001:0004FA18       DoPrune
 0001:0008EF74       DoRecordsetDelete
 0001:00031BD0       DoRect
 0001:0004FEF0       DoSaveZone
 0001:000500F4       DoSetNewBounds
 0002:00001218       Dot
 0002:00000600       DotSep
 0001:00053B60       DoWrite
 0001:0001D12C       DoWrite
 0001:00027B28       DoWrite
 0001:00028888       DoWrite
 0001:00049644       DoWriteDesignSize
 0001:000470B0       DoWriteIsControl
 0002:00003B68       DragCapture
 0002:00003B5C       DragControl
 0001:0004417C       DragDone
 0001:000439E4       DragFindTarget
 0001:000439B8       DragFindWindow
 0002:00003B80       DragImageList
 0001:00043DD4       DragInit
 0001:00043F44       DragInitControl
 0002:00003B64       DragInternalObject
 0001:00043900       DragMessage
 0002:00003B60       DragObject
 0002:00003B8C       DragSave
 0002:00003B74       DragSaveCursor
 0002:00003B6C       DragStartPos
 0002:00003B78       DragThreshold
 0001:00043B04       DragTo
 0001:00064A90       DrawAppIcon
 0001:000984A4       DrawBevel
 0001:000986AC       DrawBorderSides
 0001:00098CE8       DrawBox
 0001:00098584       DrawButtonBorderSides
 0001:0004F584       DrawCloseButton
 0001:00098910       DrawColorBorder
 0001:00098950       DrawColorBorderSides
 0001:000985FC       DrawColorButtonBorderSides
 0001:0009850C       DrawCtl3DBorderSides
 0001:00099558       DrawDropDownArrow
 0001:00005ED0       DrawEdge
 0001:00005ED8       DrawFocusRect
 0001:00099384       DrawFrame
 0001:00005EE0       DrawFrameControl
 0001:0004F5DC       DrawGrabberLine
 0001:000A3468       DrawHorzLine
 0001:00005EE8       DrawIcon
 0001:00005EF0       DrawIconEx
 0002:00000F48       DrawingStyles
 0001:00098FAC       DrawInnerOuterBorders
 0001:00005EF8       DrawMenuBar
 0001:0005A550       DrawMenuItem
 0001:0009BBF0       DrawParentImage
 0001:00098D98       DrawRoundedFlatBorder
 0001:000983B0       DrawSides
 0001:00005F00       DrawText
 0002:00001818       DrawTextAlignments
 0002:00001820       DrawTextWordWrap
 0002:00003984       DrawThemeBackground
 0002:000039A8       DrawThemeEdge
 0002:000039AC       DrawThemeIcon
 0002:00003A30       DrawThemeParentBackground
 0002:00003988       DrawThemeText
 0001:000A3500       DrawVertLine
 0001:00026968       DupBits
 0001:00015FE0       DynArrayBounds
 0001:00004698       DynArrayClear
 0001:00015F58       DynArrayDim
 0001:00015F3C       DynArrayElTypeInfo
 0001:00016490       DynArrayFromVariant
 0001:00015EFC       DynArrayIndex
 0001:000046A0       DynArraySetLength
 0001:00015F70       DynArraySize
 0001:00016140       DynArrayToVariant
 0001:000160A0       DynArrayVariantBounds
 0001:000160F8       DynArrayVarType
 0002:00001034       EdgeStyle
 0002:00000DEC       EdgeStyles
 0002:00000EFC       EdgeStyles
 0001:0000B964       EHeapException.FreeInstance
 0001:00005F08       EmptyClipboard
 0001:00014C8C       EmptyCompare
 0001:0001468C       EmptyOp
 0002:00003800       EmptyParam
 0002:000000BC       EmptyStr
 0002:000000C0       EmptyWideStr
 0001:00005F10       EnableMenuItem
 0002:00000FCC       Enables
 0001:00005F18       EnableScrollBar
 0001:0005C870       EnableTaskWindows
 0002:00003A18       EnableThemeDialogTexture
 0002:00003A34       EnableTheming
 0001:00005F20       EnableWindow
 0001:000097EC       EncodeDate
 0001:0000964C       EncodeTime
 0001:000A4D78       encrypt_work_key_asc
 0001:0001BB78       EndGlobalLoading
 0001:00005F28       EndPaint
 0001:0000046C       EnterCriticalSection
 0001:000059D0       EnterCriticalSection
 0001:000059D8       EnumCalendarInfoA
 0001:00005F30       EnumClipboardFormats
 0002:00003918       EnumDisplayMonitors
 0001:0000B184       EnumEraNames
 0001:0000B1C0       EnumEraYearOffsets
 0001:0005F948       EnumMonitorsProc
 0001:00005F38       EnumThreadWindows
 0001:0001F408       EnumValue
 0001:00005F40       EnumWindows
 0001:0006D720       EOleException.Create
 0001:0006D650       EOleSysError.Create
 0001:00005F48       EqualRect
 0002:00003754       EraNames
 0001:0000A840       EraToYear
 0002:00003770       EraYearOffsets
 0002:00000064       errCaption
 0001:00055250       Error
 0001:0000192C       Error
 0001:0001EBEC       Error
 0001:0001B100       Error
 0002:00000004       ErrorAddr
 0001:000018E0       ErrorAt
 0001:0000BA10       ErrorHandler
 0002:00000220       ErrorMap
 0002:00003008       ErrorProc
 0002:000033E8       ErrOutput
 0001:00073DE4       EUpdateError.Create
 0001:00073E88       EUpdateError.Destroy
 0002:00001628       EventReasonValues
 0002:000013A8       Events
 0002:00001664       EventStatusValues
 0001:00001880       ExceptAddr
 0002:0000300C       ExceptClsProc
 0001:0000BE84       ExceptHandler
 0001:0000B790       Exception.Create
 0001:0000B7CC       Exception.CreateFmt
 0001:0000B91C       Exception.CreateHelp
 0001:0000B84C       Exception.CreateRes
 0001:0000B888       Exception.CreateResFmt
 0002:0000301C       ExceptionClass
 0001:0000B51C       ExceptionErrorMessage
 0002:00000258       ExceptMap
 0001:00001860       ExceptObject
 0002:00003010       ExceptObjProc
 0002:00003004       ExceptProc
 0001:00005C48       ExcludeClipRect
 0001:0008713C       ExecuteOptionsToOrd
 0002:00001678       ExecuteOptionValues
 0002:00000000       ExitCode
 0001:000030C0       ExitDll
 0002:00003048       ExitProc
 0001:00000338       ExitProcess
 0002:00003028       ExitProcessProc
 0002:00000134       ExitProcList
 0001:000080EC       ExpandFileName
 0001:000376CC       ExtActns
 0001:000332F0       ExtCtrls
 0001:00035E1C       ExtDlgs
 0001:000882F0       ExtractCommandType
 0001:000871B8       ExtractFieldName
 0001:00073FC0       ExtractFieldName
 0001:000080A4       ExtractFileExt
 0001:0000806C       ExtractFileName
 0001:00008038       ExtractFilePath
 0001:0006CCC8       ExtractLiterals
 0001:0006C91C       ExtractMoneySymbol
 0001:00087F68       ExtractUserID
 0001:00005C50       ExtTextOut
 0002:00003790       FalseBoolStrs
 0002:00003AB4       FClipboard
 0002:00000168       FCon1E18
 0002:00001210       FConst10
 0002:00001C7C       FEETYPE
 0002:00003D3C       FeeTypeArray
 0001:0008757C       FieldListCheckSum
 0002:000012E8       FieldTypeNames
 0001:00007FB0       FileClose
 0001:00007EF4       FileCreate
 0001:00007F18       FileCreate
 0002:000009AC       FileFormats
 0002:00000008       FileMode
 0001:00007E9C       FileOpen
 0001:00007F20       FileRead
 0002:0000063C       FilerSignature
 0001:00007F78       FileSeek
 0001:00007F4C       FileWrite
 0001:00000D9C       FillAfterGap
 0001:00000D48       FillBeforeGap
 0001:00000E34       FillerSizeAfterGap
 0001:00000DC4       FillerSizeBeforeGap
 0001:0009B328       FillGrad
 0001:0009B80C       FillGradDiag
 0001:0009B5A4       FillGradRect
 0001:00005F50       FillRect
 0002:00001688       FilterGroupValues
 0001:0002F2D8       Finalization
 0001:0002F3F0       Finalization
 0001:0009E6E8       Finalization
 0001:000542B0       Finalization
 0001:000A15A0       Finalization
 0001:000835C8       Finalization
 0001:000A14F8       Finalization
 0001:000177CC       Finalization
 0001:000A14C0       Finalization
 0001:00017590       Finalization
 0001:000A1488       Finalization
 0001:000A13FC       Finalization
 0001:000688E8       Finalization
 0001:00035DEC       Finalization
 0001:0002F310       Finalization
 0001:000A1084       Finalization
 0001:000069A0       Finalization
 0001:000A104C       Finalization
 0001:000A1014       Finalization
 0001:000057D4       Finalization
 0001:000526F0       Finalization
 0001:0002F3B8       Finalization
 0001:00067994       Finalization
 0001:0009BD40       Finalization
 0001:000A8ABC       Finalization
 0001:00095A08       Finalization
 0001:00035D8C       Finalization
 0001:00095978       Finalization
 0001:0003767C       Finalization
 0001:000677F4       Finalization
 0001:0000E220       Finalization
 0001:000A0FDC       Finalization
 0001:000339F4       Finalization
 0001:0000584C       Finalization
 0001:000376D4       Finalization
 0001:00067784       Finalization
 0001:0002F348       Finalization
 0001:0002C658       Finalization
 0001:0002C838       Finalization
 0001:0002CAF0       Finalization
 0001:000A8B3C       Finalization
 0001:00083468       Finalization
 0001:00095940       Finalization
 0001:0003780C       Finalization
 0001:0009E790       Finalization
 0001:000939AC       Finalization
 0001:000513C0       Finalization
 0001:0009E758       Finalization
 0001:0002E8E4       Finalization
 0001:00082A9C       Finalization
 0001:0009E720       Finalization
 0001:0000D834       Finalization
 0001:0009ACE4       Finalization
 0001:00006618       Finalization
 0001:0002F428       Finalization
 0001:00037624       Finalization
 0001:00033960       Finalization
 0001:0002F460       Finalization
 0001:00083678       Finalization
 0001:000A4C00       Finalization
 0001:000375C0       Finalization
 0001:000A4C38       Finalization
 0001:0003F588       Finalization
 0001:000055A4       Finalization
 0001:000A4C70       Finalization
 0001:0003F6F0       Finalization
 0001:000826D8       Finalization
 0001:0002F498       Finalization
 0001:000960E4       Finalization
 0001:000A4D14       Finalization
 0001:000065E0       Finalization
 0001:00023320       Finalization
 0001:00096648       Finalization
 0001:0005A82C       Finalization
 0001:00030744       Finalization
 0001:0002E738       Finalization
 0001:000968EC       Finalization
 0001:000969A0       Finalization
 0001:0003852C       Finalization
 0001:00023714       Finalization
 0001:0002F268       Finalization
 0001:000332A8       Finalization
 0001:0006E25C       Finalization
 0001:0002F380       Finalization
 0001:00033320       Finalization
 0001:0008284C       Finalization
 0001:000190C4       Finalization
 0001:00036DE8       Finalization
 0001:0002CBEC       Finalization
 0001:00019194       Finalization
 0001:0009E6B0       Finalization
 0001:0002E414       Finalization
 0001:00040374       Finalization
 0001:00066D3C       Finalization
 0001:0006D3E4       Finalization
 0001:0002D36C       Finalization
 0001:0006D45C       Finalization
 0001:0002E3DC       Finalization
 0001:0002D3AC       Finalization
 0001:000A5034       Finalization
 0001:0009BFC8       Finalization
 0001:0002E394       Finalization
 0001:00004690       FinalizeArray
 0001:00002ED8       FinalizeUnits
 0001:00058FD0       Find
 0001:00004A50       FindBS
 0001:0001B61C       FindClass
 0001:000049D8       FindClassHInstance
 0001:00000348       FindClose
 0001:00000D18       FindCommitted
 0001:00042AD4       FindControl
 0001:0004F218       FindControlAtPos
 0001:0001744C       FindCustomVariantType
 0001:00017394       FindCustomVariantType
 0001:000444A0       FindDragTarget
 0001:0001FE08       FindExistingComponent
 0001:00000350       FindFirstFile
 0001:0005C9B4       FindGlobalComponent
 0001:0001BA08       FindGlobalComponent
 0002:00003864       FindGlobalComponentProcs
 0001:000049B0       FindHInstance
 0001:0001B8B0       FindIdentToInt
 0002:00003A74       FindMsg
 0001:0001EF98       FindNestedComponent
 0001:00055218       FindPopupControl
 0001:0000DEE8       FindProc
 0001:00017A9C       FindPropInfo
 0001:000059E0       FindResource
 0001:00004A28       FindResourceHInstance
 0001:00066590       FindScanline
 0001:0005C90C       FindTopMostWindow
 0001:00020CEC       FindUniqueName
 0001:000157CC       FindVarData
 0001:0004446C       FindVCLWindow
 0001:00005F58       FindWindow
 0001:00040154       FindWinHelp
 0001:00029B64       FixupBitFields
 0002:00001044       Flags
 0002:000037A0       FLanguages
 0001:0002E768       FlatSB
 0002:00003944       FlatSB_EnableScrollBar
 0002:00003950       FlatSB_GetScrollInfo
 0002:00003954       FlatSB_GetScrollPos
 0002:0000394C       FlatSB_GetScrollRange
 0002:0000395C       FlatSB_SetScrollInfo
 0002:00003958       FlatSB_SetScrollPos
 0001:0002E458       FlatSB_SetScrollProp
 0002:00003960       FlatSB_SetScrollRange
 0002:00003948       FlatSB_ShowScrollBar
 0001:00008F58       FloatToDecimal
 0001:00009298       FloatToStr
 0001:000092F8       FloatToStrF
 0001:00008990       FloatToText
 0001:00008C64       FloatToTextFmt
 0001:00001C34       Flush
 0002:0000017C       FMSecsPerDay
 0001:0006D420       FMTBcd
 0002:000011DC       FMTBcdVariantType
 0001:0000888C       FmtStr
 0002:00001060       FocusCount
 0002:0000105C       FocusMessages
 0002:000008C8       FontCharsets
 0002:000038DC       FontManager
 0001:0005C988       ForegroundTask
 0001:00008878       Format
 0002:00000184       Format
 0001:0006D31C       FormatBcd
 0001:00008480       FormatBuf
 0001:00008474       FormatClearStr
 0001:000093C0       FormatCurr
 0001:000083F8       FormatError
 0002:00000160       FormatErrorStrs
 0001:00009368       FormatFloat
 0001:00067750       FormatMaskText
 0001:000059E8       FormatMessage
 0001:0006CF64       FormatOneBcd
 0001:00008450       FormatVarToStr
 0001:00066D98       Forms
 0001:00001F88       FPower10
 0002:000009FC       FPrinter
 0001:0006BC8C       FractionToStr
 0001:00031C94       Frame3D
 0001:00005F60       FrameRect
 0001:0000D3C0       FreeAndNil
 0001:000A1530       FreeBitmaps
 0001:00097674       FreeBlinkingControlsListIfEmpty
 0001:00000A84       FreeCommitted
 0001:00000FA4       FreeCurAlloc
 0001:00044560       FreeDeviceContext
 0001:0004461C       FreeDeviceContexts
 0001:000230EC       FreeIntConstList
 0001:000059F0       FreeLibrary
 0001:00000358       FreeLibrary
 0001:000296C0       FreeMemoryContexts
 0001:00023220       FreeObjectInstance
 0001:0005CA34       FreeObjectInstance
 0001:00005A00       FreeResource
 0001:00000704       FreeSpace
 0001:0000CDEC       FreeTerminateProcs
 0001:0002E91C       FreeThemeLibrary
 0002:00003B14       FRichEditModule
 0002:00003D0C       frmMain
 0002:00003C85       FullColorSupported
 0001:0000CEBC       GDAL
 0001:00026958       GDICheck
 0001:000268B0       GDIError
 0001:00001B78       Get8087CW
 0001:00005A08       GetACP
 0001:00005F68       GetActiveWindow
 0001:000641BC       GetAnimation
 0001:0002F8AC       GetAveCharSize
 0001:00034080       GetBitBtnGlyph
 0001:00005C58       GetBitmapBits
 0001:00000484       GetBlockDesc
 0001:00005C60       GetBrushOrgEx
 0001:000063F0       GetBValue
 0001:00005F70       GetCapture
 0001:00042D9C       GetCaptureControl
 0001:0001B5C8       GetClass
 0001:00005F78       GetClassInfo
 0001:00005F80       GetClassName
 0001:00005F88       GetClientRect
 0001:00005F90       GetClipboardData
 0001:0002832C       GetClipboardFormats
 0001:00005C68       GetClipBox
 0001:00000420       GetCmdShow
 0001:00052948       GetColor
 0001:000377AC       GetComCtlVersion
 0001:00000360       GetCommandLine
 0001:000008D0       GetCommitted
 0001:00000960       GetCommittedAt
 0001:000899CC       GetComponent
 0001:00049C10       GetControlAtPos
 0001:00009A74       GetCount
 0001:00005A10       GetCPInfo
 0001:00005C70       GetCurrentPositionEx
 0001:00005A18       GetCurrentProcessId
 0002:00003A28       GetCurrentThemeName
 0001:00005A20       GetCurrentThreadId
 0001:00000410       GetCurrentThreadId
 0001:00006364       GetCurrentTime
 0001:00005F98       GetCursor
 0001:000665A0       GetCursorHeightMargin
 0001:00005FA0       GetCursorPos
 0001:00009AA0       GetDate
 0001:00005A28       GetDateFormat
 0001:0000A758       GetDateOrder
 0001:00005FA8       GetDC
 0001:00005FB0       GetDCEx
 0001:00005C78       GetDCOrgEx
 0001:0002C268       GetDefFontCharSet
 0001:0001C72C       GetDesigner
 0001:00005FB8       GetDesktopWindow
 0001:00005C90       GetDeviceCaps
 0001:000278B8       GetDIB
 0001:00005C80       GetDIBColorTable
 0001:00005C88       GetDIBits
 0001:00027800       GetDIBSizes
 0001:00026AC8       GetDInColors
 0001:00005A30       GetDiskFreeSpaceA
 0002:00000130       GetDiskFreeSpaceEx
 0001:000504D0       GetDockAlign
 0001:00043744       GetDockSiteAtPos
 0001:00043A70       GetDropCtl
 0001:00002608       GetDynaMethod
 0001:00005C98       GetEnhMetaFileBits
 0001:00005CA0       GetEnhMetaFileHeader
 0001:00005CA8       GetEnhMetaFilePaletteEntries
 0001:00018194       GetEnumName
 0001:0001826C       GetEnumNameValue
 0001:000184E8       GetEnumProp
 0001:000182B8       GetEnumValue
 0001:0000B238       GetEraNamesAndYearOffsets
 0001:0000A7EC       GetEraYearOffset
 0001:00019180       GetErrorInfo
 0001:0000BBD4       GetExceptionClass
 0001:0000BDB8       GetExceptionObject
 0001:0001B550       GetFieldClassTable
 0001:0002830C       GetFileFormats
 0001:0000C028       GetFileVersion
 0001:00005BB0       GetFileVersionInfo
 0001:00005BB8       GetFileVersionInfoSize
 0001:00087204       GetFilterStr
 0001:00018C10       GetFloatProp
 0001:00005FC0       GetFocus
 0001:00025234       GetFontData
 0001:00005FC8       GetForegroundWindow
 0001:0006D258       GetFormat
 0001:0000C870       GetFormatSettings
 0001:00088C54       GetFromDataFactory
 0001:00088CFC       GetFromProperty
 0001:00005A38       GetFullPathName
 0001:000981E8       GetGradientPanelColors
 0001:00098260       GetGradientPanelFrameColor
 0001:000982B4       GetGradientStatusBarColors
 0001:000063EC       GetGValue
 0001:000247A0       GetHashCode
 0001:00061734       GetHelpInfo
 0001:0002D82C       GetHelpSystem
 0001:00063FA0       GetHint
 0001:00063FD8       GetHintControl
 0001:0005A6CC       GetHotkey
 0001:00005FD0       GetIconInfo
 0001:0006DDA0       GetIDsOfNames
 0001:0009218C       GetIdx
 0001:00018FEC       GetInt64Prop
 0001:00005FE8       GetKeyboardLayout
 0001:00005FF0       GetKeyboardLayoutList
 0001:00005FF8       GetKeyboardState
 0001:00002274       GetKeyboardType
 0001:00005FD8       GetKeyNameText
 0001:00005FE0       GetKeyState
 0001:00006000       GetLastActivePopup
 0001:0004E798       GetLastChildZone
 0001:00005A40       GetLastError
 0001:0000AFFC       GetLocaleChar
 0001:00005A50       GetLocaleInfo
 0001:00000368       GetLocaleInfo
 0001:0000AFB0       GetLocaleStr
 0001:00005A48       GetLocalTime
 0001:00042D58       GetLongHint
 0001:000188B8       GetLongStrProp
 0001:00006008       GetMenu
 0001:000616BC       GetMenuHelpContext
 0001:00006010       GetMenuItemCount
 0001:00006018       GetMenuItemID
 0001:00006020       GetMenuItemInfo
 0001:0005781C       GetMenuSize
 0001:00006028       GetMenuState
 0001:00006030       GetMenuString
 0001:00000370       GetModuleFileName
 0001:00005A58       GetModuleFileName
 0001:00005A60       GetModuleHandle
 0001:000056CC       GetModuleHandle
 0001:00000378       GetModuleHandle
 0002:0000390C       GetMonitorInfo
 0002:00003910       GetMonitorInfoA
 0002:00003914       GetMonitorInfoW
 0001:0000B060       GetMonthDayNames
 0001:00006038       GetNextWindow
 0001:00005CB0       GetObject
 0001:00083588       GetObjectContext
 0002:000014E0       GetObjectContextProc
 0001:00018418       GetOrdProp
 0001:00017AC4       GetOrdProp
 0001:00005CB8       GetPaletteEntries
 0001:00001A0C       GetParamStr
 0001:00006040       GetParent
 0001:0005CB88       GetParentForm
 0001:00005CC0       GetPixel
 0001:00005A68       GetPrivateProfileString
 0001:00000380       GetProcAddress
 0001:00005A70       GetProcAddress
 0001:00006048       GetProp
 0001:00017A7C       GetPropInfo
 0001:0001838C       GetPropInfo
 0001:00017A5C       GetPropInfo
 0001:0001831C       GetPropInfo
 0001:000183C4       GetPropInfos
 0001:00017B54       GetPropValue
 0001:0005D048       GetRealScrollPosition
 0001:00052928       GetRGBColor
 0001:000063E8       GetRValue
 0001:00006050       GetScrollInfo
 0001:00006058       GetScrollPos
 0001:00006060       GetScrollRange
 0001:00017B04       GetSetProp
 0001:0001855C       GetSetProp
 0001:00042D14       GetShortHint
 0001:000187B0       GetShortStrProp
 0001:00018848       GetShortStrPropAsLongStr
 0001:00000628       GetSpace
 0001:0000068C       GetSpaceAt
 0001:000552A8       GetSpecialName
 0001:00082B90       GetSQLToken
 0001:00000388       GetStartupInfo
 0001:000870E8       GetStates
 0001:00000308       GetStdHandle
 0001:00005A78       GetStdHandle
 0001:00005CC8       GetStockObject
 0001:00005A80       GetStringTypeEx
 0001:000189E8       GetStrProp
 0001:00006068       GetSubMenu
 0001:00006070       GetSysColor
 0001:00006078       GetSysColorBrush
 0001:00005A88       GetSystemInfo
 0001:00006080       GetSystemMenu
 0001:00006088       GetSystemMetrics
 0002:000038FC       GetSystemMetrics
 0001:00005CD0       GetSystemPaletteEntries
 0001:00083344       GetTableNameFromSQL
 0001:00005CD8       GetTextAlign
 0001:000A40FC       GetTextExtent
 0001:00005CE8       GetTextExtentPoint
 0001:00005CE0       GetTextExtentPoint32
 0001:00005CF0       GetTextMetrics
 0002:00003A20       GetThemeAppProperties
 0002:0000398C       GetThemeBackgroundContentRect
 0002:00003990       GetThemeBackgroundExtent
 0002:000039A0       GetThemeBackgroundRegion
 0002:000039C4       GetThemeBool
 0002:000039B8       GetThemeColor
 0002:00003A2C       GetThemeDocumentationProperty
 0002:000039CC       GetThemeEnumValue
 0002:000039EC       GetThemeFilename
 0002:000039D4       GetThemeFont
 0002:000039C8       GetThemeInt
 0002:000039E0       GetThemeIntList
 0002:000039DC       GetThemeMargins
 0002:000039BC       GetThemeMetric
 0002:00003994       GetThemePartSize
 0002:000039D0       GetThemePosition
 0002:000039E4       GetThemePropertyOrigin
 0002:000039D8       GetThemeRect
 0002:000039C0       GetThemeString
 0002:000039F8       GetThemeSysBool
 0002:000039F0       GetThemeSysColor
 0002:000039F4       GetThemeSysColorBrush
 0002:00003A00       GetThemeSysFont
 0002:00003A08       GetThemeSysInt
 0002:000039FC       GetThemeSysSize
 0002:00003A04       GetThemeSysString
 0002:00003998       GetThemeTextExtent
 0002:0000399C       GetThemeTextMetrics
 0001:00000390       GetThreadLocale
 0001:00005A90       GetThreadLocale
 0001:00005A98       GetTickCount
 0001:00009AD8       GetTime
 0001:000056F8       GetTlsSize
 0001:0006476C       GetTopMostWindows
 0001:00042EA4       GetTopParent
 0001:00006090       GetTopWindow
 0001:00018188       GetTypeData
 0001:00088034       GetUserName
 0001:000698E0       GetValueAndMultiplyOrder
 0001:000159A8       GetVarDataArrayInfo
 0001:00018F34       GetVariantProp
 0001:00000418       GetVersion
 0001:00005AA0       GetVersion
 0001:00005AA8       GetVersionEx
 0001:00005CF8       GetViewportOrgEx
 0001:00018A54       GetWideStrProp
 0001:00018938       GetWideStrPropAsLongStr
 0001:00006098       GetWindow
 0001:000060A0       GetWindowDC
 0001:000060A8       GetWindowLong
 0001:00005D08       GetWindowOrgEx
 0001:000060B0       GetWindowPlacement
 0001:000060B8       GetWindowRect
 0001:000060C0       GetWindowText
 0002:00003A14       GetWindowTheme
 0001:000060C8       GetWindowThreadProcessId
 0001:000060D0       GetWindowThreadProcessId
 0001:00005D00       GetWinMetaFileBits
 0001:0009808C       GetXPColorScheme
 0001:00097E98       GetXPThemeColor
 0001:00005AB0       GlobalAddAtom
 0001:00005AB8       GlobalAlloc
 0001:00006380       GlobalAllocPtr
 0001:00005AC0       GlobalDeleteAtom
 0001:00005AC8       GlobalFindAtom
 0002:00003868       GlobalFixupList
 0001:0001F0E0       GlobalFixupReferences
 0001:00005AD0       GlobalFree
 0001:000063AC       GlobalFreePtr
 0001:00005AE0       GlobalHandle
 0001:00005AD8       GlobalLock
 0002:00003C64       GlobalMalloc
 0002:0000384C       GlobalNameSpace
 0001:00005AE8       GlobalReAlloc
 0001:00006390       GlobalReAllocPtr
 0001:00005AF0       GlobalUnlock
 0002:00000CC4       GlyphCache
 0001:0002C72C       Graphics
 0001:000959A8       Grids
 0001:0001B744       GroupDescendentsWith
 0002:00000604       GUID_NULL
 0001:0000EF30       HandleConversionException
 0001:0006193C       HandleEdge
 0001:00020544       HandleException
 0001:0003BA38       HasPopup
 0001:0003E500       HasSelectedText
 0002:00000024       HeapAllocFlags
 0002:000035C8       heapErrorCode
 0002:000035CC       heapLock
 0001:0002E3D4       HelpIntfs
 0002:00003938       HelpManager
 0002:00003A70       HelpMsg
 0002:00003B38       HelpViewer
 0002:00003B3C       HelpViewerIntf
 0002:0000012C       HexDisplayPrefix
 0001:000A4F88       HexStrToCharBuf
 0001:00021E8C       HexToBin
 0002:00000D94       HideSelections
 0001:0005054C       HideZone
 0002:00003668       HInstance
 0002:00003BF4       HintDoneEvent
 0001:000640A8       HintGetMsgHook
 0002:00003BF8       HintHook
 0001:0006404C       HintMouseThread
 0002:00003BFC       HintThread
 0002:00003BF0       HintThreadID
 0001:00063FF8       HintTimerProc
 0002:00001054       HintWindowClass
 0002:000039A4       HitTestThemeBackground
 0001:000640EC       HookHintHooks
 0001:00097A24       HSLtoColor
 0001:000064E8       HwndMSWheel
 0002:00000FE8       IBreaks
 0002:00000FF4       IChecks
 0002:00000A1C       IconIDs
 0002:00000FFC       IDefaults
 0001:00025224       IdentToCharset
 0001:0002501C       IdentToColor
 0001:00042D04       IdentToCursor
 0001:0001B92C       IdentToInt
 0002:00001004       IEnables
 0001:000585C0       IfHotkeyAvailable
 0002:000014F0       IID_IObjectContext
 0002:00003BCC       ImageListWriteExProc
 0001:0002CB40       ImageList_Add
 0001:0002CB60       ImageList_AddIcon
 0001:0002CB8C       ImageList_BeginDrag
 0001:0002CB28       ImageList_Create
 0001:0002CB30       ImageList_Destroy
 0001:0002CB9C       ImageList_DragEnter
 0001:0002CBA4       ImageList_DragLeave
 0001:0002CBAC       ImageList_DragMove
 0001:0002CBBC       ImageList_DragShowNolock
 0001:0002CB6C       ImageList_Draw
 0001:0002CB7C       ImageList_DrawEx
 0001:0002CB94       ImageList_EndDrag
 0001:0002CB58       ImageList_GetBkColor
 0001:0002CBC4       ImageList_GetDragImage
 0001:0002CBDC       ImageList_GetIconSize
 0001:0002CB38       ImageList_GetImageCount
 0001:0002CBCC       ImageList_Read
 0001:0002CB84       ImageList_Remove
 0001:0002CB74       ImageList_Replace
 0001:0002CB48       ImageList_ReplaceIcon
 0001:0002CB50       ImageList_SetBkColor
 0001:0002CBB4       ImageList_SetDragCursorImage
 0001:0002CBE4       ImageList_SetIconSize
 0001:0002CBD4       ImageList_Write
 0002:00000F58       Images
 0001:000542E0       ImgList
 0001:0002D3DC       Imm
 0002:00000F3C       IMM32DLL
 0001:0005113C       Imm32IsIME
 0002:00000180       IMSecsPerDay
 0001:0000F01C       InBounds
 0001:0000F3C0       InBounds
 0001:0000F04C       Increment
 0001:0000F3F0       Increment
 0002:0000118C       IncrementAmount
 0001:000060D8       InflateRect
 0001:00036E30       IniFiles
 0001:00000B10       InitAllocator
 0001:0002CC24       InitAnApi
 0002:00003924       InitApis
 0001:0006E1E4       InitComObj
 0001:0001BBD4       InitComponent
 0002:00003638       InitContext
 0001:000511D8       InitControls
 0001:0002C2AC       InitDefFontData
 0001:0000CF4C       InitDriveSpacePtr
 0001:0000BE94       InitExceptions
 0001:0002E4B4       InitFlatSB
 0001:000305F0       InitGlobals
 0001:000276B8       InitializeBitmapInfoHeader
 0001:0008BC34       InitializeConnection
 0001:00005AF8       InitializeCriticalSection
 0001:00000464       InitializeCriticalSection
 0002:000035C4       initialized
 0001:0002E48C       InitializeFlatSB
 0001:0008B8DC       InitializeMasterFields
 0001:00005784       InitializeModule
 0001:0008BDB8       InitializeRecordset
 0001:0000DF14       InitializeVarUtils
 0001:00050DDC       InitIMM32
 0001:0001BC7C       InitInheritedComponent
 0002:00001C54       InitKeyStrings
 0001:0000C684       InitLeadBytes
 0001:0002D300       InitMultiMonStubs
 0001:0008B44C       InitParameters
 0001:0000BF98       InitPlatformId
 0002:00003044       InitProc
 0001:00066CB0       InitProcs
 0002:00001C64       InitResourceStrings
 0001:0002C230       InitScreenLogPixels
 0001:0000C6FC       InitSysLocale
 0001:0002EADC       InitThemeLibrary
 0001:00021EE4       InitThreadSynchronization
 0001:00005700       InitThreadTLS
 0001:00002F38       InitUnits
 0001:000429E8       InitWndProc
 0001:000928E4       InMTSTransaction
 0002:00000DCC       InnerStyles
 0002:00000EDC       InnerStyles
 0002:00003050       Input
 0001:0004844C       InsertBefore
 0001:00063AD0       InsertBefore
 0001:00000F1C       InsertFree
 0001:00058674       InsertHotkeyFarEastFormat
 0001:000060E0       InsertMenu
 0001:000060E8       InsertMenuItem
 0002:00003884       InstBlockList
 0002:00003888       InstFreeList
 0001:00014D9C       Int64Compare
 0001:000143E8       Int64Op
 0001:00014D88       IntCompare
 0002:0000385C       IntConstList
 0001:0000CFB4       InterlockedDecrement
 0001:00000408       InterlockedDecrement
 0001:000059F8       InterlockedExchange
 0001:0000CFC0       InterlockedExchange
 0001:0000CFC8       InterlockedExchangeAdd
 0001:00000400       InterlockedIncrement
 0001:0000CFA8       InterlockedIncrement
 0001:0002472C       InternalDeletePalette
 0001:00001BEC       InternalFlush
 0001:00000D78       InternalFreeMem
 0001:00027808       InternalGetDIB
 0001:0002779C       InternalGetDIBSizes
 0001:0001BA6C       InternalReadComponentRes
 0002:00003B20       InternalServices
 0001:00003738       InternalUniqueString
 0001:00005D10       IntersectClipRect
 0001:000060F0       IntersectRect
 0001:000142D0       IntOp
 0001:00007C2C       IntToHex
 0001:0001B96C       IntToIdent
 0001:00007C04       IntToStr
 0001:00007B18       IntToStr
 0001:000994E8       InvalidateControls
 0001:000060F8       InvalidateRect
 0001:00099450       InvalidateWindowFrame
 0001:0006AE08       InvalidBcdString
 0001:00026838       InvalidBitmap
 0001:00026820       InvalidGraphic
 0001:00026844       InvalidIcon
 0001:00026850       InvalidMetafile
 0001:00026808       InvalidOperation
 0001:0001AAD8       InvalidPoint
 0002:0000379C       InvalidPointer
 0001:000024C0       InvokeImplGetter
 0001:000019AC       IOResult
 0002:00001024       IOwnerDraw
 0002:0000100C       IRadios
 0002:0000101C       IRTL
 0001:0005CB18       IsAccel
 0001:00059824       IsAccelChar
 0002:00003A10       IsAppThemed
 0001:0006BF24       IsBcdNegative
 0001:0006BF2C       IsBcdZero
 0001:000434FC       IsBeforeTargetWindow
 0001:00006100       IsCharAlpha
 0001:00006108       IsCharAlphaNumeric
 0001:00006110       IsChild
 0001:000834A0       IsComPlusPlatform
 0002:0000304C       IsConsole
 0001:00043958       IsDelphiHandle
 0001:00006118       IsDialogMessage
 0001:00015F78       IsDynArrayRectangular
 0002:00001014       ISeparators
 0001:00098358       IsFullColorSupported
 0001:00006120       IsIconic
 0001:00059880       IsInitialChar
 0001:0009510C       IsKatakana
 0001:000096E8       IsLeapYear
 0002:00003038       IsLibrary
 0001:00089AB0       IsLiteral
 0001:000673B8       IsLiteralChar
 0002:0000304D       IsMultiThread
 0002:000016A4       IsolationLevelValues
 0001:0004E1FC       IsOrientationSet
 0001:00017A38       IsPublishedProp
 0001:00006128       IsRectEmpty
 0001:00036F98       IsRelative
 0001:00043700       IsSiteChildOfClient
 0001:00067C4C       IsSQLTimeStampBlank
 0001:00068614       IsSqlTimeStampValid
 0002:00003A0C       IsThemeActive
 0002:000039B4       IsThemeBackgroundPartiallyTransparent
 0002:00003A1C       IsThemeDialogTextureEnabled
 0002:000039B0       IsThemePartDefined
 0001:00099AA8       IsTrueTypeFont
 0001:0001BA48       IsUniqueGlobalComponentName
 0002:00003850       IsUniqueGlobalComponentNameProc
 0001:00007A68       IsValidIdent
 0001:0000C6E4       IsWesternGroup
 0001:00006130       IsWindow
 0001:00006138       IsWindowEnabled
 0001:00006140       IsWindowVisible
 0001:00006148       IsZoomed
 0001:00055674       Iterate
 0001:000556D4       IterateMenus
 0002:0000002C       JITEnable
 0001:0005CACC       KeyboardStateToShiftState
 0001:0005CA90       KeyDataToShiftState
 0001:0005CA3C       KeysToShiftState
 0001:00006150       KillTimer
 0001:00007FE8       LastDelimiter
 0001:0000C610       LCIDToCodePage
 0001:00005530       LCIDToCodePage
 0002:0000010C       LeadBytes
 0001:00005B00       LeaveCriticalSection
 0001:00000474       LeaveCriticalSection
 0001:000697F0       LeftTrim
 0002:00000034       LibModuleList
 0001:00097DD0       LighterColor
 0001:00005D18       LineTo
 0001:00037704       ListActns
 0001:000444E8       ListAdd
 0001:00044510       ListRemove
 0002:00003752       ListSeparator
 0002:000005E0       LNextVarType
 0001:00006158       LoadBitmap
 0001:0006D824       LoadComExProcs
 0001:00006160       LoadCursor
 0001:0008A11C       LoadFromStreamPersist
 0001:0007E0B0       LoadFromStreamPersist
 0001:0008A17C       LoadFromStrings
 0001:0007E110       LoadFromStrings
 0001:00006168       LoadIcon
 0001:00006170       LoadKeyboardLayout
 0001:00005B08       LoadLibrary
 0001:00000398       LoadLibraryEx
 0001:000834D0       LoadMtsProcs
 0001:00005B10       LoadResource
 0001:00004C1C       LoadResourceModule
 0001:000054D8       LoadResString
 0001:000003A0       LoadString
 0001:00006178       LoadString
 0001:000A4D90       LoadWorkKey
 0001:000056D4       LocalAlloc
 0001:00000444       LocalAlloc
 0001:0000044C       LocalFree
 0001:0000B024       LocalGetLocaleStr
 0002:00003A44       Lock
 0001:00005B18       LockResource
 0002:000016C8       LockTypeValues
 0001:00095C84       LoginDialog
 0001:00095D9C       LoginDialogEx
 0002:00003C30       LoginDialogExProc
 0002:00003C2C       LoginDialogProc
 0002:00003694       LongDateFormat
 0002:00003728       LongDayNames
 0002:000036DC       LongMonthNames
 0002:000036A8       LongTimeFormat
 0001:00075EF8       LookupStored
[...]
 0002:000038DC       FontManager
 0002:000038E0       PenManager
 0002:000038E4       BrushManager
 0002:000038E8       CanvasList
 0002:000038EC       PatternManager
 0002:000038F0       .2
 0002:000038F4       .21
 0002:000038F8       .1
 0002:000038FC       GetSystemMetrics
 0002:00003900       MonitorFromWindow
 0002:00003904       MonitorFromRect
 0002:00003908       MonitorFromPoint
 0002:0000390C       GetMonitorInfo
 0002:00003910       GetMonitorInfoA
 0002:00003914       GetMonitorInfoW
 0002:00003918       EnumDisplayMonitors
 0002:0000391C       .1
 0002:00003920       User32Dll
 0002:00003924       InitApis
 0002:0000392C       MMAvailable
 0002:00003930       .1
 0002:00003934       .2
 0002:00003938       HelpManager
 0002:0000393C       .3
 0002:00003940       .3
 0002:00003944       FlatSB_EnableScrollBar
 0002:00003948       FlatSB_ShowScrollBar
 0002:0000394C       FlatSB_GetScrollRange
 0002:00003950       FlatSB_GetScrollInfo
 0002:00003954       FlatSB_GetScrollPos
 0002:00003958       FlatSB_SetScrollPos
 0002:0000395C       FlatSB_SetScrollInfo
 0002:00003960       FlatSB_SetScrollRange
 0002:00003964       .1
 0002:00003968       _FlatSB_GetScrollProp
 0002:0000396C       _FlatSB_SetScrollProp
 0002:00003970       _InitializeFlatSB
 0002:00003974       _UninitializeFlatSB
 0002:00003978       .6
 0002:0000397C       OpenThemeData
 0002:00003980       CloseThemeData
 0002:00003984       DrawThemeBackground
 0002:00003988       DrawThemeText
 0002:0000398C       GetThemeBackgroundContentRect
 0002:00003990       GetThemeBackgroundExtent
 0002:00003994       GetThemePartSize
 0002:00003998       GetThemeTextExtent
 0002:0000399C       GetThemeTextMetrics
 0002:000039A0       GetThemeBackgroundRegion
 0002:000039A4       HitTestThemeBackground
 0002:000039A8       DrawThemeEdge
 0002:000039AC       DrawThemeIcon
 0002:000039B0       IsThemePartDefined
 0002:000039B4       IsThemeBackgroundPartiallyTransparent
 0002:000039B8       GetThemeColor
 0002:000039BC       GetThemeMetric
 0002:000039C0       GetThemeString
 0002:000039C4       GetThemeBool
 0002:000039C8       GetThemeInt
 0002:000039CC       GetThemeEnumValue
 0002:000039D0       GetThemePosition
 0002:000039D4       GetThemeFont
 0002:000039D8       GetThemeRect
 0002:000039DC       GetThemeMargins
 0002:000039E0       GetThemeIntList
 0002:000039E4       GetThemePropertyOrigin
 0002:000039E8       SetWindowTheme
 0002:000039EC       GetThemeFilename
 0002:000039F0       GetThemeSysColor
 0002:000039F4       GetThemeSysColorBrush
 0002:000039F8       GetThemeSysBool
 0002:000039FC       GetThemeSysSize
 0002:00003A00       GetThemeSysFont
 0002:00003A04       GetThemeSysString
 0002:00003A08       GetThemeSysInt
 0002:00003A0C       IsThemeActive
 0002:00003A10       IsAppThemed
 0002:00003A14       GetWindowTheme
 0002:00003A18       EnableThemeDialogTexture
 0002:00003A1C       IsThemeDialogTextureEnabled
 0002:00003A20       GetThemeAppProperties
 0002:00003A24       SetThemeAppProperties
 0002:00003A28       GetCurrentThemeName
 0002:00003A2C       GetThemeDocumentationProperty
 0002:00003A30       DrawThemeParentBackground
 0002:00003A34       EnableTheming
 0002:00003A38       .1
 0002:00003A3C       ThemeLibrary
 0002:00003A40       ReferenceCount
 0002:00003A44       Lock
 0002:00003A48       .1
 0002:00003A4C       .4
 0002:00003A50       .1
 0002:00003A54       .1
 0002:00003A58       .1
 0002:00003A5C       .1
 0002:00003A60       .1
 0002:00003A64       .1
 0002:00003A68       .1
 0002:00003A6C       .11
 0002:00003A70       HelpMsg
 0002:00003A74       FindMsg
 0002:00003A78       ButtonWidths
 0002:00003AA4       .12
 0002:00003AA8       .1
 0002:00003AAC       CF_PICTURE
 0002:00003AAE       CF_COMPONENT
 0002:00003AB0       .2
 0002:00003AB4       FClipboard
 0002:00003AB8       .1
 0002:00003ABC       .4
 0002:00003AC0       BitBtnGlyphs
 0002:00003AEC       .3
 0002:00003AF0       .8
 0002:00003AF4       .5
 0002:00003AF8       .1
 0002:00003AFC       .72
 0002:00003B00       UrlMonHandle
 0002:00003B04       UrlMonInitialized
 0002:00003B08       .8
 0002:00003B0C       .36
 0002:00003B10       ShellModule
 0002:00003B14       FRichEditModule
 0002:00003B18       ComCtlVersion
 0002:00003B1C       .2
 0002:00003B20       InternalServices
 0002:00003B24       .42
 0002:00003B28       .73
 0002:00003B2C       WinHelpTester
 0002:00003B30       ViewerName
 0002:00003B34       .1
 0002:00003B38       HelpViewer
 0002:00003B3C       HelpViewerIntf
 0002:00003B40       Mouse
 0002:00003B44       NewStyleControls
 0002:00003B48       .72
 0002:00003B4C       WindowAtom
 0002:00003B4E       ControlAtom
 0002:00003B50       WindowAtomString
 0002:00003B54       ControlAtomString
 0002:00003B58       RM_GetObjectInstance
 0002:00003B5C       DragControl
 0002:00003B60       DragObject
 0002:00003B64       DragInternalObject
 0002:00003B68       DragCapture
 0002:00003B6C       DragStartPos
 0002:00003B74       DragSaveCursor
 0002:00003B78       DragThreshold
 0002:00003B7C       ActiveDrag
 0002:00003B80       DragImageList
 0002:00003B84       DockSiteList
 0002:00003B88       QualifyingSites
 0002:00003B8C       DragSave
 0002:00003B90       CanvasList
 0002:00003B94       _WINNLSEnableIME
 0002:00003B98       _ImmGetContext
 0002:00003B9C       _ImmReleaseContext
 0002:00003BA0       _ImmGetConversionStatus
 0002:00003BA4       _ImmSetConversionStatus
 0002:00003BA8       _ImmSetOpenStatus
 0002:00003BAC       _ImmSetCompositionWindow
 0002:00003BB0       _ImmSetCompositionFont
 0002:00003BB4       _ImmGetCompositionString
 0002:00003BB8       _ImmIsIME
 0002:00003BBC       _ImmNotifyIME
 0002:00003BC0       .8
 0002:00003BC4       .3
 0002:00003BC8       CachedComCtrlVer
 0002:00003BCC       ImageListWriteExProc
 0002:00003BD0       PopupList
 0002:00003BD4       ShortCutItems
 0002:00003BD8       .9
 0002:00003BDC       CommandPool
 0002:00003BE0       Application
 0002:00003BE4       Screen
 0002:00003BE8       .41
 0002:00003BEC       RM_TaskbarCreated
 0002:00003BF0       HintThreadID
 0002:00003BF4       HintDoneEvent
 0002:00003BF8       HintHook
 0002:00003BFC       HintThread
 0002:00003C00       .2
 0002:00003C04       .1
 0002:00003C08       .1
 0002:00003C0C       .1
 0002:00003C10       .3
 0002:00003C14       .1
 0002:00003C18       .41
 0002:00003C1C       OleUninitializing
 0002:00003C20       ComClassManagerVar
 0002:00003C24       SaveInitProc
 0002:00003C28       NeedToUninitialize
 0002:00003C2C       LoginDialogProc
 0002:00003C30       LoginDialogExProc
 0002:00003C34       RemoteLoginDialogProc
 0002:00003C38       ScreenCursorProc
 0002:00003C3C       PasswordDialog
 0002:00003C40       DBScreen
 0002:00003C44       DBApplication
 0002:00003C48       .36
 0002:00003C4C       .1
 0002:00003C50       .5
 0002:00003C54       .3
 0002:00003C58       .1
 0002:00003C5C       .1
 0002:00003C60       .31
 0002:00003C64       GlobalMalloc
 0002:00003C68       .5
 0002:00003C6C       .11
 0002:00003C70       .1
 0002:00003C74       .2
 0002:00003C78       .2
 0002:00003C7C       .22
 0002:00003C80       .9
 0002:00003C84       CurrentXPColorScheme
 0002:00003C85       FullColorSupported
 0002:00003C88       .01
 0002:00003C8C       .1
 0002:00003C90       .5
 0002:00003C94       .11
 0002:00003C98       .1
 0002:00003C9C       .5
 0002:00003CA0       .1
 0002:00003CA4       .8
 0002:00003CA8       .3
 0002:00003CAC       .3
 0002:00003CB0       .6
 0002:00003CB4       .5
 0002:00003CB8       .51
 0002:00003CBC       .11
 0002:00003CC0       .2
 0002:00003CC4       .2
 0002:00003CC8       .31
 0002:00003CCC       BitBtnGlyphs
 0002:00003CF8       .31
 0002:00003CFC       .3
 0002:00003D00       .1
 0002:00003D04       .71
 0002:00003D08       .2
 0002:00003D0C       frmMain
 0002:00003D10       myinifile
 0002:00003D14       .2
 0002:00003D18       CardManage
 0002:00003D1C       WorkKey
 0002:00003D30       nSchoolType
 0002:00003D34       sTotalCardNum
 0002:00003D38       sTotalMoney
 0002:00003D3C       FeeTypeArray


Line numbers for UtCardDll(UtCardDll.pas) segment .text

    90 0001:000A4D78    99 0001:000A4D80   103 0001:000A4D88   127 0001:000A4D90
   134 0001:000A4D98   142 0001:000A4DA0   146 0001:000A4DA8   162 0001:000A4DB0
   170 0001:000A4DB8   178 0001:000A4DC0   226 0001:000A4DC8   230 0001:000A4DD0
   245 0001:000A4DD8   249 0001:000A4DE0   253 0001:000A4DE8   257 0001:000A4DF0
   261 0001:000A4DF8   269 0001:000A4E00   471 0001:000A4E60   472 0001:000A4E67
   473 0001:000A4E6C   474 0001:000A4E72   475 0001:000A4E7E   476 0001:000A4E8C
   477 0001:000A4E9D   479 0001:000A4EA2   481 0001:000A4EAE   486 0001:000A4EB4
   487 0001:000A4ED1   488 0001:000A4EDC   490 0001:000A4EE1   492 0001:000A4F15
   533 0001:000A4F1C   534 0001:000A4F23   698 0001:000A4F24   718 0001:000A4F27
   719 0001:000A4F33   720 0001:000A4F39   785 0001:000A4F3C   786 0001:000A4F3F
   787 0001:000A4F45   791 0001:000A4F48   792 0001:000A4F4B   793 0001:000A4F56
   798 0001:000A4F5C   799 0001:000A4F62   871 0001:000A4F64   872 0001:000A4F6A
   904 0001:000A4F6C   905 0001:000A4F74   921 0001:000A4F78   922 0001:000A4F7F
  1278 0001:000A4F80  1279 0001:000A4F87  1393 0001:000A4F88  1394 0001:000A4FAF
  1397 0001:000A4FB3  1398 0001:000A4FE4  1399 0001:000A4FF6  1395 0001:000A4FF7
  1401 0001:000A5021  1403 0001:000A5064  1403 0001:000A506B

Line numbers for unitMain(unitMain.pas) segment .text

   137 0001:000A5728   138 0001:000A5732   140 0001:000A5736   142 0001:000A573F
   143 0001:000A574C   157 0001:000A5752   159 0001:000A5761   160 0001:000A5765
   163 0001:000A5774   165 0001:000A577A   167 0001:000A5789   168 0001:000A578D
   172 0001:000A579C   174 0001:000A57A4   175 0001:000A57A8   177 0001:000A57B3
   178 0001:000A57C2   180 0001:000A57D1   181 0001:000A57DD   189 0001:000A57E0
   190 0001:000A57E6   191 0001:000A57F7   193 0001:000A5806   194 0001:000A5813
   195 0001:000A581F   198 0001:000A5823   199 0001:000A5836   200 0001:000A5846
   204 0001:000A5848   205 0001:000A585A   207 0001:000A585E   208 0001:000A5868
   211 0001:000A586F   212 0001:000A5876   213 0001:000A5883   214 0001:000A5890
   215 0001:000A589D   216 0001:000A58AA   217 0001:000A58B7   218 0001:000A58C4
   221 0001:000A5914   222 0001:000A5917   223 0001:000A591C   224 0001:000A5921
   225 0001:000A592E   226 0001:000A5935   227 0001:000A5942   228 0001:000A594F
   229 0001:000A595C   230 0001:000A5969   231 0001:000A5976   232 0001:000A5983
   233 0001:000A5990   247 0001:000A59A4   248 0001:000A59C3   249 0001:000A59DA
   258 0001:000A59E1   259 0001:000A59EE   260 0001:000A59FB   261 0001:000A5A08
   262 0001:000A5A15   263 0001:000A5A22   264 0001:000A5A2F   266 0001:000A5A40
   267 0001:000A5A50   270 0001:000A5A64   271 0001:000A5A89   272 0001:000A5A9D
   273 0001:000A5AB6   274 0001:000A5ABC   277 0001:000A5AC9   279 0001:000A5AE4
   280 0001:000A5AFD   281 0001:000A5B05   283 0001:000A5B17   284 0001:000A5B33
   285 0001:000A5B55   286 0001:000A5B5F   281 0001:000A5B65   301 0001:000A5B97
   315 0001:000A5C3C   316 0001:000A5C64   318 0001:000A5C73   320 0001:000A5C7F
   322 0001:000A5C91   323 0001:000A5C99   325 0001:000A5C9E   326 0001:000A5CB1
   327 0001:000A5CC1   330 0001:000A5CC6   331 0001:000A5CD6   332 0001:000A5CE6
   334 0001:000A5D09   335 0001:000A5D15   337 0001:000A5D1A   338 0001:000A5D2D
   339 0001:000A5D3D   342 0001:000A5D42   345 0001:000A5D47   346 0001:000A5D6A
   348 0001:000A5D8E   349 0001:000A5DB2   350 0001:000A5DD6   351 0001:000A5DF5
   352 0001:000A5E19   353 0001:000A5E3D   354 0001:000A5E4A   355 0001:000A5E6E
   357 0001:000A5E92   361 0001:000A5EB6   362 0001:000A5EC2   363 0001:000A5EE9
   364 0001:000A5EF8   366 0001:000A5EFD   367 0001:000A5F10   368 0001:000A5F20
   371 0001:000A5F25   384 0001:000A5F44   386 0001:000A5F84   387 0001:000A5F97
   388 0001:000A5FA7   391 0001:000A5FA9   393 0001:000A5FC8   394 0001:000A5FDB
   395 0001:000A5FEB   398 0001:000A5FED   399 0001:000A6000   400 0001:000A6005
   401 0001:000A6015   408 0001:000A605F   413 0001:000A6108   414 0001:000A610D
   415 0001:000A611A   417 0001:000A612F   419 0001:000A614B   421 0001:000A615F
   415 0001:000A6160   422 0001:000A6163   423 0001:000A6170   435 0001:000A6174
   437 0001:000A6195   438 0001:000A61A4   439 0001:000A61AF   441 0001:000A61B3
   442 0001:000A61C6   443 0001:000A61D6   445 0001:000A61DB   446 0001:000A61EB
   447 0001:000A61FB   448 0001:000A6218   449 0001:000A6243   450 0001:000A624D
   456 0001:000A6255   457 0001:000A6267   459 0001:000A626B   460 0001:000A627E
   462 0001:000A6283   466 0001:000A6298   468 0001:000A62A8   471 0001:000A62AD
   472 0001:000A62D1   474 0001:000A62F5   475 0001:000A6304   476 0001:000A6311
   477 0001:000A6324   478 0001:000A63C1   495 0001:000A6488   497 0001:000A64A9
   499 0001:000A64AE   506 0001:000A64BB   507 0001:000A64CE   509 0001:000A64F1
   510 0001:000A64FB   514 0001:000A6500   515 0001:000A6513   517 0001:000A6517
   518 0001:000A652A   519 0001:000A653A   522 0001:000A653F   525 0001:000A6547
   526 0001:000A6556   527 0001:000A6561   529 0001:000A6565   530 0001:000A6578
   531 0001:000A6588   533 0001:000A658D   534 0001:000A659D   535 0001:000A65AD
   537 0001:000A65CA   539 0001:000A65DC   540 0001:000A65EF   541 0001:000A65FF
   543 0001:000A660C   548 0001:000A6611   549 0001:000A663C   550 0001:000A6646
   556 0001:000A664E   557 0001:000A6678   559 0001:000A667C   560 0001:000A668F
   561 0001:000A669F   564 0001:000A66A4   565 0001:000A66AB   567 0001:000A66AF
   568 0001:000A66DA   571 0001:000A66DF   572 0001:000A66E4   573 0001:000A66F7
   574 0001:000A6707   576 0001:000A676E   577 0001:000A67DA   583 0001:000A68D0
   584 0001:000A68EC   585 0001:000A68F9   587 0001:000A6918   588 0001:000A692B
   589 0001:000A693B   590 0001:000A6949   592 0001:000A694E   593 0001:000A6979
   594 0001:000A6983   596 0001:000A6987   597 0001:000A6990   598 0001:000A699F
   599 0001:000A69AC   600 0001:000A69BF   601 0001:000A6A01   604 0001:000A6A6C
   605 0001:000A6A6F   606 0001:000A6A7B   608 0001:000A6A8A   609 0001:000A6A9E
   611 0001:000A6AAB   613 0001:000A6ABA   614 0001:000A6ACE   616 0001:000A6ADB
   619 0001:000A6B0C   620 0001:000A6B38   621 0001:000A6B3C   622 0001:000A6B5E
   623 0001:000A6B74   624 0001:000A6B82   625 0001:000A6B90   627 0001:000A6BA2
   628 0001:000A6BB8   629 0001:000A6BCB   631 0001:000A6BD5   632 0001:000A6C0C
   633 0001:000A6C43   634 0001:000A6C6F   635 0001:000A6C9B   636 0001:000A6CD2
   637 0001:000A6CFE   638 0001:000A6D2A   639 0001:000A6D61   640 0001:000A6D8D
   641 0001:000A6DB9   642 0001:000A6DF0   644 0001:000A6E27   645 0001:000A6E5E
   647 0001:000A6E95   648 0001:000A6ECC   649 0001:000A6F03   650 0001:000A6F3A
   651 0001:000A6F77   653 0001:000A6FAF   654 0001:000A6FC2   656 0001:000A6FC9
   658 0001:000A6FE4   659 0001:000A6FF7   661 0001:000A6FFE   663 0001:000A700F
   665 0001:000A7055   692 0001:000A7224   693 0001:000A724C   694 0001:000A7250
   695 0001:000A7272   696 0001:000A7288   697 0001:000A7296   698 0001:000A72A4
   700 0001:000A72B6   701 0001:000A72CC   702 0001:000A72DF   705 0001:000A72E9
   706 0001:000A731C   708 0001:000A734F   710 0001:000A7360   712 0001:000A73A3
   731 0001:000A73F0   733 0001:000A7413   734 0001:000A7426   736 0001:000A7436
   739 0001:000A743A   740 0001:000A744C   742 0001:000A7450   743 0001:000A7463
   745 0001:000A7468   749 0001:000A747D   751 0001:000A748D   759 0001:000A7492
   760 0001:000A7494   761 0001:000A74C8   763 0001:000A74CC   766 0001:000A74D1
   767 0001:000A74D4   768 0001:000A74F9   771 0001:000A7529   772 0001:000A7539
   773 0001:000A7567   774 0001:000A7586   775 0001:000A75B4   776 0001:000A75DF
   777 0001:000A760A   778 0001:000A7635   779 0001:000A7660   780 0001:000A768B
   781 0001:000A76B6   782 0001:000A76E1   783 0001:000A770C   793 0001:000A773A
   794 0001:000A7755   796 0001:000A7759   797 0001:000A776C   798 0001:000A777C
   801 0001:000A7781   802 0001:000A7795   804 0001:000A7799   805 0001:000A77AC
   806 0001:000A77BC   809 0001:000A77C1   810 0001:000A77D0   812 0001:000A77D4
   813 0001:000A77E7   814 0001:000A77F7   818 0001:000A77FC   819 0001:000A7829
   820 0001:000A7837   822 0001:000A783B   823 0001:000A784E   824 0001:000A785E
   845 0001:000A7860   847 0001:000A78B7   848 0001:000A78BC   849 0001:000A792E
   854 0001:000A7A00   855 0001:000A7A41   856 0001:000A7A90   857 0001:000A7AF9
   862 0001:000A7B90   863 0001:000A7BC1   864 0001:000A7BF2   865 0001:000A7C4B
   878 0001:000A7CB0   879 0001:000A7CE9   880 0001:000A7D13   881 0001:000A7D6C
   896 0001:000A7DB8   898 0001:000A7DC2   900 0001:000A7DC6   901 0001:000A7DC8
   903 0001:000A7DC9   896 0001:000A7DCC   905 0001:000A7DCF   906 0001:000A7DD2
   913 0001:000A7DD4   914 0001:000A7DF6   917 0001:000A7E13   918 0001:000A7E15
   919 0001:000A7E3B   921 0001:000A7E3F   925 0001:000A7E44   927 0001:000A7E57
   928 0001:000A7E63   930 0001:000A7E67   931 0001:000A7E84   932 0001:000A7E97
   933 0001:000A7EA7   936 0001:000A7EAC   937 0001:000A7EB3   939 0001:000A7EB7
   940 0001:000A7ED4   941 0001:000A7EE7   942 0001:000A7EF7   948 0001:000A7EFC
   950 0001:000A7F7F   951 0001:000A7F92   952 0001:000A7FA2   953 0001:000A8003
   969 0001:000A8094   970 0001:000A80B5   971 0001:000A80C0   973 0001:000A80C4
   974 0001:000A80D7   975 0001:000A80E7   977 0001:000A80EC   978 0001:000A80FC
   979 0001:000A810C   980 0001:000A8158   981 0001:000A8162   986 0001:000A816A
   987 0001:000A817D   988 0001:000A818D   989 0001:000A818F   991 0001:000A81AB
   992 0001:000A81BC   994 0001:000A81C0   995 0001:000A81D3   996 0001:000A81E3
   999 0001:000A81E8  1001 0001:000A8204  1002 0001:000A8210  1004 0001:000A8214
  1005 0001:000A8227  1006 0001:000A8237  1010 0001:000A823C  1011 0001:000A8269
  1012 0001:000A8275  1014 0001:000A8279  1015 0001:000A828C  1016 0001:000A829C
  1020 0001:000A82A1  1021 0001:000A82B1  1022 0001:000A82DF  1023 0001:000A8301
  1024 0001:000A832F  1025 0001:000A835A  1026 0001:000A8385  1027 0001:000A83B0
  1028 0001:000A83DB  1029 0001:000A8406  1030 0001:000A8431  1031 0001:000A845C
  1032 0001:000A8487  1033 0001:000A84B5  1034 0001:000A84C5  1036 0001:000A84C9
  1037 0001:000A84DC  1038 0001:000A84EC  1040 0001:000A84EE  1041 0001:000A84F3
  1042 0001:000A8554  1058 0001:000A863C  1061 0001:000A8640  1062 0001:000A8668
  1063 0001:000A866C  1064 0001:000A868E  1065 0001:000A86A4  1066 0001:000A86B2
  1067 0001:000A86C0  1069 0001:000A86D2  1070 0001:000A86E8  1071 0001:000A86FB
  1073 0001:000A8705  1074 0001:000A873C  1075 0001:000A8773  1077 0001:000A8784
  1079 0001:000A87C7  1086 0001:000A8810  1087 0001:000A882A  1088 0001:000A8837
  1089 0001:000A8841  1093 0001:000A8845  1094 0001:000A8889  1095 0001:000A88B3
  1104 0001:000A8950  1105 0001:000A8972  1106 0001:000A898B  1108 0001:000A89AA
  1112 0001:000A89AE  1114 0001:000A89D1  1117 0001:000A89F8  1118 0001:000A8A1D
  1120 0001:000A8A7C  1122 0001:000A8B34  1122 0001:000A8B3B

Line numbers for ConvertCard(E:\works\松江大学城\01.代码\ykt_sj_convertcard\ConvertCard.dpr) segment .text

    11 0001:000A8E9C    12 0001:000A8EAC    13 0001:000A8EBA    15 0001:000A8EC3
    16 0001:000A8ECE    18 0001:000A8EDA    19 0001:000A8EE6    20 0001:000A8EFE
    21 0001:000A8F0A

Bound resource files

e:\develop\borland\delphi7\Lib\Buttons.res
e:\develop\borland\delphi7\Lib\ExtDlgs.res
e:\develop\borland\delphi7\Lib\Controls.res
e:\develop\borland\delphi7\Lib\DBLogDlg.dfm
e:\develop\borland\delphi7\Lib\DBPWDlg.dfm
e:\develop\borland\delphi7\Lib\DBCtrls.res
e:\develop\borland\delphi7\Lib\DBGrids.res
E:\develop\Raize\RC4\Lib\Delphi7\RzCommonCursors.res
E:\develop\Raize\RC4\Lib\Delphi7\RzCommonBitmaps.res
E:\develop\Raize\RC4\Lib\Delphi7\RzCmboBx.res
E:\develop\Raize\RC4\Lib\Delphi7\RzToolbarForm.DFM
unitMain.dfm
ConvertCard.res
ConvertCard.drf


Program entry point at 0001:000A8E9C
