
 Start         Length     Name                   Class
 0001:00000000 00049A8CH .text                   CODE
 0002:00000000 000000B4H .data                   DATA
 0002:000000B4 00000181H .bss                    BSS


Detailed map of segments

 0001:00000000 00000186 C=CODE     S=.text    G=(none)   M=System   ACBP=A9
 0001:00000188 0000020C C=CODE     S=.text    G=(none)   M=SysInit  ACBP=A9
 0001:00000394 00000038 C=CODE     S=.text    G=(none)   M=Messages ACBP=A9
 0001:000003CC 00000048 C=CODE     S=.text    G=(none)   M=Windows  ACBP=A9
 0001:00000414 0000008E C=CODE     S=.text    G=(none)   M=SysUtils ACBP=A9
 0001:000004A4 0000000E C=CODE     S=.text    G=(none)   M=SysConst ACBP=A9
 0001:000004B4 00000066 C=CODE     S=.text    G=(none)   M=Classes  ACBP=A9
 0001:0000051C 0000000E C=CODE     S=.text    G=(none)   M=ActiveX  ACBP=A9
 0001:0000052C 0000000E C=CODE     S=.text    G=(none)   M=TypInfo  ACBP=A9
 0001:0000053C 0000000E C=CODE     S=.text    G=(none)   M=Consts   ACBP=A9
 0001:0000054C 0000013E C=CODE     S=.text    G=(none)   M=Controls ACBP=A9
 0001:0000068C 0000000E C=CODE     S=.text    G=(none)   M=ActnList ACBP=A9
 0001:0000069C 0000000E C=CODE     S=.text    G=(none)   M=ImgList  ACBP=A9
 0001:000006AC 00000038 C=CODE     S=.text    G=(none)   M=Commctrl ACBP=A9
 0001:000006E4 0000001E C=CODE     S=.text    G=(none)   M=Graphics ACBP=A9
 0001:00000704 000001BE C=CODE     S=.text    G=(none)   M=Forms    ACBP=A9
 0001:000008C4 0000000E C=CODE     S=.text    G=(none)   M=MultiMon ACBP=A9
 0001:000008D4 00000038 C=CODE     S=.text    G=(none)   M=Imm      ACBP=A9
 0001:0000090C 0000000E C=CODE     S=.text    G=(none)   M=Menus    ACBP=A9
 0001:0000091C 0000000E C=CODE     S=.text    G=(none)   M=Contnrs  ACBP=A9
 0001:0000092C 0000000E C=CODE     S=.text    G=(none)   M=StdActns ACBP=A9
 0001:0000093C 0000001E C=CODE     S=.text    G=(none)   M=StdCtrls ACBP=A9
 0001:0000095C 0000000E C=CODE     S=.text    G=(none)   M=Clipbrd  ACBP=A9
 0001:0000096C 0000000E C=CODE     S=.text    G=(none)   M=FlatSB   ACBP=A9
 0001:0000097C 0000000E C=CODE     S=.text    G=(none)   M=Printers ACBP=A9
 0001:0000098C 00000038 C=CODE     S=.text    G=(none)   M=WinSpool ACBP=A9
 0001:000009C4 0000000E C=CODE     S=.text    G=(none)   M=Math     ACBP=A9
 0001:000009D4 0000001E C=CODE     S=.text    G=(none)   M=ExtCtrls ACBP=A9
 0001:000009F4 0000000E C=CODE     S=.text    G=(none)   M=DBCommon ACBP=A9
 0001:00000A04 00000036 C=CODE     S=.text    G=(none)   M=Db       ACBP=A9
 0001:00000A3C 0000000E C=CODE     S=.text    G=(none)   M=ComObj   ACBP=A9
 0001:00000A4C 0000000E C=CODE     S=.text    G=(none)   M=ComConst ACBP=A9
 0001:00000A5C 00000026 C=CODE     S=.text    G=(none)   M=Mask     ACBP=A9
 0001:00000A84 0000000E C=CODE     S=.text    G=(none)   M=DbConsts ACBP=A9
 0001:00000A94 0000000E C=CODE     S=.text    G=(none)   M=DBLogDlg ACBP=A9
 0001:00000AA4 0000000E C=CODE     S=.text    G=(none)   M=DBCtrls  ACBP=A9
 0001:00000AB4 00000066 C=CODE     S=.text    G=(none)   M=ComCtrls ACBP=A9
 0001:00000B1C 0000000E C=CODE     S=.text    G=(none)   M=ToolWin  ACBP=A9
 0001:00000B2C 00000038 C=CODE     S=.text    G=(none)   M=RichEdit ACBP=A9
 0001:00000B64 0000000E C=CODE     S=.text    G=(none)   M=ComStrs  ACBP=A9
 0001:00000B74 0000000E C=CODE     S=.text    G=(none)   M=Buttons  ACBP=A9
 0001:00000B84 0000001E C=CODE     S=.text    G=(none)   M=Dialogs  ACBP=A9
 0001:00000BA4 00000038 C=CODE     S=.text    G=(none)   M=ShlObj   ACBP=A9
 0001:00000BDC 00000038 C=CODE     S=.text    G=(none)   M=UrlMon   ACBP=A9
 0001:00000C14 00000038 C=CODE     S=.text    G=(none)   M=WinInet  ACBP=A9
 0001:00000C4C 00000038 C=CODE     S=.text    G=(none)   M=RegStr   ACBP=A9
 0001:00000C84 00000038 C=CODE     S=.text    G=(none)   M=ShellAPI ACBP=A9
 0001:00000CBC 00000038 C=CODE     S=.text    G=(none)   M=CommDlg  ACBP=A9
 0001:00000CF4 00000038 C=CODE     S=.text    G=(none)   M=Dlgs     ACBP=A9
 0001:00000D2C 00000016 C=CODE     S=.text    G=(none)   M=KSCmdModules ACBP=A9
 0001:00000D44 0000000E C=CODE     S=.text    G=(none)   M=KCWVProcBinds ACBP=A9
 0001:00000D54 0000000E C=CODE     S=.text    G=(none)   M=KCDataAccess ACBP=A9
 0001:00000D64 0000000E C=CODE     S=.text    G=(none)   M=IntfUtils ACBP=A9
 0001:00000D74 0000000E C=CODE     S=.text    G=(none)   M=DebugMemory ACBP=A9
 0001:00000D84 00000016 C=CODE     S=.text    G=(none)   M=LogFile  ACBP=A9
 0001:00000D9C 0000000E C=CODE     S=.text    G=(none)   M=DBAIntf  ACBP=A9
 0001:00000DAC 0000000E C=CODE     S=.text    G=(none)   M=Listeners ACBP=A9
 0001:00000DBC 0000000E C=CODE     S=.text    G=(none)   M=Safecode ACBP=A9
 0001:00000DCC 0000000E C=CODE     S=.text    G=(none)   M=DBAHelper ACBP=A9
 0001:00000DDC 0000000E C=CODE     S=.text    G=(none)   M=KCDataPack ACBP=A9
 0001:00000DEC 0000000E C=CODE     S=.text    G=(none)   M=BDAImpEx ACBP=A9
 0001:00000DFC 0000000E C=CODE     S=.text    G=(none)   M=TxtDB    ACBP=A9
 0001:00000E0C 0000000E C=CODE     S=.text    G=(none)   M=BDAImp   ACBP=A9
 0001:00000E1C 0000000E C=CODE     S=.text    G=(none)   M=BDACore  ACBP=A9
 0001:00000E2C 0000000E C=CODE     S=.text    G=(none)   M=BDAViewers ACBP=A9
 0001:00000E3C 0000000E C=CODE     S=.text    G=(none)   M=KSEval   ACBP=A9
 0001:00000E4C 0000004E C=CODE     S=.text    G=(none)   M=DataTypes ACBP=A9
 0001:00000E9C 0000000E C=CODE     S=.text    G=(none)   M=ConvertUtils ACBP=A9
 0001:00000EAC 0000000E C=CODE     S=.text    G=(none)   M=KSStrUtils ACBP=A9
 0001:00000EBC 0000000E C=CODE     S=.text    G=(none)   M=KSEvalParser ACBP=A9
 0001:00000ECC 0000000E C=CODE     S=.text    G=(none)   M=DFA      ACBP=A9
 0001:00000EDC 0000000E C=CODE     S=.text    G=(none)   M=TextUtils ACBP=A9
 0001:00000EEC 0000000E C=CODE     S=.text    G=(none)   M=DRTPAPI  ACBP=A9
 0001:00000EFC 00000038 C=CODE     S=.text    G=(none)   M=WinSock  ACBP=A9
 0001:00000F34 00000038 C=CODE     S=.text    G=(none)   M=NB30     ACBP=A9
 0001:00000F6C 00000016 C=CODE     S=.text    G=(none)   M=WVCommands ACBP=A9
 0001:00000F84 0000000E C=CODE     S=.text    G=(none)   M=WVCmdProc ACBP=A9
 0001:00000F94 00000016 C=CODE     S=.text    G=(none)   M=WVCmdReq ACBP=A9
 0001:00000FAC 0000003E C=CODE     S=.text    G=(none)   M=WorkViews ACBP=A9
 0001:00000FEC 0000000E C=CODE     S=.text    G=(none)   M=LibMessages ACBP=A9
 0001:00000FFC 0000000E C=CODE     S=.text    G=(none)   M=ObjDir   ACBP=A9
 0001:0000100C 0000000E C=CODE     S=.text    G=(none)   M=KSFrameWorkUtils ACBP=A9
 0001:0000101C 0000000E C=CODE     S=.text    G=(none)   M=KsBranchTree ACBP=A9
 0001:0000102C 0000000E C=CODE     S=.text    G=(none)   M=UBranchManWindow ACBP=A9
 0001:0000103C 0000000E C=CODE     S=.text    G=(none)   M=UBranchManager ACBP=A9
 0001:0000104C 0000000E C=CODE     S=.text    G=(none)   M=KSClientConsts ACBP=A9
 0001:0000105C 0000000E C=CODE     S=.text    G=(none)   M=KSKeyboard ACBP=A9
 0001:0000106C 00000016 C=CODE     S=.text    G=(none)   M=DBGrids  ACBP=A9
 0001:00001084 0000000E C=CODE     S=.text    G=(none)   M=Grids    ACBP=A9
 0001:00001094 0000000E C=CODE     S=.text    G=(none)   M=WVCtrls  ACBP=A9
 0001:000010A4 0000000E C=CODE     S=.text    G=(none)   M=CheckLst ACBP=A9
 0001:000010B4 0000000E C=CODE     S=.text    G=(none)   M=EditExts ACBP=A9
 0001:000010C4 0000000E C=CODE     S=.text    G=(none)   M=WinUtils ACBP=A9
 0001:000010D4 0000000E C=CODE     S=.text    G=(none)   M=WinObjs  ACBP=A9
 0001:000010E4 0000000E C=CODE     S=.text    G=(none)   M=UIncrementComboBox ACBP=A9
 0001:000010F4 00000016 C=CODE     S=.text    G=(none)   M=KSDataDictionary ACBP=A9
 0001:0000110C 0000001E C=CODE     S=.text    G=(none)   M=KSFrameWorks ACBP=A9
 0001:0000112C 0000000E C=CODE     S=.text    G=(none)   M=UQueryTemp ACBP=A9
 0001:0000113C 0000000E C=CODE     S=.text    G=(none)   M=UIStyles ACBP=A9
 0001:0000114C 0000000E C=CODE     S=.text    G=(none)   M=CompGroup ACBP=A9
 0001:0000115C 0000000E C=CODE     S=.text    G=(none)   M=compItems ACBP=A9
 0001:0000116C 0000000E C=CODE     S=.text    G=(none)   M=TypUtils ACBP=A9
 0001:0000117C 0000000E C=CODE     S=.text    G=(none)   M=ComWriUtils ACBP=A9
 0001:0000118C 0000000E C=CODE     S=.text    G=(none)   M=DataUsageUtils ACBP=A9
 0001:0000119C 0000000E C=CODE     S=.text    G=(none)   M=RzListVw ACBP=A9
 0001:000011AC 0000000E C=CODE     S=.text    G=(none)   M=RzCommon ACBP=A9
 0001:000011BC 00000016 C=CODE     S=.text    G=(none)   M=IniFiles ACBP=A9
 0001:000011D4 0000000E C=CODE     S=.text    G=(none)   M=Registry ACBP=A9
 0001:000011E4 0000000E C=CODE     S=.text    G=(none)   M=RzThemeSrv ACBP=A9
 0001:000011F4 00000038 C=CODE     S=.text    G=(none)   M=RzTmSchema ACBP=A9
 0001:0000122C 0000000E C=CODE     S=.text    G=(none)   M=RzUxTheme ACBP=A9
 0001:0000123C 0000000E C=CODE     S=.text    G=(none)   M=SyncObjs ACBP=A9
 0001:0000124C 0000000E C=CODE     S=.text    G=(none)   M=RzGrafx  ACBP=A9
 0001:0000125C 0000000E C=CODE     S=.text    G=(none)   M=RzShellUtils ACBP=A9
 0001:0000126C 0000000E C=CODE     S=.text    G=(none)   M=RzShellIntf ACBP=A9
 0001:0000127C 0000000E C=CODE     S=.text    G=(none)   M=DataSearchDlg ACBP=A9
 0001:0000128C 0000000E C=CODE     S=.text    G=(none)   M=RzRadChk ACBP=A9
 0001:0000129C 0000000E C=CODE     S=.text    G=(none)   M=RzButton ACBP=A9
 0001:000012AC 0000000E C=CODE     S=.text    G=(none)   M=RzCommonBitmaps ACBP=A9
 0001:000012BC 0000000E C=CODE     S=.text    G=(none)   M=RzPanel  ACBP=A9
 0001:000012CC 0000000E C=CODE     S=.text    G=(none)   M=RzToolbarForm ACBP=A9
 0001:000012DC 0000000E C=CODE     S=.text    G=(none)   M=RzChkLst ACBP=A9
 0001:000012EC 0000000E C=CODE     S=.text    G=(none)   M=RzLstBox ACBP=A9
 0001:000012FC 0000000E C=CODE     S=.text    G=(none)   M=RzCmboBx ACBP=A9
 0001:0000130C 0000000E C=CODE     S=.text    G=(none)   M=RzIntLst ACBP=A9
 0001:0000131C 0000000E C=CODE     S=.text    G=(none)   M=ExtDlgs  ACBP=A9
 0001:0000132C 0000001E C=CODE     S=.text    G=(none)   M=RzEdit   ACBP=A9
 0001:0000134C 0000000E C=CODE     S=.text    G=(none)   M=RzPopups ACBP=A9
 0001:0000135C 0000000E C=CODE     S=.text    G=(none)   M=RzBorder ACBP=A9
 0001:0000136C 0000000E C=CODE     S=.text    G=(none)   M=RzRadGrp ACBP=A9
 0001:0000137C 0000000E C=CODE     S=.text    G=(none)   M=RzSpnEdt ACBP=A9
 0001:0000138C 0000000E C=CODE     S=.text    G=(none)   M=RzCommonCursors ACBP=A9
 0001:0000139C 0000000E C=CODE     S=.text    G=(none)   M=RzLabel  ACBP=A9
 0001:000013AC 0000000E C=CODE     S=.text    G=(none)   M=ImageCtrls ACBP=A9
 0001:000013BC 0000000E C=CODE     S=.text    G=(none)   M=ImagesMan ACBP=A9
 0001:000013CC 0000000E C=CODE     S=.text    G=(none)   M=CompUtils ACBP=A9
 0001:000013DC 0000001E C=CODE     S=.text    G=(none)   M=UICtrls  ACBP=A9
 0001:000013FC 0000000E C=CODE     S=.text    G=(none)   M=DrawUtils ACBP=A9
 0001:0000140C 0000000E C=CODE     S=.text    G=(none)   M=PrintUtils ACBP=A9
 0001:0000141C 0000000E C=CODE     S=.text    G=(none)   M=KSCustomers ACBP=A9
 0001:0000142C 0000000E C=CODE     S=.text    G=(none)   M=KSComCmdDefs ACBP=A9
 0001:0000143C 0000000E C=CODE     S=.text    G=(none)   M=KSBranchInfo ACBP=A9
 0001:0000144C 0000000E C=CODE     S=.text    G=(none)   M=KSEdits  ACBP=A9
 0001:0000145C 0000000E C=CODE     S=.text    G=(none)   M=WVCmdTypeInfo ACBP=A9
 0001:0000146C 000000BE C=CODE     S=.text    G=(none)   M=KSFrames ACBP=A9
 0001:0000152C 0000000E C=CODE     S=.text    G=(none)   M=RzDBNav  ACBP=A9
 0001:0000153C 0000000E C=CODE     S=.text    G=(none)   M=RzDBGrid ACBP=A9
 0001:0000154C 0000000E C=CODE     S=.text    G=(none)   M=ViewDataDetail ACBP=A9
 0001:0000155C 0000000E C=CODE     S=.text    G=(none)   M=DBActns  ACBP=A9
 0001:0000156C 0000000E C=CODE     S=.text    G=(none)   M=UAuth    ACBP=A9
 0001:0000157C 0000000E C=CODE     S=.text    G=(none)   M=KSMenuAdmin ACBP=A9
 0001:0000158C 0000000E C=CODE     S=.text    G=(none)   M=KsChineseSpell ACBP=A9
 0001:0000159C 0000000E C=CODE     S=.text    G=(none)   M=ExtUtils ACBP=A9
 0001:000015AC 0000000E C=CODE     S=.text    G=(none)   M=FileCtrl ACBP=A9
 0001:000015BC 00000038 C=CODE     S=.text    G=(none)   M=TLHelp32 ACBP=A9
 0001:000015F4 0000000E C=CODE     S=.text    G=(none)   M=RPDesignInfo ACBP=A9
 0001:00001604 0000000E C=CODE     S=.text    G=(none)   M=RPBands  ACBP=A9
 0001:00001614 0000000E C=CODE     S=.text    G=(none)   M=RPDB     ACBP=A9
 0001:00001624 0000000E C=CODE     S=.text    G=(none)   M=RPDefines ACBP=A9
 0001:00001634 0000000E C=CODE     S=.text    G=(none)   M=RPCtrls  ACBP=A9
 0001:00001644 0000000E C=CODE     S=.text    G=(none)   M=RPProcessors ACBP=A9
 0001:00001654 0000000E C=CODE     S=.text    G=(none)   M=RPPrintObjects ACBP=A9
 0001:00001664 0000000E C=CODE     S=.text    G=(none)   M=RPProgress ACBP=A9
 0001:00001674 0000000E C=CODE     S=.text    G=(none)   M=ProgressShowing ACBP=A9
 0001:00001684 0000000E C=CODE     S=.text    G=(none)   M=RPEasyReports ACBP=A9
 0001:00001694 0000000E C=CODE     S=.text    G=(none)   M=PrintDevices ACBP=A9
 0001:000016A4 0000000E C=CODE     S=.text    G=(none)   M=RPPreview ACBP=A9
 0001:000016B4 0000000E C=CODE     S=.text    G=(none)   M=Spin     ACBP=A9
 0001:000016C4 0000000E C=CODE     S=.text    G=(none)   M=UPrintMode ACBP=A9
 0001:000016D4 0000000E C=CODE     S=.text    G=(none)   M=RPDBVCL  ACBP=A9
 0001:000016E4 0000000E C=CODE     S=.text    G=(none)   M=TextOutScripts ACBP=A9
 0001:000016F4 0000000E C=CODE     S=.text    G=(none)   M=TextTags ACBP=A9
 0001:00001704 0000000E C=CODE     S=.text    G=(none)   M=FuncScripts ACBP=A9
 0001:00001714 0000000E C=CODE     S=.text    G=(none)   M=UPrintTemplate ACBP=A9
 0001:00001724 0000000E C=CODE     S=.text    G=(none)   M=AdjustGridDlg ACBP=A9
 0001:00001734 0000000E C=CODE     S=.text    G=(none)   M=WVDBBinders ACBP=A9
 0001:00001744 000004B3 C=CODE     S=.text    G=(none)   M=UCMqhCardDef ACBP=A9
 0001:00001BF8 000004C7 C=CODE     S=.text    G=(none)   M=UCMqhCardImp ACBP=A9
 0001:000020C0 00000036 C=CODE     S=.text    G=(none)   M=UInputTemp ACBP=A9
 0001:000020F8 0000000E C=CODE     S=.text    G=(none)   M=RzStatus ACBP=A9
 0001:00002108 0000000E C=CODE     S=.text    G=(none)   M=RzPrgres ACBP=A9
 0001:00002118 0000000E C=CODE     S=.text    G=(none)   M=RzSysRes ACBP=A9
 0001:00002128 000002DE C=CODE     S=.text    G=(none)   M=CardDll  ACBP=A9
 0001:00002408 0000002E C=CODE     S=.text    G=(none)   M=WaterDll ACBP=A9
 0001:00002438 00000340 C=CODE     S=.text    G=(none)   M=UKey     ACBP=A9
 0001:00002778 0000003E C=CODE     S=.text    G=(none)   M=SmartCardCommon ACBP=A9
 0001:000027B8 0000000E C=CODE     S=.text    G=(none)   M=FilterCombos ACBP=A9
 0001:000027C8 0000000E C=CODE     S=.text    G=(none)   M=RzDTP    ACBP=A9
 0001:000027D8 0000254C C=CODE     S=.text    G=(none)   M=USeriPara ACBP=A9
 0001:00004D24 00000CD8 C=CODE     S=.text    G=(none)   M=UARefineCard ACBP=A9
 0001:000059FC 00000026 C=CODE     S=.text    G=(none)   M=UqhSimpleQueryTemp ACBP=A9
 0001:00005A24 0000003E C=CODE     S=.text    G=(none)   M=USimpleQueryTemp ACBP=A9
 0001:00005A64 00000046 C=CODE     S=.text    G=(none)   M=UtCardDll ACBP=A9
 0001:00005AAC 00000FA0 C=CODE     S=.text    G=(none)   M=UAPatchAccount ACBP=A9
 0001:00006A4C 00000016 C=CODE     S=.text    G=(none)   M=sncCurrency ACBP=A9
 0001:00006A64 00000B28 C=CODE     S=.text    G=(none)   M=UAinAccountByMan ACBP=A9
 0001:0000758C 00000DAC C=CODE     S=.text    G=(none)   M=UAPASMCardOper ACBP=A9
 0001:00008338 0000000E C=CODE     S=.text    G=(none)   M=dxCntner ACBP=A9
 0001:00008348 0000000E C=CODE     S=.text    G=(none)   M=dxUtils  ACBP=A9
 0001:00008358 0000000E C=CODE     S=.text    G=(none)   M=dxEdStr  ACBP=A9
 0001:00008368 0000000E C=CODE     S=.text    G=(none)   M=dxInspct ACBP=A9
 0001:00008378 0000000E C=CODE     S=.text    G=(none)   M=dxEditor ACBP=A9
 0001:00008388 0000000E C=CODE     S=.text    G=(none)   M=dxExEdtr ACBP=A9
 0001:00008398 0000000E C=CODE     S=.text    G=(none)   M=dxCalc   ACBP=A9
 0001:000083A8 0000000E C=CODE     S=.text    G=(none)   M=dxGrDate ACBP=A9
 0001:000083B8 0000000E C=CODE     S=.text    G=(none)   M=dxCommon ACBP=A9
 0001:000083C8 0000000E C=CODE     S=.text    G=(none)   M=dxInsCus ACBP=A9
 0001:000083D8 0000000E C=CODE     S=.text    G=(none)   M=dxInCNew ACBP=A9
 0001:000083E8 0000000E C=CODE     S=.text    G=(none)   M=RzSplit  ACBP=A9
 0001:000083F8 0000000E C=CODE     S=.text    G=(none)   M=RM_Common ACBP=A9
 0001:00008408 00000016 C=CODE     S=.text    G=(none)   M=RM_Parser ACBP=A9
 0001:00008420 0000000E C=CODE     S=.text    G=(none)   M=RM_Const ACBP=A9
 0001:00008430 0000000E C=CODE     S=.text    G=(none)   M=RM_Dataset ACBP=A9
 0001:00008440 0000000E C=CODE     S=.text    G=(none)   M=RM_utils ACBP=A9
 0001:00008450 0000001E C=CODE     S=.text    G=(none)   M=RM_Class ACBP=A9
 0001:00008470 0000000E C=CODE     S=.text    G=(none)   M=RM_Const1 ACBP=A9
 0001:00008480 0000000E C=CODE     S=.text    G=(none)   M=RM_progr ACBP=A9
 0001:00008490 0000000E C=CODE     S=.text    G=(none)   M=RM_Printer ACBP=A9
 0001:000084A0 0000000E C=CODE     S=.text    G=(none)   M=JvInterpreter ACBP=A9
 0001:000084B0 0000000E C=CODE     S=.text    G=(none)   M=JvInterpreterParser ACBP=A9
 0001:000084C0 0000000E C=CODE     S=.text    G=(none)   M=JvComponent ACBP=A9
 0001:000084D0 0000000E C=CODE     S=.text    G=(none)   M=JVCLVer  ACBP=A9
 0001:000084E0 0000000E C=CODE     S=.text    G=(none)   M=OleConst ACBP=A9
 0001:000084F0 0000000E C=CODE     S=.text    G=(none)   M=JvInterpreterConst ACBP=A9
 0001:00008500 0000000E C=CODE     S=.text    G=(none)   M=JvUtils  ACBP=A9
 0001:00008510 0000000E C=CODE     S=.text    G=(none)   M=JvCtlConst ACBP=A9
 0001:00008520 0000000E C=CODE     S=.text    G=(none)   M=JvStrUtil ACBP=A9
 0001:00008530 0000000E C=CODE     S=.text    G=(none)   M=RM_Preview ACBP=A9
 0001:00008540 0000000E C=CODE     S=.text    G=(none)   M=RM_Ctrls ACBP=A9
 0001:00008550 0000000E C=CODE     S=.text    G=(none)   M=RM_DsgCtrls ACBP=A9
 0001:00008560 0000000E C=CODE     S=.text    G=(none)   M=TB97Ctls ACBP=A9
 0001:00008570 0000000E C=CODE     S=.text    G=(none)   M=TB97Vers ACBP=A9
 0001:00008580 0000000E C=CODE     S=.text    G=(none)   M=TB97Cmn  ACBP=A9
 0001:00008590 0000000E C=CODE     S=.text    G=(none)   M=TB97Tlbr ACBP=A9
 0001:000085A0 0000000E C=CODE     S=.text    G=(none)   M=TB97     ACBP=A9
 0001:000085B0 0000000E C=CODE     S=.text    G=(none)   M=TB97Cnst ACBP=A9
 0001:000085C0 0000000E C=CODE     S=.text    G=(none)   M=TB97Tlwn ACBP=A9
 0001:000085D0 0000000E C=CODE     S=.text    G=(none)   M=RM_PrintDlg ACBP=A9
 0001:000085E0 0000000E C=CODE     S=.text    G=(none)   M=RM_PageSetup ACBP=A9
 0001:000085F0 0000000E C=CODE     S=.text    G=(none)   M=RM_DlgFind ACBP=A9
 0001:00008600 0000000E C=CODE     S=.text    G=(none)   M=JvInterpreter_Windows ACBP=A9
 0001:00008610 0000000E C=CODE     S=.text    G=(none)   M=JvInterpreter_System ACBP=A9
 0001:00008620 0000000E C=CODE     S=.text    G=(none)   M=JvInterpreter_SysUtils ACBP=A9
 0001:00008630 0000000E C=CODE     S=.text    G=(none)   M=JvStrUtils ACBP=A9
 0001:00008640 0000000E C=CODE     S=.text    G=(none)   M=JvInterpreter_Classes ACBP=A9
 0001:00008650 0000000E C=CODE     S=.text    G=(none)   M=JvInterpreter_Graphics ACBP=A9
 0001:00008660 0000000E C=CODE     S=.text    G=(none)   M=JvInterpreter_StdCtrls ACBP=A9
 0001:00008670 0000000E C=CODE     S=.text    G=(none)   M=JvInterpreter_Controls ACBP=A9
 0001:00008680 0000000E C=CODE     S=.text    G=(none)   M=JvInterpreter_Dialogs ACBP=A9
 0001:00008690 0000000E C=CODE     S=.text    G=(none)   M=JvInterpreter_Forms ACBP=A9
 0001:000086A0 0000000E C=CODE     S=.text    G=(none)   M=jpeg     ACBP=A9
 0001:000086B0 0000000E C=CODE     S=.text    G=(none)   M=jconsts  ACBP=A9
 0001:000086C0 00002AE8 C=CODE     S=.text    G=(none)   M=UACardDestory ACBP=A9
 0001:0000B1A8 00001324 C=CODE     S=.text    G=(none)   M=UACardFreeze ACBP=A9
 0001:0000C4CC 00000026 C=CODE     S=.text    G=(none)   M=filetrans ACBP=A9
 0001:0000C4F4 00000C54 C=CODE     S=.text    G=(none)   M=UAAccountQuery ACBP=A9
 0001:0000D148 00001F3C C=CODE     S=.text    G=(none)   M=UACardMonyIn ACBP=A9
 0001:0000F084 00000C90 C=CODE     S=.text    G=(none)   M=UABadCardM ACBP=A9
 0001:0000FD14 00000AC4 C=CODE     S=.text    G=(none)   M=UATradeReverse ACBP=A9
 0001:000107D8 00001290 C=CODE     S=.text    G=(none)   M=UAReverseConsume ACBP=A9
 0001:00011A68 00000B88 C=CODE     S=.text    G=(none)   M=UAaccountTradeQuery ACBP=A9
 0001:000125F0 00001230 C=CODE     S=.text    G=(none)   M=UAReverseSaveMoney ACBP=A9
 0001:00013820 00000E98 C=CODE     S=.text    G=(none)   M=UAReverseOpenCard ACBP=A9
 0001:000146B8 00002EDC C=CODE     S=.text    G=(none)   M=UAUpdateCardInfo ACBP=A9
 0001:00017594 00001230 C=CODE     S=.text    G=(none)   M=UACardLose ACBP=A9
 0001:000187C4 00000A38 C=CODE     S=.text    G=(none)   M=UAcardLibNotBalance ACBP=A9
 0001:000191FC 00000984 C=CODE     S=.text    G=(none)   M=UAReadPASMCard ACBP=A9
 0001:00019B80 00000844 C=CODE     S=.text    G=(none)   M=UACopyKeyCard ACBP=A9
 0001:0001A3C4 00000D54 C=CODE     S=.text    G=(none)   M=UApubPASMCard ACBP=A9
 0001:0001B118 00000B30 C=CODE     S=.text    G=(none)   M=UAInitCard ACBP=A9
 0001:0001BC48 00000C6C C=CODE     S=.text    G=(none)   M=UAResetCardPwd ACBP=A9
 0001:0001C8B4 00001B8C C=CODE     S=.text    G=(none)   M=UASetCardMony ACBP=A9
 0001:0001E440 00000DF0 C=CODE     S=.text    G=(none)   M=UACPUCollTrade ACBP=A9
 0001:0001F230 0000001E C=CODE     S=.text    G=(none)   M=ADODB    ACBP=A9
 0001:0001F250 0000000E C=CODE     S=.text    G=(none)   M=ADOInt   ACBP=A9
 0001:0001F260 0000000E C=CODE     S=.text    G=(none)   M=OLEDB    ACBP=A9
 0001:0001F270 0000000E C=CODE     S=.text    G=(none)   M=ADOConst ACBP=A9
 0001:0001F280 0000000E C=CODE     S=.text    G=(none)   M=OleCtrls ACBP=A9
 0001:0001F290 0000000E C=CODE     S=.text    G=(none)   M=AxCtrls  ACBP=A9
 0001:0001F2A0 0000000E C=CODE     S=.text    G=(none)   M=StdVCL   ACBP=A9
 0001:0001F2B0 0000000E C=CODE     S=.text    G=(none)   M=Mtx      ACBP=A9
 0001:0001F2C0 00000016 C=CODE     S=.text    G=(none)   M=data2Excel ACBP=A9
 0001:0001F2D8 00001974 C=CODE     S=.text    G=(none)   M=UACardFreezeP ACBP=A9
 0001:00020C4C 00000B00 C=CODE     S=.text    G=(none)   M=UARecycleCard ACBP=A9
 0001:0002174C 00001680 C=CODE     S=.text    G=(none)   M=UFeeCardUnLock ACBP=A9
 0001:00022DCC 00001AD8 C=CODE     S=.text    G=(none)   M=UMoney   ACBP=A9
 0001:000248A4 00000DCC C=CODE     S=.text    G=(none)   M=UAcardTradeQuery ACBP=A9
 0001:00025670 00000AE8 C=CODE     S=.text    G=(none)   M=UASmlPkgInit ACBP=A9
 0001:00026158 0000093D C=CODE     S=.text    G=(none)   M=CPUCardUI ACBP=A9
 0002:00000000 00000028 C=DATA     S=.data    G=DGROUP   M=SysInit  ACBP=A9
 0002:00000028 00000018 C=DATA     S=.data    G=DGROUP   M=UAAccountQuery ACBP=A9
 0002:00001000 00000018 C=BSS      S=.bss     G=DGROUP   M=SysInit  ACBP=A9
 0002:00001018 00000004 C=BSS      S=.bss     G=DGROUP   M=Messages ACBP=A9
 0002:0000101C 00000004 C=BSS      S=.bss     G=DGROUP   M=Windows  ACBP=A9
 0002:00001020 00000004 C=BSS      S=.bss     G=DGROUP   M=Commctrl ACBP=A9
 0002:00001024 00000004 C=BSS      S=.bss     G=DGROUP   M=Imm      ACBP=A9
 0002:00001028 00000004 C=BSS      S=.bss     G=DGROUP   M=WinSpool ACBP=A9
 0002:0000102C 00000004 C=BSS      S=.bss     G=DGROUP   M=RichEdit ACBP=A9
 0002:00001030 00000004 C=BSS      S=.bss     G=DGROUP   M=ShlObj   ACBP=A9
 0002:00001034 00000004 C=BSS      S=.bss     G=DGROUP   M=UrlMon   ACBP=A9
 0002:00001038 00000004 C=BSS      S=.bss     G=DGROUP   M=WinInet  ACBP=A9
 0002:0000103C 00000004 C=BSS      S=.bss     G=DGROUP   M=RegStr   ACBP=A9
 0002:00001040 00000004 C=BSS      S=.bss     G=DGROUP   M=ShellAPI ACBP=A9
 0002:00001044 00000004 C=BSS      S=.bss     G=DGROUP   M=CommDlg  ACBP=A9
 0002:00001048 00000004 C=BSS      S=.bss     G=DGROUP   M=Dlgs     ACBP=A9
 0002:0000104C 00000004 C=BSS      S=.bss     G=DGROUP   M=WinSock  ACBP=A9
 0002:00001050 00000004 C=BSS      S=.bss     G=DGROUP   M=NB30     ACBP=A9
 0002:00001054 00000004 C=BSS      S=.bss     G=DGROUP   M=RzTmSchema ACBP=A9
 0002:00001058 00000004 C=BSS      S=.bss     G=DGROUP   M=TLHelp32 ACBP=A9
 0002:0000105C 00000008 C=BSS      S=.bss     G=DGROUP   M=UCMqhCardDef ACBP=A9
 0002:00001064 00000008 C=BSS      S=.bss     G=DGROUP   M=UCMqhCardImp ACBP=A9
 0002:0000106C 00000008 C=BSS      S=.bss     G=DGROUP   M=UKey     ACBP=A9
 0002:00001074 00000008 C=BSS      S=.bss     G=DGROUP   M=USeriPara ACBP=A9
 0002:0000107C 00000008 C=BSS      S=.bss     G=DGROUP   M=UARefineCard ACBP=A9
 0002:00001084 00000008 C=BSS      S=.bss     G=DGROUP   M=UAPatchAccount ACBP=A9
 0002:0000108C 00000008 C=BSS      S=.bss     G=DGROUP   M=UAinAccountByMan ACBP=A9
 0002:00001094 00000008 C=BSS      S=.bss     G=DGROUP   M=UAPASMCardOper ACBP=A9
 0002:0000109C 00000008 C=BSS      S=.bss     G=DGROUP   M=UACardDestory ACBP=A9
 0002:000010A4 00000008 C=BSS      S=.bss     G=DGROUP   M=UACardFreeze ACBP=A9
 0002:000010AC 00000008 C=BSS      S=.bss     G=DGROUP   M=UAAccountQuery ACBP=A9
 0002:000010B4 0000000C C=BSS      S=.bss     G=DGROUP   M=UACardMonyIn ACBP=A9
 0002:000010C0 00000008 C=BSS      S=.bss     G=DGROUP   M=UABadCardM ACBP=A9
 0002:000010C8 00000008 C=BSS      S=.bss     G=DGROUP   M=UATradeReverse ACBP=A9
 0002:000010D0 00000008 C=BSS      S=.bss     G=DGROUP   M=UAReverseConsume ACBP=A9
 0002:000010D8 00000008 C=BSS      S=.bss     G=DGROUP   M=UAaccountTradeQuery ACBP=A9
 0002:000010E0 00000008 C=BSS      S=.bss     G=DGROUP   M=UAReverseSaveMoney ACBP=A9
 0002:000010E8 00000008 C=BSS      S=.bss     G=DGROUP   M=UAReverseOpenCard ACBP=A9
 0002:000010F0 0000000C C=BSS      S=.bss     G=DGROUP   M=UAUpdateCardInfo ACBP=A9
 0002:000010FC 00000008 C=BSS      S=.bss     G=DGROUP   M=UACardLose ACBP=A9
 0002:00001104 00000008 C=BSS      S=.bss     G=DGROUP   M=UAcardLibNotBalance ACBP=A9
 0002:0000110C 00000008 C=BSS      S=.bss     G=DGROUP   M=UAReadPASMCard ACBP=A9
 0002:00001114 00000008 C=BSS      S=.bss     G=DGROUP   M=UACopyKeyCard ACBP=A9
 0002:0000111C 00000008 C=BSS      S=.bss     G=DGROUP   M=UApubPASMCard ACBP=A9
 0002:00001124 00000008 C=BSS      S=.bss     G=DGROUP   M=UAInitCard ACBP=A9
 0002:0000112C 00000008 C=BSS      S=.bss     G=DGROUP   M=UAResetCardPwd ACBP=A9
 0002:00001134 0000000C C=BSS      S=.bss     G=DGROUP   M=UASetCardMony ACBP=A9
 0002:00001140 00000008 C=BSS      S=.bss     G=DGROUP   M=UACPUCollTrade ACBP=A9
 0002:00001148 00000008 C=BSS      S=.bss     G=DGROUP   M=UACardFreezeP ACBP=A9
 0002:00001150 00000008 C=BSS      S=.bss     G=DGROUP   M=UARecycleCard ACBP=A9
 0002:00001158 0000000C C=BSS      S=.bss     G=DGROUP   M=UFeeCardUnLock ACBP=A9
 0002:00001164 0000000C C=BSS      S=.bss     G=DGROUP   M=UMoney   ACBP=A9
 0002:00001170 00000008 C=BSS      S=.bss     G=DGROUP   M=UAcardTradeQuery ACBP=A9
 0002:00001178 00000008 C=BSS      S=.bss     G=DGROUP   M=UASmlPkgInit ACBP=A9


  Address         Publics by Name

 0002:00001050       .1
 0002:00001010       .1
 0002:00001144       .2
 0002:000010A8       .2
 0002:00001060       .2
 0002:000010BC       .2
 0002:000010C4       .2
 0002:000010A0       .2
 0002:000010CC       .2
 0002:0000117C       .2
 0002:0000113C       .2
 0002:000010D4       .2
 0002:00001174       .2
 0002:00001098       .2
 0002:000010DC       .2
 0002:000010E4       .2
 0002:00001090       .2
 0002:000010EC       .2
 0002:00001068       .2
 0002:000010F8       .2
 0002:00001088       .2
 0002:00001070       .2
 0002:00001100       .2
 0002:0000116C       .2
 0002:00001080       .2
 0002:00001108       .2
 0002:00001110       .2
 0002:00001118       .2
 0002:00001120       .2
 0002:00001160       .2
 0002:00001078       .2
 0002:00001130       .2
 0002:00001128       .2
 0002:00001154       .2
 0002:0000114C       .2
 0002:000010B0       .3
 0001:00026A68       @GetPackageInfoTable
 0001:000002F8       @InitPkg
 0001:00026A70       @PackageLoad
 0001:00026A80       @PackageUnload
 0002:000010F4       CardID
 0001:000006DC       Commctrl
 0001:00000CEC       CommDlg
 0001:00026A90       CPUCardUI
 0002:00000028       CurrencyFieldSet
 0001:00000D24       Dlgs
 0002:0000105C       dmCardDef
 0002:00001064       dmCardImp
 0001:00000268       ExitProcessTLS
 0001:00000240       ExitThreadTLS
 0002:00001158       faFeeCardUnlock
 0002:00001074       faMachinePara
 0002:00001164       faMoney
 0002:000010AC       faqhAccountQuery
 0002:000010D8       faqhaccountTradeQuery
 0002:000010C0       faqhCardBad
 0002:0000109C       faqhCardDestory
 0002:000010A4       faqhCardFreeze
 0002:00001148       faqhCardFreezeP
 0002:00001104       faqhcardLibNotBalance
 0002:000010FC       faqhCardLose
 0002:000010B4       faqhCardMonyIn
 0002:00001170       faqhcardTradeQuery
 0002:00001114       faqhCopyKeyCard
 0002:00001140       faqhCPUCollTrade
 0002:0000108C       faqhinAccountByMan
 0002:00001124       faqhInitCard
 0002:0000111C       faqhPASMCard
 0002:00001094       faqhPASMCardOper
 0002:00001084       faqhPatchAccount
 0002:0000110C       faqhReadPASMCard
 0002:000010D0       faqhReverseConsume
 0002:000010E8       faqhReverseOpenCard
 0002:000010E0       faqhReverseSaveMoney
 0002:00001134       faqhSetCardMony
 0002:00001178       faqhSmlPkgInit
 0002:000010C8       faqhTradeReserve
 0002:000010F0       faqhUpdateCardInfo
 0002:00001150       faRecycleCard
 0002:0000107C       faRefineCard
 0002:0000112C       faResetCardPwd
 0001:000174FC       Finalization
 0001:0002480C       Finalization
 0001:0000B140       Finalization
 0001:00014650       Finalization
 0001:000069E4       Finalization
 0001:000137B8       Finalization
 0001:0000D0C0       Finalization
 0001:00012580       Finalization
 0001:0000751C       Finalization
 0001:0000EFEC       Finalization
 0001:00011A00       Finalization
 0001:00025604       Finalization
 0001:00010770       Finalization
 0001:000082D0       Finalization
 0001:000260EC       Finalization
 0001:0000FCAC       Finalization
 0001:00005994       Finalization
 0001:0000035C       Finalization
 0001:00018758       Finalization
 0001:00000394       Finalization
 0001:00004CBC       Finalization
 0001:00019190       Finalization
 0001:00019B18       Finalization
 0001:00022D34       Finalization
 0001:0001A35C       Finalization
 0001:000003DC       Finalization
 0001:0001B0B0       Finalization
 0001:000006AC       Finalization
 0001:000008D4       Finalization
 0001:00002740       Finalization
 0001:0001BBDC       Finalization
 0001:0001C84C       Finalization
 0001:0000098C       Finalization
 0001:0000C460       Finalization
 0001:0000206C       Finalization
 0001:00000B2C       Finalization
 0001:00001BA4       Finalization
 0001:000216E4       Finalization
 0001:0001E3A8       Finalization
 0001:000015BC       Finalization
 0001:000011F4       Finalization
 0001:00000BA4       Finalization
 0001:00000F34       Finalization
 0001:00000BDC       Finalization
 0001:0001F1C8       Finalization
 0001:00000EFC       Finalization
 0001:00000CF4       Finalization
 0001:00000CBC       Finalization
 0001:00000C84       Finalization
 0001:00000C14       Finalization
 0001:00000C4C       Finalization
 0001:00020BE4       Finalization
 0001:00000188       FreeLibrary
 0002:0000106C       frmKey
 0001:00000190       GetModuleFileName
 0002:0000100C       HInstance
 0001:00000904       Imm
 0001:0000028C       InitializeModule
 0001:00000218       InitProcessTLS
 0001:000001C8       InitThreadTLS
 0001:00000198       LocalAlloc
 0001:000001A0       LocalFree
 0001:000003C4       Messages
 0002:00000000       Module
 0002:00001000       ModuleIsLib
 0002:00001001       ModuleIsPackage
 0001:00000F64       NB30
 0002:00001138       OldMoney
 0002:00001168       OldMoney
 0002:0000115C       OldMoney
 0002:000010B8       OldMoney
 0001:00000C7C       RegStr
 0001:00000B5C       RichEdit
 0001:00001224       RzTmSchema
 0001:000150B4       setCardBalance
 0001:00000CB4       ShellAPI
 0001:00000BD4       ShlObj
 0001:000003CC       Sleep
 0001:0000038C       SysInit
 0001:00022198       TfaFeeCardUnlock.btnMoneyOutClick
 0001:00021BFC       TfaFeeCardUnlock.btnReadCardInfoClick
 0001:00021B30       TfaFeeCardUnlock.Init
 0001:00022A5C       TfaFeeCardUnlock.writeSuccess
 0001:00004814       TfaMachinePara.btnCancelClick
 0001:00003530       TfaMachinePara.btnCloseClick
 0001:00004900       TfaMachinePara.btnKeyClick
 0001:00002FB8       TfaMachinePara.btnOKClick
 0001:000034D4       TfaMachinePara.btnOpenClick
 0001:00003C30       TfaMachinePara.btnReadCardClick
 0001:00004AB8       TfaMachinePara.btnSetPasmClick
 0001:00003B74       TfaMachinePara.CloseFormINI
 0001:00002FC0       TfaMachinePara.Init
 0001:0000481C       TfaMachinePara.initCardInfoPosi
 0001:000037E8       TfaMachinePara.OPenFormINI
 0001:0000358C       TfaMachinePara.SaveToINI
 0001:00023798       TfaMoney.btnMoneyOutClick
 0001:00023298       TfaMoney.btnReadCardInfoClick
 0001:000231CC       TfaMoney.Init
 0001:00024420       TfaMoney.printDestVoucher
 0001:000240A0       TfaMoney.writeSuccess
 0001:0000D0B8       TfaqhAccountQuery.btnPhotoClick
 0001:0000CAF8       TfaqhAccountQuery.btnQueryClick
 0001:0000CC6C       TfaqhAccountQuery.btnReadCardClick
 0001:0000CD4C       TfaqhAccountQuery.getPhoto
 0001:0000CA18       TfaqhAccountQuery.Init
 0001:0000CAE8       TfaqhAccountQuery.WorkViewFieldsMonitors0ValueChanged
 0001:00011EDC       TfaqhaccountTradeQuery.btnQueryClick
 0001:000124A0       TfaqhaccountTradeQuery.btnReadCardClick
 0001:00011E98       TfaqhaccountTradeQuery.Init
 0001:00011ECC       TfaqhaccountTradeQuery.WorkViewFieldsMonitors0ValueChanged
 0001:0000F720       TfaqhCardBad.btnDeleteClick
 0001:0000FB94       TfaqhCardBad.btnEditClick
 0001:0000F60C       TfaqhCardBad.btnLoseClick
 0001:0000F548       TfaqhCardBad.btnQueryClick
 0001:0000F530       TfaqhCardBad.Init
 0001:0000F750       TfaqhCardBad.recordOper
 0001:0000F538       TfaqhCardBad.WorkViewFieldsMonitors0ValueChanged
 0001:00008C88       TfaqhCardDestory.btnQueryClick
 0001:00009B40       TfaqhCardDestory.btnReadCardNoClick
 0001:00008D88       TfaqhCardDestory.btnRenewCardClick
 0001:00009FC0       TfaqhCardDestory.btnReturnSmlBagClick
 0001:00009C50       TfaqhCardDestory.GridCellClick
 0001:00008BA8       TfaqhCardDestory.Init
 0001:0000AD84       TfaqhCardDestory.printDestVoucher
 0001:00009E44       TfaqhCardDestory.readSmlPacket
 0001:00008C78       TfaqhCardDestory.WorkViewFieldsMonitors0ValueChanged
 0001:0000B7B4       TfaqhCardFreeze.btnFreezeClick
 0001:0000C350       TfaqhCardFreeze.btnPatchOperClick
 0001:0000B6F0       TfaqhCardFreeze.btnQueryClick
 0001:0000BB8C       TfaqhCardFreeze.btnUnFreezeClick
 0001:0000B674       TfaqhCardFreeze.Init
 0001:0000B6E0       TfaqhCardFreeze.WorkViewFieldsMonitors0ValueChanged
 0001:000204C0       TfaqhCardFreezeP.btnClearClick
 0001:00020B64       TfaqhCardFreezeP.btnExprotClick
 0001:00020554       TfaqhCardFreezeP.btnImportQueryClick
 0001:0001F9B8       TfaqhCardFreezeP.btnPatchOperClick
 0001:0001F8E8       TfaqhCardFreezeP.btnQueryClick
 0001:00020358       TfaqhCardFreezeP.btnSelectFileClick
 0001:000201B4       TfaqhCardFreezeP.checkListViewSelect
 0001:000202B0       TfaqhCardFreezeP.chkSelectClick
 0001:000201F8       TfaqhCardFreezeP.clearListView
 0001:0001FEE0       TfaqhCardFreezeP.fillList
 0001:00020228       TfaqhCardFreezeP.findIndexLV
 0001:0001F86C       TfaqhCardFreezeP.Init
 0001:00020AC8       TfaqhCardFreezeP.iniWV
 0001:0001F8D8       TfaqhCardFreezeP.WorkViewFieldsMonitors0ValueChanged
 0001:00018E0C       TfaqhcardLibNotBalance.btnBalanceClick
 0001:00018B90       TfaqhcardLibNotBalance.btnQueryClick
 0001:00018B78       TfaqhcardLibNotBalance.Init
 0001:00018B80       TfaqhcardLibNotBalance.WorkViewFieldsMonitors0ValueChanged
 0001:00017B0C       TfaqhCardLose.btnLoseClick
 0001:00017A48       TfaqhCardLose.btnQueryClick
 0001:00018648       TfaqhCardLose.btnReadCardNoClick
 0001:00017F78       TfaqhCardLose.btnUnLoseClick
 0001:00017A30       TfaqhCardLose.Init
 0001:00017A38       TfaqhCardLose.WorkViewFieldsMonitors0ValueChanged
 0001:0000D700       TfaqhCardMonyIn.btnMoneyInClick
 0001:0000E8BC       TfaqhCardMonyIn.btnReadCardInfoClick
 0001:0000E23C       TfaqhCardMonyIn.cbbTypeChange
 0001:0000EB00       TfaqhCardMonyIn.cbbTypeKeyDown
 0001:0000EB40       TfaqhCardMonyIn.edtmoneyKeyDown
 0001:0000D60C       TfaqhCardMonyIn.Init
 0001:0000E2F0       TfaqhCardMonyIn.readCardInfo
 0001:0000EC3C       TfaqhCardMonyIn.writeSuccess
 0001:0000E294       TfaqhCardMonyIn.WVEdit6KeyPress
 0001:00024D28       TfaqhcardTradeQuery.btnQueryClick
 0001:00025520       TfaqhcardTradeQuery.btnReadCardClick
 0001:00024CF4       TfaqhcardTradeQuery.Init
 0001:00019FF8       TfaqhCopyKeyCard.btnPubAuthClick
 0001:00019E20       TfaqhCopyKeyCard.btnReadClick
 0001:00019E18       TfaqhCopyKeyCard.Init
 0001:0001EAF4       TfaqhCPUCollTrade.btnClearClick
 0001:0001E6DC       TfaqhCPUCollTrade.btnQueryClick
 0001:0001EC34       TfaqhCPUCollTrade.btnUpLoadClick
 0001:0001EB8C       TfaqhCPUCollTrade.chkSelectAllClick
 0001:0001E6D4       TfaqhCPUCollTrade.Init
 0001:00006DF0       TfaqhinAccountByMan.btnQueryClick
 0001:00007370       TfaqhinAccountByMan.edtDNOExit
 0001:000071C4       TfaqhinAccountByMan.edtJNoExit
 0001:00006DB0       TfaqhinAccountByMan.Init
 0001:00006DEC       TfaqhinAccountByMan.WorkViewFieldsMonitors0ValueChanged
 0001:0001B53C       TfaqhInitCard.btnIniCardClick
 0001:0001BAC0       TfaqhInitCard.edtLengthChange
 0001:0001BAB0       TfaqhInitCard.edtShowCardNoKeyPress
 0001:0001B454       TfaqhInitCard.getIncCardNo
 0001:0001B3D4       TfaqhInitCard.Init
 0001:0001A760       TfaqhPASMCard.btnPubAuthClick
 0001:0001A6A4       TfaqhPASMCard.Init
 0001:00007D18       TfaqhPASMCardOper.btnpasmEditClick
 0001:0000797C       TfaqhPASMCardOper.btnQueryClick
 0001:00008184       TfaqhPASMCardOper.btnReadCardClick
 0001:00007AA8       TfaqhPASMCardOper.btnReturnClick
 0001:0000794C       TfaqhPASMCardOper.Init
 0001:0000606C       TfaqhPatchAccount.btnPrintClick
 0001:00005F7C       TfaqhPatchAccount.btnQueryClick
 0001:00005E74       TfaqhPatchAccount.Init
 0001:00005F78       TfaqhPatchAccount.WorkViewFieldsMonitors0ValueChanged
 0001:000069E0       TfaqhPatchAccount.WVRPatchAccountBeforeExec
 0001:000195B0       TfaqhReadPASMCard.btnReadPASMClick
 0001:00019864       TfaqhReadPASMCard.btnSaveLibClick
 0001:000195A8       TfaqhReadPASMCard.Init
 0001:00010D34       TfaqhReverseConsume.btnQueryClick
 0001:0001191C       TfaqhReverseConsume.btnReadCardClick
 0001:00010E74       TfaqhReverseConsume.btnReverseClick
 0001:00010C4C       TfaqhReverseConsume.Init
 0001:00010D24       TfaqhReverseConsume.WorkViewFieldsMonitors0ValueChanged
 0001:00013D7C       TfaqhReverseOpenCard.btnQueryClick
 0001:0001456C       TfaqhReverseOpenCard.btnReadCardClick
 0001:00013EBC       TfaqhReverseOpenCard.btnReverseClick
 0001:00013C94       TfaqhReverseOpenCard.Init
 0001:00013CC8       TfaqhReverseOpenCard.WorkViewFieldsMonitors0ValueChanged
 0001:00012B58       TfaqhReverseSaveMoney.btnQueryClick
 0001:000136D4       TfaqhReverseSaveMoney.btnReadCardClick
 0001:00012C98       TfaqhReverseSaveMoney.btnReverseClick
 0001:00012A70       TfaqhReverseSaveMoney.Init
 0001:00012B48       TfaqhReverseSaveMoney.WorkViewFieldsMonitors0ValueChanged
 0001:0001CEB8       TfaqhSetCardMony.btnMoneyInClick
 0001:0001DF64       TfaqhSetCardMony.btnReadCardInfoClick
 0001:0001E1E4       TfaqhSetCardMony.calcMoney
 0001:0001E1D4       TfaqhSetCardMony.edtMoneyChange
 0001:0001DFD4       TfaqhSetCardMony.edtmoneyKeyDown
 0001:0001CDEC       TfaqhSetCardMony.Init
 0001:0001D9B4       TfaqhSetCardMony.readCardInfo
 0001:0001E1DC       TfaqhSetCardMony.rgDirectionClick
 0001:0001E0D4       TfaqhSetCardMony.writeSuccess
 0001:00025920       TfaqhSmlPkgInit.btnReadCardClick
 0001:00025904       TfaqhSmlPkgInit.Init
 0001:00025FD8       TfaqhSmlPkgInit.initSmlBag
 0001:00010194       TfaqhTradeReserve.btnQueryClick
 0001:000102D4       TfaqhTradeReserve.btnReservedClick
 0001:00010150       TfaqhTradeReserve.Init
 0001:0001074C       TfaqhTradeReserve.reserveFinish
 0001:00010380       TfaqhTradeReserve.tradeReserver
 0001:00010184       TfaqhTradeReserve.WorkViewFieldsMonitors0ValueChanged
 0001:00015170       TfaqhUpdateCardInfo.btnOKClick
 0001:00016364       TfaqhUpdateCardInfo.btnReadCardQueryClick
 0001:00017164       TfaqhUpdateCardInfo.cbbRTypeChange
 0001:000170B4       TfaqhUpdateCardInfo.clearEdt
 0001:00016B48       TfaqhUpdateCardInfo.edtEnabledT
 0001:00017150       TfaqhUpdateCardInfo.edtShowCardNoKeyPress
 0001:00017288       TfaqhUpdateCardInfo.getPhoto
 0001:00014F24       TfaqhUpdateCardInfo.Init
 0001:00016654       TfaqhUpdateCardInfo.readCardInfo
 0001:00016B5C       TfaqhUpdateCardInfo.resultQuery
 0001:00020F44       TfaRecycleCard.btnRecycleClick
 0001:0002115C       TfaRecycleCard.cardZero
 0001:00020E98       TfaRecycleCard.Init
 0001:00005048       TfaRefineCard.btnRecycleClick
 0001:0000540C       TfaRefineCard.cardZero
 0001:00004F9C       TfaRefineCard.Init
 0001:0001C334       TfaResetCardPwd.btnEdPwdClick
 0001:0001BFD4       TfaResetCardPwd.btnReadCardInfoClick
 0001:0001C2D4       TfaResetCardPwd.ClearPassWord
 0001:0001BFCC       TfaResetCardPwd.Init
 0001:0001C2F4       TfaResetCardPwd.WVEdit2KeyDown
 0001:0001C314       TfaResetCardPwd.WVEdit3KeyDown
 0001:00002728       TfrmKey.btnCancleClick
 0001:00002688       TfrmKey.btnOkClick
 0001:00002610       TfrmKey.getPwd
 0001:00002628       TfrmKey.setPwd
 0001:000015EC       TLHelp32
 0001:000001A8       TlsAlloc
 0002:00001014       TlsBuffer
 0001:000001B0       TlsFree
 0001:000001B8       TlsGetValue
 0002:00001004       TlsIndex
 0002:FFBB5000       TlsLast
 0002:00000018       TlsProc
 0001:000001C0       TlsSetValue
 0001:0000D108       UAAccountQuery
 0001:000125B0       UAaccountTradeQuery
 0001:0000FCDC       UABadCardM
 0001:0000B170       UACardDestory
 0001:0000C490       UACardFreeze
 0001:00020C14       UACardFreezeP
 0001:000191C0       UAcardLibNotBalance
 0001:00018788       UACardLose
 0001:0000F028       UACardMonyIn
 0001:00025634       UAcardTradeQuery
 0001:0001A38C       UACopyKeyCard
 0001:0001F1F8       UACPUCollTrade
 0001:0000754C       UAinAccountByMan
 0001:0001BC0C       UAInitCard
 0001:00008300       UAPASMCardOper
 0001:00006A14       UAPatchAccount
 0001:0001B0E0       UApubPASMCard
 0001:00019B48       UAReadPASMCard
 0001:00021714       UARecycleCard
 0001:000059C4       UARefineCard
 0001:0001C87C       UAResetCardPwd
 0001:00011A30       UAReverseConsume
 0001:00014680       UAReverseOpenCard
 0001:000137E8       UAReverseSaveMoney
 0001:0001E3E4       UASetCardMony
 0001:0002611C       UASmlPkgInit
 0001:000107A0       UATradeReverse
 0001:00017538       UAUpdateCardInfo
 0001:00001BD4       UCMqhCardDef
 0001:0000209C       UCMqhCardImp
 0001:00022D70       UFeeCardUnLock
 0001:00002770       UKey
 0001:00024848       UMoney
 0001:000002D8       UninitializeModule
 0001:00000C0C       UrlMon
 0001:00004CEC       USeriPara
 0001:0000040C       Windows
 0001:00000C44       WinInet
 0001:00000F2C       WinSock
 0001:000009BC       WinSpool
 0001:000003D4       ZeroMemory


  Address         Publics by Value

 0002:FFBB5000       TlsLast
 0001:00000188       FreeLibrary
 0001:00000190       GetModuleFileName
 0001:00000198       LocalAlloc
 0001:000001A0       LocalFree
 0001:000001A8       TlsAlloc
 0001:000001B0       TlsFree
 0001:000001B8       TlsGetValue
 0001:000001C0       TlsSetValue
 0001:000001C8       InitThreadTLS
 0001:00000218       InitProcessTLS
 0001:00000240       ExitThreadTLS
 0001:00000268       ExitProcessTLS
 0001:0000028C       InitializeModule
 0001:000002D8       UninitializeModule
 0001:000002F8       @InitPkg
 0001:0000035C       Finalization
 0001:0000038C       SysInit
 0001:00000394       Finalization
 0001:000003C4       Messages
 0001:000003CC       Sleep
 0001:000003D4       ZeroMemory
 0001:000003DC       Finalization
 0001:0000040C       Windows
 0001:000006AC       Finalization
 0001:000006DC       Commctrl
 0001:000008D4       Finalization
 0001:00000904       Imm
 0001:0000098C       Finalization
 0001:000009BC       WinSpool
 0001:00000B2C       Finalization
 0001:00000B5C       RichEdit
 0001:00000BA4       Finalization
 0001:00000BD4       ShlObj
 0001:00000BDC       Finalization
 0001:00000C0C       UrlMon
 0001:00000C14       Finalization
 0001:00000C44       WinInet
 0001:00000C4C       Finalization
 0001:00000C7C       RegStr
 0001:00000C84       Finalization
 0001:00000CB4       ShellAPI
 0001:00000CBC       Finalization
 0001:00000CEC       CommDlg
 0001:00000CF4       Finalization
 0001:00000D24       Dlgs
 0001:00000EFC       Finalization
 0001:00000F2C       WinSock
 0001:00000F34       Finalization
 0001:00000F64       NB30
 0001:000011F4       Finalization
 0001:00001224       RzTmSchema
 0001:000015BC       Finalization
 0001:000015EC       TLHelp32
 0001:00001BA4       Finalization
 0001:00001BD4       UCMqhCardDef
 0001:0000206C       Finalization
 0001:0000209C       UCMqhCardImp
 0001:00002610       TfrmKey.getPwd
 0001:00002628       TfrmKey.setPwd
 0001:00002688       TfrmKey.btnOkClick
 0001:00002728       TfrmKey.btnCancleClick
 0001:00002740       Finalization
 0001:00002770       UKey
 0001:00002FB8       TfaMachinePara.btnOKClick
 0001:00002FC0       TfaMachinePara.Init
 0001:000034D4       TfaMachinePara.btnOpenClick
 0001:00003530       TfaMachinePara.btnCloseClick
 0001:0000358C       TfaMachinePara.SaveToINI
 0001:000037E8       TfaMachinePara.OPenFormINI
 0001:00003B74       TfaMachinePara.CloseFormINI
 0001:00003C30       TfaMachinePara.btnReadCardClick
 0001:00004814       TfaMachinePara.btnCancelClick
 0001:0000481C       TfaMachinePara.initCardInfoPosi
 0001:00004900       TfaMachinePara.btnKeyClick
 0001:00004AB8       TfaMachinePara.btnSetPasmClick
 0001:00004CBC       Finalization
 0001:00004CEC       USeriPara
 0001:00004F9C       TfaRefineCard.Init
 0001:00005048       TfaRefineCard.btnRecycleClick
 0001:0000540C       TfaRefineCard.cardZero
 0001:00005994       Finalization
 0001:000059C4       UARefineCard
 0001:00005E74       TfaqhPatchAccount.Init
 0001:00005F78       TfaqhPatchAccount.WorkViewFieldsMonitors0ValueChanged
 0001:00005F7C       TfaqhPatchAccount.btnQueryClick
 0001:0000606C       TfaqhPatchAccount.btnPrintClick
 0001:000069E0       TfaqhPatchAccount.WVRPatchAccountBeforeExec
 0001:000069E4       Finalization
 0001:00006A14       UAPatchAccount
 0001:00006DB0       TfaqhinAccountByMan.Init
 0001:00006DEC       TfaqhinAccountByMan.WorkViewFieldsMonitors0ValueChanged
 0001:00006DF0       TfaqhinAccountByMan.btnQueryClick
 0001:000071C4       TfaqhinAccountByMan.edtJNoExit
 0001:00007370       TfaqhinAccountByMan.edtDNOExit
 0001:0000751C       Finalization
 0001:0000754C       UAinAccountByMan
 0001:0000794C       TfaqhPASMCardOper.Init
 0001:0000797C       TfaqhPASMCardOper.btnQueryClick
 0001:00007AA8       TfaqhPASMCardOper.btnReturnClick
 0001:00007D18       TfaqhPASMCardOper.btnpasmEditClick
 0001:00008184       TfaqhPASMCardOper.btnReadCardClick
 0001:000082D0       Finalization
 0001:00008300       UAPASMCardOper
 0001:00008BA8       TfaqhCardDestory.Init
 0001:00008C78       TfaqhCardDestory.WorkViewFieldsMonitors0ValueChanged
 0001:00008C88       TfaqhCardDestory.btnQueryClick
 0001:00008D88       TfaqhCardDestory.btnRenewCardClick
 0001:00009B40       TfaqhCardDestory.btnReadCardNoClick
 0001:00009C50       TfaqhCardDestory.GridCellClick
 0001:00009E44       TfaqhCardDestory.readSmlPacket
 0001:00009FC0       TfaqhCardDestory.btnReturnSmlBagClick
 0001:0000AD84       TfaqhCardDestory.printDestVoucher
 0001:0000B140       Finalization
 0001:0000B170       UACardDestory
 0001:0000B674       TfaqhCardFreeze.Init
 0001:0000B6E0       TfaqhCardFreeze.WorkViewFieldsMonitors0ValueChanged
 0001:0000B6F0       TfaqhCardFreeze.btnQueryClick
 0001:0000B7B4       TfaqhCardFreeze.btnFreezeClick
 0001:0000BB8C       TfaqhCardFreeze.btnUnFreezeClick
 0001:0000C350       TfaqhCardFreeze.btnPatchOperClick
 0001:0000C460       Finalization
 0001:0000C490       UACardFreeze
 0001:0000CA18       TfaqhAccountQuery.Init
 0001:0000CAE8       TfaqhAccountQuery.WorkViewFieldsMonitors0ValueChanged
 0001:0000CAF8       TfaqhAccountQuery.btnQueryClick
 0001:0000CC6C       TfaqhAccountQuery.btnReadCardClick
 0001:0000CD4C       TfaqhAccountQuery.getPhoto
 0001:0000D0B8       TfaqhAccountQuery.btnPhotoClick
 0001:0000D0C0       Finalization
 0001:0000D108       UAAccountQuery
 0001:0000D60C       TfaqhCardMonyIn.Init
 0001:0000D700       TfaqhCardMonyIn.btnMoneyInClick
 0001:0000E23C       TfaqhCardMonyIn.cbbTypeChange
 0001:0000E294       TfaqhCardMonyIn.WVEdit6KeyPress
 0001:0000E2F0       TfaqhCardMonyIn.readCardInfo
 0001:0000E8BC       TfaqhCardMonyIn.btnReadCardInfoClick
 0001:0000EB00       TfaqhCardMonyIn.cbbTypeKeyDown
 0001:0000EB40       TfaqhCardMonyIn.edtmoneyKeyDown
 0001:0000EC3C       TfaqhCardMonyIn.writeSuccess
 0001:0000EFEC       Finalization
 0001:0000F028       UACardMonyIn
 0001:0000F530       TfaqhCardBad.Init
 0001:0000F538       TfaqhCardBad.WorkViewFieldsMonitors0ValueChanged
 0001:0000F548       TfaqhCardBad.btnQueryClick
 0001:0000F60C       TfaqhCardBad.btnLoseClick
 0001:0000F720       TfaqhCardBad.btnDeleteClick
 0001:0000F750       TfaqhCardBad.recordOper
 0001:0000FB94       TfaqhCardBad.btnEditClick
 0001:0000FCAC       Finalization
 0001:0000FCDC       UABadCardM
 0001:00010150       TfaqhTradeReserve.Init
 0001:00010184       TfaqhTradeReserve.WorkViewFieldsMonitors0ValueChanged
 0001:00010194       TfaqhTradeReserve.btnQueryClick
 0001:000102D4       TfaqhTradeReserve.btnReservedClick
 0001:00010380       TfaqhTradeReserve.tradeReserver
 0001:0001074C       TfaqhTradeReserve.reserveFinish
 0001:00010770       Finalization
 0001:000107A0       UATradeReverse
 0001:00010C4C       TfaqhReverseConsume.Init
 0001:00010D24       TfaqhReverseConsume.WorkViewFieldsMonitors0ValueChanged
 0001:00010D34       TfaqhReverseConsume.btnQueryClick
 0001:00010E74       TfaqhReverseConsume.btnReverseClick
 0001:0001191C       TfaqhReverseConsume.btnReadCardClick
 0001:00011A00       Finalization
 0001:00011A30       UAReverseConsume
 0001:00011E98       TfaqhaccountTradeQuery.Init
 0001:00011ECC       TfaqhaccountTradeQuery.WorkViewFieldsMonitors0ValueChanged
 0001:00011EDC       TfaqhaccountTradeQuery.btnQueryClick
 0001:000124A0       TfaqhaccountTradeQuery.btnReadCardClick
 0001:00012580       Finalization
 0001:000125B0       UAaccountTradeQuery
 0001:00012A70       TfaqhReverseSaveMoney.Init
 0001:00012B48       TfaqhReverseSaveMoney.WorkViewFieldsMonitors0ValueChanged
 0001:00012B58       TfaqhReverseSaveMoney.btnQueryClick
 0001:00012C98       TfaqhReverseSaveMoney.btnReverseClick
 0001:000136D4       TfaqhReverseSaveMoney.btnReadCardClick
 0001:000137B8       Finalization
 0001:000137E8       UAReverseSaveMoney
 0001:00013C94       TfaqhReverseOpenCard.Init
 0001:00013CC8       TfaqhReverseOpenCard.WorkViewFieldsMonitors0ValueChanged
 0001:00013D7C       TfaqhReverseOpenCard.btnQueryClick
 0001:00013EBC       TfaqhReverseOpenCard.btnReverseClick
 0001:0001456C       TfaqhReverseOpenCard.btnReadCardClick
 0001:00014650       Finalization
 0001:00014680       UAReverseOpenCard
 0001:00014F24       TfaqhUpdateCardInfo.Init
 0001:000150B4       setCardBalance
 0001:00015170       TfaqhUpdateCardInfo.btnOKClick
 0001:00016364       TfaqhUpdateCardInfo.btnReadCardQueryClick
 0001:00016654       TfaqhUpdateCardInfo.readCardInfo
 0001:00016B48       TfaqhUpdateCardInfo.edtEnabledT
 0001:00016B5C       TfaqhUpdateCardInfo.resultQuery
 0001:000170B4       TfaqhUpdateCardInfo.clearEdt
 0001:00017150       TfaqhUpdateCardInfo.edtShowCardNoKeyPress
 0001:00017164       TfaqhUpdateCardInfo.cbbRTypeChange
 0001:00017288       TfaqhUpdateCardInfo.getPhoto
 0001:000174FC       Finalization
 0001:00017538       UAUpdateCardInfo
 0001:00017A30       TfaqhCardLose.Init
 0001:00017A38       TfaqhCardLose.WorkViewFieldsMonitors0ValueChanged
 0001:00017A48       TfaqhCardLose.btnQueryClick
 0001:00017B0C       TfaqhCardLose.btnLoseClick
 0001:00017F78       TfaqhCardLose.btnUnLoseClick
 0001:00018648       TfaqhCardLose.btnReadCardNoClick
 0001:00018758       Finalization
 0001:00018788       UACardLose
 0001:00018B78       TfaqhcardLibNotBalance.Init
 0001:00018B80       TfaqhcardLibNotBalance.WorkViewFieldsMonitors0ValueChanged
 0001:00018B90       TfaqhcardLibNotBalance.btnQueryClick
 0001:00018E0C       TfaqhcardLibNotBalance.btnBalanceClick
 0001:00019190       Finalization
 0001:000191C0       UAcardLibNotBalance
 0001:000195A8       TfaqhReadPASMCard.Init
 0001:000195B0       TfaqhReadPASMCard.btnReadPASMClick
 0001:00019864       TfaqhReadPASMCard.btnSaveLibClick
 0001:00019B18       Finalization
 0001:00019B48       UAReadPASMCard
 0001:00019E18       TfaqhCopyKeyCard.Init
 0001:00019E20       TfaqhCopyKeyCard.btnReadClick
 0001:00019FF8       TfaqhCopyKeyCard.btnPubAuthClick
 0001:0001A35C       Finalization
 0001:0001A38C       UACopyKeyCard
 0001:0001A6A4       TfaqhPASMCard.Init
 0001:0001A760       TfaqhPASMCard.btnPubAuthClick
 0001:0001B0B0       Finalization
 0001:0001B0E0       UApubPASMCard
 0001:0001B3D4       TfaqhInitCard.Init
 0001:0001B454       TfaqhInitCard.getIncCardNo
 0001:0001B53C       TfaqhInitCard.btnIniCardClick
 0001:0001BAB0       TfaqhInitCard.edtShowCardNoKeyPress
 0001:0001BAC0       TfaqhInitCard.edtLengthChange
 0001:0001BBDC       Finalization
 0001:0001BC0C       UAInitCard
 0001:0001BFCC       TfaResetCardPwd.Init
 0001:0001BFD4       TfaResetCardPwd.btnReadCardInfoClick
 0001:0001C2D4       TfaResetCardPwd.ClearPassWord
 0001:0001C2F4       TfaResetCardPwd.WVEdit2KeyDown
 0001:0001C314       TfaResetCardPwd.WVEdit3KeyDown
 0001:0001C334       TfaResetCardPwd.btnEdPwdClick
 0001:0001C84C       Finalization
 0001:0001C87C       UAResetCardPwd
 0001:0001CDEC       TfaqhSetCardMony.Init
 0001:0001CEB8       TfaqhSetCardMony.btnMoneyInClick
 0001:0001D9B4       TfaqhSetCardMony.readCardInfo
 0001:0001DF64       TfaqhSetCardMony.btnReadCardInfoClick
 0001:0001DFD4       TfaqhSetCardMony.edtmoneyKeyDown
 0001:0001E0D4       TfaqhSetCardMony.writeSuccess
 0001:0001E1D4       TfaqhSetCardMony.edtMoneyChange
 0001:0001E1DC       TfaqhSetCardMony.rgDirectionClick
 0001:0001E1E4       TfaqhSetCardMony.calcMoney
 0001:0001E3A8       Finalization
 0001:0001E3E4       UASetCardMony
 0001:0001E6D4       TfaqhCPUCollTrade.Init
 0001:0001E6DC       TfaqhCPUCollTrade.btnQueryClick
 0001:0001EAF4       TfaqhCPUCollTrade.btnClearClick
 0001:0001EB8C       TfaqhCPUCollTrade.chkSelectAllClick
 0001:0001EC34       TfaqhCPUCollTrade.btnUpLoadClick
 0001:0001F1C8       Finalization
 0001:0001F1F8       UACPUCollTrade
 0001:0001F86C       TfaqhCardFreezeP.Init
 0001:0001F8D8       TfaqhCardFreezeP.WorkViewFieldsMonitors0ValueChanged
 0001:0001F8E8       TfaqhCardFreezeP.btnQueryClick
 0001:0001F9B8       TfaqhCardFreezeP.btnPatchOperClick
 0001:0001FEE0       TfaqhCardFreezeP.fillList
 0001:000201B4       TfaqhCardFreezeP.checkListViewSelect
 0001:000201F8       TfaqhCardFreezeP.clearListView
 0001:00020228       TfaqhCardFreezeP.findIndexLV
 0001:000202B0       TfaqhCardFreezeP.chkSelectClick
 0001:00020358       TfaqhCardFreezeP.btnSelectFileClick
 0001:000204C0       TfaqhCardFreezeP.btnClearClick
 0001:00020554       TfaqhCardFreezeP.btnImportQueryClick
 0001:00020AC8       TfaqhCardFreezeP.iniWV
 0001:00020B64       TfaqhCardFreezeP.btnExprotClick
 0001:00020BE4       Finalization
 0001:00020C14       UACardFreezeP
 0001:00020E98       TfaRecycleCard.Init
 0001:00020F44       TfaRecycleCard.btnRecycleClick
 0001:0002115C       TfaRecycleCard.cardZero
 0001:000216E4       Finalization
 0001:00021714       UARecycleCard
 0001:00021B30       TfaFeeCardUnlock.Init
 0001:00021BFC       TfaFeeCardUnlock.btnReadCardInfoClick
 0001:00022198       TfaFeeCardUnlock.btnMoneyOutClick
 0001:00022A5C       TfaFeeCardUnlock.writeSuccess
 0001:00022D34       Finalization
 0001:00022D70       UFeeCardUnLock
 0001:000231CC       TfaMoney.Init
 0001:00023298       TfaMoney.btnReadCardInfoClick
 0001:00023798       TfaMoney.btnMoneyOutClick
 0001:000240A0       TfaMoney.writeSuccess
 0001:00024420       TfaMoney.printDestVoucher
 0001:0002480C       Finalization
 0001:00024848       UMoney
 0001:00024CF4       TfaqhcardTradeQuery.Init
 0001:00024D28       TfaqhcardTradeQuery.btnQueryClick
 0001:00025520       TfaqhcardTradeQuery.btnReadCardClick
 0001:00025604       Finalization
 0001:00025634       UAcardTradeQuery
 0001:00025904       TfaqhSmlPkgInit.Init
 0001:00025920       TfaqhSmlPkgInit.btnReadCardClick
 0001:00025FD8       TfaqhSmlPkgInit.initSmlBag
 0001:000260EC       Finalization
 0001:0002611C       UASmlPkgInit
 0001:00026A68       @GetPackageInfoTable
 0001:00026A70       @PackageLoad
 0001:00026A80       @PackageUnload
 0001:00026A90       CPUCardUI
 0002:00000000       Module
 0002:00000018       TlsProc
 0002:00000028       CurrencyFieldSet
 0002:00001000       ModuleIsLib
 0002:00001001       ModuleIsPackage
 0002:00001004       TlsIndex
 0002:0000100C       HInstance
 0002:00001010       .1
 0002:00001014       TlsBuffer
 0002:00001050       .1
 0002:0000105C       dmCardDef
 0002:00001060       .2
 0002:00001064       dmCardImp
 0002:00001068       .2
 0002:0000106C       frmKey
 0002:00001070       .2
 0002:00001074       faMachinePara
 0002:00001078       .2
 0002:0000107C       faRefineCard
 0002:00001080       .2
 0002:00001084       faqhPatchAccount
 0002:00001088       .2
 0002:0000108C       faqhinAccountByMan
 0002:00001090       .2
 0002:00001094       faqhPASMCardOper
 0002:00001098       .2
 0002:0000109C       faqhCardDestory
 0002:000010A0       .2
 0002:000010A4       faqhCardFreeze
 0002:000010A8       .2
 0002:000010AC       faqhAccountQuery
 0002:000010B0       .3
 0002:000010B4       faqhCardMonyIn
 0002:000010B8       OldMoney
 0002:000010BC       .2
 0002:000010C0       faqhCardBad
 0002:000010C4       .2
 0002:000010C8       faqhTradeReserve
 0002:000010CC       .2
 0002:000010D0       faqhReverseConsume
 0002:000010D4       .2
 0002:000010D8       faqhaccountTradeQuery
 0002:000010DC       .2
 0002:000010E0       faqhReverseSaveMoney
 0002:000010E4       .2
 0002:000010E8       faqhReverseOpenCard
 0002:000010EC       .2
 0002:000010F0       faqhUpdateCardInfo
 0002:000010F4       CardID
 0002:000010F8       .2
 0002:000010FC       faqhCardLose
 0002:00001100       .2
 0002:00001104       faqhcardLibNotBalance
 0002:00001108       .2
 0002:0000110C       faqhReadPASMCard
 0002:00001110       .2
 0002:00001114       faqhCopyKeyCard
 0002:00001118       .2
 0002:0000111C       faqhPASMCard
 0002:00001120       .2
 0002:00001124       faqhInitCard
 0002:00001128       .2
 0002:0000112C       faResetCardPwd
 0002:00001130       .2
 0002:00001134       faqhSetCardMony
 0002:00001138       OldMoney
 0002:0000113C       .2
 0002:00001140       faqhCPUCollTrade
 0002:00001144       .2
 0002:00001148       faqhCardFreezeP
 0002:0000114C       .2
 0002:00001150       faRecycleCard
 0002:00001154       .2
 0002:00001158       faFeeCardUnlock
 0002:0000115C       OldMoney
 0002:00001160       .2
 0002:00001164       faMoney
 0002:00001168       OldMoney
 0002:0000116C       .2
 0002:00001170       faqhcardTradeQuery
 0002:00001174       .2
 0002:00001178       faqhSmlPkgInit
 0002:0000117C       .2


Line numbers for NB30(Nb30.pas) segment .text

   270 0001:00000F64   270 0001:00000F6B

Line numbers for UCMqhCardDef(UCMqhCardDef.pas) segment .text

    68 0001:00001BD4    69 0001:00001BDD    71 0001:00001BF6

Line numbers for UCMqhCardImp(UCMqhCardImp.pas) segment .text

    68 0001:0000209C    69 0001:000020A5    71 0001:000020BE

Line numbers for UKey(PASM卡发行\UKey.pas) segment .text

    36 0001:00002610    37 0001:00002616    38 0001:00002623    41 0001:00002628
    42 0001:00002648    43 0001:00002658    44 0001:00002683    47 0001:00002688
    48 0001:000026A0    50 0001:000026BB    51 0001:000026C5    53 0001:000026C7
    54 0001:000026DF    55 0001:00002708    58 0001:00002728    59 0001:0000272B
    60 0001:00002734    61 0001:0000273B    63 0001:00002770    63 0001:00002777

Line numbers for USeriPara(读写器设置\USeriPara.pas) segment .text

   118 0001:00002FB8   119 0001:00002FBD   130 0001:00002FC0   131 0001:00002FE3
   132 0001:00002FEB   133 0001:00002FF0   134 0001:00002FF5   135 0001:00002FFA
   136 0001:0000300A   137 0001:0000300F   138 0001:0000301D   139 0001:0000302B
   140 0001:0000303A   141 0001:0000304C   143 0001:00003084   146 0001:000030A9
   148 0001:000030BB   149 0001:000030D1   150 0001:000030D9   151 0001:000030EC
   152 0001:000030FF   153 0001:00003112   154 0001:00003125   155 0001:00003138
   156 0001:0000314B   157 0001:00003165   159 0001:00003181   163 0001:000031A2
   164 0001:000031B0   165 0001:000031D1   166 0001:000031E7   167 0001:000031FD
   169 0001:00003213   172 0001:00003234   173 0001:00003250   174 0001:0000325E
   175 0001:00003264   177 0001:00003279   179 0001:0000329A   180 0001:0000329F
   181 0001:000032A6   184 0001:000032BD   185 0001:000032CB   186 0001:000032CF
   187 0001:000032F1   188 0001:00003317   195 0001:0000338A   198 0001:000034D4
   199 0001:000034D7   200 0001:000034E7   202 0001:000034F1   203 0001:00003504
   205 0001:00003506   206 0001:0000350D   207 0001:00003514   210 0001:00003530
   211 0001:00003533   212 0001:00003543   214 0001:0000354D   215 0001:00003560
   217 0001:00003562   218 0001:00003569   226 0001:0000358C   227 0001:000035AF
   228 0001:000035B4   229 0001:000035B9   230 0001:000035C7   231 0001:000035E0
   232 0001:000035F1   234 0001:000035FA   236 0001:0000360D   237 0001:00003612
   238 0001:0000362C   240 0001:00003648   244 0001:00003669   245 0001:00003677
   246 0001:00003698   247 0001:000036AD   248 0001:000036C2   250 0001:000036D8
   254 0001:00003743   266 0001:000037E8   267 0001:0000380C   268 0001:00003826
   269 0001:0000382B   271 0001:00003830   272 0001:00003835   273 0001:00003843
   274 0001:00003852   276 0001:0000386E   280 0001:0000388F   281 0001:0000389D
   282 0001:000038BE   283 0001:000038D4   284 0001:000038EA   286 0001:00003900
   291 0001:00003921   292 0001:0000392F   294 0001:0000394E   295 0001:00003982
   297 0001:00003996   299 0001:0000399B   300 0001:000039B1   301 0001:000039B9
   314 0001:000039C3   317 0001:000039FF   319 0001:00003A63   325 0001:00003B74
   326 0001:00003B7B   327 0001:00003B80   328 0001:00003B8E   329 0001:00003B9D
   330 0001:00003BA5   333 0001:00003BAA   334 0001:00003BBD   338 0001:00003BC7
   341 0001:00003BE7   343 0001:00003BF9   355 0001:00003C30   356 0001:00003C54
   357 0001:00003C5C   358 0001:00003C6F   361 0001:00003C7C   363 0001:00003C89
   365 0001:00003C98   366 0001:00003CB4   368 0001:00003CB9   369 0001:00003CBE
   370 0001:00003CC3   371 0001:00003CD1   372 0001:00003CE0   373 0001:00003CEB
   375 0001:00003CEF   376 0001:00003D23   379 0001:00003D2D   381 0001:00003D35
   383 0001:00003D40   384 0001:00003D4B   386 0001:00003D4F   387 0001:00003D83
   389 0001:00003D8D   390 0001:00003DA9   391 0001:00003DB4   392 0001:00003DCE
   393 0001:00003DDD   394 0001:00003DF7   396 0001:00003E06   398 0001:00003E0E
   400 0001:00003E2A   402 0001:00003E46   404 0001:00003E62   406 0001:00003E91
   408 0001:00003EC0   410 0001:00003EFA   412 0001:00003F16   414 0001:00003F32
   416 0001:00003F6C   418 0001:00003F8E   420 0001:00003FDA   422 0001:00003FEB
   424 0001:0000400D   426 0001:0000402F   431 0001:00004051   432 0001:0000405F
   434 0001:0000408A   435 0001:0000408F   437 0001:00004095   438 0001:000040A8
   439 0001:000040BB   443 0001:000040D3   444 0001:000040E9   445 0001:000040FF
   446 0001:00004105   447 0001:0000411D   448 0001:00004123   449 0001:0000413B
   450 0001:00004141   451 0001:00004156   452 0001:0000415C   453 0001:00004171
   454 0001:00004177   455 0001:0000418C   456 0001:00004192   458 0001:000041A7
   461 0001:000041C9   462 0001:000041EB   463 0001:000041F9   466 0001:0000426E
   467 0001:00004273   468 0001:00004295   470 0001:000042B7   472 0001:000042D9
   474 0001:000042E7   475 0001:000042F5   476 0001:0000433A   479 0001:0000438E
   483 0001:00004395   484 0001:000043A8   486 0001:000043BB   487 0001:000043C9
   488 0001:00004405   489 0001:00004422   490 0001:0000443F   491 0001:0000445C
   492 0001:00004479   493 0001:000044B0   494 0001:000044BE   496 0001:000044E1
   498 0001:000044FE   500 0001:00004529   505 0001:0000457C   507 0001:0000458E
   509 0001:00004638   513 0001:00004814   514 0001:00004819   519 0001:0000481C
   520 0001:00004821   522 0001:00004836   523 0001:00004852   524 0001:00004866
   520 0001:00004867   525 0001:0000486A   527 0001:0000487F   528 0001:0000489B
   529 0001:000048AF   525 0001:000048B0   530 0001:000048B3   532 0001:000048C8
   533 0001:000048E4   534 0001:000048F8   530 0001:000048F9   536 0001:000048FC
   544 0001:00004900   545 0001:00004932   547 0001:0000493F   548 0001:00004944
   550 0001:00004947   551 0001:00004969   555 0001:0000496E   556 0001:0000497C
   557 0001:00004992   558 0001:000049A1   560 0001:000049BD   562 0001:000049D1
   563 0001:000049DF   565 0001:000049E3   566 0001:000049F1   568 0001:00004A23
   570 0001:00004A25   571 0001:00004A3B   573 0001:00004A7E   579 0001:00004AB8
   580 0001:00004AD7   582 0001:00004AE5   583 0001:00004AFA   584 0001:00004B01
   586 0001:00004B05   587 0001:00004B3B   589 0001:00004B40   590 0001:00004B45
   591 0001:00004B53   592 0001:00004B79   593 0001:00004B9A   595 0001:00004BB0
   597 0001:00004BD1   598 0001:00004C19   600 0001:00004CEC   601 0001:00004CF5
   603 0001:00004D0C

Line numbers for UARefineCard(回收初始化\UARefineCard.pas) segment .text

    38 0001:00004F9C    39 0001:00004FB0    40 0001:00004FB5    41 0001:00004FDB
    42 0001:00005014    53 0001:00005048    54 0001:00005069    64 0001:00005076
    80 0001:0000507F    81 0001:000050AA    83 0001:000050B4    84 0001:000050D3
    85 0001:000050E5    87 0001:00005120    89 0001:0000512F    91 0001:0000513C
    92 0001:0000515E    94 0001:00005163    95 0001:00005168    98 0001:00005170
   101 0001:00005180   102 0001:00005197   104 0001:0000519B   105 0001:000051A9
   106 0001:000051F1   110 0001:000051F6   111 0001:000051FB   112 0001:0000520D
   113 0001:0000522F   119 0001:00005266   120 0001:00005274   122 0001:0000535E
   134 0001:0000540C   135 0001:0000542D   136 0001:00005432   137 0001:00005440
   138 0001:0000544F   139 0001:0000545C   141 0001:00005460   142 0001:00005482
   143 0001:00005489   145 0001:00005493   146 0001:0000549B   147 0001:000054A8
   148 0001:000054C6   149 0001:000054D3   151 0001:000054D7   152 0001:000054DA
   155 0001:000054E4   156 0001:000054EC   157 0001:000054F9   158 0001:00005506
   159 0001:00005513   160 0001:00005520   161 0001:0000552D   162 0001:0000553B
   164 0001:00005557   165 0001:0000555E   167 0001:00005572   169 0001:00005576
   170 0001:00005579   172 0001:00005583   173 0001:00005591   175 0001:000055BC
   177 0001:000055C6   178 0001:000055D4   180 0001:000055FF   182 0001:00005609
   183 0001:00005617   185 0001:00005642   187 0001:0000564C   188 0001:0000565A
   190 0001:00005685   192 0001:0000568F   194 0001:00005695   195 0001:0000569A
   197 0001:000056A4   198 0001:000056B2   200 0001:000056DC   202 0001:000056E3
   203 0001:000056FC   205 0001:00005715   207 0001:00005725   209 0001:0000572F
   211 0001:00005748   213 0001:0000574E   215 0001:00005774   217 0001:00005789
   219 0001:0000579E   221 0001:000057A7   223 0001:000057AF   225 0001:000057B8
   227 0001:000057C1   228 0001:000057CA   229 0001:000057D8   230 0001:000057E6
   232 0001:000057EE   233 0001:000057FC   234 0001:0000586D   235 0001:00005870
   238 0001:0000588E   239 0001:00005895   241 0001:000058A6   243 0001:000058B8
   245 0001:00005938   247 0001:000059C4   248 0001:000059CD   250 0001:000059E4

Line numbers for UAPatchAccount(补帐交易\UAPatchAccount.pas) segment .text

    62 0001:00005E74    63 0001:00005E8C    64 0001:00005E93    65 0001:00005EAD
    66 0001:00005EBA    67 0001:00005ECA    68 0001:00005EF1    69 0001:00005F3A
    76 0001:00005F78    81 0001:00005F7C    82 0001:00005F97    83 0001:00005FA4
    84 0001:00005FB1    85 0001:00005FBE    86 0001:00005FDB    87 0001:00005FFA
    89 0001:00006014    91 0001:0000603F   108 0001:0000606C   110 0001:0000608E
   112 0001:000060AA   113 0001:000060C6   125 0001:000060CB   127 0001:000060D8
   129 0001:000060E7   130 0001:000060EF   132 0001:000060FF   133 0001:0000611B
   134 0001:00006125   137 0001:0000612A   138 0001:00006137   140 0001:0000613B
   144 0001:00006172   145 0001:0000618E   146 0001:00006198   149 0001:0000619D
   151 0001:000061AE   154 0001:000061D8   155 0001:000061F4   156 0001:000061FE
   159 0001:00006203   160 0001:00006228   161 0001:0000623C   162 0001:00006250
   164 0001:00006264   165 0001:0000627B   167 0001:0000629A   168 0001:000062BC
   169 0001:000062CA   170 0001:000062D4   172 0001:000062D9   173 0001:000062F8
   174 0001:0000632B   175 0001:00006346   176 0001:00006361   177 0001:00006388
   178 0001:000063AC   179 0001:000063C6   180 0001:000063E6   181 0001:00006401
   182 0001:00006425   183 0001:00006440   184 0001:0000644E   186 0001:00006468
   187 0001:0000648A   188 0001:00006494   191 0001:000064A3   192 0001:000064AD
   194 0001:000064C9   195 0001:000064DC   197 0001:000064E1   198 0001:000064FD
   199 0001:00006517   200 0001:00006531   203 0001:00006554   206 0001:00006577
   207 0001:00006591   208 0001:000065B5   209 0001:000065D2   210 0001:000065E0
   211 0001:000065EB   213 0001:0000661C   217 0001:00006623   218 0001:0000662B
   219 0001:0000664D   220 0001:0000665A   221 0001:00006667   224 0001:0000672A
   231 0001:000069E0   233 0001:00006A14   234 0001:00006A1D   236 0001:00006A34

Line numbers for UAinAccountByMan(金额手工入帐\UAinAccountByMan.pas) segment .text

    56 0001:00006DB0    57 0001:00006DB3    68 0001:00006DBA    69 0001:00006DCA
    70 0001:00006DD7    77 0001:00006DEC    87 0001:00006DF0    88 0001:00006E10
    90 0001:00006E2F    92 0001:00006E4B    94 0001:00006E50    96 0001:00006E6F
    98 0001:00006E8B   100 0001:00006E90   102 0001:00006EA6   104 0001:00006EC2
   106 0001:00006EC7   107 0001:00006EDE   108 0001:00006F1B   109 0001:00006F42
   110 0001:00006F5D   111 0001:00006F7D   112 0001:00006FA7   114 0001:00006FC2
   115 0001:00006FCD   117 0001:00006FE9   118 0001:0000700C   119 0001:00007038
   120 0001:00007045   122 0001:000070B6   125 0001:000071C4   127 0001:000071E0
   129 0001:000071FF   131 0001:0000721B   133 0001:00007220   134 0001:0000724B
   135 0001:00007256   136 0001:00007272   138 0001:0000729D   139 0001:00007300
   142 0001:00007370   144 0001:0000738C   146 0001:000073AB   148 0001:000073C7
   150 0001:000073CC   151 0001:000073F7   152 0001:00007402   153 0001:0000741E
   155 0001:00007449   157 0001:000074AC   159 0001:0000754C   160 0001:00007555
   162 0001:0000756C

Line numbers for UAPASMCardOper(PASM卡操作\UAPASMCardOper.pas) segment .text

    62 0001:0000794C    63 0001:0000794F    64 0001:00007956    65 0001:00007963
    67 0001:00007970    69 0001:00007978    72 0001:0000797C    73 0001:00007997
    74 0001:000079B6    75 0001:000079C6    77 0001:000079E3    79 0001:000079EC
    81 0001:00007A08    82 0001:00007A15    86 0001:00007A24    87 0001:00007A31
    90 0001:00007A60    97 0001:00007AA8    98 0001:00007AC3   100 0001:00007AD0
   104 0001:00007B05   105 0001:00007B24   106 0001:00007B44   107 0001:00007B5E
   108 0001:00007B79   109 0001:00007B96   110 0001:00007BA1   113 0001:00007BBD
   114 0001:00007BC2   116 0001:00007BC6   117 0001:00007BCB   121 0001:00007BCD
   122 0001:00007BD2   125 0001:00007BEE   126 0001:00007C4C   136 0001:00007D18
   137 0001:00007D38   138 0001:00007D42   139 0001:00007D47   141 0001:00007D66
   142 0001:00007D82   145 0001:00007D90   147 0001:00007DAA   148 0001:00007DC6
   149 0001:00007DD4   151 0001:00007DD9   152 0001:00007DF8   153 0001:00007E18
   154 0001:00007E37   155 0001:00007E57   156 0001:00007E77   157 0001:00007E91
   158 0001:00007EAC   159 0001:00007EC6   160 0001:00007EE1   161 0001:00007EFC
   162 0001:00007F27   163 0001:00007F44   164 0001:00007F4F   169 0001:00007F69
   170 0001:00007FEF   177 0001:00008184   178 0001:000081A8   182 0001:000081B5
   184 0001:000081C3   185 0001:000081D0   186 0001:000081D9   188 0001:000081DD
   189 0001:000081E2   190 0001:00008200   194 0001:00008211   195 0001:0000821A
   199 0001:00008246   201 0001:00008294   203 0001:00008300   204 0001:00008309
   206 0001:00008320

Line numbers for UACardDestory(一卡通销户\UACardDestory.pas) segment .text

    89 0001:00008BA8    90 0001:00008BBE    91 0001:00008BC5    92 0001:00008BCD
    93 0001:00008BD5    94 0001:00008BE3    95 0001:00008C09    96 0001:00008C42
   102 0001:00008C78   103 0001:00008C85   106 0001:00008C88   107 0001:00008CA5
   109 0001:00008CC4   111 0001:00008CDE   112 0001:00008CFD   113 0001:00008D0D
   114 0001:00008D2A   115 0001:00008D55   139 0001:00008D88   140 0001:00008DAE
   142 0001:00008DCD   143 0001:00008DEF   145 0001:00008DF4   147 0001:00008E01
   149 0001:00008E1E   150 0001:00008E32   151 0001:00008E46   152 0001:00008E5A
   153 0001:00008E87   154 0001:00008E9B   155 0001:00008EAF   156 0001:00008EC3
   158 0001:00008ED8   159 0001:00008EDD   160 0001:00008EEB   161 0001:00008EFA
   163 0001:00008F29   165 0001:00008F3A   167 0001:00008F4A   169 0001:00008F56
   171 0001:00008F6A   172 0001:00008F8C   176 0001:00008F96   177 0001:00008FA1
   179 0001:00008FA5   180 0001:00008FC7   183 0001:00008FD1   185 0001:00008FD9
   186 0001:00008FE7   188 0001:00008FF6   189 0001:00009018   192 0001:00009022
   193 0001:0000902D   195 0001:00009033   196 0001:00009055   200 0001:0000905F
   202 0001:0000906C   203 0001:0000908E   206 0001:00009098   207 0001:000090B4
   208 0001:000090D0   210 0001:000090EC   211 0001:000090FA   213 0001:00009124
   216 0001:0000912B   217 0001:00009149   218 0001:00009167   219 0001:00009185
   220 0001:000091A3   221 0001:000091C1   222 0001:000091DE   227 0001:00009203
   228 0001:00009221   229 0001:0000923E   230 0001:0000925B   231 0001:00009278
   232 0001:00009295   234 0001:000092B2   235 0001:000092CF   236 0001:000092DD
   238 0001:00009300   240 0001:0000932F   241 0001:0000933D   242 0001:0000934E
   243 0001:00009352   246 0001:0000935C   247 0001:0000936A   250 0001:000093CD
   252 0001:000093CF   257 0001:0000940E   259 0001:00009430   260 0001:0000943E
   262 0001:0000944C   263 0001:0000945D   264 0001:0000949D   265 0001:000094E4
   266 0001:000094F2   268 0001:00009520   270 0001:00009531   272 0001:00009587
   273 0001:0000958C   275 0001:000095AA   276 0001:000095CA   277 0001:000095DE
   278 0001:000095EC   279 0001:00009601   282 0001:00009643   286 0001:0000964A
   287 0001:00009663   289 0001:0000969B   291 0001:000096B3   293 0001:000097C0
   298 0001:00009B40   299 0001:00009B5A   300 0001:00009B67   301 0001:00009B75
   303 0001:00009B91   305 0001:00009B9D   307 0001:00009BB2   308 0001:00009BCE
   310 0001:00009BD0   311 0001:00009BDE   312 0001:00009C12   319 0001:00009C50
   321 0001:00009C70   322 0001:00009C7E   323 0001:00009C8C   324 0001:00009CA6
   325 0001:00009CBA   326 0001:00009CCF   327 0001:00009CE0   328 0001:00009CF1
   329 0001:00009D25   331 0001:00009D6F   332 0001:00009D9E   341 0001:00009E44
   343 0001:00009E69   344 0001:00009E71   346 0001:00009E76   347 0001:00009E92
   348 0001:00009E95   350 0001:00009E9A   352 0001:00009EA2   354 0001:00009EB6
   356 0001:00009ED6   357 0001:00009EE4   359 0001:00009F0F   361 0001:00009F16
   362 0001:00009F20   363 0001:00009F25   365 0001:00009F38   366 0001:00009F45
   368 0001:00009F59   354 0001:00009F5C   370 0001:00009F65   371 0001:00009F96
   392 0001:00009FC0   393 0001:00009FE3   395 0001:0000A002   396 0001:0000A024
   398 0001:0000A029   399 0001:0000A02E   400 0001:0000A033   401 0001:0000A038
   402 0001:0000A03D   404 0001:0000A04A   406 0001:0000A051   407 0001:0000A089
   408 0001:0000A08E   409 0001:0000A09C   411 0001:0000A0B0   413 0001:0000A0D0
   414 0001:0000A0DE   416 0001:0000A110   418 0001:0000A11A   419 0001:0000A129
   421 0001:0000A158   422 0001:0000A166   424 0001:0000A16C   425 0001:0000A18E
   428 0001:0000A198   430 0001:0000A1A0   431 0001:0000A1AD   432 0001:0000A1BA
   433 0001:0000A1C7   435 0001:0000A1D4   437 0001:0000A1E3   438 0001:0000A205
   440 0001:0000A20F   441 0001:0000A21D   442 0001:0000A239   443 0001:0000A255
   444 0001:0000A271   446 0001:0000A29C   447 0001:0000A2A1   448 0001:0000A2BE
   449 0001:0000A2DE   450 0001:0000A2FC   451 0001:0000A31A   452 0001:0000A338
   453 0001:0000A356   454 0001:0000A374   456 0001:0000A392   457 0001:0000A39D
   459 0001:0000A3A3   460 0001:0000A3EC   462 0001:0000A3F6   464 0001:0000A403
   465 0001:0000A44C   467 0001:0000A456   468 0001:0000A461   469 0001:0000A474
   471 0001:0000A47A   472 0001:0000A488   473 0001:0000A4D0   475 0001:0000A4DA
   477 0001:0000A4E7   478 0001:0000A504   482 0001:0000A52A   483 0001:0000A562
   484 0001:0000A57F   485 0001:0000A59C   486 0001:0000A5B9   487 0001:0000A5D7
   488 0001:0000A5F4   489 0001:0000A611   490 0001:0000A62E   491 0001:0000A64B
   492 0001:0000A668   494 0001:0000A686   495 0001:0000A694   497 0001:0000A6B7
   500 0001:0000A6E6   501 0001:0000A703   502 0001:0000A720   503 0001:0000A73E
   504 0001:0000A75C   506 0001:0000A76C   508 0001:0000A776   510 0001:0000A78F
   512 0001:0000A795   514 0001:0000A7AA   516 0001:0000A7BF   518 0001:0000A7D4
   520 0001:0000A7DD   522 0001:0000A7E3   524 0001:0000A7EC   527 0001:0000A7F5
   528 0001:0000A801   530 0001:0000A807   533 0001:0000A85B   534 0001:0000A869
   536 0001:0000A86F   537 0001:0000A891   540 0001:0000A89B   541 0001:0000A8AF
   545 0001:0000A8B3   549 0001:0000A8C0   553 0001:0000A911   554 0001:0000A957
   556 0001:0000A95E   411 0001:0000A961   558 0001:0000A96A   560 0001:0000A999
   562 0001:0000AAAB   565 0001:0000AD84   566 0001:0000ADE8   586 0001:0000ADF6
   587 0001:0000AE19   588 0001:0000AE3D   589 0001:0000AE61   590 0001:0000AE85
   591 0001:0000AEA9   592 0001:0000AECD   593 0001:0000AEF1   594 0001:0000AF15
   595 0001:0000AF44   596 0001:0000AF8B   598 0001:0000AF95   601 0001:0000AFA9
   604 0001:0000B02B   606 0001:0000B170   607 0001:0000B179   609 0001:0000B190

Line numbers for UACardFreeze(冻结解冻\UACardFreeze.pas) segment .text

    79 0001:0000B674    80 0001:0000B68A    81 0001:0000B6A1    88 0001:0000B6C5
    94 0001:0000B6E0    95 0001:0000B6ED    98 0001:0000B6F0    99 0001:0000B70B
   101 0001:0000B72A   103 0001:0000B744   104 0001:0000B761   105 0001:0000B78C
   114 0001:0000B7B4   115 0001:0000B7D7   117 0001:0000B7F6   118 0001:0000B812
   121 0001:0000B817   123 0001:0000B84E   125 0001:0000B886   128 0001:0000B8BE
   129 0001:0000B8CF   131 0001:0000B8DC   132 0001:0000B8E7   134 0001:0000B93B
   135 0001:0000B958   137 0001:0000B978   139 0001:0000B986   142 0001:0000B9A1
   144 0001:0000B9C0   148 0001:0000B9DC   151 0001:0000B9FA   152 0001:0000BA08
   154 0001:0000BA25   155 0001:0000BA71   166 0001:0000BB8C   167 0001:0000BBB0
   169 0001:0000BBCF   170 0001:0000BBEB   172 0001:0000BBF0   173 0001:0000BC27
   174 0001:0000BC4B   176 0001:0000BC61   178 0001:0000BC6E   179 0001:0000BC73
[...]
   194 0001:0001D3F4   195 0001:0001D412   196 0001:0001D453   197 0001:0001D461
   199 0001:0001D480   200 0001:0001D496   201 0001:0001D4CE   203 0001:0001D4D8
   206 0001:0001D4F6   207 0001:0001D514   210 0001:0001D532   212 0001:0001D542
   214 0001:0001D54C   216 0001:0001D565   218 0001:0001D58A   220 0001:0001D59F
   222 0001:0001D5B4   224 0001:0001D5C9   226 0001:0001D5CF   228 0001:0001D5D8
   230 0001:0001D5DE   232 0001:0001D5E4   234 0001:0001D5ED   235 0001:0001D602
   236 0001:0001D609   246 0001:0001D621   249 0001:0001D63E   251 0001:0001D768
   259 0001:0001D9B4   260 0001:0001D9D9   261 0001:0001D9DD   272 0001:0001D9EA
   273 0001:0001D9F6   275 0001:0001D9FA   276 0001:0001DA16   279 0001:0001DA1B
   281 0001:0001DA2B   283 0001:0001DA32   284 0001:0001DA3E   285 0001:0001DA4A
   286 0001:0001DA56   287 0001:0001DA62   288 0001:0001DA6E   290 0001:0001DA7A
   291 0001:0001DA86   293 0001:0001DA8A   294 0001:0001DAC0   298 0001:0001DAC5
   299 0001:0001DACF   301 0001:0001DAE0   302 0001:0001DAFB   304 0001:0001DB16
   305 0001:0001DB2D   306 0001:0001DB75   308 0001:0001DB97   309 0001:0001DBAB
   310 0001:0001DBC6   313 0001:0001DBE1   314 0001:0001DC08   315 0001:0001DC25
   316 0001:0001DC42   317 0001:0001DC5F   318 0001:0001DC7C   319 0001:0001DC9A
   320 0001:0001DCA8   322 0001:0001DCD1   324 0001:0001DCD3   325 0001:0001DCED
   326 0001:0001DCFE   330 0001:0001DD0D   332 0001:0001DD56   333 0001:0001DD64
   334 0001:0001DD86   337 0001:0001DDF2   348 0001:0001DDF7   349 0001:0001DE82
   354 0001:0001DF64   355 0001:0001DF6B   356 0001:0001DF70   357 0001:0001DF7E
   358 0001:0001DF8D   359 0001:0001DF9B   360 0001:0001DFA2   362 0001:0001DFBC
   364 0001:0001DFCE   368 0001:0001DFD4   369 0001:0001DFEF   371 0001:0001DFF5
   373 0001:0001E053   374 0001:0001E061   376 0001:0001E063   378 0001:0001E09C
   382 0001:0001E0D4   383 0001:0001E0F9   384 0001:0001E134   385 0001:0001E13C
   386 0001:0001E149   387 0001:0001E157   389 0001:0001E1A4   393 0001:0001E1D4
   394 0001:0001E1D9   398 0001:0001E1DC   399 0001:0001E1E1   402 0001:0001E1E4
   403 0001:0001E207   405 0001:0001E21B   407 0001:0001E22B   408 0001:0001E239
   410 0001:0001E248   414 0001:0001E29C   417 0001:0001E2FD   418 0001:0001E319
   420 0001:0001E377   422 0001:0001E3E4   423 0001:0001E3FE   425 0001:0001E42A

Line numbers for UACPUCollTrade(CPU卡流水采集\UACPUCollTrade.pas) segment .text

    44 0001:0001E6D4    45 0001:0001E6D9    57 0001:0001E6DC    58 0001:0001E6FE
    60 0001:0001E70B    61 0001:0001E710    62 0001:0001E715    63 0001:0001E723
    64 0001:0001E732    65 0001:0001E73F    66 0001:0001E74E    68 0001:0001E752
    69 0001:0001E76E    71 0001:0001E778    72 0001:0001E785    74 0001:0001E78B
    75 0001:0001E7A7    78 0001:0001E7B1    79 0001:0001E7BF    80 0001:0001E7D0
    81 0001:0001E7E0    82 0001:0001E7ED    85 0001:0001E7F2    86 0001:0001E7FF
    87 0001:0001E80B    89 0001:0001E813    91 0001:0001E81D    93 0001:0001E830
    94 0001:0001E845    95 0001:0001E860    96 0001:0001E87B    97 0001:0001E891
    98 0001:0001E8A7    99 0001:0001E8BD   100 0001:0001E8D3   101 0001:0001E8E9
   102 0001:0001E8FF   103 0001:0001E920   109 0001:0001E93E   111 0001:0001E98C
   112 0001:0001E9A3    82 0001:0001E9A4   113 0001:0001E9AD   117 0001:0001E9DC
   118 0001:0001E9E6   120 0001:0001EA4B   123 0001:0001EAF4   124 0001:0001EB0A
   126 0001:0001EB3B   127 0001:0001EB69   132 0001:0001EB8C   133 0001:0001EB91
   137 0001:0001EBAA   139 0001:0001EBBC   141 0001:0001EBD7   142 0001:0001EBF1
   139 0001:0001EBF2   146 0001:0001EBF7   148 0001:0001EC12   149 0001:0001EC2C
   146 0001:0001EC2D   151 0001:0001EC30   156 0001:0001EC34   157 0001:0001EC57
   159 0001:0001EC70   160 0001:0001EC8F   161 0001:0001EC9C   163 0001:0001ECBC
   164 0001:0001ECD3   166 0001:0001ECF3   167 0001:0001ED1B   168 0001:0001ED39
   169 0001:0001ED56   170 0001:0001EDA6   171 0001:0001EDE3   172 0001:0001EE23
   173 0001:0001EE73   174 0001:0001EEC3   175 0001:0001EF13   176 0001:0001EF63
   177 0001:0001EFB3   178 0001:0001EFF3   179 0001:0001F043   181 0001:0001F04E
   182 0001:0001F05E   161 0001:0001F05F   183 0001:0001F068   184 0001:0001F0AE
   186 0001:0001F1F8   187 0001:0001F201   189 0001:0001F218

Line numbers for UACardFreezeP(卡批量冻结\UACardFreezeP.pas) segment .text

    95 0001:0001F86C    96 0001:0001F882    97 0001:0001F899    98 0001:0001F8BD
   104 0001:0001F8D8   105 0001:0001F8E5   108 0001:0001F8E8   109 0001:0001F903
   111 0001:0001F922   113 0001:0001F93C   114 0001:0001F959   115 0001:0001F962
   116 0001:0001F991   126 0001:0001F9B8   127 0001:0001F9DB   129 0001:0001F9F0
   130 0001:0001FA0C   132 0001:0001FA11   134 0001:0001FA46   135 0001:0001FA60
   136 0001:0001FA6E   137 0001:0001FA83   139 0001:0001FAA5   141 0001:0001FAC8
   142 0001:0001FAF9   143 0001:0001FB1F   144 0001:0001FB45   145 0001:0001FB63
   146 0001:0001FB83   147 0001:0001FB91   150 0001:0001FBB0   152 0001:0001FC04
   154 0001:0001FC0B   137 0001:0001FC0C   155 0001:0001FC13   156 0001:0001FC2C
   158 0001:0001FC3E   159 0001:0001FC6C   163 0001:0001FCA4   167 0001:0001FCCD
   169 0001:0001FD34   175 0001:0001FEE0   176 0001:0001FF04   177 0001:0001FF1A
   187 0001:0001FF26   188 0001:0001FF3C   189 0001:0001FF6D   190 0001:0001FF8C
   191 0001:0001FFAB   192 0001:0001FFCA   193 0001:0001FFE9   194 0001:0002001B
   195 0001:0002004D   196 0001:0002006C   197 0001:0002008B   198 0001:000200AA
   178 0001:000200B1   200 0001:000200E0   205 0001:000201B4   206 0001:000201BA
   207 0001:000201BC   208 0001:000201D1   210 0001:000201E7   211 0001:000201E9
   212 0001:000201EB   207 0001:000201EC   213 0001:000201F1   218 0001:000201F8
   219 0001:000201FC   220 0001:0002020F   219 0001:0002021D   221 0001:00020222
   226 0001:00020228   227 0001:0002024C   228 0001:00020250   230 0001:00020265
   232 0001:0002027F   233 0001:00020283   235 0001:00020285   228 0001:00020286
   236 0001:000202A9   241 0001:000202B0   242 0001:000202B5   246 0001:000202CE
   248 0001:000202E0   250 0001:000202FB   251 0001:00020315   248 0001:00020316
   255 0001:0002031B   257 0001:00020336   258 0001:00020350   255 0001:00020351
   260 0001:00020354   263 0001:00020358   264 0001:00020372   265 0001:00020385
   266 0001:00020398   267 0001:000203A6   269 0001:000203B5   270 0001:000203D1
   274 0001:000203F4   276 0001:0002043A   279 0001:000204C0   280 0001:000204D6
   282 0001:00020507   283 0001:00020531   289 0001:00020554   290 0001:00020578
   291 0001:00020586   292 0001:00020598   293 0001:000205A8   295 0001:000205EF
   296 0001:000205FF   298 0001:00020619   299 0001:00020654   300 0001:00020662
   301 0001:00020675   302 0001:0002068B   304 0001:000206A8   305 0001:000206C4
   307 0001:000206D3   309 0001:000206E8   310 0001:00020704   312 0001:00020709
   313 0001:0002071A   314 0001:00020728   317 0001:0002073B   320 0001:0002074F
   321 0001:0002076F   323 0001:00020796   324 0001:000207A4   326 0001:000207B2
   328 0001:000207D1   329 0001:000207DF   332 0001:00020807   334 0001:00020809
   335 0001:00020837   336 0001:00020845   339 0001:00020851   340 0001:00020862
   315 0001:00020870   343 0001:00020893   344 0001:000208B0   345 0001:000208BE
   347 0001:00020930   353 0001:00020AC8   355 0001:00020ACD   357 0001:00020ADE
   358 0001:00020B02   359 0001:00020B21   360 0001:00020B33   361 0001:00020B50
   355 0001:00020B51   362 0001:00020B54   363 0001:00020B5D   366 0001:00020B64
   367 0001:00020B7A   368 0001:00020B89   370 0001:00020BCF   372 0001:00020C14
   373 0001:00020C1D   375 0001:00020C34

Line numbers for UARecycleCard(一卡通回收\UARecycleCard.pas) segment .text

    36 0001:00020E98    37 0001:00020EAC    38 0001:00020EB1    39 0001:00020ED7
    40 0001:00020F10    48 0001:00020F44    49 0001:00020F7E    60 0001:00020F8B
    64 0001:00020F94    65 0001:00020FA6    67 0001:00020FE1    69 0001:00020FF0
    71 0001:00020FFD    72 0001:0002101F    74 0001:00021021    75 0001:00021026
    77 0001:0002102A    78 0001:0002102F    82 0001:00021044    83 0001:00021052
    85 0001:000210E0    97 0001:0002115C    98 0001:0002117D    99 0001:00021182
   100 0001:00021190   101 0001:0002119F   102 0001:000211AC   104 0001:000211B0
   105 0001:000211D2   106 0001:000211D9   108 0001:000211E3   109 0001:000211EB
   110 0001:000211F8   111 0001:00021216   112 0001:00021223   114 0001:00021227
   115 0001:0002122A   118 0001:00021234   119 0001:0002123C   120 0001:00021249
   121 0001:00021256   122 0001:00021263   123 0001:00021270   124 0001:0002127D
   125 0001:0002128B   127 0001:000212A7   128 0001:000212AE   130 0001:000212C2
   132 0001:000212C6   133 0001:000212C9   135 0001:000212D3   136 0001:000212E1
   138 0001:0002130C   140 0001:00021316   141 0001:00021324   143 0001:0002134F
   145 0001:00021359   146 0001:00021367   148 0001:00021392   150 0001:0002139C
   151 0001:000213AA   153 0001:000213D5   156 0001:000213DF   158 0001:000213E5
   159 0001:000213EA   162 0001:000213F4   163 0001:00021402   165 0001:0002142C
   167 0001:00021433   168 0001:0002144C   170 0001:00021465   172 0001:00021475
   174 0001:0002147F   176 0001:00021498   178 0001:0002149E   180 0001:000214C4
   182 0001:000214D9   184 0001:000214EE   186 0001:000214F7   188 0001:000214FF
   190 0001:00021508   192 0001:00021511   193 0001:0002151A   194 0001:00021528
   195 0001:00021536   197 0001:0002153E   198 0001:0002154C   199 0001:000215BD
   200 0001:000215C0   203 0001:000215DE   204 0001:000215E5   206 0001:000215F6
   208 0001:00021608   210 0001:00021688   212 0001:00021714   213 0001:0002171D
   215 0001:00021734

Line numbers for UFeeCardUnLock(后付费解锁\UFeeCardUnLock.pas) segment .text

    60 0001:00021B30    61 0001:00021B46    62 0001:00021B4D    63 0001:00021B5A
    64 0001:00021B68    65 0001:00021B8E    66 0001:00021BC7    75 0001:00021BFC
    76 0001:00021C1E    77 0001:00021C23    78 0001:00021C31    79 0001:00021C40
    80 0001:00021C4B    82 0001:00021C4F    83 0001:00021C6B    85 0001:00021C75
    86 0001:00021C7D    87 0001:00021C88    89 0001:00021C97    90 0001:00021CB3
    92 0001:00021CBD    93 0001:00021CCB    94 0001:00021CD6    96 0001:00021CDC
    97 0001:00021CF8   100 0001:00021D02   101 0001:00021D10   103 0001:00021D34
   104 0001:00021D68   107 0001:00021D7C   109 0001:00021D81   110 0001:00021D9D
   113 0001:00021DA7   114 0001:00021DB5   115 0001:00021DCE   116 0001:00021DE7
   117 0001:00021DF5   118 0001:00021E0D   119 0001:00021E52   121 0001:00021EA6
   122 0001:00021EC2   125 0001:00021ED6   127 0001:00021EE4   128 0001:00021EF5
   129 0001:00021F37   132 0001:00021F79   134 0001:00021F93   136 0001:0002205C
   151 0001:00022198   152 0001:000221BB   155 0001:000221C8   156 0001:000221CD
   157 0001:000221DB   158 0001:000221EA   159 0001:000221F5   161 0001:000221F9
   162 0001:0002223F   164 0001:00022249   165 0001:00022251   166 0001:0002225E
   167 0001:0002226B   168 0001:00022278   169 0001:00022285   170 0001:00022292
   171 0001:0002229F   172 0001:000222AC   173 0001:000222B9   175 0001:000222C6
   177 0001:000222D5   178 0001:0002231B   181 0001:00022325   183 0001:00022335
   184 0001:0002233F   185 0001:0002234D   186 0001:0002235A   189 0001:00022364
   190 0001:00022372   191 0001:0002238E   192 0001:000223A9   193 0001:000223C4
   194 0001:000223CF   195 0001:000223DA   196 0001:000223E5   198 0001:00022410
   199 0001:00022432   205 0001:00022446   206 0001:00022479   207 0001:00022494
   208 0001:000224AE   209 0001:000224C8   210 0001:000224E3   211 0001:000224FE
   212 0001:00022519   214 0001:00022534   215 0001:0002253F   217 0001:0002256F
   218 0001:00022582   219 0001:000225B4   221 0001:000225BE   222 0001:000225D9
   223 0001:000225F4   224 0001:0002260F   225 0001:0002262A   226 0001:00022645
   228 0001:0002264F   230 0001:0002265F   232 0001:00022669   234 0001:00022682
   236 0001:0002268B   238 0001:000226A0   240 0001:000226B5   242 0001:000226CA
   244 0001:000226D0   246 0001:000226D9   248 0001:000226E2   252 0001:000226E8
   253 0001:000226FD   256 0001:00022707   260 0001:0002270F   261 0001:0002272A
   262 0001:00022735   264 0001:00022739   268 0001:00022781   269 0001:000227CE
   273 0001:000227EF   276 0001:0002289A   280 0001:00022A5C   281 0001:00022A87
   282 0001:00022AC2   283 0001:00022ACA   285 0001:00022AD8   286 0001:00022AE9
   287 0001:00022B2B   288 0001:00022B6D   291 0001:00022BAF   292 0001:00022BBC
   293 0001:00022BCA   294 0001:00022BE6   296 0001:00022C7A   298 0001:00022D70
   299 0001:00022D8A   301 0001:00022DB6

Line numbers for UMoney(卡现金支取\UMoney.pas) segment .text

    65 0001:000231CC    66 0001:000231E2    67 0001:000231E9    68 0001:000231F6
    69 0001:00023204    70 0001:0002322A    71 0001:00023263    80 0001:00023298
    82 0001:000232BA    83 0001:000232BF    84 0001:000232CD    85 0001:000232DC
    86 0001:000232E7    88 0001:000232EB    89 0001:00023307    91 0001:00023311
    92 0001:00023319    93 0001:00023326    94 0001:00023333    95 0001:00023340
    99 0001:0002334D   101 0001:0002335C   102 0001:00023378   104 0001:00023382
   105 0001:00023390   106 0001:0002339B   108 0001:000233A1   109 0001:000233BD
   111 0001:000233C7   112 0001:000233D5   113 0001:000233EE   114 0001:00023407
   115 0001:00023415   116 0001:0002342D   117 0001:00023472   119 0001:000234C6
   120 0001:000234E2   123 0001:000234F6   130 0001:00023504   131 0001:00023515
   132 0001:00023557   133 0001:00023599   134 0001:000235AA   137 0001:000235DF
   139 0001:000235F9   141 0001:0002369D   160 0001:00023798   161 0001:000237BA
   164 0001:000237C7   165 0001:000237CC   166 0001:000237DA   167 0001:000237E9
   168 0001:000237F4   170 0001:000237F8   171 0001:0002381A   173 0001:00023824
   174 0001:0002382C   175 0001:00023839   176 0001:00023846   177 0001:00023853
   178 0001:00023860   179 0001:0002386D   180 0001:0002387A   181 0001:00023887
   183 0001:00023896   184 0001:000238B8   186 0001:000238C2   188 0001:000238E2
   189 0001:00023904   192 0001:0002390E   194 0001:0002391E   195 0001:00023928
   196 0001:00023936   197 0001:00023943   200 0001:0002394D   201 0001:0002395B
   202 0001:00023977   203 0001:00023993   204 0001:000239AF   205 0001:000239CA
   207 0001:00023A0E   208 0001:00023A30   211 0001:00023A44   213 0001:00023AA1
   214 0001:00023AC3   217 0001:00023ACD   218 0001:00023AD8   219 0001:00023B0E
   220 0001:00023B29   221 0001:00023B44   222 0001:00023B5F   223 0001:00023B79
   224 0001:00023B84   226 0001:00023BA0   227 0001:00023BB6   228 0001:00023BE8
   231 0001:00023BF2   234 0001:00023C0C   235 0001:00023C27   238 0001:00023C42
   240 0001:00023C52   242 0001:00023C5C   244 0001:00023C75   246 0001:00023C97
   248 0001:00023CAC   250 0001:00023CC1   252 0001:00023CD6   254 0001:00023CDC
   256 0001:00023CE2   258 0001:00023CEB   260 0001:00023CF4   262 0001:00023CFD
   263 0001:00023D12   264 0001:00023D1C   279 0001:00023D2F   280 0001:00023D3D
   281 0001:00023D4F   284 0001:00023DCD   286 0001:00023DDF   289 0001:00023EBC
   293 0001:000240A0   294 0001:000240CA   295 0001:00024105   296 0001:0002410D
   305 0001:0002411B   306 0001:0002412C   307 0001:0002416E   308 0001:000241B0
   309 0001:000241C1   311 0001:000241F6   313 0001:00024238   314 0001:00024249
   315 0001:0002427E   319 0001:0002428F   320 0001:0002429C   321 0001:000242AA
   323 0001:00024356   327 0001:00024420   328 0001:00024485   329 0001:00024493
   330 0001:000244B6   331 0001:000244EA   332 0001:0002450E   333 0001:00024532
   334 0001:00024556   335 0001:0002457A   336 0001:0002459E   337 0001:000245C2
   338 0001:000245F1   339 0001:00024638   341 0001:00024642   344 0001:00024656
   346 0001:000246E8   348 0001:00024848   349 0001:00024862   351 0001:0002488E

Line numbers for UAcardTradeQuery(卡交易流水查询\UAcardTradeQuery.pas) segment .text

    74 0001:00024CF4    75 0001:00024CF7    76 0001:00024CFE    77 0001:00024D11
    78 0001:00024D24    81 0001:00024D28    82 0001:00024D4C    83 0001:00024D6B
    84 0001:00024D7B    85 0001:00024D9A    86 0001:00024DAA    87 0001:00024DC9
    88 0001:00024DD9    89 0001:00024DF8    91 0001:00024E12    92 0001:00024E2E
    93 0001:00024E3C    95 0001:00024E41    96 0001:00024E60    98 0001:00024E7A
    99 0001:00024E96   100 0001:00024EA4   102 0001:00024EA9   104 0001:00024EEB
   106 0001:00024F2C   107 0001:00024F48   108 0001:00024F56   111 0001:00024F5B
   112 0001:00024F7A   114 0001:00024F94   115 0001:00024FB0   116 0001:00024FBE
   118 0001:00024FC3   119 0001:00024FE2   121 0001:00024FFC   122 0001:00025018
   123 0001:00025026   125 0001:0002502B   127 0001:00025083   129 0001:000250DC
   130 0001:000250FE   131 0001:0002510C   133 0001:00025111   134 0001:0002513C
   136 0001:0002515C   137 0001:0002517E   138 0001:0002518C   140 0001:00025191
   141 0001:000251BC   143 0001:000251DC   144 0001:000251FE   145 0001:0002520C
   147 0001:00025211   149 0001:0002526A   150 0001:0002528C   151 0001:0002529A
   155 0001:0002529C   157 0001:000252B6   159 0001:000253AC   164 0001:00025520
   165 0001:00025538   166 0001:00025548   167 0001:00025555   169 0001:0002556A
   170 0001:00025586   172 0001:00025588   173 0001:00025596   174 0001:000255CA
   176 0001:00025634   177 0001:0002563D   179 0001:00025654

Line numbers for UASmlPkgInit(小钱包初始化\UASmlPkgInit.pas) segment .text

    44 0001:00025904    45 0001:00025907    46 0001:0002590E    48 0001:0002591B
    60 0001:00025920    61 0001:00025942    63 0001:0002594F    64 0001:0002595D
    65 0001:000259A4    67 0001:000259A8    68 0001:000259C4    73 0001:000259EC
    74 0001:00025A08    77 0001:00025A17    78 0001:00025A1C    79 0001:00025A2A
    80 0001:00025A39    81 0001:00025A46    83 0001:00025A4A    84 0001:00025A80
    87 0001:00025A8A    88 0001:00025A92    89 0001:00025A9F    90 0001:00025AAC
    92 0001:00025AB9    93 0001:00025AC6    95 0001:00025ACA    96 0001:00025B06
    98 0001:00025B10    99 0001:00025B1B   100 0001:00025B26   101 0001:00025B31
   102 0001:00025B3F   104 0001:00025B57   105 0001:00025B79   107 0001:00025B8B
   108 0001:00025B91   110 0001:00025BAD   111 0001:00025BCF   116 0001:00025BE3
   117 0001:00025BED   119 0001:00025BF1   120 0001:00025BF9   121 0001:00025C05
   123 0001:00025C09   124 0001:00025C2B   128 0001:00025C35   129 0001:00025C50
   130 0001:00025C72   131 0001:00025CA1   133 0001:00025CA5   134 0001:00025CAD
   138 0001:00025CF4   140 0001:00025D4F   142 0001:00025D85   144 0001:00025E59
   152 0001:00025FD8   153 0001:0002600B   154 0001:00026013   157 0001:00026017
   158 0001:0002601C   160 0001:00026021   163 0001:0002602E   164 0001:00026033
   166 0001:00026035   167 0001:00026037   168 0001:0002603A   169 0001:00026040
   170 0001:00026052   171 0001:00026059   172 0001:0002605E   173 0001:00026063
   174 0001:00026070   175 0001:00026075   176 0001:0002607F   177 0001:00026089
   179 0001:00026093   180 0001:0002609D   182 0001:000260A1   183 0001:000260A3
   185 0001:000260A5   186 0001:000260D3   188 0001:0002611C   189 0001:00026125
   191 0001:0002613C

Line numbers for CPUCardUI(D:\一卡通前台\ykt_v3.0.x\CPU卡管理\CPUCardUI.dpk) segment .text

    74 0001:00026A90

Bound resource files

UCMqhCardDef.DFM
UCMqhCardImp.DFM
UKey.DFM
USeriPara.DFM
UARefineCard.DFM
UAPatchAccount.DFM
UAinAccountByMan.DFM
UAPASMCardOper.DFM
UACardDestory.DFM
UACardFreeze.DFM
UAAccountQuery.DFM
UACardMonyIn.DFM
UABadCardM.DFM
UATradeReverse.DFM
UAReverseConsume.DFM
UAaccountTradeQuery.DFM
UAReverseSaveMoney.DFM
UAReverseOpenCard.DFM
UAUpdateCardInfo.DFM
UACardLose.DFM
UAcardLibNotBalance.DFM
UAReadPASMCard.DFM
UACopyKeyCard.DFM
UApubPASMCard.DFM
UAInitCard.DFM
UAResetCardPwd.DFM
UASetCardMony.DFM
UACPUCollTrade.DFM
UACardFreezeP.DFM
UARecycleCard.DFM
UFeeCardUnLock.DFM
UMoney.DFM
UAcardTradeQuery.DFM
UASmlPkgInit.DFM
CPUCardUI.RES
CPUCardUI.drf


Program entry point at 0001:00026A90
