
 Start         Length     Name                   Class
 0001:00000000 0005C68CH .text                   CODE
 0002:00000000 00000EC4H .data                   DATA
 0002:00000EC4 00000535H .bss                    BSS


Detailed map of segments

 0001:00000000 0000038E C=CODE     S=.text    G=(none)   M=System   ACBP=A9
 0001:00000390 000000C8 C=CODE     S=.text    G=(none)   M=SysInit  ACBP=A9
 0001:00000458 000004D8 C=CODE     S=.text    G=(none)   M=Windows  ACBP=A9
 0001:00000930 00000256 C=CODE     S=.text    G=(none)   M=Forms    ACBP=A9
 0001:00000B88 0000000E C=CODE     S=.text    G=(none)   M=MultiMon ACBP=A9
 0001:00000B98 00000016 C=CODE     S=.text    G=(none)   M=ActnList ACBP=A9
 0001:00000BB0 0000002E C=CODE     S=.text    G=(none)   M=ImgList  ACBP=A9
 0001:00000BE0 00000068 C=CODE     S=.text    G=(none)   M=Commctrl ACBP=A9
 0001:00000C48 0000000E C=CODE     S=.text    G=(none)   M=ActiveX  ACBP=A9
 0001:00000C58 00000038 C=CODE     S=.text    G=(none)   M=Messages ACBP=A9
 0001:00000C90 0000016E C=CODE     S=.text    G=(none)   M=Graphics ACBP=A9
 0001:00000E00 0000038E C=CODE     S=.text    G=(none)   M=Classes  ACBP=A9
 0001:00001190 000001C6 C=CODE     S=.text    G=(none)   M=SysUtils ACBP=A9
 0001:00001358 0000000E C=CODE     S=.text    G=(none)   M=SysConst ACBP=A9
 0001:00001368 00000066 C=CODE     S=.text    G=(none)   M=TypInfo  ACBP=A9
 0001:000013D0 0000000E C=CODE     S=.text    G=(none)   M=Consts   ACBP=A9
 0001:000013E0 00000236 C=CODE     S=.text    G=(none)   M=Controls ACBP=A9
 0001:00001618 00000038 C=CODE     S=.text    G=(none)   M=Imm      ACBP=A9
 0001:00001650 000000BE C=CODE     S=.text    G=(none)   M=Menus    ACBP=A9
 0001:00001710 00000056 C=CODE     S=.text    G=(none)   M=Contnrs  ACBP=A9
 0001:00001768 0000000E C=CODE     S=.text    G=(none)   M=StdActns ACBP=A9
 0001:00001778 00000026 C=CODE     S=.text    G=(none)   M=StdCtrls ACBP=A9
 0001:000017A0 0000000E C=CODE     S=.text    G=(none)   M=Clipbrd  ACBP=A9
 0001:000017B0 0000000E C=CODE     S=.text    G=(none)   M=FlatSB   ACBP=A9
 0001:000017C0 0000000E C=CODE     S=.text    G=(none)   M=Printers ACBP=A9
 0001:000017D0 00000038 C=CODE     S=.text    G=(none)   M=WinSpool ACBP=A9
 0001:00001808 0000001E C=CODE     S=.text    G=(none)   M=Math     ACBP=A9
 0001:00001828 0000001E C=CODE     S=.text    G=(none)   M=Dialogs  ACBP=A9
 0001:00001848 00000038 C=CODE     S=.text    G=(none)   M=ShlObj   ACBP=A9
 0001:00001880 00000038 C=CODE     S=.text    G=(none)   M=UrlMon   ACBP=A9
 0001:000018B8 00000038 C=CODE     S=.text    G=(none)   M=WinInet  ACBP=A9
 0001:000018F0 00000038 C=CODE     S=.text    G=(none)   M=RegStr   ACBP=A9
 0001:00001928 00000038 C=CODE     S=.text    G=(none)   M=ShellAPI ACBP=A9
 0001:00001960 00000038 C=CODE     S=.text    G=(none)   M=CommDlg  ACBP=A9
 0001:00001998 00000038 C=CODE     S=.text    G=(none)   M=Dlgs     ACBP=A9
 0001:000019D0 00000056 C=CODE     S=.text    G=(none)   M=ExtCtrls ACBP=A9
 0001:00001A28 000000F6 C=CODE     S=.text    G=(none)   M=ComCtrls ACBP=A9
 0001:00001B20 0000000E C=CODE     S=.text    G=(none)   M=ToolWin  ACBP=A9
 0001:00001B30 00000038 C=CODE     S=.text    G=(none)   M=RichEdit ACBP=A9
 0001:00001B68 0000000E C=CODE     S=.text    G=(none)   M=ComStrs  ACBP=A9
 0001:00001B78 0000000E C=CODE     S=.text    G=(none)   M=Buttons  ACBP=A9
 0001:00001B88 00000086 C=CODE     S=.text    G=(none)   M=KSMenuAdmin ACBP=A9
 0001:00001C10 0000001E C=CODE     S=.text    G=(none)   M=Safecode ACBP=A9
 0001:00001C30 0000000E C=CODE     S=.text    G=(none)   M=KsChineseSpell ACBP=A9
 0001:00001C40 00000016 C=CODE     S=.text    G=(none)   M=KSStrUtils ACBP=A9
 0001:00001C58 0000000E C=CODE     S=.text    G=(none)   M=KSClientConsts ACBP=A9
 0001:00001C68 0000006E C=CODE     S=.text    G=(none)   M=DataTypes ACBP=A9
 0001:00001CD8 0000000E C=CODE     S=.text    G=(none)   M=ConvertUtils ACBP=A9
 0001:00001CE8 00000026 C=CODE     S=.text    G=(none)   M=LogFile  ACBP=A9
 0001:00001D10 0000004E C=CODE     S=.text    G=(none)   M=KSFrameWorks ACBP=A9
 0001:00001D60 0000000E C=CODE     S=.text    G=(none)   M=ObjDir   ACBP=A9
 0001:00001D70 0000003E C=CODE     S=.text    G=(none)   M=WorkViews ACBP=A9
 0001:00001DB0 0000000E C=CODE     S=.text    G=(none)   M=LibMessages ACBP=A9
 0001:00001DC0 00000046 C=CODE     S=.text    G=(none)   M=Db       ACBP=A9
 0001:00001E08 0000000E C=CODE     S=.text    G=(none)   M=ComObj   ACBP=A9
 0001:00001E18 0000000E C=CODE     S=.text    G=(none)   M=ComConst ACBP=A9
 0001:00001E28 00000016 C=CODE     S=.text    G=(none)   M=Mask     ACBP=A9
 0001:00001E40 0000000E C=CODE     S=.text    G=(none)   M=DbConsts ACBP=A9
 0001:00001E50 00000016 C=CODE     S=.text    G=(none)   M=IntfUtils ACBP=A9
 0001:00001E68 0000000E C=CODE     S=.text    G=(none)   M=DebugMemory ACBP=A9
 0001:00001E78 00000056 C=CODE     S=.text    G=(none)   M=WVCommands ACBP=A9
 0001:00001ED0 0000000E C=CODE     S=.text    G=(none)   M=UQueryTemp ACBP=A9
 0001:00001EE0 0000000E C=CODE     S=.text    G=(none)   M=UIStyles ACBP=A9
 0001:00001EF0 0000000E C=CODE     S=.text    G=(none)   M=CompGroup ACBP=A9
 0001:00001F00 0000000E C=CODE     S=.text    G=(none)   M=compItems ACBP=A9
 0001:00001F10 0000000E C=CODE     S=.text    G=(none)   M=TypUtils ACBP=A9
 0001:00001F20 0000000E C=CODE     S=.text    G=(none)   M=ComWriUtils ACBP=A9
 0001:00001F30 0000000E C=CODE     S=.text    G=(none)   M=DataUsageUtils ACBP=A9
 0001:00001F40 0000000E C=CODE     S=.text    G=(none)   M=RzListVw ACBP=A9
 0001:00001F50 0000000E C=CODE     S=.text    G=(none)   M=RzCommon ACBP=A9
 0001:00001F60 00000016 C=CODE     S=.text    G=(none)   M=IniFiles ACBP=A9
 0001:00001F78 0000000E C=CODE     S=.text    G=(none)   M=Registry ACBP=A9
 0001:00001F88 0000000E C=CODE     S=.text    G=(none)   M=RzThemeSrv ACBP=A9
 0001:00001F98 00000038 C=CODE     S=.text    G=(none)   M=RzTmSchema ACBP=A9
 0001:00001FD0 0000000E C=CODE     S=.text    G=(none)   M=RzUxTheme ACBP=A9
 0001:00001FE0 00000026 C=CODE     S=.text    G=(none)   M=SyncObjs ACBP=A9
 0001:00002008 0000000E C=CODE     S=.text    G=(none)   M=RzGrafx  ACBP=A9
 0001:00002018 0000000E C=CODE     S=.text    G=(none)   M=RzShellUtils ACBP=A9
 0001:00002028 0000000E C=CODE     S=.text    G=(none)   M=RzShellIntf ACBP=A9
 0001:00002038 0000000E C=CODE     S=.text    G=(none)   M=DBGrids  ACBP=A9
 0001:00002048 0000000E C=CODE     S=.text    G=(none)   M=DBCtrls  ACBP=A9
 0001:00002058 00000016 C=CODE     S=.text    G=(none)   M=Grids    ACBP=A9
 0001:00002070 0000000E C=CODE     S=.text    G=(none)   M=DataSearchDlg ACBP=A9
 0001:00002080 0000000E C=CODE     S=.text    G=(none)   M=RzRadChk ACBP=A9
 0001:00002090 0000000E C=CODE     S=.text    G=(none)   M=RzButton ACBP=A9
 0001:000020A0 0000000E C=CODE     S=.text    G=(none)   M=RzCommonBitmaps ACBP=A9
 0001:000020B0 0000000E C=CODE     S=.text    G=(none)   M=RzPanel  ACBP=A9
 0001:000020C0 0000000E C=CODE     S=.text    G=(none)   M=RzToolbarForm ACBP=A9
 0001:000020D0 0000000E C=CODE     S=.text    G=(none)   M=RzChkLst ACBP=A9
 0001:000020E0 0000000E C=CODE     S=.text    G=(none)   M=RzLstBox ACBP=A9
 0001:000020F0 0000000E C=CODE     S=.text    G=(none)   M=RzCmboBx ACBP=A9
 0001:00002100 0000000E C=CODE     S=.text    G=(none)   M=RzIntLst ACBP=A9
 0001:00002110 0000000E C=CODE     S=.text    G=(none)   M=ExtDlgs  ACBP=A9
 0001:00002120 0000000E C=CODE     S=.text    G=(none)   M=RzEdit   ACBP=A9
 0001:00002130 0000000E C=CODE     S=.text    G=(none)   M=RzPopups ACBP=A9
 0001:00002140 0000000E C=CODE     S=.text    G=(none)   M=RzBorder ACBP=A9
 0001:00002150 0000000E C=CODE     S=.text    G=(none)   M=RzRadGrp ACBP=A9
 0001:00002160 0000000E C=CODE     S=.text    G=(none)   M=RzSpnEdt ACBP=A9
 0001:00002170 0000000E C=CODE     S=.text    G=(none)   M=RzCommonCursors ACBP=A9
 0001:00002180 0000000E C=CODE     S=.text    G=(none)   M=RzLabel  ACBP=A9
 0001:00002190 0000000E C=CODE     S=.text    G=(none)   M=ImageCtrls ACBP=A9
 0001:000021A0 0000000E C=CODE     S=.text    G=(none)   M=ImagesMan ACBP=A9
 0001:000021B0 0000000E C=CODE     S=.text    G=(none)   M=CompUtils ACBP=A9
 0001:000021C0 0000000E C=CODE     S=.text    G=(none)   M=CheckLst ACBP=A9
 0001:000021D0 0000001E C=CODE     S=.text    G=(none)   M=UICtrls  ACBP=A9
 0001:000021F0 0000000E C=CODE     S=.text    G=(none)   M=DrawUtils ACBP=A9
 0001:00002200 0000000E C=CODE     S=.text    G=(none)   M=PrintUtils ACBP=A9
 0001:00002210 0000001E C=CODE     S=.text    G=(none)   M=BDAImpEx ACBP=A9
 0001:00002230 0000000E C=CODE     S=.text    G=(none)   M=TxtDB    ACBP=A9
 0001:00002240 0000000E C=CODE     S=.text    G=(none)   M=BDAImp   ACBP=A9
 0001:00002250 0000000E C=CODE     S=.text    G=(none)   M=DBAIntf  ACBP=A9
 0001:00002260 0000000E C=CODE     S=.text    G=(none)   M=Listeners ACBP=A9
 0001:00002270 0000000E C=CODE     S=.text    G=(none)   M=BDACore  ACBP=A9
 0001:00002280 0000000E C=CODE     S=.text    G=(none)   M=BDAViewers ACBP=A9
 0001:00002290 0000000E C=CODE     S=.text    G=(none)   M=KSEval   ACBP=A9
 0001:000022A0 0000000E C=CODE     S=.text    G=(none)   M=KSEvalParser ACBP=A9
 0001:000022B0 0000000E C=CODE     S=.text    G=(none)   M=DFA      ACBP=A9
 0001:000022C0 0000000E C=CODE     S=.text    G=(none)   M=TextUtils ACBP=A9
 0001:000022D0 0000005E C=CODE     S=.text    G=(none)   M=KSFrameWorkUtils ACBP=A9
 0001:00002330 00000016 C=CODE     S=.text    G=(none)   M=KsBranchTree ACBP=A9
 0001:00002348 0000000E C=CODE     S=.text    G=(none)   M=UBranchManWindow ACBP=A9
 0001:00002358 0000000E C=CODE     S=.text    G=(none)   M=UBranchManager ACBP=A9
 0001:00002368 00000016 C=CODE     S=.text    G=(none)   M=WVCmdReq ACBP=A9
 0001:00002380 00000016 C=CODE     S=.text    G=(none)   M=KSKeyboard ACBP=A9
 0001:00002398 00000016 C=CODE     S=.text    G=(none)   M=WVCtrls  ACBP=A9
 0001:000023B0 0000000E C=CODE     S=.text    G=(none)   M=EditExts ACBP=A9
 0001:000023C0 0000000E C=CODE     S=.text    G=(none)   M=WinUtils ACBP=A9
 0001:000023D0 0000000E C=CODE     S=.text    G=(none)   M=WinObjs  ACBP=A9
 0001:000023E0 0000000E C=CODE     S=.text    G=(none)   M=UIncrementComboBox ACBP=A9
 0001:000023F0 00000036 C=CODE     S=.text    G=(none)   M=KSDataDictionary ACBP=A9
 0001:00002428 0000000E C=CODE     S=.text    G=(none)   M=KSCustomers ACBP=A9
 0001:00002438 0000000E C=CODE     S=.text    G=(none)   M=KSComCmdDefs ACBP=A9
 0001:00002448 0000000E C=CODE     S=.text    G=(none)   M=KCDataAccess ACBP=A9
 0001:00002458 0000000E C=CODE     S=.text    G=(none)   M=DBAHelper ACBP=A9
 0001:00002468 0000000E C=CODE     S=.text    G=(none)   M=KCDataPack ACBP=A9
 0001:00002478 0000000E C=CODE     S=.text    G=(none)   M=DRTPAPI  ACBP=A9
 0001:00002488 00000060 C=CODE     S=.text    G=(none)   M=WinSock  ACBP=A9
 0001:000024E8 00000038 C=CODE     S=.text    G=(none)   M=NB30     ACBP=A9
 0001:00002520 0000000E C=CODE     S=.text    G=(none)   M=KSBranchInfo ACBP=A9
 0001:00002530 0000001E C=CODE     S=.text    G=(none)   M=KSEdits  ACBP=A9
 0001:00002550 0000000E C=CODE     S=.text    G=(none)   M=KCWVProcBinds ACBP=A9
 0001:00002560 0000000E C=CODE     S=.text    G=(none)   M=WVCmdProc ACBP=A9
 0001:00002570 0000000E C=CODE     S=.text    G=(none)   M=WVCmdTypeInfo ACBP=A9
 0001:00002580 0000000E C=CODE     S=.text    G=(none)   M=KSCmdModules ACBP=A9
 0001:00002590 000000B6 C=CODE     S=.text    G=(none)   M=KSFrames ACBP=A9
 0001:00002648 0000000E C=CODE     S=.text    G=(none)   M=RzDBNav  ACBP=A9
 0001:00002658 0000000E C=CODE     S=.text    G=(none)   M=RzDBGrid ACBP=A9
 0001:00002668 0000000E C=CODE     S=.text    G=(none)   M=ViewDataDetail ACBP=A9
 0001:00002678 0000000E C=CODE     S=.text    G=(none)   M=DBActns  ACBP=A9
 0001:00002688 0000000E C=CODE     S=.text    G=(none)   M=UAuth    ACBP=A9
 0001:00002698 0000001E C=CODE     S=.text    G=(none)   M=ExtUtils ACBP=A9
 0001:000026B8 0000000E C=CODE     S=.text    G=(none)   M=FileCtrl ACBP=A9
 0001:000026C8 00000038 C=CODE     S=.text    G=(none)   M=TLHelp32 ACBP=A9
 0001:00002700 0000000E C=CODE     S=.text    G=(none)   M=RPDesignInfo ACBP=A9
 0001:00002710 0000000E C=CODE     S=.text    G=(none)   M=RPBands  ACBP=A9
 0001:00002720 0000000E C=CODE     S=.text    G=(none)   M=RPDB     ACBP=A9
 0001:00002730 0000000E C=CODE     S=.text    G=(none)   M=RPDefines ACBP=A9
 0001:00002740 0000000E C=CODE     S=.text    G=(none)   M=RPCtrls  ACBP=A9
 0001:00002750 0000000E C=CODE     S=.text    G=(none)   M=RPProcessors ACBP=A9
 0001:00002760 0000000E C=CODE     S=.text    G=(none)   M=RPPrintObjects ACBP=A9
 0001:00002770 0000000E C=CODE     S=.text    G=(none)   M=RPProgress ACBP=A9
 0001:00002780 00000046 C=CODE     S=.text    G=(none)   M=ProgressShowing ACBP=A9
 0001:000027C8 0000000E C=CODE     S=.text    G=(none)   M=RPEasyReports ACBP=A9
 0001:000027D8 0000000E C=CODE     S=.text    G=(none)   M=PrintDevices ACBP=A9
 0001:000027E8 0000000E C=CODE     S=.text    G=(none)   M=RPPreview ACBP=A9
 0001:000027F8 0000000E C=CODE     S=.text    G=(none)   M=Spin     ACBP=A9
 0001:00002808 0000000E C=CODE     S=.text    G=(none)   M=UPrintMode ACBP=A9
 0001:00002818 0000000E C=CODE     S=.text    G=(none)   M=RPDBVCL  ACBP=A9
 0001:00002828 0000000E C=CODE     S=.text    G=(none)   M=TextOutScripts ACBP=A9
 0001:00002838 0000000E C=CODE     S=.text    G=(none)   M=TextTags ACBP=A9
 0001:00002848 0000000E C=CODE     S=.text    G=(none)   M=FuncScripts ACBP=A9
 0001:00002858 0000000E C=CODE     S=.text    G=(none)   M=UPrintTemplate ACBP=A9
 0001:00002868 0000000E C=CODE     S=.text    G=(none)   M=AdjustGridDlg ACBP=A9
 0001:00002878 0000000E C=CODE     S=.text    G=(none)   M=WVDBBinders ACBP=A9
 0001:00002888 0000001E C=CODE     S=.text    G=(none)   M=KSHints  ACBP=A9
 0001:000028A8 00000026 C=CODE     S=.text    G=(none)   M=FilterCombos ACBP=A9
 0001:000028D0 000004B8 C=CODE     S=.text    G=(none)   M=UPersonalMenus ACBP=A9
 0001:00002D88 00000659 C=CODE     S=.text    G=(none)   M=UQhClientConsts ACBP=A9
 0001:000033E4 000004E3 C=CODE     S=.text    G=(none)   M=KSRECVPUSH ACBP=A9
 0001:000038C8 00000026 C=CODE     S=.text    G=(none)   M=RzTreeVw ACBP=A9
 0001:000038F0 00000016 C=CODE     S=.text    G=(none)   M=RzTabs   ACBP=A9
 0001:00003908 000008EC C=CODE     S=.text    G=(none)   M=WinConvert ACBP=A9
 0001:000041F4 00000538 C=CODE     S=.text    G=(none)   M=SkinRead ACBP=A9
 0001:0000472C 00000038 C=CODE     S=.text    G=(none)   M=WinSkinStore ACBP=A9
 0001:00004764 00000C00 C=CODE     S=.text    G=(none)   M=ImgUtil  ACBP=A9
 0001:00005364 0000082C C=CODE     S=.text    G=(none)   M=WinSkinIni ACBP=A9
 0001:00005B90 0000000E C=CODE     S=.text    G=(none)   M=Tabs     ACBP=A9
 0001:00005BA0 00000720 C=CODE     S=.text    G=(none)   M=WinSkinMenu ACBP=A9
 0001:000062C0 000017BE C=CODE     S=.text    G=(none)   M=WinSkinDlg ACBP=A9
 0001:00007A80 000107CC C=CODE     S=.text    G=(none)   M=WinSubClass ACBP=A9
 0001:0001824C 0000C82F C=CODE     S=.text    G=(none)   M=WinSkinForm ACBP=A9
 0001:00024A7C 00006DB0 C=CODE     S=.text    G=(none)   M=WinSkinData ACBP=A9
 0001:0002B82C 000017D5 C=CODE     S=.text    G=(none)   M=SkinCaption ACBP=A9
 0001:0002D004 0000000E C=CODE     S=.text    G=(none)   M=RzSplit  ACBP=A9
 0001:0002D014 0000000E C=CODE     S=.text    G=(none)   M=AAFont   ACBP=A9
 0001:0002D024 0000000E C=CODE     S=.text    G=(none)   M=AACtrls  ACBP=A9
 0001:0002D034 0000000E C=CODE     S=.text    G=(none)   M=AATimer  ACBP=A9
 0001:0002D044 0000000E C=CODE     S=.text    G=(none)   M=jpeg     ACBP=A9
 0001:0002D054 0000000E C=CODE     S=.text    G=(none)   M=jconsts  ACBP=A9
 0001:0002D064 00000016 C=CODE     S=.text    G=(none)   M=UtCardDll ACBP=A9
 0001:0002D07C 0000001E C=CODE     S=.text    G=(none)   M=CardDll  ACBP=A9
 0001:0002D09C 0000000E C=CODE     S=.text    G=(none)   M=WaterDll ACBP=A9
 0001:0002D0AC 00000016 C=CODE     S=.text    G=(none)   M=KSFileSystem ACBP=A9
 0001:0002D0C4 0000000E C=CODE     S=.text    G=(none)   M=FilterStreams ACBP=A9
 0001:0002D0D4 0000002E C=CODE     S=.text    G=(none)   M=KSConfigUtils ACBP=A9
 0001:0002D104 0000000E C=CODE     S=.text    G=(none)   M=SHDocVw  ACBP=A9
 0001:0002D114 0000000E C=CODE     S=.text    G=(none)   M=StdVCL   ACBP=A9
 0001:0002D124 0000000E C=CODE     S=.text    G=(none)   M=OleCtrls ACBP=A9
 0001:0002D134 0000000E C=CODE     S=.text    G=(none)   M=AxCtrls  ACBP=A9
 0001:0002D144 0000000E C=CODE     S=.text    G=(none)   M=OleConst ACBP=A9
 0001:0002D154 0000000E C=CODE     S=.text    G=(none)   M=OleServer ACBP=A9
 0001:0002D164 00000016 C=CODE     S=.text    G=(none)   M=NetUtils ACBP=A9
 0001:0002D17C 00000CC0 C=CODE     S=.text    G=(none)   M=IdException ACBP=A9
 0001:0002DE3C 00000360 C=CODE     S=.text    G=(none)   M=IdResourceStrings ACBP=A9
 0001:0002E19C 000011F2 C=CODE     S=.text    G=(none)   M=IdWinSock2 ACBP=A9
 0001:0002F390 00000038 C=CODE     S=.text    G=(none)   M=IdStackConsts ACBP=A9
 0001:0002F3C8 00000F60 C=CODE     S=.text    G=(none)   M=IdStack  ACBP=A9
 0001:00030328 000014C4 C=CODE     S=.text    G=(none)   M=IdStackWindows ACBP=A9
 0001:000317EC 00000948 C=CODE     S=.text    G=(none)   M=IdURI    ACBP=A9
 0001:00032134 00001DA8 C=CODE     S=.text    G=(none)   M=IdGlobal ACBP=A9
 0001:00033EDC 000000FC C=CODE     S=.text    G=(none)   M=IdBaseComponent ACBP=A9
 0001:00033FD8 00000338 C=CODE     S=.text    G=(none)   M=IdAntiFreezeBase ACBP=A9
 0001:00034310 00000601 C=CODE     S=.text    G=(none)   M=IdComponent ACBP=A9
 0001:00034914 00000AF8 C=CODE     S=.text    G=(none)   M=IdSocketHandle ACBP=A9
 0001:0003540C 00000454 C=CODE     S=.text    G=(none)   M=IdIntercept ACBP=A9
 0001:00035860 000001C0 C=CODE     S=.text    G=(none)   M=IdIOHandler ACBP=A9
 0001:00035A20 00000508 C=CODE     S=.text    G=(none)   M=IdRFCReply ACBP=A9
 0001:00035F28 00000038 C=CODE     S=.text    G=(none)   M=IdAssignedNumbers ACBP=A9
 0001:00035F60 00000D10 C=CODE     S=.text    G=(none)   M=IdSocks  ACBP=A9
 0001:00036C70 00000038 C=CODE     S=.text    G=(none)   M=IdTCPStream ACBP=A9
 0001:00036CA8 00000038 C=CODE     S=.text    G=(none)   M=IdStream ACBP=A9
 0001:00036CE0 000009B0 C=CODE     S=.text    G=(none)   M=IdIOHandlerSocket ACBP=A9
 0001:00037690 000024A0 C=CODE     S=.text    G=(none)   M=IdTCPConnection ACBP=A9
 0001:00039B30 000004F4 C=CODE     S=.text    G=(none)   M=IdTCPClient ACBP=A9
 0001:0003A024 00000BCC C=CODE     S=.text    G=(none)   M=IdHeaderList ACBP=A9
 0001:0003ABF0 0000026C C=CODE     S=.text    G=(none)   M=IdCoder  ACBP=A9
 0001:0003AE5C 00000B24 C=CODE     S=.text    G=(none)   M=IdCoder3to4 ACBP=A9
 0001:0003B980 000001C3 C=CODE     S=.text    G=(none)   M=IdCoderMIME ACBP=A9
 0001:0003BB44 00000A64 C=CODE     S=.text    G=(none)   M=IdAuthentication ACBP=A9
 0001:0003C5A8 000021CC C=CODE     S=.text    G=(none)   M=IdHTTPHeaderInfo ACBP=A9
 0001:0003E774 000013F8 C=CODE     S=.text    G=(none)   M=IdSSLOpenSSLHeaders ACBP=A9
 0001:0003FB6C 00000094 C=CODE     S=.text    G=(none)   M=IdThread ACBP=A9
 0001:0003FC00 00000038 C=CODE     S=.text    G=(none)   M=IdThreadMgrDefault ACBP=A9
 0001:0003FC38 0000013C C=CODE     S=.text    G=(none)   M=IdServerIOHandler ACBP=A9
 0001:0003FD74 00000038 C=CODE     S=.text    G=(none)   M=IdServerIOHandlerSocket ACBP=A9
 0001:0003FDAC 00000038 C=CODE     S=.text    G=(none)   M=IdStrings ACBP=A9
 0001:0003FDE4 00000038 C=CODE     S=.text    G=(none)   M=IdThreadSafe ACBP=A9
 0001:0003FE1C 00000038 C=CODE     S=.text    G=(none)   M=IdThreadMgr ACBP=A9
 0001:0003FE54 00000038 C=CODE     S=.text    G=(none)   M=IdTCPServer ACBP=A9
 0001:0003FE8C 00002D04 C=CODE     S=.text    G=(none)   M=IdSSLOpenSSL ACBP=A9
 0001:00042B90 00001934 C=CODE     S=.text    G=(none)   M=IdCookie ACBP=A9
 0001:000444C4 000008EC C=CODE     S=.text    G=(none)   M=IdCookieManager ACBP=A9
 0001:00044DB0 00000254 C=CODE     S=.text    G=(none)   M=IdAuthenticationManager ACBP=A9
 0001:00045004 00000038 C=CODE     S=.text    G=(none)   M=IdMultipartFormData ACBP=A9
 0001:0004503C 000036B4 C=CODE     S=.text    G=(none)   M=IdHTTP   ACBP=A9
 0001:000486F0 000005C0 C=CODE     S=.text    G=(none)   M=UInputTextDlg ACBP=A9
 0001:00048CB0 000006C4 C=CODE     S=.text    G=(none)   M=UAdSelCust ACBP=A9
 0001:00049374 00001FF9 C=CODE     S=.text    G=(none)   M=UCommData ACBP=A9
 0001:0004B370 00002148 C=CODE     S=.text    G=(none)   M=ULogin   ACBP=A9
 0001:0004D4B8 00000258 C=CODE     S=.text    G=(none)   M=UStartFlash ACBP=A9
 0001:0004D710 0000045C C=CODE     S=.text    G=(none)   M=UConfirmDlg ACBP=A9
 0001:0004DB6C 0000077C C=CODE     S=.text    G=(none)   M=UDoubleCheck ACBP=A9
 0001:0004E2E8 000044C8 C=CODE     S=.text    G=(none)   M=UContext ACBP=A9
 0001:000527B0 0000000E C=CODE     S=.text    G=(none)   M=KSActions ACBP=A9
 0001:000527C0 00000344 C=CODE     S=.text    G=(none)   M=UConfigUserMenu ACBP=A9
 0001:00052B04 00000198 C=CODE     S=.text    G=(none)   M=UUIPlate ACBP=A9
 0001:00052C9C 000008A4 C=CODE     S=.text    G=(none)   M=UForceQuit ACBP=A9
 0001:00053540 00000630 C=CODE     S=.text    G=(none)   M=UPushRevThread ACBP=A9
 0001:00053B70 00006138 C=CODE     S=.text    G=(none)   M=UMain    ACBP=A9
 0001:00059CA8 00000164 C=CODE     S=.text    G=(none)   M=UStyles  ACBP=A9
 0001:00059E0C 000009FC C=CODE     S=.text    G=(none)   M=UDatabase ACBP=A9
 0001:0005A808 00000036 C=CODE     S=.text    G=(none)   M=UInputTemp ACBP=A9
 0001:0005A840 0000069C C=CODE     S=.text    G=(none)   M=USearch  ACBP=A9
 0001:0005AEDC 00000016 C=CODE     S=.text    G=(none)   M=KSMenuFiles ACBP=A9
 0001:0005AEF4 000003B4 C=CODE     S=.text    G=(none)   M=UCMMenu  ACBP=A9
 0001:0005B2A8 0000000E C=CODE     S=.text    G=(none)   M=USimpleQueryTemp ACBP=A9
 0001:0005B2B8 0000000E C=CODE     S=.text    G=(none)   M=SmartCardCommon ACBP=A9
 0001:0005B2C8 0000000E C=CODE     S=.text    G=(none)   M=RzDTP    ACBP=A9
 0001:0005B2D8 0000000E C=CODE     S=.text    G=(none)   M=UqhSimpleQueryTemp ACBP=A9
 0001:0005B2E8 0000000E C=CODE     S=.text    G=(none)   M=UqhSetParamsTemp ACBP=A9
 0001:0005B2F8 000000DE C=CODE     S=.text    G=(none)   M=USetParamsTemp ACBP=A9
 0001:0005B3D8 0000050C C=CODE     S=.text    G=(none)   M=UCheckOutUser ACBP=A9
 0001:0005B8E4 00000038 C=CODE     S=.text    G=(none)   M=CnHardWareInfo ACBP=A9
 0001:0005B91C 0000000E C=CODE     S=.text    G=(none)   M=RzStatus ACBP=A9
 0001:0005B92C 0000000E C=CODE     S=.text    G=(none)   M=RzPrgres ACBP=A9
 0001:0005B93C 0000000E C=CODE     S=.text    G=(none)   M=RzSysRes ACBP=A9
 0001:0005B94C 000002A4 C=CODE     S=.text    G=(none)   M=UWelcome ACBP=A9
 0001:0005BBF0 00000A9B C=CODE     S=.text    G=(none)   M=KSClient50d ACBP=A9
 0002:00000000 00000018 C=DATA     S=.data    G=DGROUP   M=SysInit  ACBP=A9
 0002:00000018 00000001 C=DATA     S=.data    G=DGROUP   M=KSRECVPUSH ACBP=A9
 0002:0000001C 00000200 C=DATA     S=.data    G=DGROUP   M=WinConvert ACBP=A9
 0002:0000021C 00000004 C=DATA     S=.data    G=DGROUP   M=ImgUtil  ACBP=A9
 0002:00000220 00000008 C=DATA     S=.data    G=DGROUP   M=WinSkinIni ACBP=A9
 0002:00000228 00000042 C=DATA     S=.data    G=DGROUP   M=WinSubClass ACBP=A9
 0002:0000026C 00000005 C=DATA     S=.data    G=DGROUP   M=WinSkinForm ACBP=A9
 0002:00000274 00000544 C=DATA     S=.data    G=DGROUP   M=IdWinSock2 ACBP=A9
 0002:000007B8 00000004 C=DATA     S=.data    G=DGROUP   M=IdStackConsts ACBP=A9
 0002:000007BC 0000000C C=DATA     S=.data    G=DGROUP   M=IdStack  ACBP=A9
 0002:000007C8 00000001 C=DATA     S=.data    G=DGROUP   M=IdStackWindows ACBP=A9
 0002:000007CC 0000009C C=DATA     S=.data    G=DGROUP   M=IdGlobal ACBP=A9
 0002:00000868 00000004 C=DATA     S=.data    G=DGROUP   M=IdAntiFreezeBase ACBP=A9
 0002:0000086C 00000028 C=DATA     S=.data    G=DGROUP   M=IdComponent ACBP=A9
 0002:00000894 00000004 C=DATA     S=.data    G=DGROUP   M=IdCoderMIME ACBP=A9
 0002:00000898 00000004 C=DATA     S=.data    G=DGROUP   M=IdAuthentication ACBP=A9
 0002:0000089C 00000140 C=DATA     S=.data    G=DGROUP   M=IdSSLOpenSSLHeaders ACBP=A9
 0002:000009DC 00000004 C=DATA     S=.data    G=DGROUP   M=IdSSLOpenSSL ACBP=A9
 0002:000009E0 0000004C C=DATA     S=.data    G=DGROUP   M=IdCookie ACBP=A9
 0002:00000A2C 00000008 C=DATA     S=.data    G=DGROUP   M=IdHTTP   ACBP=A9
 0002:00000A34 00000004 C=DATA     S=.data    G=DGROUP   M=UInputTextDlg ACBP=A9
 0002:00001000 0000000C C=BSS      S=.bss     G=DGROUP   M=SysInit  ACBP=A9
 0002:0000100C 00000004 C=BSS      S=.bss     G=DGROUP   M=Windows  ACBP=A9
 0002:00001010 00000004 C=BSS      S=.bss     G=DGROUP   M=Commctrl ACBP=A9
 0002:00001014 00000004 C=BSS      S=.bss     G=DGROUP   M=Messages ACBP=A9
 0002:00001018 00000004 C=BSS      S=.bss     G=DGROUP   M=Imm      ACBP=A9
 0002:0000101C 00000004 C=BSS      S=.bss     G=DGROUP   M=WinSpool ACBP=A9
 0002:00001020 00000004 C=BSS      S=.bss     G=DGROUP   M=ShlObj   ACBP=A9
 0002:00001024 00000004 C=BSS      S=.bss     G=DGROUP   M=UrlMon   ACBP=A9
 0002:00001028 00000004 C=BSS      S=.bss     G=DGROUP   M=WinInet  ACBP=A9
 0002:0000102C 00000004 C=BSS      S=.bss     G=DGROUP   M=RegStr   ACBP=A9
 0002:00001030 00000004 C=BSS      S=.bss     G=DGROUP   M=ShellAPI ACBP=A9
 0002:00001034 00000004 C=BSS      S=.bss     G=DGROUP   M=CommDlg  ACBP=A9
 0002:00001038 00000004 C=BSS      S=.bss     G=DGROUP   M=Dlgs     ACBP=A9
 0002:0000103C 00000004 C=BSS      S=.bss     G=DGROUP   M=RichEdit ACBP=A9
 0002:00001040 00000004 C=BSS      S=.bss     G=DGROUP   M=RzTmSchema ACBP=A9
 0002:00001044 00000004 C=BSS      S=.bss     G=DGROUP   M=WinSock  ACBP=A9
 0002:00001048 00000004 C=BSS      S=.bss     G=DGROUP   M=NB30     ACBP=A9
 0002:0000104C 00000004 C=BSS      S=.bss     G=DGROUP   M=TLHelp32 ACBP=A9
 0002:00001050 00000004 C=BSS      S=.bss     G=DGROUP   M=UPersonalMenus ACBP=A9
 0002:00001054 00000008 C=BSS      S=.bss     G=DGROUP   M=UQhClientConsts ACBP=A9
 0002:0000105C 00000040 C=BSS      S=.bss     G=DGROUP   M=KSRECVPUSH ACBP=A9
 0002:0000109C 00000004 C=BSS      S=.bss     G=DGROUP   M=WinConvert ACBP=A9
 0002:000010A0 00000004 C=BSS      S=.bss     G=DGROUP   M=SkinRead ACBP=A9
 0002:000010A4 00000004 C=BSS      S=.bss     G=DGROUP   M=WinSkinStore ACBP=A9
 0002:000010A8 00000048 C=BSS      S=.bss     G=DGROUP   M=ImgUtil  ACBP=A9
 0002:000010F0 00000004 C=BSS      S=.bss     G=DGROUP   M=WinSkinIni ACBP=A9
 0002:000010F4 00000008 C=BSS      S=.bss     G=DGROUP   M=WinSkinMenu ACBP=A9
 0002:000010FC 00000018 C=BSS      S=.bss     G=DGROUP   M=WinSkinDlg ACBP=A9
 0002:00001114 00000004 C=BSS      S=.bss     G=DGROUP   M=WinSubClass ACBP=A9
 0002:00001118 00000031 C=BSS      S=.bss     G=DGROUP   M=WinSkinForm ACBP=A9
 0002:0000114C 00000020 C=BSS      S=.bss     G=DGROUP   M=WinSkinData ACBP=A9
 0002:0000116C 00000014 C=BSS      S=.bss     G=DGROUP   M=SkinCaption ACBP=A9
 0002:00001180 00000004 C=BSS      S=.bss     G=DGROUP   M=IdException ACBP=A9
 0002:00001184 00000004 C=BSS      S=.bss     G=DGROUP   M=IdResourceStrings ACBP=A9
 0002:00001188 000001E8 C=BSS      S=.bss     G=DGROUP   M=IdWinSock2 ACBP=A9
 0002:00001370 00000004 C=BSS      S=.bss     G=DGROUP   M=IdStackConsts ACBP=A9
 0002:00001374 00000008 C=BSS      S=.bss     G=DGROUP   M=IdStack  ACBP=A9
 0002:0000137C 00000004 C=BSS      S=.bss     G=DGROUP   M=IdStackWindows ACBP=A9
 0002:00001380 00000004 C=BSS      S=.bss     G=DGROUP   M=IdURI    ACBP=A9
 0002:00001384 00000014 C=BSS      S=.bss     G=DGROUP   M=IdGlobal ACBP=A9
 0002:00001398 00000004 C=BSS      S=.bss     G=DGROUP   M=IdBaseComponent ACBP=A9
 0002:0000139C 00000004 C=BSS      S=.bss     G=DGROUP   M=IdAntiFreezeBase ACBP=A9
 0002:000013A0 00000008 C=BSS      S=.bss     G=DGROUP   M=IdComponent ACBP=A9
 0002:000013A8 00000004 C=BSS      S=.bss     G=DGROUP   M=IdSocketHandle ACBP=A9
 0002:000013AC 00000004 C=BSS      S=.bss     G=DGROUP   M=IdIntercept ACBP=A9
 0002:000013B0 00000004 C=BSS      S=.bss     G=DGROUP   M=IdIOHandler ACBP=A9
 0002:000013B4 00000004 C=BSS      S=.bss     G=DGROUP   M=IdRFCReply ACBP=A9
 0002:000013B8 00000004 C=BSS      S=.bss     G=DGROUP   M=IdAssignedNumbers ACBP=A9
 0002:000013BC 00000004 C=BSS      S=.bss     G=DGROUP   M=IdSocks  ACBP=A9
 0002:000013C0 00000004 C=BSS      S=.bss     G=DGROUP   M=IdTCPStream ACBP=A9
 0002:000013C4 00000004 C=BSS      S=.bss     G=DGROUP   M=IdStream ACBP=A9
 0002:000013C8 00000004 C=BSS      S=.bss     G=DGROUP   M=IdIOHandlerSocket ACBP=A9
 0002:000013CC 00000004 C=BSS      S=.bss     G=DGROUP   M=IdTCPConnection ACBP=A9
 0002:000013D0 00000004 C=BSS      S=.bss     G=DGROUP   M=IdTCPClient ACBP=A9
 0002:000013D4 00000004 C=BSS      S=.bss     G=DGROUP   M=IdHeaderList ACBP=A9
 0002:000013D8 00000004 C=BSS      S=.bss     G=DGROUP   M=IdCoder  ACBP=A9
 0002:000013DC 00000004 C=BSS      S=.bss     G=DGROUP   M=IdCoder3to4 ACBP=A9
 0002:000013E0 00000084 C=BSS      S=.bss     G=DGROUP   M=IdCoderMIME ACBP=A9
 0002:00001464 00000004 C=BSS      S=.bss     G=DGROUP   M=IdAuthentication ACBP=A9
 0002:00001468 00000004 C=BSS      S=.bss     G=DGROUP   M=IdHTTPHeaderInfo ACBP=A9
 0002:0000146C 00000004 C=BSS      S=.bss     G=DGROUP   M=IdSSLOpenSSLHeaders ACBP=A9
 0002:00001470 0000000C C=BSS      S=.bss     G=DGROUP   M=IdThread ACBP=A9
 0002:0000147C 00000004 C=BSS      S=.bss     G=DGROUP   M=IdThreadMgrDefault ACBP=A9
 0002:00001480 00000004 C=BSS      S=.bss     G=DGROUP   M=IdServerIOHandler ACBP=A9
 0002:00001484 00000004 C=BSS      S=.bss     G=DGROUP   M=IdServerIOHandlerSocket ACBP=A9
 0002:00001488 00000004 C=BSS      S=.bss     G=DGROUP   M=IdStrings ACBP=A9
 0002:0000148C 00000004 C=BSS      S=.bss     G=DGROUP   M=IdThreadSafe ACBP=A9
 0002:00001490 00000004 C=BSS      S=.bss     G=DGROUP   M=IdThreadMgr ACBP=A9
 0002:00001494 00000004 C=BSS      S=.bss     G=DGROUP   M=IdTCPServer ACBP=A9
 0002:00001498 00000010 C=BSS      S=.bss     G=DGROUP   M=IdSSLOpenSSL ACBP=A9
 0002:000014A8 00000004 C=BSS      S=.bss     G=DGROUP   M=IdCookie ACBP=A9
 0002:000014AC 00000004 C=BSS      S=.bss     G=DGROUP   M=IdCookieManager ACBP=A9
 0002:000014B0 00000004 C=BSS      S=.bss     G=DGROUP   M=IdAuthenticationManager ACBP=A9
 0002:000014B4 00000004 C=BSS      S=.bss     G=DGROUP   M=IdMultipartFormData ACBP=A9
 0002:000014B8 00000004 C=BSS      S=.bss     G=DGROUP   M=IdHTTP   ACBP=A9
 0002:000014BC 00000004 C=BSS      S=.bss     G=DGROUP   M=UInputTextDlg ACBP=A9
 0002:000014C0 00000004 C=BSS      S=.bss     G=DGROUP   M=UAdSelCust ACBP=A9
 0002:000014C4 00000008 C=BSS      S=.bss     G=DGROUP   M=UCommData ACBP=A9
 0002:000014CC 00000004 C=BSS      S=.bss     G=DGROUP   M=ULogin   ACBP=A9
 0002:000014D0 00000008 C=BSS      S=.bss     G=DGROUP   M=UStartFlash ACBP=A9
 0002:000014D8 00000004 C=BSS      S=.bss     G=DGROUP   M=UConfirmDlg ACBP=A9
 0002:000014DC 00000004 C=BSS      S=.bss     G=DGROUP   M=UDoubleCheck ACBP=A9
 0002:000014E0 0000000C C=BSS      S=.bss     G=DGROUP   M=UContext ACBP=A9
 0002:000014EC 00000004 C=BSS      S=.bss     G=DGROUP   M=UConfigUserMenu ACBP=A9
 0002:000014F0 00000004 C=BSS      S=.bss     G=DGROUP   M=UUIPlate ACBP=A9
 0002:000014F4 00000004 C=BSS      S=.bss     G=DGROUP   M=UForceQuit ACBP=A9
 0002:000014F8 00000004 C=BSS      S=.bss     G=DGROUP   M=UPushRevThread ACBP=A9
 0002:000014FC 00000008 C=BSS      S=.bss     G=DGROUP   M=UMain    ACBP=A9
 0002:00001504 00000008 C=BSS      S=.bss     G=DGROUP   M=UStyles  ACBP=A9
 0002:0000150C 00000008 C=BSS      S=.bss     G=DGROUP   M=UDatabase ACBP=A9
 0002:00001514 00000004 C=BSS      S=.bss     G=DGROUP   M=USearch  ACBP=A9
 0002:00001518 00000008 C=BSS      S=.bss     G=DGROUP   M=UCMMenu  ACBP=A9
 0002:00001520 00000004 C=BSS      S=.bss     G=DGROUP   M=UCheckOutUser ACBP=A9
 0002:00001524 00000004 C=BSS      S=.bss     G=DGROUP   M=CnHardWareInfo ACBP=A9
 0002:00001528 0000000C C=BSS      S=.bss     G=DGROUP   M=UWelcome ACBP=A9


  Address         Publics by Name

 0002:00001488       .1
 0002:000013B8       .1
 0002:0000146C       .1
 0002:00001008       .1
 0002:00001048       .1
 0002:00001370       .1
 0002:00001184       .1
 0002:0000108C       .1
 0002:0000138C       .11
 0002:00001494       .11
 0002:000013D4       .2
 0002:000014AC       .2
 0002:000014EC       .2
 0002:0000151C       .2
 0002:0000139C       .2
 0002:00001524       .2
 0002:00001514       .2
 0002:000014D8       .2
 0002:000013D0       .2
 0002:000014F8       .2
 0002:00001520       .2
 0002:000014F0       .2
 0002:00001398       .2
 0002:000014C8       .2
 0002:000013C8       .2
 0002:000014BC       .2
 0002:00001530       .2
 0002:00001480       .2
 0002:00001508       .2
 0002:000013C0       .2
 0002:000014F4       .2
 0002:000014C0       .2
 0002:000014DC       .2
 0002:00001484       .2
 0002:00001050       .2
 0002:000013B0       .2
 0002:000013BC       .2
 0002:00001368       .2
 0002:000014CC       .2
 0002:00001510       .2
 0002:0000147C       .2
 0002:000014D4       .2
 0002:00001498       .22
 0002:000013D8       .3
 0002:000013B4       .3
 0002:000013A0       .3
 0002:000013C4       .3
 0002:00001054       .3
 0002:00001380       .3
 0002:000013DC       .3
 0002:00001460       .3
 0002:0000137C       .3
 0002:000013CC       .31
 0002:000014B0       .4
 0002:00001500       .4
 0002:00001464       .4
 0002:00001490       .4
 0002:000014E8       .4
 0002:000013AC       .4
 0002:00001470       .5
 0002:00001468       .5
 0002:000014B4       .5
 0002:00001180       .64
 0002:00001378       .7
 0002:0000148C       .7
 0002:000014B8       .8
 0002:000014A8       .9
 0002:000013A8       .9
 0001:000003EC       @InitExe
 0002:0000118C       accept
 0002:0000133C       AcceptEx
 0001:000430B0       AddCookieFlag
 0001:00042FF0       AddCookieProperty
 0001:00058A80       AddMenu
 0001:00055930       AddTreeNode
 0001:000388D8       AdjustStreamSize
 0001:00049040       AdvancedSelectCustomer
 0002:00001394       ATempPath
 0002:00001174       ATimer
 0002:00000898       AuthList
 0001:00000618       BeginPaint
 0002:0000111C       BG
 0002:00001190       bind
 0001:00000530       BitBlt
 0001:00023888       BitmapToRegion
 0001:00004D38       Blend
 0002:00001178       BTimer
 0001:0002FD60       ByteIsOk
 0001:00000620       CallNextHookEx
 0001:00000628       CallWindowProc
 0001:000047FC       ChangeTrans
 0001:00002FEC       CheckProgramRunning
 0001:00045FF8       ChunkSize
 0001:00002F24       ClearKSProgramMark
 0001:00000630       ClientToScreen
 0001:00000458       CloseHandle
 0002:00001194       closesocket
 0001:0004D688       CloseStartFlash
 0001:0005B914       CnHardWareInfo
 0001:00000538       CombineRgn
 0001:00000C40       Commctrl
 0001:00001990       CommDlg
 0001:0004A364       CompareToNode
 0002:00001198       connect
 0001:00036EBC       ConnectTimeout
 0002:00001104       ControlAtom
 0001:00004764       ConvertBitmapToGrayscale
 0001:00009924       CopyBMP
 0001:00029A88       CopyBMP
 0001:00000638       CopyImage
 0001:00055A44       CreateFavorites
 0001:00000460       CreateFile
 0001:00000468       CreateFileMapping
 0001:00000540       CreateFontIndirect
 0001:00000548       CreatePen
 0001:00000550       CreateRectRgn
 0001:00055ADC       CreateReferences
 0001:00000558       CreateSolidBrush
 0001:00032870       DateTimeGMTToHttpStr
 0001:00033388       DateTimeToGmtOffSetStr
 0001:000329A0       DateTimeToInternetStr
 0002:00001150       DefaultUserCodePage
 0001:00000560       DeleteObject
 0001:00000640       DestroyIcon
 0002:00000A34       dlgInputText
 0001:000019C8       Dlgs
 0002:00001094       DLLHandle
 0002:000009DC       DLLLoadCount
 0002:00000018       DLLLoaded
 0002:000014C4       dmCommData
 0002:000014E0       dmContext
 0002:0000150C       dmDatabase
 0002:00001518       dmMenu
 0002:00001504       dmStyles
 0001:0004B694       DoLogin
 0001:000338CC       DomainName
 0001:0004DE20       DoSingleStationCheck
 0001:0002B6F4       DoTrackMouse
 0001:0004B6F0       DoUnLock
 0001:0000FF04       DrawArrow
 0001:000222B8       DrawBGbmp
 0001:00000648       DrawEdge
 0001:00000650       DrawFocusRect
 0001:00000658       DrawIconEx
 0001:0002474C       DrawParentImage
 0001:00024344       DrawRect1
 0001:00023B7C       DrawRect2
 0001:0002446C       DrawRect3
 0001:000245AC       DrawRectH
 0001:00023C30       DrawRectTile
 0001:00000670       DrawText
 0001:00000660       DrawTextA
 0001:00000668       DrawTextW
 0001:00024850       DrawTranmap
 0001:00004A58       Drehen270Grad
 0001:00004BC4       Drehen90Grad
 0002:0000001C       d_code
 0002:0000011C       d_len
 0001:000459F4       EIdHTTPProtocolException.CreateError
 0001:0002DD5C       EIdProtocolReplyError.CreateError
 0001:0002DDB0       EIdSocketError.CreateError
 0001:0002E214       EIdWS2StubError.Build
 0001:00000678       EndPaint
 0002:00001098       ErrorMode
 0001:00000568       ExcludeClipRect
 0001:00000570       ExtCreateRegion
 0002:00001172       FActive
 0002:00001528       faWelcome
 0001:00032F74       Fetch
 0001:00032E6C       FetchCaseInsensitive
 0002:00001390       FIdPorts
 0001:00009FC4       FillColor
 0001:00000680       FillRect
 0001:0003B948       Finalization
 0001:000046F4       Finalization
 0001:0003AE24       Finalization
 0001:0003ABB8       Finalization
 0001:0000472C       Finalization
 0001:000041BC       Finalization
 0001:0003FD74       Finalization
 0001:00039FEC       Finalization
 0001:0005A7D0       Finalization
 0001:000359E8       Finalization
 0001:0003FDAC       Finalization
 0001:00039AF8       Finalization
 0001:00003888       Finalization
 0001:0003FDE4       Finalization
 0001:0002F30C       Finalization
 0001:0002F390       Finalization
 0001:000033A0       Finalization
 0001:0004E2B0       Finalization
 0001:0005AE78       Finalization
 0001:00035828       Finalization
 0001:00037658       Finalization
 0001:00002D50       Finalization
 0001:0003FE1C       Finalization
 0001:000302F0       Finalization
 0001:00036CA8       Finalization
 0001:0005B270       Finalization
 0001:0003FE54       Finalization
 0001:000353D4       Finalization
 0001:000026C8       Finalization
 0001:000024E8       Finalization
 0001:0005B87C       Finalization
 0001:00005314       Finalization
 0001:0002B720       Finalization
 0001:000348A4       Finalization
 0001:00001F98       Finalization
 0001:00001B30       Finalization
 0001:00001998       Finalization
 0001:00001960       Finalization
 0001:00001928       Finalization
 0001:000018F0       Finalization
 0001:0005B8E4       Finalization
 0001:000018B8       Finalization
 0001:00001880       Finalization
 0001:00001848       Finalization
 0001:000017D0       Finalization
 0001:000249EC       Finalization
 0001:00001618       Finalization
 0001:00000C58       Finalization
 0001:00000C10       Finalization
 0001:00059DD4       Finalization
 0001:000008F8       Finalization
 0001:00042B50       Finalization
 0001:00059C70       Finalization
 0001:0003BAE8       Finalization
 0001:00036C38       Finalization
 0001:0005BB58       Finalization
 0001:000342D8       Finalization
 0001:00005B40       Finalization
 0001:00033FA0       Finalization
 0001:00033CE0       Finalization
 0001:0003177C       Finalization
 0001:00044460       Finalization
 0001:0003C50C       Finalization
 0001:000320FC       Finalization
 0001:0004DB34       Finalization
 0001:0004933C       Finalization
 0001:00035EF0       Finalization
 0001:00044D78       Finalization
 0001:0003E73C       Finalization
 0001:00006288       Finalization
 0001:0003FD3C       Finalization
 0001:0003FC00       Finalization
 0001:0002CF9C       Finalization
 0001:0002DE04       Finalization
 0001:0002E164       Finalization
 0001:00052710       Finalization
 0001:00052ACC       Finalization
 0001:00052C64       Finalization
 0001:00044FCC       Finalization
 0001:0004D6D8       Finalization
 0001:00018214       Finalization
 0001:00035F28       Finalization
 0001:00045004       Finalization
 0001:00053508       Finalization
 0001:00053B38       Finalization
 0001:000079F8       Finalization
 0001:0004B328       Finalization
 0001:0005BBF0       Finalization
 0001:00048C78       Finalization
 0001:0003FBC0       Finalization
 0001:0003FB2C       Finalization
 0001:00000420       Finalization
 0001:0004D480       Finalization
 0001:000486A0       Finalization
 0001:00036C70       Finalization
 0001:000024B0       Finalization
 0001:0003BEE4       FindAuthClass
 0001:00029C5C       FindControlx
 0001:00000688       FindWindowEx
 0002:00001171       FIsDLLMoudle
 0002:00001170       FIsReadySkin
 0002:000014FC       fmMain
 0002:000014D0       fmStartFlash
 0001:0003A140       FoldWrapText
 0001:00052E80       ForceSystemQuit
 0001:00000690       FrameRect
 0001:00000470       FreeLibrary
 0002:00000868       GAntiFreeze
 0002:00000894       GBase64CodeTable
 0002:000013E0       GBase64DecodeTable
 0002:00001340       GetAcceptExSockaddrs
 0001:000008DC       GetBValue
 0001:00000698       GetCapture
 0001:000006A0       GetClassName
 0001:000006A8       GetClientRect
 0001:00000578       GetClipBox
 0001:00000580       GetCurrentObject
 0001:00000480       GetCurrentThreadId
 0001:000006B0       GetCursorPos
 0001:000006B8       GetDC
 0001:000006C0       GetDCEx
 0001:00000588       GetDIBits
 0001:000006C8       GetDlgCtrlID
 0001:000006D0       GetDoubleClickTime
 0001:0000A364       GetEnumProperty
 0001:00030A1C       GetFDSet
 0001:00000488       GetFileSize
 0001:000006D8       GetFocus
 0001:000008D8       GetGValue
 0001:00023EA0       GetHMap
 0002:000011E8       gethostbyaddr
 0001:00002490       gethostbyname
 0002:000011EC       gethostbyname
 0002:000011F0       gethostname
 0001:00002498       gethostname
 0001:00005180       GetHSV
 0001:00049B74       GetIdObjects
 0001:0000A2EC       GetIntProperty
 0001:000006E0       GetKeyboardState
 0001:00000490       GetLastError
 0001:000006E8       GetMenu
 0001:000006F0       GetMenuItemCount
 0001:000006F8       GetMenuItemInfo
 0001:00000700       GetMenuString
 0001:00000390       GetModuleFileName
 0001:00000498       GetModuleHandle
 0001:00000398       GetModuleHandle
 0001:00000708       GetNextWindow
 0001:0000A4E0       GetObjProp
 0001:00000710       GetParent
 0002:000011A0       getpeername
 0001:000004A0       GetProcAddress
 0001:00000718       GetProp
 0002:00001200       getprotobyname
 0002:000011FC       getprotobynumber
 0001:000008D4       GetRValue
 0001:00000720       GetScrollInfo
 0002:000011F8       getservbyname
 0002:000011F4       getservbyport
 0002:000011A4       getsockname
 0002:000011A8       getsockopt
 0001:00000590       GetStockObject
 0001:0000A438       GetStringProp
 0001:00000728       GetSubMenu
 0001:00000730       GetSysColor
 0001:00000738       GetSystemMenu
 0001:00000740       GetSystemMetrics
 0001:000004A8       GetTempPath
 0001:00000598       GetTextExtentPoint32
 0001:0004D928       GetTextHeight
 0001:000004B0       GetTickCount
 0001:000004B8       GetTimeZoneInformation
 0001:00000748       GetTopWindow
 0001:000004C0       GetVersion
 0001:000005A0       GetViewportOrgEx
 0001:00000750       GetWindow
 0001:0001E800       GetWindowClassname
 0001:00000758       GetWindowDC
 0001:00000768       GetWindowLong
 0001:00000760       GetWindowLongW
 0001:00000770       GetWindowPlacement
 0001:00000778       GetWindowRect
 0001:000004C8       GetWindowsDirectory
 0001:00000788       GetWindowTextLengthW
 0001:00000780       GetWindowTextW
 0002:00000890       GInstanceCount
 0001:000004D0       GlobalAddAtom
 0002:00001058       GlobalShareMem
 0001:00033474       GmtOffsetStrToDateTime
 0001:000335E4       GMTToLocalDateTime
 0001:0000501C       GradFill
 0002:000010AC       GradientCache
 0002:000007C4       GServeFileProc
 0002:00001374       GSocketListClass
 0002:000007BC       GStack
 0002:000007C0       GStackClass
 0002:000013A4       GStackCriticalSection
 0002:000007C8       GStarted
 0002:00001478       GThreadCount
 0002:00001474       GThreadLock
 0001:00000BF0       Header_GetItemCount
 0001:00000C00       Header_GetItemRect
 0002:000009D0       hIdCrypto
 0002:000009D4       hIdIndySSL
 0002:000009CC       hIdSSL
 0002:00001004       HInstance
 0001:000008A8       HiWord
 0002:000011AC       htonl
 0002:000011B0       htons
 0002:00001168       hUser
 0002:00000274       hWS2Dll
 0001:00034308       IdAntiFreezeBase
 0001:00035F58       IdAssignedNumbers
 0001:0003C57C       IdAuthentication
 0001:00044FFC       IdAuthenticationManager
 0001:00033FD0       IdBaseComponent
 0001:0003AE54       IdCoder
 0001:0003B978       IdCoder3to4
 0001:0003BB24       IdCoderMIME
 0001:000348EC       IdComponent
 0001:000444BC       IdCookie
 0001:00044DA8       IdCookieManager
 0002:0000099C       IdDES_ecb_encrypt
 0002:00000998       IdDES_set_key
 0002:00000994       IdDES_set_odd_parity
 0001:0002DE34       IdException
 0001:00033D9C       IdGlobal
 0001:0003ABE8       IdHeaderList
 0001:000486E8       IdHTTP
 0001:0003E76C       IdHTTPHeaderInfo
 0001:00035858       IdIntercept
 0001:00035A18       IdIOHandler
 0001:00037688       IdIOHandlerSocket
 0001:00045034       IdMultipartFormData
 0001:0002E194       IdResourceStrings
 0001:00035F20       IdRFCReply
 0001:0003FD6C       IdServerIOHandler
 0001:0003FDA4       IdServerIOHandlerSocket
 0001:00035404       IdSocketHandle
 0001:00036C68       IdSocks
 0002:000008E0       IdSslAccept
 0002:00000940       IdSslAddSslAlgorithms
 0002:000009B8       IdSSLCipherDescription
 0002:000009C8       IdSSLCipherGetBits
 0002:000009C0       IdSSLCipherGetName
 0002:000009C4       IdSSLCipherGetVersion
 0002:000008E4       IdSslConnect
 0002:000008D4       IdSslCtxCheckPrivateKeyFile
 0002:000008A4       IdSslCtxFree
 0002:000008C8       IdSslCtxGetVerifyDepth
 0002:00000954       IdSslCtxGetVersion
 0002:00000938       IdSslCtxLoadVerifyLocations
 0002:000008A0       IdSslCtxNew
 0002:0000089C       IdSslCtxSetCipherList
 0002:000009AC       IdSSLCtxSetClientCAList
 0002:000008CC       IdSslCtxSetDefaultPasswdCb
 0002:000008D0       IdSslCtxSetDefaultPasswdCbUserdata
 0002:000009B0       IdSSLCtxSetDefaultVerifyPaths
 0002:00000944       IdSslCtxSetInfoCallback
 0002:00000958       IdSslCtxSetOptions
 0002:000009B4       IdSSLCtxSetSessionIdContext
 0002:000008C0       IdSslCtxSetVerify
 0002:000008C4       IdSslCtxSetVerifyDepth
 0002:000008B0       IdSslCtxUseCertificateFile
 0002:000008AC       IdSslCtxUsePrivateKeyFile
 0002:00000978       IdSslEvpMd5
 0002:000008DC       IdSslFree
 0001:0003FAF8       IdSslGetAppData
 0002:000009BC       IdSSLGetCurrentCipher
 0002:000008F4       IdSslGetError
 0002:000008BC       IdSslGetPeerCertificate
 0002:0000093C       IdSslGetSession
 0002:000009A8       IdSSLLoadClientCAFile
 0002:000008B4       IdSslLoadErrorStrings
 0002:00000924       IdSslMethodClientTLSV1
 0002:00000900       IdSslMethodClientV2
 0002:00000918       IdSslMethodClientV23
 0002:0000090C       IdSslMethodClientV3
 0002:00000920       IdSslMethodServerTLSV1
 0002:000008FC       IdSslMethodServerV2
 0002:00000914       IdSslMethodServerV23
 0002:00000908       IdSslMethodServerV3
 0002:0000091C       IdSslMethodTLSV1
 0002:000008F8       IdSslMethodV2
 0002:00000910       IdSslMethodV23
 0002:00000904       IdSslMethodV3
 0002:000008D8       IdSslNew
 0001:00042B88       IdSSLOpenSSL
 0001:0003FB64       IdSSLOpenSSLHeaders
 0002:000008EC       IdSslPeek
 0002:000009D8       IdSslRandScreen
 0002:000008E8       IdSslRead
 0002:0000094C       IdSslSessionGetId
 0002:00000950       IdSslSessionGetIdCtx
 0002:00000930       IdSslSetAcceptState
 0001:0003FACC       IdSslSetAppData
 0002:0000092C       IdSslSetConnectState
 0002:000008A8       IdSslSetFd
 0002:00000934       IdSslSetShutdown
 0002:00000928       IdSslShutdown
 0002:000008B8       IdSslStateStringLong
 0002:000008F0       IdSslWrite
 0002:00000974       IdSslX509Digest
 0002:00000968       IdSslX509GetIssuerName
 0002:00000980       IdSslX509GetNotAfter
 0002:0000097C       IdSslX509GetNotBefore
 0002:00000970       IdSslX509GetSubjectName
 0002:00000960       IdSslX509NameHash
 0002:0000095C       IdSslX509NameOneline
 0002:00000964       IdSslX509SetIssuerName
 0002:0000096C       IdSslX509SetSubjectName
 0002:00000948       IdSslX509StoreCtxGetAppData
 0002:00000990       IdSslX509StoreCtxGetCurrentCert
 0002:00000984       IdSslX509StoreCtxGetError
 0002:0000098C       IdSslX509StoreCtxGetErrorDepth
 0002:00000988       IdSslX509StoreCtxSetError
 0002:000009A4       IdSSL_get_ex_data
 0002:000009A0       IdSSL_set_ex_data
 0001:00030320       IdStack
 0001:0002F3C0       IdStackConsts
 0001:000317C0       IdStackWindows
 0002:0000086C       IdStati
 0001:00036CD8       IdStream
 0001:0003FDDC       IdStrings
 0001:0003A01C       IdTCPClient
 0001:00039B28       IdTCPConnection
 0001:0003FE84       IdTCPServer
 0001:00036CA0       IdTCPStream
 0001:0003FBF8       IdThread
 0001:0003FE4C       IdThreadMgr
 0001:0003FC30       IdThreadMgrDefault
 0001:0003FE14       IdThreadSafe
 0001:0003212C       IdURI
 0001:0002F344       IdWinSock2
 0002:000007B8       Id_SO_True
 0001:00000BE0       ImageList_Draw
 0001:00000BE8       ImageList_GetIconSize
 0001:0000535C       ImgUtil
 0001:00001648       Imm
 0002:00001348       in6addr_any
 0001:0002F2D0       IN6ADDR_ANY_INIT
 0002:00001358       in6addr_loopback
 0001:0002F2EC       IN6ADDR_LOOPBACK_INIT
 0001:00032828       IncludeTrailingSlash
 0002:00001384       IndyFalseBoolStrs
 0002:00000818       IndyPos
 0002:00001388       IndyTrueBoolStrs
 0002:000011B4       inet_addr
 0001:00002488       inet_ntoa
 0002:000011B8       inet_ntoa
 0001:00000790       InflateRect
 0001:00040D24       InfoCallback
 0002:0000026C       InitDone
 0001:000003A0       InitializeModule
 0001:0003FB1C       InitializeRandom
 0001:00052598       InitLogFile
 0001:000336A0       InMainThread
 0001:00000478       InterlockedExchange
 0001:000005A8       IntersectClipRect
 0001:00000798       InvalidateRect
 0002:0000119C       ioctlsocket
 0001:000004D8       IsBadReadPtr
 0001:0003386C       IsHostname
 0001:00002E50       IsKSFutureV60Running
 0001:000337B0       IsValidIP
 0001:000007A0       IsWindow
 0001:000007A8       IsWindowUnicode
 0001:000007B0       IsWindowVisible
 0001:000007B8       KillTimer
 0001:0005C520       KSClient50d
 0001:000488DC       KSInputText
 0001:000038B8       KSRECVPUSH
 0002:0000113C       LastMenuItem
 0002:00000270       lastselect
 0002:000011BC       listen
 0001:0003E8EC       Load
 0001:000007C0       LoadBitmap
 0001:00003400       LoadDLL
 0001:0003E774       LoadFunction
 0001:0003E858       LoadFunctionCLib
 0001:0003E808       LoadIndyFunction
 0001:000004E0       LoadLibrary
 0001:00040E3C       LoadOpenSLLibrary
 0002:000014E4       LoadPackageCategory
 0002:0000149C       LockInfoCB
 0002:000014A0       LockPassCB
 0002:000014A4       LockVerifyCB
 0002:00001120       Logstring
 0001:0002FE3C       LongIsOk
 0001:00000528       lstrcmpi
 0001:000008AC       MakeROP4
 0001:00052A14       ManagePersonMenu
 0001:000004E8       MapViewOfFile
 0001:000005B0       MaskBlt
 0001:000336E0       MemoryPos
 0002:00001130       MenuBar
 0002:00001138       MenuButtonIndex
 0002:0000112C       MenuHook
 0001:000007C8       MessageBox
 0001:00000C88       Messages
 0001:0002433C       Min
 0001:00032844       Min
 0002:00000000       Module
 0002:000007E8       monthnames
 0002:00000838       monthnames
 0002:000009FC       monthnames
 0001:000007D0       MoveWindow
 0001:000007D8       MsgWaitForMultipleObjects
 0001:000004F0       MulDiv
 0001:000004F8       MultiByteToWideChar
 0001:0000FDE4       MyDrawCaption
 0002:0000110C       myinstance
 0001:00002518       NB30
 0001:000033E4       NewExit
 0002:000010F4       newskinmenu
 0002:0000021C       NextCacheIndex
 0002:000011C0       ntohl
 0002:000011C4       ntohs
 0002:00001173       N_ALPHA
 0001:00032D28       OffsetFromUTC
 0001:000007E0       OffsetRect
 0002:0000152C       OldMoney
 0001:00032358       ParseDayOfMonth
 0001:000323EC       ParseMonth
 0001:00040C04       PasswordCallback
 0002:00001160       pDisableProcessWindowsGhosting
 0002:0000115C       pGetComboBoxInfo
 0002:00001154       pGetScrollBarInfo
 0001:000008E0       PointToSmallPoint
 0001:00033048       PosInStrArray
 0001:000007E8       PostMessage
 0001:00033910       ProcessPath
 0002:00001108       PropName
 0002:00000A2C       ProtocolVersionString
 0001:000007F0       PtInRect
 0002:00001158       pTrackMouseEvent
 0001:0004A3E8       QuickSortNodeData
 0001:00048058       RaiseException
 0001:00032474       RawStrInternetToDateTime
 0001:00048188       ReadContent
 0001:000005B8       RectVisible
 0002:000011C8       recv
 0002:000011CC       recvfrom
 0002:00001088       RecvPush_GetLastError
 0002:0000107C       RecvPush_GetMsgQueLen
 0002:00001070       RecvPush_GetMultiMsgPack
 0002:0000106C       RecvPush_GetMultiPushPack
 0002:00001080       RecvPush_GetPushQueLen
 0002:00001084       RecvPush_GetThrowPackCount
 0002:0000105C       RecvPush_Initialize
 0002:00001078       RecvPush_RecvMsgPack
 0002:00001074       RecvPush_RecvPushPack
 0002:00001060       RecvPush_Start
 0002:00001064       RecvPush_Stop
 0002:00001068       RecvPush_Uninitialize
 0001:000007F8       RedrawWindow
 0001:0003BDB8       RegisterAuthenticationMethod
 0001:00000800       RegisterWindowMessage
 0001:00001920       RegStr
 0001:00000808       ReleaseCapture
 0001:00000810       ReleaseDC
 0001:00003150       ReleaseShareMem
 0001:000005C0       RestoreDC
 0001:000008B8       RGB
 0001:00001B60       RichEdit
 0002:00001100       RM_GetObjectInstance
 0001:000005C8       RoundRect
 0001:00032C58       RPos
 0001:00001FC8       RzTmSchema
 0001:000005D0       SaveDC
 0002:00001090       SaveExit
 0001:000336BC       SBPos
 0001:00000818       ScreenToClient
 0002:000011D0       select
 0001:000005D8       SelectClipRgn
 0001:000005E0       SelectObject
 0002:000011D4       send
 0001:00000820       SendMessage
 0002:000011D8       sendto
 0001:000311C8       ServeFile
 0001:000005E8       SetBkColor
 0001:000005F0       SetBkMode
 0001:00000500       SetErrorMode
 0001:00030A80       SetFDSet
 0001:00000828       SetFocus
 0001:00000830       SetForegroundWindow
 0001:00000510       SetLocaleInfo
 0001:00000508       SetLocaleInfoA
 0001:00000838       SetMenu
 0001:00000840       SetMenuItemInfo
 0001:0000A558       SetProperty
 0001:00000848       SetRect
 0002:000011DC       setsockopt
 0001:000005F8       SetStretchBltMode
 0001:00000600       SetTextColor
 0001:00000850       SetTimer
 0001:00000608       SetViewportOrgEx
 0001:00000860       SetWindowLong
 0001:00000858       SetWindowLongW
 0001:00000868       SetWindowPos
 0001:00000878       SetWindowRgn
 0001:00000870       SetWindowsHookEx
 0001:00001958       ShellAPI
 0001:00001878       ShlObj
 0001:0004D65C       ShowStartFlash
 0001:00000880       ShowWindow
 0002:000011E0       shutdown
 0002:00001124       SkinCanLog
 0001:0002CFD4       SkinCaption
 0002:00001134       Skinform
 0001:00006318       SkinHookCBT
 0002:000010FC       SkinManager
 0001:00004724       SkinRead
 0001:00000518       Sleep
 0001:0003368C       Sleep
 0002:000011E4       socket
 0001:0004D8C8       SpecialConfirm
 0001:000048C4       SpiegelnHorizontal
 0001:000049B4       SpiegelnVertikal
 0002:00001148       StillModal
 0001:00029AD4       strcolor
 0001:00000610       StretchBlt
 0001:0000B2A8       StringReplaceW
 0001:0003312C       StrToDay
 0001:00033228       StrToMonth
 0001:000298F4       StrToWideStr
 0001:00059458       SwitchPage
 0001:00000450       SysInit
 0001:00000888       SystemParametersInfo
 0001:0001438C       TArrowButton.Attach
 0001:00014464       TArrowButton.CMMouseEnter
 0001:00014494       TArrowButton.CMMouseLeave
 0001:00014300       TArrowButton.Create
 0001:00014364       TArrowButton.Destroy
 0001:0001453C       TArrowButton.Paint
 0001:000144C8       TArrowButton.WMLButtonDown
 0001:00014524       TArrowButton.WMLButtonUP
 0001:0002692C       TDataSkinBorder.Create
 0001:000269BC       TDataSkinBorder.Destroy
 0001:000269EC       TDataSkinButton.Create
 0001:00026A80       TDataSkinButton.Destroy
 0001:00026814       TDataSkinObject.Create
 0001:000268A0       TDataSkinObject.Destroy
 0001:00049238       TdlgAdvancedSelectCustomer.btnQueryClick
 0001:000490A0       TdlgAdvancedSelectCustomer.DataSourceDataChange
 0001:00049324       TdlgAdvancedSelectCustomer.DataSourceStateChange
 0001:000490C4       TdlgAdvancedSelectCustomer.Execute
 0001:000492EC       TdlgAdvancedSelectCustomer.FormCreate
 0001:00049288       TdlgAdvancedSelectCustomer.HandleException
 0001:00049304       TdlgAdvancedSelectCustomer.QueryRequestAfterExec
 0001:00049138       TdlgAdvancedSelectCustomer.UpdateData
 0001:00049214       TdlgAdvancedSelectCustomer.WorkViewFieldsMonitors0ValidChanged
 0001:0004D990       TdlgConfirm.Execute
 0001:0004DAE4       TdlgConfirm.FormKeyPress
 0001:0004E058       TdlgDoubleCheck.btnCancelClick
 0001:0004E09C       TdlgDoubleCheck.btnOkClick
 0001:0004DEA0       TdlgDoubleCheck.Execute
 0001:0004E1D8       TdlgDoubleCheck.FormCreate
 0001:0004E07C       TdlgDoubleCheck.MainRequestAfterExec
 0001:0004E1F0       TdlgDoubleCheck.WorkViewFieldsMonitors0ValidChanged
 0001:0004E214       TdlgDoubleCheck.WorkViewWorkFields0CheckValid
 0001:00048C10       TdlgInputText.edTextKeyPress
 0001:0004893C       TdlgInputText.Execute
 0001:00048B24       TdlgInputText.FirePasswordKeyboard
 0001:00048C44       TdlgInputText.TimerTimer
 0001:0004CEAC       TdlgLogin.btnCloseClick
 0001:0004C1AC       TdlgLogin.DoUnLock
 0001:0004CEE4       TdlgLogin.edtPwdKeyDown
 0001:0004BD04       TdlgLogin.Execute
 0001:0004CECC       TdlgLogin.FormActivate
 0001:0004B74C       TdlgLogin.FormCreate
 0001:0004CF18       TdlgLogin.getIpAddr
 0001:0004D1E4       TdlgLogin.getWaterPrice
 0001:0004D2CC       TdlgLogin.getWaterStrs
 0001:0004C374       TdlgLogin.LoginClick
 0001:0004CFE8       TdlgLogin.MacAddress
 0001:0004CD74       TdlgLogin.UnLockClick
 0001:00052A74       TdlgManagePersonalMenu.Execute
 0001:0004AE98       TdmCommData.AccountInputMethodsAdvancedSelect
 0001:0004AF34       TdmCommData.AccountInputMethodsException
 0001:0004AD44       TdmCommData.AccountInputMethodsGetCustomers
 0001:0004AD58       TdmCommData.AccountInputMethodsGetMainAccounts
 0001:0004ADAC       TdmCommData.AccountInputMethodsGetMoneyAccounts
 0001:0004ACDC       TdmCommData.AccountInputMethodsInputPassword
 0001:0004B20C       TdmCommData.AccountInputMethodsMethods5FormatAndValidAccount
 0001:0004AB34       TdmCommData.AccountInputMethodsReinput
 0001:0004AD2C       TdmCommData.AccountInputMethodsSelectCustomer
 0001:0004B118       TdmCommData.AccountInputMethodsShowEditHint
 0001:0004AF4C       TdmCommData.AccountInputMethodsWarningCustomerStatus
 0001:00049E60       TdmCommData.CheckDataValid
 0001:00049D3C       TdmCommData.cpLoginBindOutput
 0001:00049C38       TdmCommData.cpLoginTestProcess
 0001:0004B26C       TdmCommData.cpQhLogOutBindOutput
 0001:0004ADC8       TdmCommData.CreateOtherDataDictionary
 0001:00049B8C       TdmCommData.DataModuleCreate
 0001:00049BC0       TdmCommData.DataModuleDestroy
 0001:0004A174       TdmCommData.GetDataDictionary
 0001:0004A89C       TdmCommData.GetDictionaryCategory
 0001:0004AED0       TdmCommData.HandleException
 0001:00049FAC       TdmCommData.ReadDataDictionary
 0001:0004A564       TdmCommData.ReadOneDataDictionary
 0001:0004B308       TdmCommData.rqGetSystemDateAfterExec
 0001:0004AEBC       TdmCommData.ShutDown
 0001:00049E80       TdmCommData.Start
 0001:0005157C       TdmContext.CloseWaiting
 0001:00050594       TdmContext.Confirm
 0001:0005087C       TdmContext.Confirm2
 0001:000526A0       TdmContext.DoBaseInitAferLogin
 0001:00052680       TdmContext.DoCheckReturnValue
 0001:00052424       TdmContext.DoLoadOnePackage
 0001:000524E8       TdmContext.DoLock
 0001:0005183C       TdmContext.DoLogin
 0001:00051C70       TdmContext.DoLogout
 0001:00052234       TdmContext.DoSingleStationCheck
 0001:00052270       TdmContext.GetDialoagFlags
 0001:000509C4       TdmContext.HandleException
 0001:00050A6C       TdmContext.HandleException2
 0001:0005098C       TdmContext.InputText
 0001:000522EC       TdmContext.LoadOnePackage
 0001:00052304       TdmContext.LoadPackage
 0001:000511AC       TdmContext.LoadPackages
 0001:000526D0       TdmContext.rqSubsystemLoginAfterExec
 0001:000526F0       TdmContext.rqSubsystemLogoutAfterExec
 0001:000526B0       TdmContext.rqSubsystemRegeditAfterExec
 0001:0005136C       TdmContext.SearchFile
 0001:0005159C       TdmContext.SetupLogFile
 0001:0005063C       TdmContext.ShowError
 0001:0005072C       TdmContext.ShowError2
 0001:00050C88       TdmContext.ShowHelp
 0001:000522B8       TdmContext.ShowHintFor
 0001:000506B4       TdmContext.ShowMessage
 0001:00050918       TdmContext.ShowSuccess
 0001:00051550       TdmContext.ShowWaiting
 0001:000508A0       TdmContext.ShowWarning
 0001:00051DA0       TdmContext.ShutDownModule
 0001:00050FD0       TdmContext.ShutDownSystem
 0001:00051E00       TdmContext.SomeSysInit
 0001:00051D70       TdmContext.StartModule
 0001:00050CB4       TdmContext.StartSystem
 0001:00051FCC       TdmContext.WaitForInit
 0001:000507D4       TdmContext.Warning
 0001:0005A7C0       TdmDatabase.CloseTheProgress
 0001:0005A6AC       TdmDatabase.CloseWaiting
 0001:0005A5DC       TdmDatabase.DatabaseAfterReceive
 0001:0005A5A8       TdmDatabase.DatabaseBeforeReceive
 0001:0005A60C       TdmDatabase.DatabaseWait
 0001:0005A4DC       TdmDatabase.DataModuleCreate
 0001:0005A528       TdmDatabase.DataModuleDestroy
 0001:0005A6F4       TdmDatabase.GetDatabase
 0001:0005A68C       TdmDatabase.ReadyForUse
 0001:0005A654       TdmDatabase.SetProgressTitle
 0001:0005A710       TdmDatabase.ShowTheProgress
 0001:0005A6C8       TdmDatabase.ShowWaiting
 0001:0005A008       TdmDatabase.ShutDown
 0001:0005A014       TdmDatabase.Start
 0001:0005B100       TdmMenu.DataModuleCreate
 0001:0005B138       TdmMenu.DataModuleDestroy
 0001:0005B1E0       TdmMenu.DoGetMenuFromFile
 0001:0005B1B0       TdmMenu.ShutDown
 0001:0005B1C4       TdmMenu.Start
 0001:00032BC4       TempPath
 0001:0005AAF8       TfaSearch.btnQueryClick
 0001:0005ADE0       TfaSearch.edTextKeyPress
 0001:0005AB10       TfaSearch.Init
 0001:0005ADC8       TfaSearch.lvMenusDblClick
 0001:0005AE04       TfaSearch.lvMenusKeyPress
 0001:0005AB44       TfaSearch.SearchMenus
 0001:0005AE28       TfaSearch.ShowMenu
 0001:0005BB44       TfaWelcome.Init
 0001:00053244       TfmForceQuit.btnOKClick
 0001:00053264       TfmForceQuit.Create
 0001:00052F9C       TfmForceQuit.FormCreate
 0001:000530C4       TfmForceQuit.TimerTimer
 0001:0005924C       TfmMain.acAddCurToPersonalMenuExecute
 0001:000570D8       TfmMain.acAdjustGridExecute
 0001:00059554       TfmMain.acBrowseLocalDirExecute
 0001:000596DC       TfmMain.acClearLogExecute
 0001:00056D8C       TfmMain.acCloseWorkExecute
 0001:00057304       TfmMain.acDebugDatabaseExecute
 0001:00057284       TfmMain.acDebugDatasetExecute
 0001:000572E4       TfmMain.acDebugDataSourceExecute
 0001:000572C4       TfmMain.acDebugUIExecute
 0001:000572A4       TfmMain.acDebugWorkViewExecute
 0001:0005720C       TfmMain.acExitExecute
 0001:00057100       TfmMain.acFindExecute
 0001:00058EE8       TfmMain.acFocusGridExecute
 0001:000569BC       TfmMain.acGoGuideHomeExecute
 0001:00058674       TfmMain.acLockAppExecute
 0001:00056EE0       TfmMain.acLogoutExecute
 0001:00059338       TfmMain.acManagePersonalMenuExecute
 0001:000571F0       TfmMain.acMinExecute
 0001:00057128       TfmMain.acNextFindExecute
 0001:0005943C       TfmMain.acNextPageExecute
 0001:00059420       TfmMain.acPrevPageExecute
 0001:000570B0       TfmMain.acPrintExecute
 0001:000581CC       TfmMain.acRestoreExecute
 0001:00056978       TfmMain.acSearchExecute
 0001:00058170       TfmMain.acSearchMenuBySpellExecute
 0001:0005708C       TfmMain.acSetPrinterExecute
 0001:0005737C       TfmMain.acShowLogExecute
 0001:000599F0       TfmMain.acSmartFindExecuteExecute
 0001:00057224       TfmMain.ActiveControlChange
 0001:0005820C       TfmMain.acUpdateDataDictExecute
 0001:00056538       TfmMain.acUseMenuExecute
 0001:000595C8       TfmMain.acWhatFocusedExecute
 0001:00058F08       TfmMain.AfterLogin
 0001:00057150       TfmMain.alCommonUpdate
 0001:00059224       TfmMain.BeforeLogout
 0001:00059C58       TfmMain.btnAboutClick
 0001:00055914       TfmMain.btnViewGuideBarClick
 0001:00056278       TfmMain.btnViewHelpClick
 0001:0005625C       TfmMain.btnViewMenuClick
 0001:00058C28       TfmMain.CatelogMenuClick
 0001:000592CC       TfmMain.CheckReloadMenu
 0001:00056294       TfmMain.CloseAllWorkAreas
 0001:00057D48       TfmMain.CloseMenus
 0001:000568E0       TfmMain.CloseUI
 0001:00055FA8       TfmMain.CreateUI
 0001:00057538       TfmMain.DebugToolMenuClick
 0001:000578CC       TfmMain.DoApplicationIdle
 0001:000584C8       TfmMain.DoApplicationMessage
 0001:0005723C       TfmMain.DoCommonAction
 0001:00058E80       TfmMain.DoHandleException
 0001:00058270       TfmMain.DropDownMouseMove
 0001:00058D78       TfmMain.FitSize
 0001:000597C8       TfmMain.ForceQuit
 0001:00056E90       TfmMain.FormActivate
 0001:00058534       TfmMain.FormCloseQuery
 0001:00054D0C       TfmMain.FormCreate
 0001:00055430       TfmMain.FormDestroy
 0001:00059A90       TfmMain.FormShow
 0001:000565B0       TfmMain.GetActiveInstanceRecord
 0001:00059368       TfmMain.GetFavoriteMenuRootID
 0001:00058A38       TfmMain.GetInstanceRecord
 0001:00058A60       TfmMain.GetInstanceRecordCount
 0001:000573F4       TfmMain.InstallDebugTools
 0001:00058AF4       TfmMain.InstallMenuCatelogs
 0001:000569D4       TfmMain.InternalShowUI
 0001:000579A8       TfmMain.LoadMenus
 0001:00058648       TfmMain.LockApp
 0001:00057CC0       TfmMain.Login
 0001:00058408       TfmMain.Logout
 0001:00057F18       TfmMain.MenuCaptionSpellFilterItems
 0001:000580CC       TfmMain.MenuCaptionSpellGetSelectedText
 0001:000580E8       TfmMain.MenuCaptionSpellSelected
 0001:00056368       TfmMain.MenuTreeClick
 0001:00059AA0       TfmMain.MenuTreeCustomDraw
 0001:000593F8       TfmMain.MenuTreeKeyDown
 0001:000564EC       TfmMain.MenuTreeKeyPress
 0001:000585F0       TfmMain.MenuTreeKeyUp
 0001:00059A58       TfmMain.N21Click
 0001:00059AB8       TfmMain.N23Click
 0001:000562B8       TfmMain.NewWorkSpace
 0001:000594C4       TfmMain.PageSwitchTo
 0001:000595B0       TfmMain.PositionBarDblClick
 0001:00056A74       TfmMain.ReadConfig
 0001:00059834       TfmMain.RecievePushData
 0001:000596A0       TfmMain.RestoreFormSize
 0001:00058DFC       TfmMain.RPGlobeAfterPrint
 0001:0005791C       TfmMain.SetRunStatus
 0001:00058930       TfmMain.SetupPrinter
 0001:00056518       TfmMain.SetViewStatus
 0001:00058D8C       TfmMain.ShowAbout
 0001:000598F4       TfmMain.ShowGuide
 0001:00056528       TfmMain.ShowHelp
 0001:000578F0       TfmMain.ShowHintFor
 0001:00055F84       TfmMain.ShowInterface
 0001:00055BD8       TfmMain.ShowMenu
 0001:00057CF8       TfmMain.ShowUI
 0001:000595E0       TfmMain.ShowWhatFocused
 0001:00055810       TfmMain.ShutDown
 0001:00057EF0       TfmMain.Splitter1CanResize
 0001:00055518       TfmMain.Start
 0001:0005895C       TfmMain.SystemNotify
 0001:00059A10       TfmMain.test1Click
 0001:000582E0       TfmMain.TimerTimer
 0001:000581AC       TfmMain.UpdateCommonMenuButton
 0001:00058224       TfmMain.UpdateDataDict
 0001:00057D90       TfmMain.UpdateStatusBar
 0001:00058698       TfmMain.UpdateSystemDate
 0001:000581BC       TfmMain.UpdateSystemMenuButton
 0001:00056638       TfmMain.UpdateWorkArea
 0001:00057788       TfmMain.UpdateWorkViewStatus
 0001:000588CC       TfmMain.WMGetMinMaxInfo
 0001:00056F70       TfmMain.WMStart
 0001:00056620       TfmMain.WorkAreaChange
 0001:00059A30       TfmMain.WorkContainerCanResize
 0001:000575AC       TfmMain.WorkViewCenterException
 0001:00057618       TfmMain.WorkViewCenterInvalidInput
 0001:00059924       TFormWorkSpace.FitSize
 0001:00059958       TFormWorkSpace.Release
 0001:00059984       TFormWorkSpace.UIStatusChanged
 0001:0005B6C8       TFrmCheckOutUser.btnChangeClick
 0001:0005B854       TFrmCheckOutUser.btnOKClick
 0001:0005B7F8       TFrmCheckOutUser.btnQueryClick
 0001:0005B6B4       TFrmCheckOutUser.Init
 0001:00003174       THandledObject.Destroy
 0001:00034140       TIdAntiFreezeBase.Create
 0001:00034218       TIdAntiFreezeBase.Destroy
 0001:00034250       TIdAntiFreezeBase.DoProcess
 0001:0003429C       TIdAntiFreezeBase.ShouldUse
 0001:0003BF60       TIdAuthentication.Create
 0001:0003BFBC       TIdAuthentication.Destroy
 0001:0003C134       TIdAuthentication.GetPassword
 0001:0003C214       TIdAuthentication.GetSteps
 0001:0003C16C       TIdAuthentication.GetUserName
 0001:0003C104       TIdAuthentication.Next
 0001:0003C040       TIdAuthentication.ReadAuthInfo
 0001:0003C120       TIdAuthentication.Reset
 0001:0003C004       TIdAuthentication.SetAuthParams
 0001:0003C1A4       TIdAuthentication.SetPassword
 0001:0003C1DC       TIdAuthentication.SetUserName
 0001:00044E70       TIdAuthenticationCollection.Add
 0001:00044F14       TIdAuthenticationItem.Create
 0001:00044F84       TIdAuthenticationItem.Destroy
 0001:00044E94       TIdAuthenticationManager.AddAuthentication
 0001:0003C278       TIdBasicAuthentication.Authentication
 0001:0003C22C       TIdBasicAuthentication.Create
 0001:0003C328       TIdBasicAuthentication.DoNext
 0001:0003C4F4       TIdBasicAuthentication.GetSteps
 0001:0003C4C4       TIdBasicAuthentication.KeepAlive
 0001:0003C4D8       TIdBasicAuthentication.Reset
 0001:00034730       TIdComponent.BeginWork
 0001:00034524       TIdComponent.Create
 0001:000345C4       TIdComponent.Destroy
 0001:00034664       TIdComponent.DoStatus
 0001:00034644       TIdComponent.DoStatus
 0001:000347A8       TIdComponent.DoWork
 0001:0003480C       TIdComponent.EndWork
 0001:00035648       TIdConnectionIntercept.Connect
 0001:00035684       TIdConnectionIntercept.Create
 0001:00035614       TIdConnectionIntercept.Disconnect
 0001:00035790       TIdConnectionIntercept.NestedConnect
 0001:000357B8       TIdConnectionIntercept.NestedDisconnect
 0001:000357D8       TIdConnectionIntercept.NestedReceive
 0001:00035800       TIdConnectionIntercept.NestedSend
 0001:00035754       TIdConnectionIntercept.Notification
 0001:000356D4       TIdConnectionIntercept.Receive
 0001:00035714       TIdConnectionIntercept.Send
 0001:000375C8       TIdConnectThread.Execute
 0001:00043140       TIdCookieList.GetCookie
 0001:00044AD4       TIdCookieManager.AddCookie
 0001:00044B48       TIdCookieManager.AddCookie2
 0001:00044C44       TIdCookieManager.CleanupCookieList
 0001:000446A0       TIdCookieManager.Create
 0001:00044704       TIdCookieManager.Destroy
 0001:000449E0       TIdCookieManager.DoAdd
 0001:00044BF4       TIdCookieManager.DoOnCreate
 0001:00044C1C       TIdCookieManager.DoOnDestroy
 0001:00044BBC       TIdCookieManager.DoOnNewCookie
 0001:00044750       TIdCookieManager.GenerateCookieList
 0001:000439DC       TIdCookieRFC2109.Create
 0001:00043AF4       TIdCookieRFC2109.GetClientCookie
 0001:00043B10       TIdCookieRFC2109.GetCookie
 0001:00043C2C       TIdCookieRFC2109.LoadProperties
 0001:00043A3C       TIdCookieRFC2109.SetExpires
 0001:00043D94       TIdCookieRFC2965.Create
 0001:00043DE4       TIdCookieRFC2965.GetCookie
 0001:00043E00       TIdCookieRFC2965.LoadProperties
 0001:00044004       TIdCookieRFC2965.SetPort
 0001:000443A4       TIdCookies.Add
 0001:000443C8       TIdCookies.Add2
 0001:00044298       TIdCookies.AddCookie
 0001:00044190       TIdCookies.Create
 0001:00044210       TIdCookies.Destroy
 0001:000443EC       TIdCookies.LockCookieListByDomain
 0001:0004442C       TIdCookies.UnlockCookieListByDomain
 0001:0004668C       TIdCustomHTTP.CheckAndConnect
 0001:00046720       TIdCustomHTTP.ConnectToHost
 0001:00045A50       TIdCustomHTTP.Create
 0001:00045B5C       TIdCustomHTTP.Destroy
 0001:00047038       TIdCustomHTTP.DoOnAuthorization
 0001:00047644       TIdCustomHTTP.DoOnDisconnected
 0001:000472D0       TIdCustomHTTP.DoOnProxyAuthorization
 0001:00045C14       TIdCustomHTTP.DoOnRedirect
 0001:00046AEC       TIdCustomHTTP.DoRequest
 0001:00045BB4       TIdCustomHTTP.Get
 0001:0004862C       TIdCustomHTTP.GetAuthRetries
 0001:00048668       TIdCustomHTTP.GetProxyAuthRetries
 0001:00047624       TIdCustomHTTP.GetRequestHeaders
 0001:00047604       TIdCustomHTTP.GetResponseHeaders
 0001:000475E0       TIdCustomHTTP.GetResponseText
 0001:00046F70       TIdCustomHTTP.Notification
 0001:00046288       TIdCustomHTTP.PrepareRequest
 0001:00046D98       TIdCustomHTTP.ProcessCookies
 0001:000460C4       TIdCustomHTTP.ReadResult
 0001:00046D7C       TIdCustomHTTP.SetAllowCookies
 0001:00046FCC       TIdCustomHTTP.SetCookieManager
 0001:00045C68       TIdCustomHTTP.SetCookies
 0001:000476F4       TIdCustomHTTP.SetHost
 0001:00045D10       TIdCustomHTTP.SetHostAndPort
 0001:00047724       TIdCustomHTTP.SetPort
 0001:00047790       TIdCustomHTTP.SetRequestHeaders
 0001:0003B058       TIdDecoder4to3.ConstructDecodeTable
 0001:0003B0F4       TIdDecoder4to3.DecodeToStream
 0001:0003B2C0       TIdDecoder4to3.DecodeUnit
 0001:0003AD50       TIdEncoder.Encode
 0001:0003ADC8       TIdEncoder.EncodeString
 0001:0003B36C       TIdEncoder3to4.Encode
 0001:0003B884       TIdEncoder3to4.EncodeUnit
 0001:0003BA88       TIdEncoderMIME.Create
 0001:0003CF90       TIdEntityHeaderInfo.AssignTo
 0001:0003D084       TIdEntityHeaderInfo.Clear
 0001:0003CECC       TIdEntityHeaderInfo.Create
 0001:0003CF48       TIdEntityHeaderInfo.Destroy
 0001:0003D10C       TIdEntityHeaderInfo.ProcessHeaders
 0001:0003E710       TIdEntityHeaderInfo.SetContentLength
 0001:0003E6F0       TIdEntityHeaderInfo.SetCustomHeaders
 0001:0003D458       TIdEntityHeaderInfo.SetHeaders
 0001:0003A3E4       TIdHeaderList.Create
 0001:0003A460       TIdHeaderList.DeleteFoldedLines
 0001:0003A544       TIdHeaderList.Extract
 0001:0003A5F0       TIdHeaderList.FoldAndInsert
 0001:0003A6DC       TIdHeaderList.FoldLine
 0001:0003A7F4       TIdHeaderList.GetNameFromLine
 0001:0003A8AC       TIdHeaderList.GetValue
 0001:0003A8D8       TIdHeaderList.GetValueFromLine
 0001:0003AA28       TIdHeaderList.IndexOfName
 0001:0003AAB8       TIdHeaderList.SetValue
 0001:00047B84       TIdHTTPProtocol.BuildAndSendRequest
 0001:00047ABC       TIdHTTPProtocol.Create
 0001:00047B3C       TIdHTTPProtocol.Destroy
 0001:00048214       TIdHTTPProtocol.ProcessResponse
 0001:00047F60       TIdHTTPProtocol.RetrieveHeaders
 0001:00047A60       TIdHTTPRequest.Create
 0001:000477B4       TIdHTTPResponse.Create
 0001:00047804       TIdHTTPResponse.GetKeepAlive
 0001:000479A4       TIdHTTPResponse.GetResponseCode
 0001:000359AC       TIdIOHandler.AfterAccept
 0001:00035944       TIdIOHandler.Close
 0001:00035958       TIdIOHandler.ConnectClient
 0001:000359CC       TIdIOHandler.Connected
 0001:00035970       TIdIOHandler.Destroy
 0001:000359B8       TIdIOHandler.Open
 0001:00036E94       TIdIOHandlerSocket.Close
 0001:00037060       TIdIOHandlerSocket.ConnectClient
 0001:0003725C       TIdIOHandlerSocket.Connected
 0001:0003728C       TIdIOHandlerSocket.Create
 0001:00037530       TIdIOHandlerSocket.Destroy
 0001:000374F8       TIdIOHandlerSocket.GetSocksInfo
 0001:0003758C       TIdIOHandlerSocket.Notification
 0001:000372DC       TIdIOHandlerSocket.Open
 0001:0003731C       TIdIOHandlerSocket.Readable
 0001:00037340       TIdIOHandlerSocket.Recv
 0001:000373D0       TIdIOHandlerSocket.Send
 0001:00037460       TIdIOHandlerSocket.SetSocksInfo
 0001:00039868       TIdManagedBuffer.Clear
 0001:00039884       TIdManagedBuffer.Create
 0001:000398D8       TIdManagedBuffer.Extract
 0001:0003996C       TIdManagedBuffer.Memory
 0001:0003998C       TIdManagedBuffer.PackBuffer
 0001:000399DC       TIdManagedBuffer.Remove
 0001:00039AA0       TIdManagedBuffer.Seek
 0001:000432A4       TIdNetscapeCookie.Assign
 0001:00043164       TIdNetscapeCookie.Create
 0001:000431B4       TIdNetscapeCookie.Destroy
 0001:00043478       TIdNetscapeCookie.GetClientCookie
 0001:000434B4       TIdNetscapeCookie.GetCookie
 0001:0004345C       TIdNetscapeCookie.GetServerCookie
 0001:00043320       TIdNetscapeCookie.IsValidCookie
 0001:000435EC       TIdNetscapeCookie.LoadProperties
 0001:00043760       TIdNetscapeCookie.SetCookie
 0001:00043408       TIdNetscapeCookie.SetExpires
 0001:0003D82C       TIdProxyConnectionInfo.AssignTo
 0001:0003D8B8       TIdProxyConnectionInfo.Clear
 0001:0003D798       TIdProxyConnectionInfo.Create
 0001:0003D7E4       TIdProxyConnectionInfo.Destroy
 0001:0003D8EC       TIdProxyConnectionInfo.SetHeaders
 0001:0003DA20       TIdProxyConnectionInfo.SetProxyPort
 0001:0003DA50       TIdProxyConnectionInfo.SetProxyServer
 0001:00033C94       TIdReadMemoryStream.SetPointer
 0001:00033CC4       TIdReadMemoryStream.Write
 0001:0003DD34       TIdRequestHeaderInfo.AssignTo
 0001:0003DE20       TIdRequestHeaderInfo.Clear
 0001:0003DA8C       TIdRequestHeaderInfo.ProcessHeaders
 0001:0003DEAC       TIdRequestHeaderInfo.SetHeaders
 0001:0003E67C       TIdResponseHeaderInfo.Clear
 0001:0003E328       TIdResponseHeaderInfo.Create
 0001:0003E3B4       TIdResponseHeaderInfo.Destroy
 0001:0003E43C       TIdResponseHeaderInfo.ProcessHeaders
 0001:0003E3FC       TIdResponseHeaderInfo.SetProxyAuthenticate
 0001:0003E41C       TIdResponseHeaderInfo.SetWWWAuthenticate
 0001:00035B38       TIdRFCReply.AssignTo
 0001:00035BA0       TIdRFCReply.Clear
 0001:00035BC8       TIdRFCReply.Create
 0001:00035C2C       TIdRFCReply.Destroy
 0001:00035E58       TIdRFCReply.GetDisplayName
 0001:00035C68       TIdRFCReply.ParseResponse
 0001:00035D94       TIdRFCReply.SetNumericCode
 0001:00035DFC       TIdRFCReply.SetText
 0001:00035E1C       TIdRFCReply.SetTextCode
 0001:0003FD20       TIdServerIOHandler.Accept
 0001:0003FD14       TIdServerIOHandler.Init
 0001:00041300       TIdServerIOHandlerSSL.Accept
 0001:00041130       TIdServerIOHandlerSSL.Create
 0001:00041190       TIdServerIOHandlerSSL.Destroy
 0001:00041400       TIdServerIOHandlerSSL.DoGetPassword
 0001:000413A4       TIdServerIOHandlerSSL.DoStatusInfo
 0001:00041428       TIdServerIOHandlerSSL.DoVerifyPeer
 0001:000411E4       TIdServerIOHandlerSSL.Init
 0001:000394B8       TIdSimpleBuffer.Create
 0001:0003950C       TIdSimpleBuffer.Extract
 0001:0003959C       TIdSimpleBuffer.Remove
 0001:00034F98       TIdSocketHandle.Accept
 0001:00034C00       TIdSocketHandle.AllocateSocket
 0001:000351F0       TIdSocketHandle.Assign
 0001:00034E30       TIdSocketHandle.Bind
 0001:00035384       TIdSocketHandle.BindPortReserved
 0001:00034C50       TIdSocketHandle.CloseSocket
 0001:00034C9C       TIdSocketHandle.Connect
 0001:00035024       TIdSocketHandle.Create
 0001:00034CF0       TIdSocketHandle.Destroy
 0001:00035098       TIdSocketHandle.Readable
 0001:00034D2C       TIdSocketHandle.Recv
 0001:00034DEC       TIdSocketHandle.RecvFrom
 0001:000352D0       TIdSocketHandle.Reset
 0001:00034D68       TIdSocketHandle.Send
 0001:00034F6C       TIdSocketHandle.SetPeer
 0001:00034DA4       TIdSocketHandle.SetSockOpt
 0001:00035320       TIdSocketHandle.TryBind
 0001:00035268       TIdSocketHandle.UpdateBindingLocal
 0001:0003529C       TIdSocketHandle.UpdateBindingPeer
 0001:000314F4       TIdSocketListWindows.Add
 0001:00031580       TIdSocketListWindows.Count
 0001:0003159C       TIdSocketListWindows.GetItem
 0001:0003162C       TIdSocketListWindows.Remove
 0001:000361A8       TIdSocksInfo.AssignTo
 0001:00036230       TIdSocksInfo.Create
 0001:00036290       TIdSocksInfo.MakeSocks4Connection
 0001:00036524       TIdSocksInfo.MakeSocks5Connection
 0001:00036BF8       TIdSocksInfo.MakeSocksConnection
 0001:000429DC       TIdSSLCipher.Create
 0001:00042A2C       TIdSSLCipher.Destroy
[...]
   893 0001:00056308   894 0001:0005631A   895 0001:0005632E   896 0001:00056342
   898 0001:00056364   906 0001:00056368   907 0001:00056374   908 0001:00056394
   910 0001:000563AA   911 0001:000563BE   913 0001:000563D4   914 0001:000563DA
   917 0001:000563EC   919 0001:000563F7   918 0001:00056400   920 0001:00056414
   922 0001:00056422   923 0001:00056439   924 0001:0005643F   927 0001:00056445
   931 0001:00056466   933 0001:00056474   938 0001:0005648A   942 0001:00056497
   945 0001:000564EC   946 0001:000564FB   948 0001:0005650B   950 0001:00056511
   953 0001:00056518   954 0001:00056524   957 0001:00056528   966 0001:00056534
   969 0001:00056538   970 0001:00056545   971 0001:0005654F   973 0001:00056565
   974 0001:00056571   976 0001:00056583   977 0001:00056599   978 0001:000565AA
   981 0001:000565B0   982 0001:000565B9   984 0001:000565ED   986 0001:00056613
   987 0001:0005661B   990 0001:00056620   991 0001:0005662C   992 0001:00056634
   995 0001:00056638   996 0001:00056641   998 0001:00056651   999 0001:00056661
  1000 0001:00056671  1001 0001:00056681  1002 0001:00056691  1003 0001:000566A1
  1004 0001:000566B1  1005 0001:000566C1  1006 0001:000566D1  1007 0001:000566E1
  1008 0001:000566F1  1009 0001:00056701  1014 0001:00056716  1015 0001:00056726
  1017 0001:00056731  1018 0001:0005674C  1019 0001:0005676C  1020 0001:0005678C
  1021 0001:000567AC  1023 0001:000567CC  1025 0001:000567EC  1026 0001:0005680C
  1028 0001:00056840  1030 0001:00056874  1032 0001:000568A8  1037 0001:000568DC
  1042 0001:000568E0  1043 0001:000568EC  1045 0001:000568F2  1046 0001:00056906
  1047 0001:00056917  1048 0001:0005692D  1049 0001:00056942  1050 0001:00056948
  1052 0001:0005695C  1053 0001:00056964  1054 0001:00056972  1057 0001:00056978
  1058 0001:00056984  1060 0001:00056996  1063 0001:000569BC  1064 0001:000569C8
  1066 0001:000569D0  1072 0001:000569D4  1073 0001:000569E0  1075 0001:000569FC
  1076 0001:00056A10  1078 0001:00056A25  1079 0001:00056A29  1080 0001:00056A3D
  1081 0001:00056A52  1082 0001:00056A5D  1084 0001:00056A5F  1073 0001:00056A62
  1085 0001:00056A67  1086 0001:00056A6E  1091 0001:00056A74  1092 0001:00056A91
  1094 0001:00056A9E  1095 0001:00056ABB  1096 0001:00056AC7  1098 0001:00056AD4
  1100 0001:00056AF1  1102 0001:00056B0E  1105 0001:00056B2B  1107 0001:00056B48
  1109 0001:00056B65  1111 0001:00056B71  1112 0001:00056B81  1113 0001:00056B94
  1114 0001:00056BA0  1116 0001:00056BB4  1120 0001:00056BC3  1121 0001:00056BDA
  1124 0001:00056BE7  1126 0001:00056C07  1127 0001:00056C25  1128 0001:00056C31
  1129 0001:00056C3A  1130 0001:00056C46  1132 0001:00056C53  1142 0001:00056C70
  1145 0001:00056CB5  1150 0001:00056D8C  1151 0001:00056DB2  1152 0001:00056DC5
  1155 0001:00056DCF  1156 0001:00056DDA  1159 0001:00056E3D  1161 0001:00056E75
  1174 0001:00056E90  1175 0001:00056E9C  1177 0001:00056EA8  1178 0001:00056EB2
  1179 0001:00056EBC  1180 0001:00056ED3  1182 0001:00056EDB  1185 0001:00056EE0
  1186 0001:00056F00  1188 0001:00056F26  1189 0001:00056F2E  1191 0001:00056F53
  1194 0001:00056F70  1195 0001:00056F7C  1197 0001:00056F9C  1199 0001:00056FA8
  1200 0001:00056FB0  1209 0001:00056FB5  1210 0001:00056FBF  1211 0001:00056FCD
  1213 0001:00056FE6  1218 0001:00057002  1219 0001:0005700C  1221 0001:00057016
  1222 0001:0005701E  1223 0001:00057026  1226 0001:00057036  1229 0001:0005708C
  1230 0001:00057098  1231 0001:000570A0  1232 0001:000570AB  1235 0001:000570B0
  1236 0001:000570BC  1237 0001:000570C9  1238 0001:000570D4  1241 0001:000570D8
  1242 0001:000570E4  1243 0001:000570F1  1244 0001:000570FC  1247 0001:00057100
  1248 0001:0005710C  1249 0001:00057119  1250 0001:00057124  1253 0001:00057128
  1254 0001:00057134  1255 0001:00057141  1256 0001:0005714C  1260 0001:00057150
  1261 0001:00057173  1262 0001:00057179  1263 0001:00057196  1264 0001:0005719E
  1265 0001:000571B5  1266 0001:000571E9  1269 0001:000571F0  1270 0001:000571FC
  1271 0001:00057208  1274 0001:0005720C  1275 0001:00057218  1276 0001:00057220
  1279 0001:00057224  1280 0001:00057230  1281 0001:00057238  1284 0001:0005723C
  1285 0001:00057248  1286 0001:00057254  1287 0001:0005725F  1288 0001:00057271
  1289 0001:0005727F  1292 0001:00057284  1293 0001:00057290  1294 0001:0005729D
  1297 0001:000572A4  1298 0001:000572B0  1299 0001:000572BD  1302 0001:000572C4
  1303 0001:000572D0  1304 0001:000572DD  1307 0001:000572E4  1308 0001:000572F0
  1309 0001:000572FD  1312 0001:00057304  1313 0001:00057326  1314 0001:00057339
  1315 0001:00057376  1318 0001:0005737C  1319 0001:0005739E  1320 0001:000573B1
  1321 0001:000573EE  1329 0001:000573F4  1330 0001:00057417  1331 0001:00057424
  1333 0001:0005742E  1334 0001:0005743D  1335 0001:0005744B  1336 0001:00057456
  1338 0001:00057472  1339 0001:00057484  1340 0001:0005749D  1341 0001:000574B9
  1342 0001:000574CF  1343 0001:000574E3  1336 0001:000574E6  1345 0001:000574F8
  1348 0001:00057532  1354 0001:00057538  1355 0001:00057558  1356 0001:00057565
  1358 0001:0005756B  1359 0001:00057571  1361 0001:000575A6  1364 0001:000575AC
  1365 0001:000575CF  1366 0001:000575D8  1367 0001:00057610  1374 0001:00057618
  1375 0001:0005764D  1377 0001:00057663  1378 0001:0005766C  1381 0001:000576AB
  1382 0001:000576D8  1383 0001:000576EE  1384 0001:000576F4  1385 0001:00057736
  1387 0001:00057783  1393 0001:00057788  1394 0001:000577A4  1396 0001:000577B5
  1397 0001:000577E1  1398 0001:000577F3  1400 0001:000577F9  1401 0001:00057809
  1402 0001:0005780F  1403 0001:0005781A  1406 0001:0005783D  1410 0001:0005785F
  1411 0001:0005787F  1413 0001:000578BC  1416 0001:000578CC  1417 0001:000578DB
  1418 0001:000578E1  1419 0001:000578E9  1422 0001:000578F0  1423 0001:000578FF
  1424 0001:00057915  1429 0001:0005791C  1430 0001:00057928  1431 0001:00057934
  1433 0001:00057942  1434 0001:00057953  1435 0001:0005796E  1436 0001:00057989
  1437 0001:000579A4  1443 0001:000579A8  1444 0001:000579D3  1445 0001:000579F2
  1447 0001:00057A1D  1449 0001:00057A3F  1450 0001:00057A4C  1451 0001:00057A52
  1452 0001:00057A61  1454 0001:00057A74  1456 0001:00057A8B  1457 0001:00057A90
  1459 0001:00057A96  1460 0001:00057A9F  1462 0001:00057AB8  1464 0001:00057ACF
  1465 0001:00057AE7  1467 0001:00057AFE  1469 0001:00057B15  1470 0001:00057B22
  1471 0001:00057B28  1473 0001:00057B3F  1474 0001:00057B44  1476 0001:00057B4A
  1477 0001:00057B53  1479 0001:00057B6C  1481 0001:00057B83  1482 0001:00057B9B
  1484 0001:00057BB2  1486 0001:00057BC9  1487 0001:00057BEE  1488 0001:00057C01
  1489 0001:00057C36  1492 0001:00057CC0  1493 0001:00057CC7  1494 0001:00057CCF
  1495 0001:00057CDB  1496 0001:00057CE3  1497 0001:00057CF3  1502 0001:00057CF8
  1503 0001:00057D04  1504 0001:00057D08  1506 0001:00057D14  1507 0001:00057D28
  1509 0001:00057D2E  1510 0001:00057D3B  1513 0001:00057D42  1516 0001:00057D48
  1517 0001:00057D4F  1518 0001:00057D63  1519 0001:00057D70  1520 0001:00057D7D
  1521 0001:00057D8A  1524 0001:00057D90  1527 0001:00057DB6  1529 0001:00057DD7
  1535 0001:00057E54  1538 0001:00057EA3  1542 0001:00057EF0  1543 0001:00057EFF
  1544 0001:00057F07  1545 0001:00057F10  1555 0001:00057F18  1557 0001:00057F44
  1559 0001:00057F54  1560 0001:00057F65  1561 0001:00057F70  1562 0001:00057F7E
  1563 0001:00057F91  1564 0001:00057FA4  1566 0001:00057FC4  1568 0001:00057FD8
  1570 0001:00057FF0  1573 0001:00058037  1575 0001:00058050  1564 0001:00058053
  1577 0001:00058069  1579 0001:00058084  1580 0001:000580C6  1584 0001:000580CC
  1585 0001:000580DB  1586 0001:000580E3  1592 0001:000580E8  1593 0001:000580F4
  1595 0001:00058106  1597 0001:0005812C  1598 0001:00058143  1599 0001:00058149
  1601 0001:00058158  1603 0001:0005816C  1606 0001:00058170  1607 0001:0005817D
  1609 0001:00058193  1611 0001:000581A4  1614 0001:000581AC  1626 0001:000581B8
  1629 0001:000581BC  1634 0001:000581C8  1637 0001:000581CC  1638 0001:000581D9
  1639 0001:000581E1  1640 0001:000581EB  1641 0001:000581F3  1642 0001:00058205
  1645 0001:0005820C  1646 0001:00058218  1647 0001:00058220  1652 0001:00058224
  1653 0001:0005822D  1654 0001:00058235  1655 0001:00058241  1656 0001:0005824D
  1657 0001:00058254  1656 0001:00058261  1658 0001:0005826A  1664 0001:00058270
  1665 0001:00058280  1667 0001:0005829B  1668 0001:000582AE  1669 0001:000582C8
  1671 0001:000582D9  1676 0001:000582E0  1678 0001:000582FF  1686 0001:00058352
  1687 0001:00058375  1689 0001:00058383  1693 0001:0005838D  1696 0001:000583E1
  1702 0001:00058408  1703 0001:00058414  1704 0001:00058424  1705 0001:0005842C
  1706 0001:00058438  1707 0001:00058442  1709 0001:00058450  1710 0001:00058455
  1711 0001:00058463  1712 0001:00058472  1714 0001:0005848B  1715 0001:00058492
  1716 0001:0005849A  1719 0001:000584BB  1720 0001:000584C0  1724 0001:000584C8
  1726 0001:000584D7  1727 0001:000584DD  1730 0001:0005850D  1732 0001:0005851B
  1733 0001:0005852F  1736 0001:00058534  1737 0001:00058557  1739 0001:00058563
  1740 0001:00058569  1743 0001:0005856B  1744 0001:00058595  1746 0001:0005859D
  1747 0001:000585AB  1749 0001:000585D0  1753 0001:000585F0  1754 0001:000585FF
  1756 0001:00058614  1757 0001:0005861E  1758 0001:00058629  1759 0001:00058637
  1761 0001:0005863F  1764 0001:00058648  1765 0001:0005864F  1766 0001:00058659
  1767 0001:00058665  1768 0001:0005866F  1771 0001:00058674  1772 0001:00058680
  1773 0001:0005868B  1774 0001:00058693  1780 0001:00058698  1781 0001:000586BA
  1783 0001:000586C2  1784 0001:000586DB  1785 0001:00058716  1786 0001:0005874A
  1789 0001:0005877F  1795 0001:0005881B  1800 0001:000588CC  1801 0001:000588D8
  1802 0001:000588E3  1803 0001:000588F2  1805 0001:000588FB  1806 0001:00058907
  1807 0001:00058913  1808 0001:0005891F  1810 0001:0005892B  1813 0001:00058930
  1814 0001:00058937  1816 0001:00058949  1818 0001:00058956  1824 0001:0005895C
  1826 0001:00058981  1827 0001:00058989  1831 0001:000589CC  1832 0001:000589D7
  1834 0001:000589EA  1835 0001:00058A00  1832 0001:00058A03  1836 0001:00058A32
  1839 0001:00058A38  1840 0001:00058A44  1841 0001:00058A5B  1844 0001:00058A60
  1845 0001:00058A69  1846 0001:00058A7B  1858 0001:00058A80  1859 0001:00058A89
  1860 0001:00058A9E  1861 0001:00058AAC  1862 0001:00058AB5  1863 0001:00058ACE
  1864 0001:00058AE5  1865 0001:00058AEE  1866 0001:00058AF4  1867 0001:00058B10
  1868 0001:00058B2F  1869 0001:00058B39  1871 0001:00058B58  1879 0001:00058B6D
  1886 0001:00058BB9  1888 0001:00058BC3  1869 0001:00058BC6  1889 0001:00058BCB
  1890 0001:00058C04  1897 0001:00058C28  1898 0001:00058C4E  1899 0001:00058C74
  1900 0001:00058C7E  1901 0001:00058C87  1902 0001:00058C95  1903 0001:00058CA3
  1904 0001:00058CB1  1908 0001:00058CFE  1911 0001:00058D78  1912 0001:00058D87
  1915 0001:00058D8C  1916 0001:00058DA6  1917 0001:00058DB9  1918 0001:00058DF6
  1921 0001:00058DFC  1922 0001:00058E1F  1924 0001:00058E2D  1925 0001:00058E7B
  1928 0001:00058E80  1929 0001:00058EA3  1930 0001:00058EAC  1931 0001:00058EE1
  1934 0001:00058EE8  1935 0001:00058EF4  1936 0001:00058F01  1941 0001:00058F08
  1943 0001:00058F2A  1944 0001:00058F52  1945 0001:00058F8D  1948 0001:00058FC5
  1949 0001:00058FCD  1950 0001:00058FD5  1951 0001:00058FE3  1956 0001:00059008
  1958 0001:00059024  1963 0001:000590D1  1964 0001:000590DF  1966 0001:000590E9
  1967 0001:00059158  1970 0001:00059224  1971 0001:0005922B  1972 0001:00059233
  1973 0001:0005923B  1974 0001:00059249  1979 0001:0005924C  1980 0001:0005926B
  1982 0001:00059277  1983 0001:0005928D  1984 0001:000592A2  1986 0001:000592C7
  1989 0001:000592CC  1990 0001:000592D3  1991 0001:000592F7  1992 0001:00059309
  1995 0001:00059338  1996 0001:00059344  1997 0001:00059359  1998 0001:00059361
  2001 0001:00059368  2002 0001:00059377  2004 0001:0005939B  2006 0001:000593A5
  2007 0001:000593B2  2011 0001:000593F8  2012 0001:00059407  2013 0001:00059410
  2014 0001:0005941A  2017 0001:00059420  2018 0001:0005942C  2019 0001:00059436
  2022 0001:0005943C  2023 0001:00059448  2024 0001:00059452  2035 0001:00059458
  2036 0001:00059464  2037 0001:00059475  2040 0001:00059485  2042 0001:0005949C
  2043 0001:000594AA  2045 0001:000594AC  2038 0001:000594B2  2047 0001:000594C0
  2049 0001:000594C4  2050 0001:000594D0  2051 0001:000594D5  2052 0001:000594E1
  2054 0001:000594E7  2056 0001:000594F9  2057 0001:000594FF  2059 0001:00059501
  2052 0001:0005950A  2061 0001:00059510  2062 0001:0005951E  2063 0001:00059523
  2064 0001:00059529  2065 0001:0005952F  2067 0001:00059540  2068 0001:0005954D
  2071 0001:00059554  2072 0001:00059574  2073 0001:000595AB  2076 0001:000595B0
  2077 0001:000595BC  2078 0001:000595C4  2081 0001:000595C8  2082 0001:000595D4
  2083 0001:000595DC  2089 0001:000595E0  2090 0001:000595FF  2091 0001:0005960C
  2092 0001:00059614  2094 0001:0005961A  2095 0001:00059652  2092 0001:0005965B
  2097 0001:00059661  2098 0001:0005968B  2103 0001:000596A0  2104 0001:000596AA
  2105 0001:000596B9  2106 0001:000596D5  2114 0001:000596DC  2115 0001:0005970A
  2116 0001:0005971C  2117 0001:0005972D  2118 0001:0005973B  2120 0001:0005976F
  2121 0001:000597AC  2124 0001:000597C8  2125 0001:000597E7  2126 0001:000597FD
  2127 0001:00059805  2128 0001:0005982E  2133 0001:00059834  2134 0001:0005985A
  2137 0001:00059864  2138 0001:00059874  2139 0001:000598A2  2146 0001:000598E2
  2149 0001:000598F4  2159 0001:000598FB  2160 0001:0005990D  2167 0001:00059924
  2168 0001:00059933  2169 0001:0005993C  2170 0001:00059947  2171 0001:00059952
  2174 0001:00059958  2175 0001:00059964  2176 0001:0005997F  2180 0001:00059984
  2181 0001:000599A3  2182 0001:000599BF  2183 0001:000599EB  2186 0001:000599F0
  2187 0001:000599FC  2188 0001:00059A09  2191 0001:00059A10  2192 0001:00059A1C
  2193 0001:00059A2A  2197 0001:00059A30  2198 0001:00059A3F  2199 0001:00059A4F
  2202 0001:00059A58  2203 0001:00059A64  2204 0001:00059A76  2207 0001:00059A90
  2214 0001:00059A9C  2218 0001:00059AA0  2220 0001:00059AAF  2226 0001:00059AB8
  2227 0001:00059ADB  2228 0001:00059AE9  2229 0001:00059B11  2230 0001:00059B2A
  2231 0001:00059B60  2232 0001:00059B6F  2234 0001:00059B7F  2235 0001:00059B96
  2236 0001:00059BA5  2239 0001:00059BC2  2240 0001:00059BEC  2243 0001:00059C58
  2244 0001:00059C64  2245 0001:00059C6C  2247 0001:00059CA0  2247 0001:00059CA7

Line numbers for UStyles(UStyles.pas) segment .text

    39 0001:00059E04    39 0001:00059E0B

Line numbers for UDatabase(UDatabase.pas) segment .text

    47 0001:00059E0C    62 0001:0005A008    64 0001:0005A00F    69 0001:0005A014
    70 0001:0005A042    71 0001:0005A04C    72 0001:0005A053    73 0001:0005A07A
    74 0001:0005A086    75 0001:0005A093    76 0001:0005A0BC    77 0001:0005A0E9
    78 0001:0005A114    79 0001:0005A144    81 0001:0005A16E    82 0001:0005A198
    83 0001:0005A1C5    84 0001:0005A1E5    85 0001:0005A20E    87 0001:0005A228
    89 0001:0005A242    90 0001:0005A24B    91 0001:0005A255    92 0001:0005A25A
    93 0001:0005A263    97 0001:0005A2C6    98 0001:0005A2D4   100 0001:0005A2F0
   101 0001:0005A2F5   102 0001:0005A301   104 0001:0005A30B   106 0001:0005A341
   109 0001:0005A4DC   110 0001:0005A4E8   111 0001:0005A4F4   112 0001:0005A508
   115 0001:0005A528   116 0001:0005A534   117 0001:0005A540   118 0001:0005A54A
   119 0001:0005A551   120 0001:0005A55D   123 0001:0005A5A8   124 0001:0005A5B4
   127 0001:0005A5C3   128 0001:0005A5CC   129 0001:0005A5D6   132 0001:0005A5DC
   133 0001:0005A5E8   136 0001:0005A5F7   137 0001:0005A600   138 0001:0005A608
   142 0001:0005A60C   143 0001:0005A61B   146 0001:0005A62A   148 0001:0005A633
   149 0001:0005A63A   150 0001:0005A643   153 0001:0005A64B   154 0001:0005A650
   157 0001:0005A654   158 0001:0005A660   159 0001:0005A66E   160 0001:0005A677
   161 0001:0005A687   164 0001:0005A68C   165 0001:0005A693   166 0001:0005A6A0
   167 0001:0005A6A7   170 0001:0005A6AC   171 0001:0005A6B3   172 0001:0005A6BD
   173 0001:0005A6C5   176 0001:0005A6C8   177 0001:0005A6D4   179 0001:0005A6DF
   180 0001:0005A6ED   183 0001:0005A6F4   184 0001:0005A6FD   185 0001:0005A709
   190 0001:0005A710   191 0001:0005A72E   192 0001:0005A737   194 0001:0005A747
   195 0001:0005A74F   196 0001:0005A755   198 0001:0005A77A   199 0001:0005A7BA
   202 0001:0005A7C0   203 0001:0005A7C7   204 0001:0005A7CC   206 0001:0005A800
   206 0001:0005A807

Line numbers for USearch(USearch.pas) segment .text

    46 0001:0005AAF8    47 0001:0005AB04    48 0001:0005AB0C    51 0001:0005AB10
    52 0001:0005AB18    53 0001:0005AB2E    54 0001:0005AB3F    64 0001:0005AB44
    65 0001:0005AB64    66 0001:0005AB73    67 0001:0005AB81    68 0001:0005AB95
    69 0001:0005ABA9    70 0001:0005ABB1    71 0001:0005ABC6    72 0001:0005ABD1
    73 0001:0005ABE6    74 0001:0005ABF1    75 0001:0005AC06    76 0001:0005AC11
    77 0001:0005AC3B    78 0001:0005AC4D    80 0001:0005AC67    81 0001:0005AC75
    83 0001:0005AC83    84 0001:0005AC9A    85 0001:0005ACA8    86 0001:0005ACB9
    87 0001:0005ACCA    89 0001:0005ACD5    78 0001:0005ACD8    91 0001:0005ACEA
    92 0001:0005ACFE    94 0001:0005AD0E    96 0001:0005AD24    97 0001:0005AD35
    98 0001:0005AD4D   100 0001:0005AD98   103 0001:0005ADC8   104 0001:0005ADD4
   105 0001:0005ADDC   108 0001:0005ADE0   109 0001:0005ADEF   110 0001:0005ADF7
   111 0001:0005ADFF   114 0001:0005AE04   115 0001:0005AE13   116 0001:0005AE1B
   117 0001:0005AE23   122 0001:0005AE28   123 0001:0005AE31   125 0001:0005AE43
   126 0001:0005AE57   127 0001:0005AE61   129 0001:0005AE73   131 0001:0005AEA8
   132 0001:0005AEB1   134 0001:0005AEC8

Line numbers for UCMMenu(UCMMenu.pas) segment .text

    36 0001:0005AEF4    52 0001:0005B100    53 0001:0005B10C    54 0001:0005B120
    60 0001:0005B134    63 0001:0005B138    64 0001:0005B144    65 0001:0005B150
    66 0001:0005B15A    67 0001:0005B164    68 0001:0005B170    71 0001:0005B1B0
    72 0001:0005B1B7    73 0001:0005B1C1    76 0001:0005B1C4    77 0001:0005B1CB
    79 0001:0005B1D3    80 0001:0005B1DB   183 0001:0005B1E0   204 0001:0005B1FC
   211 0001:0005B244   213 0001:0005B2A0   213 0001:0005B2A7

Line numbers for UCheckOutUser(UCheckOutUser.pas) segment .text

    45 0001:0005B6B4    46 0001:0005B6BB    47 0001:0005B6C3    50 0001:0005B6C8
    51 0001:0005B6EB    53 0001:0005B718    54 0001:0005B734    56 0001:0005B736
    57 0001:0005B741    58 0001:0005B751    59 0001:0005B761    60 0001:0005B771
    61 0001:0005B7A6    64 0001:0005B7F8    65 0001:0005B804    66 0001:0005B824
    68 0001:0005B82F    71 0001:0005B854    72 0001:0005B860    73 0001:0005B86B
    74 0001:0005B876    76 0001:0005B8AC    77 0001:0005B8B5    79 0001:0005B8CC

Line numbers for CnHardWareInfo(CnHardWareInfo.pas) segment .text

   187 0001:0005B914   187 0001:0005B91B

Line numbers for UWelcome(UWelcome.pas) segment .text

    36 0001:0005BB44    37 0001:0005BB4B    38 0001:0005BB53    41 0001:0005BB94
    42 0001:0005BBAE    44 0001:0005BBDA

Line numbers for KSClient50d(D:\“ªø®Õ®«∞Ã®œ‡πÿ\ykt_v3.0.x\MAIN\KSClient50d.dpr) segment .text

    45 0001:0005C520    46 0001:0005C530    47 0001:0005C539    48 0001:0005C540
    49 0001:0005C54E    50 0001:0005C564    51 0001:0005C569    52 0001:0005C575
    53 0001:0005C58D    54 0001:0005C5A5    55 0001:0005C5BD    56 0001:0005C5D5
    57 0001:0005C5ED    58 0001:0005C605    59 0001:0005C61D    61 0001:0005C635
    63 0001:0005C645    64 0001:0005C64F    67 0001:0005C65B    68 0001:0005C660
    70 0001:0005C679    72 0001:0005C686

Bound resource files

d:\myprogram\delphi5\delphi5\Projects\VCLSKIN.v4.11PATCH\d5\vclskin.res
UInputTextDlg.DFM
UAdSelCust.DFM
UCommData.DFM
ULogin.DFM
UStartFlash.DFM
UConfirmDlg.DFM
UDoubleCheck.DFM
UContext.DFM
UConfigUserMenu.DFM
UUIPlate.DFM
UForceQuit.DFM
UMain.DFM
UStyles.DFM
UDatabase.DFM
USearch.DFM
UCMMenu.DFM
UCheckOutUser.DFM
UWelcome.DFM
KSClient50d.RES
KSClient50d.drf


Program entry point at 0001:0005C520
