
 Start         Length     Name                   Class
 0001:00000000 0000BF38H .text                   CODE
 0002:00000000 00000030H .data                   DATA
 0002:00000030 000000BDH .bss                    BSS


Detailed map of segments

 0001:00000000 000000BE C=CODE     S=.text    G=(none)   M=System   ACBP=A9
 0001:000000C0 0000020C C=CODE     S=.text    G=(none)   M=SysInit  ACBP=A9
 0001:000002CC 00000038 C=CODE     S=.text    G=(none)   M=Windows  ACBP=A9
 0001:00000304 00000038 C=CODE     S=.text    G=(none)   M=Messages ACBP=A9
 0001:0000033C 00000016 C=CODE     S=.text    G=(none)   M=SysUtils ACBP=A9
 0001:00000354 0000000E C=CODE     S=.text    G=(none)   M=SysConst ACBP=A9
 0001:00000364 00000066 C=CODE     S=.text    G=(none)   M=Classes  ACBP=A9
 0001:000003CC 0000000E C=CODE     S=.text    G=(none)   M=ActiveX  ACBP=A9
 0001:000003DC 0000000E C=CODE     S=.text    G=(none)   M=TypInfo  ACBP=A9
 0001:000003EC 0000000E C=CODE     S=.text    G=(none)   M=Consts   ACBP=A9
 0001:000003FC 0000000E C=CODE     S=.text    G=(none)   M=ExtCtrls ACBP=A9
 0001:0000040C 0000001E C=CODE     S=.text    G=(none)   M=StdCtrls ACBP=A9
 0001:0000042C 0000000E C=CODE     S=.text    G=(none)   M=ActnList ACBP=A9
 0001:0000043C 0000000E C=CODE     S=.text    G=(none)   M=ImgList  ACBP=A9
 0001:0000044C 00000038 C=CODE     S=.text    G=(none)   M=Commctrl ACBP=A9
 0001:00000484 0000000E C=CODE     S=.text    G=(none)   M=Graphics ACBP=A9
 0001:00000494 000000AE C=CODE     S=.text    G=(none)   M=Forms    ACBP=A9
 0001:00000544 0000000E C=CODE     S=.text    G=(none)   M=MultiMon ACBP=A9
 0001:00000554 00000126 C=CODE     S=.text    G=(none)   M=Controls ACBP=A9
 0001:0000067C 00000038 C=CODE     S=.text    G=(none)   M=Imm      ACBP=A9
 0001:000006B4 0000000E C=CODE     S=.text    G=(none)   M=Menus    ACBP=A9
 0001:000006C4 0000000E C=CODE     S=.text    G=(none)   M=Contnrs  ACBP=A9
 0001:000006D4 0000000E C=CODE     S=.text    G=(none)   M=StdActns ACBP=A9
 0001:000006E4 0000000E C=CODE     S=.text    G=(none)   M=Clipbrd  ACBP=A9
 0001:000006F4 0000000E C=CODE     S=.text    G=(none)   M=FlatSB   ACBP=A9
 0001:00000704 0000000E C=CODE     S=.text    G=(none)   M=Printers ACBP=A9
 0001:00000714 00000038 C=CODE     S=.text    G=(none)   M=WinSpool ACBP=A9
 0001:0000074C 0000000E C=CODE     S=.text    G=(none)   M=Math     ACBP=A9
 0001:0000075C 00000016 C=CODE     S=.text    G=(none)   M=WVCtrls  ACBP=A9
 0001:00000774 00000016 C=CODE     S=.text    G=(none)   M=WorkViews ACBP=A9
 0001:0000078C 00000026 C=CODE     S=.text    G=(none)   M=DataTypes ACBP=A9
 0001:000007B4 0000000E C=CODE     S=.text    G=(none)   M=ConvertUtils ACBP=A9
 0001:000007C4 0000000E C=CODE     S=.text    G=(none)   M=LogFile  ACBP=A9
 0001:000007D4 0000000E C=CODE     S=.text    G=(none)   M=LibMessages ACBP=A9
 0001:000007E4 0000000E C=CODE     S=.text    G=(none)   M=ObjDir   ACBP=A9
 0001:000007F4 0000000E C=CODE     S=.text    G=(none)   M=Safecode ACBP=A9
 0001:00000804 00000016 C=CODE     S=.text    G=(none)   M=Db       ACBP=A9
 0001:0000081C 0000000E C=CODE     S=.text    G=(none)   M=ComObj   ACBP=A9
 0001:0000082C 0000000E C=CODE     S=.text    G=(none)   M=ComConst ACBP=A9
 0001:0000083C 0000001E C=CODE     S=.text    G=(none)   M=Mask     ACBP=A9
 0001:0000085C 0000000E C=CODE     S=.text    G=(none)   M=DbConsts ACBP=A9
 0001:0000086C 0000000E C=CODE     S=.text    G=(none)   M=KSStrUtils ACBP=A9
 0001:0000087C 0000000E C=CODE     S=.text    G=(none)   M=CheckLst ACBP=A9
 0001:0000088C 00000016 C=CODE     S=.text    G=(none)   M=EditExts ACBP=A9
 0001:000008A4 00000016 C=CODE     S=.text    G=(none)   M=Dialogs  ACBP=A9
 0001:000008BC 00000038 C=CODE     S=.text    G=(none)   M=ShlObj   ACBP=A9
 0001:000008F4 00000038 C=CODE     S=.text    G=(none)   M=UrlMon   ACBP=A9
 0001:0000092C 00000038 C=CODE     S=.text    G=(none)   M=WinInet  ACBP=A9
 0001:00000964 00000038 C=CODE     S=.text    G=(none)   M=RegStr   ACBP=A9
 0001:0000099C 00000038 C=CODE     S=.text    G=(none)   M=ShellAPI ACBP=A9
 0001:000009D4 00000038 C=CODE     S=.text    G=(none)   M=CommDlg  ACBP=A9
 0001:00000A0C 00000038 C=CODE     S=.text    G=(none)   M=Dlgs     ACBP=A9
 0001:00000A44 0000000E C=CODE     S=.text    G=(none)   M=WinUtils ACBP=A9
 0001:00000A54 0000000E C=CODE     S=.text    G=(none)   M=WinObjs  ACBP=A9
 0001:00000A64 0000000E C=CODE     S=.text    G=(none)   M=DebugMemory ACBP=A9
 0001:00000A74 0000000E C=CODE     S=.text    G=(none)   M=UIncrementComboBox ACBP=A9
 0001:00000A84 0000000E C=CODE     S=.text    G=(none)   M=RzTabs   ACBP=A9
 0001:00000A94 0000000E C=CODE     S=.text    G=(none)   M=RzGrafx  ACBP=A9
 0001:00000AA4 0000000E C=CODE     S=.text    G=(none)   M=RzCommon ACBP=A9
 0001:00000AB4 0000000E C=CODE     S=.text    G=(none)   M=IniFiles ACBP=A9
 0001:00000AC4 0000000E C=CODE     S=.text    G=(none)   M=Registry ACBP=A9
 0001:00000AD4 0000000E C=CODE     S=.text    G=(none)   M=RzThemeSrv ACBP=A9
 0001:00000AE4 00000038 C=CODE     S=.text    G=(none)   M=RzTmSchema ACBP=A9
 0001:00000B1C 0000000E C=CODE     S=.text    G=(none)   M=RzUxTheme ACBP=A9
 0001:00000B2C 0000000E C=CODE     S=.text    G=(none)   M=SyncObjs ACBP=A9
 0001:00000B3C 0000000E C=CODE     S=.text    G=(none)   M=ComCtrls ACBP=A9
 0001:00000B4C 0000000E C=CODE     S=.text    G=(none)   M=ToolWin  ACBP=A9
 0001:00000B5C 00000038 C=CODE     S=.text    G=(none)   M=RichEdit ACBP=A9
 0001:00000B94 0000000E C=CODE     S=.text    G=(none)   M=ComStrs  ACBP=A9
 0001:00000BA4 00000016 C=CODE     S=.text    G=(none)   M=WVCmdReq ACBP=A9
 0001:00000BBC 0000000E C=CODE     S=.text    G=(none)   M=WVCommands ACBP=A9
 0001:00000BCC 0000001E C=CODE     S=.text    G=(none)   M=KSFrameWorks ACBP=A9
 0001:00000BEC 0000000E C=CODE     S=.text    G=(none)   M=IntfUtils ACBP=A9
 0001:00000BFC 0000000E C=CODE     S=.text    G=(none)   M=UQueryTemp ACBP=A9
 0001:00000C0C 0000000E C=CODE     S=.text    G=(none)   M=Buttons  ACBP=A9
 0001:00000C1C 0000000E C=CODE     S=.text    G=(none)   M=UIStyles ACBP=A9
 0001:00000C2C 0000000E C=CODE     S=.text    G=(none)   M=CompGroup ACBP=A9
 0001:00000C3C 0000000E C=CODE     S=.text    G=(none)   M=compItems ACBP=A9
 0001:00000C4C 0000000E C=CODE     S=.text    G=(none)   M=TypUtils ACBP=A9
 0001:00000C5C 0000000E C=CODE     S=.text    G=(none)   M=ComWriUtils ACBP=A9
 0001:00000C6C 0000000E C=CODE     S=.text    G=(none)   M=DataUsageUtils ACBP=A9
 0001:00000C7C 0000000E C=CODE     S=.text    G=(none)   M=RzListVw ACBP=A9
 0001:00000C8C 0000000E C=CODE     S=.text    G=(none)   M=RzShellUtils ACBP=A9
 0001:00000C9C 0000000E C=CODE     S=.text    G=(none)   M=RzShellIntf ACBP=A9
 0001:00000CAC 00000016 C=CODE     S=.text    G=(none)   M=DBGrids  ACBP=A9
 0001:00000CC4 0000000E C=CODE     S=.text    G=(none)   M=DBCtrls  ACBP=A9
 0001:00000CD4 0000000E C=CODE     S=.text    G=(none)   M=Grids    ACBP=A9
 0001:00000CE4 0000000E C=CODE     S=.text    G=(none)   M=DataSearchDlg ACBP=A9
 0001:00000CF4 0000000E C=CODE     S=.text    G=(none)   M=RzRadChk ACBP=A9
 0001:00000D04 0000000E C=CODE     S=.text    G=(none)   M=RzButton ACBP=A9
 0001:00000D14 0000000E C=CODE     S=.text    G=(none)   M=RzCommonBitmaps ACBP=A9
 0001:00000D24 0000000E C=CODE     S=.text    G=(none)   M=RzPanel  ACBP=A9
 0001:00000D34 0000000E C=CODE     S=.text    G=(none)   M=RzToolbarForm ACBP=A9
 0001:00000D44 0000000E C=CODE     S=.text    G=(none)   M=RzChkLst ACBP=A9
 0001:00000D54 0000000E C=CODE     S=.text    G=(none)   M=RzLstBox ACBP=A9
 0001:00000D64 0000000E C=CODE     S=.text    G=(none)   M=RzCmboBx ACBP=A9
 0001:00000D74 0000000E C=CODE     S=.text    G=(none)   M=RzIntLst ACBP=A9
 0001:00000D84 0000000E C=CODE     S=.text    G=(none)   M=ExtDlgs  ACBP=A9
 0001:00000D94 0000000E C=CODE     S=.text    G=(none)   M=RzEdit   ACBP=A9
 0001:00000DA4 0000000E C=CODE     S=.text    G=(none)   M=RzPopups ACBP=A9
 0001:00000DB4 0000000E C=CODE     S=.text    G=(none)   M=RzBorder ACBP=A9
 0001:00000DC4 0000000E C=CODE     S=.text    G=(none)   M=RzRadGrp ACBP=A9
 0001:00000DD4 0000000E C=CODE     S=.text    G=(none)   M=RzSpnEdt ACBP=A9
 0001:00000DE4 0000000E C=CODE     S=.text    G=(none)   M=RzCommonCursors ACBP=A9
 0001:00000DF4 0000000E C=CODE     S=.text    G=(none)   M=RzLabel  ACBP=A9
 0001:00000E04 0000000E C=CODE     S=.text    G=(none)   M=ImageCtrls ACBP=A9
 0001:00000E14 0000000E C=CODE     S=.text    G=(none)   M=ImagesMan ACBP=A9
 0001:00000E24 0000000E C=CODE     S=.text    G=(none)   M=CompUtils ACBP=A9
 0001:00000E34 0000001E C=CODE     S=.text    G=(none)   M=UICtrls  ACBP=A9
 0001:00000E54 0000000E C=CODE     S=.text    G=(none)   M=DrawUtils ACBP=A9
 0001:00000E64 0000000E C=CODE     S=.text    G=(none)   M=PrintUtils ACBP=A9
 0001:00000E74 0000000E C=CODE     S=.text    G=(none)   M=BDAImpEx ACBP=A9
 0001:00000E84 0000000E C=CODE     S=.text    G=(none)   M=TxtDB    ACBP=A9
 0001:00000E94 0000000E C=CODE     S=.text    G=(none)   M=BDAImp   ACBP=A9
 0001:00000EA4 0000000E C=CODE     S=.text    G=(none)   M=DBAIntf  ACBP=A9
 0001:00000EB4 0000000E C=CODE     S=.text    G=(none)   M=Listeners ACBP=A9
 0001:00000EC4 0000000E C=CODE     S=.text    G=(none)   M=BDACore  ACBP=A9
 0001:00000ED4 0000000E C=CODE     S=.text    G=(none)   M=BDAViewers ACBP=A9
 0001:00000EE4 0000000E C=CODE     S=.text    G=(none)   M=KSEval   ACBP=A9
 0001:00000EF4 0000000E C=CODE     S=.text    G=(none)   M=KSEvalParser ACBP=A9
 0001:00000F04 0000000E C=CODE     S=.text    G=(none)   M=DFA      ACBP=A9
 0001:00000F14 0000000E C=CODE     S=.text    G=(none)   M=TextUtils ACBP=A9
 0001:00000F24 0000000E C=CODE     S=.text    G=(none)   M=KSFrameWorkUtils ACBP=A9
 0001:00000F34 0000000E C=CODE     S=.text    G=(none)   M=KsBranchTree ACBP=A9
 0001:00000F44 0000000E C=CODE     S=.text    G=(none)   M=UBranchManWindow ACBP=A9
 0001:00000F54 0000000E C=CODE     S=.text    G=(none)   M=UBranchManager ACBP=A9
 0001:00000F64 0000000E C=CODE     S=.text    G=(none)   M=KSClientConsts ACBP=A9
 0001:00000F74 0000000E C=CODE     S=.text    G=(none)   M=KSKeyboard ACBP=A9
 0001:00000F84 00000016 C=CODE     S=.text    G=(none)   M=KSDataDictionary ACBP=A9
 0001:00000F9C 0000000E C=CODE     S=.text    G=(none)   M=KSCustomers ACBP=A9
 0001:00000FAC 0000000E C=CODE     S=.text    G=(none)   M=KSComCmdDefs ACBP=A9
 0001:00000FBC 0000000E C=CODE     S=.text    G=(none)   M=KCDataAccess ACBP=A9
 0001:00000FCC 0000000E C=CODE     S=.text    G=(none)   M=DBAHelper ACBP=A9
 0001:00000FDC 0000000E C=CODE     S=.text    G=(none)   M=KCDataPack ACBP=A9
 0001:00000FEC 0000000E C=CODE     S=.text    G=(none)   M=DRTPAPI  ACBP=A9
 0001:00000FFC 00000038 C=CODE     S=.text    G=(none)   M=WinSock  ACBP=A9
 0001:00001034 00000038 C=CODE     S=.text    G=(none)   M=NB30     ACBP=A9
 0001:0000106C 0000000E C=CODE     S=.text    G=(none)   M=KSBranchInfo ACBP=A9
 0001:0000107C 0000000E C=CODE     S=.text    G=(none)   M=KSEdits  ACBP=A9
 0001:0000108C 0000000E C=CODE     S=.text    G=(none)   M=KCWVProcBinds ACBP=A9
 0001:0000109C 0000000E C=CODE     S=.text    G=(none)   M=WVCmdProc ACBP=A9
 0001:000010AC 0000000E C=CODE     S=.text    G=(none)   M=WVCmdTypeInfo ACBP=A9
 0001:000010BC 00000016 C=CODE     S=.text    G=(none)   M=KSCmdModules ACBP=A9
 0001:000010D4 000000A6 C=CODE     S=.text    G=(none)   M=KSFrames ACBP=A9
 0001:0000117C 0000000E C=CODE     S=.text    G=(none)   M=RzDBNav  ACBP=A9
 0001:0000118C 0000000E C=CODE     S=.text    G=(none)   M=RzDBGrid ACBP=A9
 0001:0000119C 0000000E C=CODE     S=.text    G=(none)   M=ViewDataDetail ACBP=A9
 0001:000011AC 0000000E C=CODE     S=.text    G=(none)   M=DBActns  ACBP=A9
 0001:000011BC 0000000E C=CODE     S=.text    G=(none)   M=UAuth    ACBP=A9
 0001:000011CC 0000000E C=CODE     S=.text    G=(none)   M=KSMenuAdmin ACBP=A9
 0001:000011DC 0000000E C=CODE     S=.text    G=(none)   M=KsChineseSpell ACBP=A9
 0001:000011EC 0000000E C=CODE     S=.text    G=(none)   M=ExtUtils ACBP=A9
 0001:000011FC 0000000E C=CODE     S=.text    G=(none)   M=FileCtrl ACBP=A9
 0001:0000120C 00000038 C=CODE     S=.text    G=(none)   M=TLHelp32 ACBP=A9
 0001:00001244 0000000E C=CODE     S=.text    G=(none)   M=RPDesignInfo ACBP=A9
 0001:00001254 0000000E C=CODE     S=.text    G=(none)   M=RPBands  ACBP=A9
 0001:00001264 0000000E C=CODE     S=.text    G=(none)   M=RPDB     ACBP=A9
 0001:00001274 0000000E C=CODE     S=.text    G=(none)   M=RPDefines ACBP=A9
 0001:00001284 0000000E C=CODE     S=.text    G=(none)   M=RPCtrls  ACBP=A9
 0001:00001294 0000000E C=CODE     S=.text    G=(none)   M=RPProcessors ACBP=A9
 0001:000012A4 0000000E C=CODE     S=.text    G=(none)   M=RPPrintObjects ACBP=A9
 0001:000012B4 0000000E C=CODE     S=.text    G=(none)   M=RPProgress ACBP=A9
 0001:000012C4 0000000E C=CODE     S=.text    G=(none)   M=ProgressShowing ACBP=A9
 0001:000012D4 0000000E C=CODE     S=.text    G=(none)   M=RPEasyReports ACBP=A9
 0001:000012E4 0000000E C=CODE     S=.text    G=(none)   M=PrintDevices ACBP=A9
 0001:000012F4 0000000E C=CODE     S=.text    G=(none)   M=RPPreview ACBP=A9
 0001:00001304 0000000E C=CODE     S=.text    G=(none)   M=Spin     ACBP=A9
 0001:00001314 0000000E C=CODE     S=.text    G=(none)   M=UPrintMode ACBP=A9
 0001:00001324 0000000E C=CODE     S=.text    G=(none)   M=RPDBVCL  ACBP=A9
 0001:00001334 0000000E C=CODE     S=.text    G=(none)   M=TextOutScripts ACBP=A9
 0001:00001344 0000000E C=CODE     S=.text    G=(none)   M=TextTags ACBP=A9
 0001:00001354 0000000E C=CODE     S=.text    G=(none)   M=FuncScripts ACBP=A9
 0001:00001364 0000000E C=CODE     S=.text    G=(none)   M=UPrintTemplate ACBP=A9
 0001:00001374 0000000E C=CODE     S=.text    G=(none)   M=AdjustGridDlg ACBP=A9
 0001:00001384 0000000E C=CODE     S=.text    G=(none)   M=WVDBBinders ACBP=A9
 0001:00001394 00000218 C=CODE     S=.text    G=(none)   M=syscommon ACBP=A9
 0001:000015AC 00000123 C=CODE     S=.text    G=(none)   M=UCMqhSetSystemDef ACBP=A9
 0001:000016D0 00000413 C=CODE     S=.text    G=(none)   M=UCMqhSetSystemImp ACBP=A9
 0001:00001AE4 00000026 C=CODE     S=.text    G=(none)   M=UqhSetParamsTemp ACBP=A9
 0001:00001B0C 000000E6 C=CODE     S=.text    G=(none)   M=USetParamsTemp ACBP=A9
 0001:00001BF4 00000016 C=CODE     S=.text    G=(none)   M=SmartCardCommon ACBP=A9
 0001:00001C0C 0000000E C=CODE     S=.text    G=(none)   M=RM_Class ACBP=A9
 0001:00001C1C 0000000E C=CODE     S=.text    G=(none)   M=RM_Const ACBP=A9
 0001:00001C2C 0000000E C=CODE     S=.text    G=(none)   M=RM_Const1 ACBP=A9
 0001:00001C3C 0000000E C=CODE     S=.text    G=(none)   M=RM_utils ACBP=A9
 0001:00001C4C 0000000E C=CODE     S=.text    G=(none)   M=RM_Dataset ACBP=A9
 0001:00001C5C 0000000E C=CODE     S=.text    G=(none)   M=RM_progr ACBP=A9
 0001:00001C6C 0000000E C=CODE     S=.text    G=(none)   M=RM_Common ACBP=A9
 0001:00001C7C 0000000E C=CODE     S=.text    G=(none)   M=RM_Parser ACBP=A9
 0001:00001C8C 0000000E C=CODE     S=.text    G=(none)   M=RM_Printer ACBP=A9
 0001:00001C9C 0000000E C=CODE     S=.text    G=(none)   M=JvInterpreter ACBP=A9
 0001:00001CAC 0000000E C=CODE     S=.text    G=(none)   M=JvInterpreterParser ACBP=A9
 0001:00001CBC 0000000E C=CODE     S=.text    G=(none)   M=JvComponent ACBP=A9
 0001:00001CCC 0000000E C=CODE     S=.text    G=(none)   M=JVCLVer  ACBP=A9
 0001:00001CDC 0000000E C=CODE     S=.text    G=(none)   M=OleConst ACBP=A9
 0001:00001CEC 0000000E C=CODE     S=.text    G=(none)   M=JvInterpreterConst ACBP=A9
 0001:00001CFC 0000000E C=CODE     S=.text    G=(none)   M=JvUtils  ACBP=A9
 0001:00001D0C 0000000E C=CODE     S=.text    G=(none)   M=JvCtlConst ACBP=A9
 0001:00001D1C 0000000E C=CODE     S=.text    G=(none)   M=JvStrUtil ACBP=A9
 0001:00001D2C 0000000E C=CODE     S=.text    G=(none)   M=RM_Preview ACBP=A9
 0001:00001D3C 0000000E C=CODE     S=.text    G=(none)   M=RM_Ctrls ACBP=A9
 0001:00001D4C 0000000E C=CODE     S=.text    G=(none)   M=RM_DsgCtrls ACBP=A9
 0001:00001D5C 0000000E C=CODE     S=.text    G=(none)   M=TB97Ctls ACBP=A9
 0001:00001D6C 0000000E C=CODE     S=.text    G=(none)   M=TB97Vers ACBP=A9
 0001:00001D7C 0000000E C=CODE     S=.text    G=(none)   M=TB97Cmn  ACBP=A9
 0001:00001D8C 0000000E C=CODE     S=.text    G=(none)   M=TB97Tlbr ACBP=A9
 0001:00001D9C 0000000E C=CODE     S=.text    G=(none)   M=TB97     ACBP=A9
 0001:00001DAC 0000000E C=CODE     S=.text    G=(none)   M=TB97Cnst ACBP=A9
 0001:00001DBC 0000000E C=CODE     S=.text    G=(none)   M=TB97Tlwn ACBP=A9
 0001:00001DCC 0000000E C=CODE     S=.text    G=(none)   M=RM_PrintDlg ACBP=A9
 0001:00001DDC 0000000E C=CODE     S=.text    G=(none)   M=RM_PageSetup ACBP=A9
 0001:00001DEC 0000000E C=CODE     S=.text    G=(none)   M=RM_DlgFind ACBP=A9
 0001:00001DFC 0000000E C=CODE     S=.text    G=(none)   M=JvInterpreter_Windows ACBP=A9
 0001:00001E0C 0000000E C=CODE     S=.text    G=(none)   M=JvInterpreter_System ACBP=A9
 0001:00001E1C 0000000E C=CODE     S=.text    G=(none)   M=JvInterpreter_SysUtils ACBP=A9
 0001:00001E2C 0000000E C=CODE     S=.text    G=(none)   M=JvStrUtils ACBP=A9
 0001:00001E3C 0000000E C=CODE     S=.text    G=(none)   M=JvInterpreter_Classes ACBP=A9
 0001:00001E4C 0000000E C=CODE     S=.text    G=(none)   M=JvInterpreter_Graphics ACBP=A9
 0001:00001E5C 0000000E C=CODE     S=.text    G=(none)   M=JvInterpreter_StdCtrls ACBP=A9
 0001:00001E6C 0000000E C=CODE     S=.text    G=(none)   M=JvInterpreter_Controls ACBP=A9
 0001:00001E7C 0000000E C=CODE     S=.text    G=(none)   M=JvInterpreter_Dialogs ACBP=A9
 0001:00001E8C 0000000E C=CODE     S=.text    G=(none)   M=JvInterpreter_Forms ACBP=A9
 0001:00001E9C 0000000E C=CODE     S=.text    G=(none)   M=jpeg     ACBP=A9
 0001:00001EAC 0000000E C=CODE     S=.text    G=(none)   M=jconsts  ACBP=A9
 0001:00001EBC 0000000E C=CODE     S=.text    G=(none)   M=FilterCombos ACBP=A9
 0001:00001ECC 0000000E C=CODE     S=.text    G=(none)   M=RzDTP    ACBP=A9
 0001:00001EDC 000006D8 C=CODE     S=.text    G=(none)   M=UAsetPlanTask ACBP=A9
 0001:000025B4 00000026 C=CODE     S=.text    G=(none)   M=UqhSimpleQueryTemp ACBP=A9
 0001:000025DC 0000003E C=CODE     S=.text    G=(none)   M=USimpleQueryTemp ACBP=A9
 0001:0000261C 00000314 C=CODE     S=.text    G=(none)   M=UAqueryPlanTask ACBP=A9
 0001:00002930 000006D0 C=CODE     S=.text    G=(none)   M=UAsetMesList ACBP=A9
 0001:00003000 00000944 C=CODE     S=.text    G=(none)   M=UAsetNetInfo ACBP=A9
 0001:00003944 0000076C C=CODE     S=.text    G=(none)   M=UAsetCardFee ACBP=A9
 0001:000040B0 0000000E C=CODE     S=.text    G=(none)   M=RzSplit  ACBP=A9
 0001:000040C0 00000FEC C=CODE     S=.text    G=(none)   M=UAPKGOper ACBP=A9
 0001:000050AC 00000C38 C=CODE     S=.text    G=(none)   M=UAsetTradeFee ACBP=A9
 0001:00005CE4 000008C0 C=CODE     S=.text    G=(none)   M=UAsetCardType ACBP=A9
 0001:000065A4 00000550 C=CODE     S=.text    G=(none)   M=UAqueryOperLog ACBP=A9
 0001:00006AF4 000007AD C=CODE     S=.text    G=(none)   M=SetSystemUI ACBP=A9
 0002:00000000 00000028 C=DATA     S=.data    G=DGROUP   M=SysInit  ACBP=A9
 0002:00001000 00000018 C=BSS      S=.bss     G=DGROUP   M=SysInit  ACBP=A9
 0002:00001018 00000004 C=BSS      S=.bss     G=DGROUP   M=Windows  ACBP=A9
 0002:0000101C 00000004 C=BSS      S=.bss     G=DGROUP   M=Messages ACBP=A9
 0002:00001020 00000004 C=BSS      S=.bss     G=DGROUP   M=Commctrl ACBP=A9
 0002:00001024 00000004 C=BSS      S=.bss     G=DGROUP   M=Imm      ACBP=A9
 0002:00001028 00000004 C=BSS      S=.bss     G=DGROUP   M=WinSpool ACBP=A9
 0002:0000102C 00000004 C=BSS      S=.bss     G=DGROUP   M=ShlObj   ACBP=A9
 0002:00001030 00000004 C=BSS      S=.bss     G=DGROUP   M=UrlMon   ACBP=A9
 0002:00001034 00000004 C=BSS      S=.bss     G=DGROUP   M=WinInet  ACBP=A9
 0002:00001038 00000004 C=BSS      S=.bss     G=DGROUP   M=RegStr   ACBP=A9
 0002:0000103C 00000004 C=BSS      S=.bss     G=DGROUP   M=ShellAPI ACBP=A9
 0002:00001040 00000004 C=BSS      S=.bss     G=DGROUP   M=CommDlg  ACBP=A9
 0002:00001044 00000004 C=BSS      S=.bss     G=DGROUP   M=Dlgs     ACBP=A9
 0002:00001048 00000004 C=BSS      S=.bss     G=DGROUP   M=RzTmSchema ACBP=A9
 0002:0000104C 00000004 C=BSS      S=.bss     G=DGROUP   M=RichEdit ACBP=A9
 0002:00001050 00000004 C=BSS      S=.bss     G=DGROUP   M=WinSock  ACBP=A9
 0002:00001054 00000004 C=BSS      S=.bss     G=DGROUP   M=NB30     ACBP=A9
 0002:00001058 00000004 C=BSS      S=.bss     G=DGROUP   M=TLHelp32 ACBP=A9
 0002:0000105C 00000008 C=BSS      S=.bss     G=DGROUP   M=syscommon ACBP=A9
 0002:00001064 00000008 C=BSS      S=.bss     G=DGROUP   M=UCMqhSetSystemDef ACBP=A9
 0002:0000106C 00000008 C=BSS      S=.bss     G=DGROUP   M=UCMqhSetSystemImp ACBP=A9
 0002:00001074 00000008 C=BSS      S=.bss     G=DGROUP   M=UAsetPlanTask ACBP=A9
 0002:0000107C 00000008 C=BSS      S=.bss     G=DGROUP   M=UAqueryPlanTask ACBP=A9
 0002:00001084 00000008 C=BSS      S=.bss     G=DGROUP   M=UAsetMesList ACBP=A9
 0002:0000108C 00000008 C=BSS      S=.bss     G=DGROUP   M=UAsetNetInfo ACBP=A9
 0002:00001094 00000008 C=BSS      S=.bss     G=DGROUP   M=UAsetCardFee ACBP=A9
 0002:0000109C 00000008 C=BSS      S=.bss     G=DGROUP   M=UAPKGOper ACBP=A9
 0002:000010A4 00000008 C=BSS      S=.bss     G=DGROUP   M=UAsetTradeFee ACBP=A9
 0002:000010AC 00000008 C=BSS      S=.bss     G=DGROUP   M=UAsetCardType ACBP=A9
 0002:000010B4 00000008 C=BSS      S=.bss     G=DGROUP   M=UAqueryOperLog ACBP=A9


  Address         Publics by Name

 0002:00001010       .1
 0002:00001054       .1
 0002:00001060       .1
 0002:00001078       .2
 0002:000010A0       .2
 0002:000010A8       .2
 0002:00001080       .2
 0002:00001070       .2
 0002:00001098       .2
 0002:00001088       .2
 0002:00001068       .2
 0002:00001090       .2
 0002:000010B8       .2
 0002:000010B0       .2
 0001:00007274       @GetPackageInfoTable
 0001:00000230       @InitPkg
 0001:0000727C       @PackageLoad
 0001:0000728C       @PackageUnload
 0001:00001394       addType
 0001:00001490       chargeType
 0001:0000047C       Commctrl
 0001:00000A04       CommDlg
 0001:0000143C       deleteType
 0001:00000A3C       Dlgs
 0002:00001064       dmSetSystemDef
 0002:0000106C       dmSetSystemImp
 0001:000001A0       ExitProcessTLS
 0001:00000178       ExitThreadTLS
 0002:0000109C       faqhPKGOper
 0002:000010B4       faqhqueryOperLog
 0002:0000107C       faqhqueryPlanTask
 0002:00001094       faqhsetCardFee
 0002:000010AC       faqhsetCardType
 0002:00001084       faqhsetMesList
 0002:0000108C       faqhsetNetInfo
 0002:00001074       faqhsetPlanTask
 0002:000010A4       faqhsetTradeFee
 0001:00001568       Finalization
 0001:000038D8       Finalization
 0001:0000120C       Finalization
 0001:00001034       Finalization
 0001:00000FFC       Finalization
 0001:00000B5C       Finalization
 0001:0000167C       Finalization
 0001:00000AE4       Finalization
 0001:00000A0C       Finalization
 0001:000009D4       Finalization
 0001:00004040       Finalization
 0001:0000099C       Finalization
 0001:00000964       Finalization
 0001:0000092C       Finalization
 0001:000008F4       Finalization
 0001:00005044       Finalization
 0001:000008BC       Finalization
 0001:00000714       Finalization
 0001:0000067C       Finalization
 0001:0000044C       Finalization
 0001:00000304       Finalization
 0001:000002CC       Finalization
 0001:00005C78       Finalization
 0001:00000294       Finalization
 0001:00001A90       Finalization
 0001:0000653C       Finalization
 0001:00006A88       Finalization
 0001:00002F94       Finalization
 0001:000028C0       Finalization
 0001:00002548       Finalization
 0001:000000C0       FreeLibrary
 0001:000000C8       GetModuleFileName
 0002:0000100C       HInstance
 0001:000006AC       Imm
 0001:000001C4       InitializeModule
 0001:00000150       InitProcessTLS
 0001:00000100       InitThreadTLS
 0001:000000D0       LocalAlloc
 0001:000000D8       LocalFree
 0001:00000334       Messages
 0002:00000000       Module
 0002:00001000       ModuleIsLib
 0002:00001001       ModuleIsPackage
 0001:00001064       NB30
 0001:000014E4       okClick
 0002:0000105C       operType
 0001:000013E8       queryType
 0001:00000994       RegStr
 0001:00000B8C       RichEdit
 0001:00000B14       RzTmSchema
 0001:0000729C       SetSystemUI
 0001:000009CC       ShellAPI
 0001:000008EC       ShlObj
 0001:000015A4       syscommon
 0001:000002C4       SysInit
 0001:000049FC       TfaqhPKGOper.btnDelPKGClick
 0001:00004E84       TfaqhPKGOper.btnFileDelClick
 0001:00004B84       TfaqhPKGOper.btnFileQueryClick
 0001:00004CF8       TfaqhPKGOper.btnFileUClick
 0001:000045EC       TfaqhPKGOper.btnPKGQueryClick
 0001:0000486C       TfaqhPKGOper.btnUStatusClick
 0001:00005008       TfaqhPKGOper.GridCellClick
 0001:0000502C       TfaqhPKGOper.GridDrawColumnCell
 0001:000045AC       TfaqhPKGOper.Init
 0001:000068F8       TfaqhqueryOperLog.btnQueryClick
 0001:00006894       TfaqhqueryOperLog.Init
 0001:000068D4       TfaqhqueryOperLog.WorkViewFieldsMonitors0ValueChanged
 0001:00002864       TfaqhqueryPlanTask.btnQueryClick
 0001:0000282C       TfaqhqueryPlanTask.Init
 0001:00002840       TfaqhqueryPlanTask.WorkViewFieldsMonitors0ValueChanged
 0001:00003D44       TfaqhsetCardFee.btnAddClick
 0001:00003DA0       TfaqhsetCardFee.btnChangeClick
 0001:00003DFC       TfaqhsetCardFee.btnDeleteClick
 0001:00003E58       TfaqhsetCardFee.btnOKClick
 0001:00003CE8       TfaqhsetCardFee.btnQueryClick
 0001:00003F84       TfaqhsetCardFee.checkValue
 0001:00003C8C       TfaqhsetCardFee.Init
 0001:00003CA0       TfaqhsetCardFee.WorkViewFieldsMonitors0ValueChanged
 0001:00003CC4       TfaqhsetCardFee.WorkViewFieldsMonitors1ValueChanged
 0001:0000626C       TfaqhsetCardType.btnAddClick
 0001:00006304       TfaqhsetCardType.btnChangeClick
 0001:0000637C       TfaqhsetCardType.btnDeleteClick
 0001:000063E8       TfaqhsetCardType.btnOKClick
 0001:00006210       TfaqhsetCardType.btnQueryClick
 0001:000064B0       TfaqhsetCardType.cbbNMKChange
 0001:00006194       TfaqhsetCardType.Init
 0001:000061C8       TfaqhsetCardType.WorkViewFieldsMonitors0ValueChanged
 0001:000061EC       TfaqhsetCardType.WorkViewFieldsMonitors1ValueChanged
 0001:00002DE4       TfaqhsetMesList.btnChangeClick
 0001:00002E40       TfaqhsetMesList.btnDeleteClick
 0001:00002E9C       TfaqhsetMesList.btnOKClick
 0001:00002D88       TfaqhsetMesList.btnQueryClick
 0001:00002D2C       TfaqhsetMesList.Init
 0001:00002D40       TfaqhsetMesList.WorkViewFieldsMonitors0ValueChanged
 0001:00002D64       TfaqhsetMesList.WorkViewFieldsMonitors1ValueChanged
 0001:000035AC       TfaqhsetNetInfo.btnAddClick
 0001:00003618       TfaqhsetNetInfo.btnChangeClick
 0001:00003684       TfaqhsetNetInfo.btnDeleteClick
 0001:000036F0       TfaqhsetNetInfo.btnOKClick
 0001:00003550       TfaqhsetNetInfo.btnQueryClick
 0001:000034F4       TfaqhsetNetInfo.Init
 0001:00003508       TfaqhsetNetInfo.WorkViewFieldsMonitors0ValueChanged
 0001:0000352C       TfaqhsetNetInfo.WorkViewFieldsMonitors1ValueChanged
 0001:000023DC       TfaqhsetPlanTask.btnAddClick
 0001:00002448       TfaqhsetPlanTask.btnChangeClick
 0001:000024B4       TfaqhsetPlanTask.btnDeleteClick
 0001:00002520       TfaqhsetPlanTask.btnOKClick
 0001:00002380       TfaqhsetPlanTask.btnQueryClick
 0001:00002324       TfaqhsetPlanTask.Init
 0001:00002338       TfaqhsetPlanTask.WorkViewFieldsMonitors0ValueChanged
 0001:0000235C       TfaqhsetPlanTask.WorkViewFieldsMonitors1ValueChanged
 0001:0000570C       TfaqhsetTradeFee.btnAddClick
 0001:000057B4       TfaqhsetTradeFee.btnChangeClick
 0001:00005850       TfaqhsetTradeFee.btnDeleteClick
 0001:000058AC       TfaqhsetTradeFee.btnOKClick
 0001:000056B0       TfaqhsetTradeFee.btnQueryClick
 0001:00005588       TfaqhsetTradeFee.cbbFeeTypeChange
 0001:00005B50       TfaqhsetTradeFee.cbbTradeTypeChange
 0001:00005A94       TfaqhsetTradeFee.checkValue
 0001:0000552C       TfaqhsetTradeFee.Init
 0001:00005540       TfaqhsetTradeFee.WorkViewFieldsMonitors0ValueChanged
 0001:00005564       TfaqhsetTradeFee.WorkViewFieldsMonitors1ValueChanged
 0001:0000123C       TLHelp32
 0001:000000E0       TlsAlloc
 0002:00001014       TlsBuffer
 0001:000000E8       TlsFree
 0001:000000F0       TlsGetValue
 0002:00001004       TlsIndex
 0002:FFBF3000       TlsLast
 0002:00000018       TlsProc
 0001:000000F8       TlsSetValue
 0001:00005074       UAPKGOper
 0001:00006AB8       UAqueryOperLog
 0001:000028F0       UAqueryPlanTask
 0001:00004070       UAsetCardFee
 0001:0000656C       UAsetCardType
 0001:00002FC4       UAsetMesList
 0001:00003908       UAsetNetInfo
 0001:00002578       UAsetPlanTask
 0001:00005CA8       UAsetTradeFee
 0001:000016AC       UCMqhSetSystemDef
 0001:00001AC0       UCMqhSetSystemImp
 0001:00000210       UninitializeModule
 0001:00000924       UrlMon
 0001:000002FC       Windows
 0001:0000095C       WinInet
 0001:0000102C       WinSock
 0001:00000744       WinSpool


  Address         Publics by Value

 0002:FFBF3000       TlsLast
 0001:000000C0       FreeLibrary
 0001:000000C8       GetModuleFileName
 0001:000000D0       LocalAlloc
 0001:000000D8       LocalFree
 0001:000000E0       TlsAlloc
 0001:000000E8       TlsFree
 0001:000000F0       TlsGetValue
 0001:000000F8       TlsSetValue
 0001:00000100       InitThreadTLS
 0001:00000150       InitProcessTLS
 0001:00000178       ExitThreadTLS
 0001:000001A0       ExitProcessTLS
 0001:000001C4       InitializeModule
 0001:00000210       UninitializeModule
 0001:00000230       @InitPkg
 0001:00000294       Finalization
 0001:000002C4       SysInit
 0001:000002CC       Finalization
 0001:000002FC       Windows
 0001:00000304       Finalization
 0001:00000334       Messages
 0001:0000044C       Finalization
 0001:0000047C       Commctrl
 0001:0000067C       Finalization
 0001:000006AC       Imm
 0001:00000714       Finalization
 0001:00000744       WinSpool
 0001:000008BC       Finalization
 0001:000008EC       ShlObj
 0001:000008F4       Finalization
 0001:00000924       UrlMon
 0001:0000092C       Finalization
 0001:0000095C       WinInet
 0001:00000964       Finalization
 0001:00000994       RegStr
 0001:0000099C       Finalization
 0001:000009CC       ShellAPI
 0001:000009D4       Finalization
 0001:00000A04       CommDlg
 0001:00000A0C       Finalization
 0001:00000A3C       Dlgs
 0001:00000AE4       Finalization
 0001:00000B14       RzTmSchema
 0001:00000B5C       Finalization
 0001:00000B8C       RichEdit
 0001:00000FFC       Finalization
 0001:0000102C       WinSock
 0001:00001034       Finalization
 0001:00001064       NB30
 0001:0000120C       Finalization
 0001:0000123C       TLHelp32
 0001:00001394       addType
 0001:000013E8       queryType
 0001:0000143C       deleteType
 0001:00001490       chargeType
 0001:000014E4       okClick
 0001:00001568       Finalization
 0001:000015A4       syscommon
 0001:0000167C       Finalization
 0001:000016AC       UCMqhSetSystemDef
 0001:00001A90       Finalization
 0001:00001AC0       UCMqhSetSystemImp
 0001:00002324       TfaqhsetPlanTask.Init
 0001:00002338       TfaqhsetPlanTask.WorkViewFieldsMonitors0ValueChanged
 0001:0000235C       TfaqhsetPlanTask.WorkViewFieldsMonitors1ValueChanged
 0001:00002380       TfaqhsetPlanTask.btnQueryClick
 0001:000023DC       TfaqhsetPlanTask.btnAddClick
 0001:00002448       TfaqhsetPlanTask.btnChangeClick
 0001:000024B4       TfaqhsetPlanTask.btnDeleteClick
 0001:00002520       TfaqhsetPlanTask.btnOKClick
 0001:00002548       Finalization
 0001:00002578       UAsetPlanTask
 0001:0000282C       TfaqhqueryPlanTask.Init
 0001:00002840       TfaqhqueryPlanTask.WorkViewFieldsMonitors0ValueChanged
 0001:00002864       TfaqhqueryPlanTask.btnQueryClick
 0001:000028C0       Finalization
 0001:000028F0       UAqueryPlanTask
 0001:00002D2C       TfaqhsetMesList.Init
 0001:00002D40       TfaqhsetMesList.WorkViewFieldsMonitors0ValueChanged
 0001:00002D64       TfaqhsetMesList.WorkViewFieldsMonitors1ValueChanged
 0001:00002D88       TfaqhsetMesList.btnQueryClick
 0001:00002DE4       TfaqhsetMesList.btnChangeClick
 0001:00002E40       TfaqhsetMesList.btnDeleteClick
 0001:00002E9C       TfaqhsetMesList.btnOKClick
 0001:00002F94       Finalization
 0001:00002FC4       UAsetMesList
 0001:000034F4       TfaqhsetNetInfo.Init
 0001:00003508       TfaqhsetNetInfo.WorkViewFieldsMonitors0ValueChanged
 0001:0000352C       TfaqhsetNetInfo.WorkViewFieldsMonitors1ValueChanged
 0001:00003550       TfaqhsetNetInfo.btnQueryClick
 0001:000035AC       TfaqhsetNetInfo.btnAddClick
 0001:00003618       TfaqhsetNetInfo.btnChangeClick
 0001:00003684       TfaqhsetNetInfo.btnDeleteClick
 0001:000036F0       TfaqhsetNetInfo.btnOKClick
 0001:000038D8       Finalization
 0001:00003908       UAsetNetInfo
 0001:00003C8C       TfaqhsetCardFee.Init
 0001:00003CA0       TfaqhsetCardFee.WorkViewFieldsMonitors0ValueChanged
 0001:00003CC4       TfaqhsetCardFee.WorkViewFieldsMonitors1ValueChanged
 0001:00003CE8       TfaqhsetCardFee.btnQueryClick
 0001:00003D44       TfaqhsetCardFee.btnAddClick
 0001:00003DA0       TfaqhsetCardFee.btnChangeClick
 0001:00003DFC       TfaqhsetCardFee.btnDeleteClick
 0001:00003E58       TfaqhsetCardFee.btnOKClick
 0001:00003F84       TfaqhsetCardFee.checkValue
 0001:00004040       Finalization
 0001:00004070       UAsetCardFee
 0001:000045AC       TfaqhPKGOper.Init
 0001:000045EC       TfaqhPKGOper.btnPKGQueryClick
 0001:0000486C       TfaqhPKGOper.btnUStatusClick
 0001:000049FC       TfaqhPKGOper.btnDelPKGClick
 0001:00004B84       TfaqhPKGOper.btnFileQueryClick
 0001:00004CF8       TfaqhPKGOper.btnFileUClick
 0001:00004E84       TfaqhPKGOper.btnFileDelClick
 0001:00005008       TfaqhPKGOper.GridCellClick
 0001:0000502C       TfaqhPKGOper.GridDrawColumnCell
 0001:00005044       Finalization
 0001:00005074       UAPKGOper
 0001:0000552C       TfaqhsetTradeFee.Init
 0001:00005540       TfaqhsetTradeFee.WorkViewFieldsMonitors0ValueChanged
 0001:00005564       TfaqhsetTradeFee.WorkViewFieldsMonitors1ValueChanged
 0001:00005588       TfaqhsetTradeFee.cbbFeeTypeChange
 0001:000056B0       TfaqhsetTradeFee.btnQueryClick
 0001:0000570C       TfaqhsetTradeFee.btnAddClick
 0001:000057B4       TfaqhsetTradeFee.btnChangeClick
 0001:00005850       TfaqhsetTradeFee.btnDeleteClick
 0001:000058AC       TfaqhsetTradeFee.btnOKClick
 0001:00005A94       TfaqhsetTradeFee.checkValue
 0001:00005B50       TfaqhsetTradeFee.cbbTradeTypeChange
 0001:00005C78       Finalization
 0001:00005CA8       UAsetTradeFee
 0001:00006194       TfaqhsetCardType.Init
 0001:000061C8       TfaqhsetCardType.WorkViewFieldsMonitors0ValueChanged
 0001:000061EC       TfaqhsetCardType.WorkViewFieldsMonitors1ValueChanged
 0001:00006210       TfaqhsetCardType.btnQueryClick
 0001:0000626C       TfaqhsetCardType.btnAddClick
 0001:00006304       TfaqhsetCardType.btnChangeClick
 0001:0000637C       TfaqhsetCardType.btnDeleteClick
 0001:000063E8       TfaqhsetCardType.btnOKClick
 0001:000064B0       TfaqhsetCardType.cbbNMKChange
 0001:0000653C       Finalization
 0001:0000656C       UAsetCardType
 0001:00006894       TfaqhqueryOperLog.Init
 0001:000068D4       TfaqhqueryOperLog.WorkViewFieldsMonitors0ValueChanged
 0001:000068F8       TfaqhqueryOperLog.btnQueryClick
 0001:00006A88       Finalization
 0001:00006AB8       UAqueryOperLog
 0001:00007274       @GetPackageInfoTable
 0001:0000727C       @PackageLoad
 0001:0000728C       @PackageUnload
 0001:0000729C       SetSystemUI
 0002:00000000       Module
 0002:00000018       TlsProc
 0002:00001000       ModuleIsLib
 0002:00001001       ModuleIsPackage
 0002:00001004       TlsIndex
 0002:0000100C       HInstance
 0002:00001010       .1
 0002:00001014       TlsBuffer
 0002:00001054       .1
 0002:0000105C       operType
 0002:00001060       .1
 0002:00001064       dmSetSystemDef
 0002:00001068       .2
 0002:0000106C       dmSetSystemImp
 0002:00001070       .2
 0002:00001074       faqhsetPlanTask
 0002:00001078       .2
 0002:0000107C       faqhqueryPlanTask
 0002:00001080       .2
 0002:00001084       faqhsetMesList
 0002:00001088       .2
 0002:0000108C       faqhsetNetInfo
 0002:00001090       .2
 0002:00001094       faqhsetCardFee
 0002:00001098       .2
 0002:0000109C       faqhPKGOper
 0002:000010A0       .2
 0002:000010A4       faqhsetTradeFee
 0002:000010A8       .2
 0002:000010AC       faqhsetCardType
 0002:000010B0       .2
 0002:000010B4       faqhqueryOperLog
 0002:000010B8       .2


Line numbers for NB30(Nb30.pas) segment .text

   270 0001:00001064   270 0001:0000106B

Line numbers for syscommon(syscommon.pas) segment .text

    25 0001:00001394    26 0001:0000139B    27 0001:000013B5    28 0001:000013C4
    37 0001:000013E8    38 0001:000013EF    39 0001:00001409    40 0001:00001418
    49 0001:0000143C    50 0001:00001443    51 0001:0000145D    52 0001:0000146C
    61 0001:00001490    62 0001:00001497    63 0001:000014B1    64 0001:000014C0
    73 0001:000014E4    74 0001:000014F3    75 0001:00001504    76 0001:0000150C
    77 0001:0000151D    78 0001:00001525    79 0001:00001536    80 0001:0000153E
    82 0001:000015A4    82 0001:000015AB

Line numbers for UCMqhSetSystemDef(UCMqhSetSystemDef.pas) segment .text

    23 0001:000016AC    24 0001:000016B5    26 0001:000016CE

Line numbers for UCMqhSetSystemImp(UCMqhSetSystemImp.pas) segment .text

    63 0001:00001AC0    64 0001:00001AC9    66 0001:00001AE2

Line numbers for UAsetPlanTask(计划任务管理\UAsetPlanTask.pas) segment .text

    68 0001:00002324    69 0001:0000232B    70 0001:00002333    74 0001:00002338
    76 0001:00002347    77 0001:00002358    82 0001:0000235C    84 0001:0000236B
    85 0001:0000237C    90 0001:00002380    91 0001:0000238C    92 0001:000023AC
    94 0001:000023B7    97 0001:000023DC    98 0001:000023E8    99 0001:000023F3
   100 0001:00002413   101 0001:00002423   104 0001:00002448   105 0001:00002454
   106 0001:0000245F   107 0001:0000247F   108 0001:0000248F   111 0001:000024B4
   112 0001:000024C0   113 0001:000024CB   114 0001:000024EB   115 0001:000024FB
   118 0001:00002520   119 0001:0000252C   120 0001:00002537   121 0001:00002542
   123 0001:00002578   124 0001:00002581   126 0001:00002598

Line numbers for UAqueryPlanTask(计划任务日志查询\UAqueryPlanTask.pas) segment .text

    35 0001:0000282C    36 0001:00002833    37 0001:0000283B    41 0001:00002840
    43 0001:0000284F    44 0001:00002860    49 0001:00002864    50 0001:00002870
    51 0001:00002890    53 0001:0000289B    55 0001:000028F0    56 0001:000028F9
    58 0001:00002910

Line numbers for UAsetMesList(消息队列管理\UAsetMesList.pas) segment .text

    64 0001:00002D2C    65 0001:00002D33    66 0001:00002D3B    70 0001:00002D40
    72 0001:00002D4F    73 0001:00002D60    78 0001:00002D64    80 0001:00002D73
    81 0001:00002D84    84 0001:00002D88    85 0001:00002D94    86 0001:00002DB4
    88 0001:00002DBF    91 0001:00002DE4    92 0001:00002DF0    93 0001:00002DFB
    95 0001:00002E1B    98 0001:00002E40    99 0001:00002E4C   100 0001:00002E57
   102 0001:00002E77   105 0001:00002E9C   106 0001:00002EBC   108 0001:00002F01
   109 0001:00002F1D   111 0001:00002F1F   113 0001:00002F54   115 0001:00002FC4
   116 0001:00002FCD   118 0001:00002FE4

Line numbers for UAsetNetInfo(网点信息管理\UAsetNetInfo.pas) segment .text

    81 0001:000034F4    82 0001:000034FB    83 0001:00003503    87 0001:00003508
    89 0001:00003517    90 0001:00003528    95 0001:0000352C    97 0001:0000353B
    98 0001:0000354C   103 0001:00003550   104 0001:0000355C   105 0001:0000357C
   107 0001:00003587   110 0001:000035AC   111 0001:000035B8   112 0001:000035C3
   113 0001:000035E3   114 0001:000035F3   117 0001:00003618   118 0001:00003624
   119 0001:0000362F   120 0001:0000364F   121 0001:0000365F   124 0001:00003684
   125 0001:00003690   126 0001:0000369B   127 0001:000036BB   128 0001:000036CB
   131 0001:000036F0   132 0001:00003714   134 0001:00003736   135 0001:00003752
   136 0001:00003763   138 0001:00003768   140 0001:000037B5   141 0001:000037D1
   142 0001:000037E2   145 0001:000037E4   146 0001:000037EF   147 0001:00003801
   148 0001:0000380D   149 0001:0000381D   150 0001:00003882   152 0001:00003908
   153 0001:00003911   155 0001:00003928

Line numbers for UAsetCardFee(发卡收费设置\UAsetCardFee.pas) segment .text

    53 0001:00003C8C    54 0001:00003C93    56 0001:00003C9B    60 0001:00003CA0
    62 0001:00003CAF    63 0001:00003CC0    68 0001:00003CC4    70 0001:00003CD3
    71 0001:00003CE4    74 0001:00003CE8    75 0001:00003CF4    76 0001:00003D14
    78 0001:00003D1F    81 0001:00003D44    82 0001:00003D50    83 0001:00003D5B
    84 0001:00003D7B    87 0001:00003DA0    88 0001:00003DAC    89 0001:00003DB7
    90 0001:00003DD7    93 0001:00003DFC    94 0001:00003E08    95 0001:00003E13
    97 0001:00003E33   100 0001:00003E58   101 0001:00003E7B   103 0001:00003E90
   104 0001:00003EAC   105 0001:00003EBD   107 0001:00003EBF   109 0001:00003ED4
   110 0001:00003EF0   111 0001:00003F01   113 0001:00003F03   114 0001:00003F0E
   115 0001:00003F48   120 0001:00003F84   121 0001:00003FA9   122 0001:00003FE0
   123 0001:00003FF5   125 0001:00003FFE   126 0001:00004030   128 0001:00004070
   129 0001:00004079   131 0001:00004090

Line numbers for UAPKGOper(包裹处理\UAPKGOper.pas) segment .text

    82 0001:000045AC    83 0001:000045B3    84 0001:000045BB    85 0001:000045D1
    86 0001:000045E7    89 0001:000045EC    90 0001:00004611    91 0001:00004633
    93 0001:00004650    94 0001:0000466C    96 0001:00004671    97 0001:00004693
    99 0001:000046B0   100 0001:000046CC   102 0001:000046D1   104 0001:00004702
   105 0001:0000471E   107 0001:00004720   108 0001:00004730   110 0001:00004740
   111 0001:00004760   112 0001:0000476E   113 0001:0000477E   114 0001:000047E2
   117 0001:0000486C   118 0001:0000488B   120 0001:000048C0   121 0001:000048E0
   122 0001:00004923   123 0001:00004931   124 0001:00004977   127 0001:000049FC
   128 0001:00004A1B   130 0001:00004A50   131 0001:00004A70   132 0001:00004AB3
   133 0001:00004AC1   134 0001:00004B07   139 0001:00004B84   140 0001:00004BA3
   141 0001:00004BB3   142 0001:00004BC3   143 0001:00004BE2   145 0001:00004BEC
   146 0001:00004C0F   147 0001:00004C2F   148 0001:00004C4D   149 0001:00004C5B
   150 0001:00004C6B   152 0001:00004C98   155 0001:00004CF8   156 0001:00004D1B
   158 0001:00004D50   159 0001:00004D70   160 0001:00004DAD   161 0001:00004DBB
   162 0001:00004DFC   165 0001:00004E84   166 0001:00004EA7   168 0001:00004EDC
   169 0001:00004EFC   170 0001:00004F39   171 0001:00004F47   172 0001:00004F88
   175 0001:00005008   176 0001:00005015   178 0001:00005027   183 0001:0000502C
   186 0001:0000503B   188 0001:00005074   189 0001:0000507D   191 0001:00005094

Line numbers for UAsetTradeFee(交易收费配置\UAsetTradeFee.pas) segment .text

    72 0001:0000552C    73 0001:00005533    75 0001:0000553B    79 0001:00005540
    81 0001:0000554F    82 0001:00005560    87 0001:00005564    89 0001:00005573
    90 0001:00005584    95 0001:00005588    96 0001:000055A6    97 0001:000055E9
    98 0001:000055F8   100 0001:0000560D   101 0001:00005620   102 0001:0000565D
   105 0001:000056B0   106 0001:000056BC   107 0001:000056DC   109 0001:000056E7
   112 0001:0000570C   113 0001:00005718   114 0001:00005723   115 0001:00005743
   116 0001:00005753   117 0001:00005763   118 0001:00005773   119 0001:00005783
   120 0001:0000578E   123 0001:000057B4   124 0001:000057C0   125 0001:000057CB
   126 0001:000057EB   127 0001:000057FB   128 0001:0000580B   129 0001:0000581B
   130 0001:0000582B   133 0001:00005850   134 0001:0000585C   135 0001:00005867
   137 0001:00005887   140 0001:000058AC   141 0001:000058CC   143 0001:000058E1
   144 0001:000058FD   145 0001:0000590E   147 0001:00005913   149 0001:00005928
   150 0001:00005944   151 0001:00005955   153 0001:0000595A   155 0001:0000596F
   156 0001:0000598B   157 0001:0000599C   159 0001:0000599E   161 0001:000059B3
   162 0001:000059CF   163 0001:000059E0   173 0001:000059E2   174 0001:000059ED
   175 0001:00005A27   180 0001:00005A94   181 0001:00005AB9   182 0001:00005AF0
   183 0001:00005B05   185 0001:00005B0E   186 0001:00005B40   191 0001:00005B50
   193 0001:00005B6E   194 0001:00005BB1   196 0001:00005BC0   197 0001:00005BD0
   198 0001:00005BE3   199 0001:00005BF3   204 0001:00005C05   205 0001:00005C15
   207 0001:00005C4F   209 0001:00005CA8   210 0001:00005CB1   212 0001:00005CC8

Line numbers for UAsetCardType(卡类别设置\UAsetCardType.pas) segment .text

    74 0001:00006194    75 0001:0000619B    76 0001:000061A3    77 0001:000061B3
    78 0001:000061C3    82 0001:000061C8    84 0001:000061D7    85 0001:000061E8
    90 0001:000061EC    92 0001:000061FB    93 0001:0000620C    96 0001:00006210
    97 0001:0000621C    98 0001:0000623C   100 0001:00006247   103 0001:0000626C
   104 0001:00006278   105 0001:00006283   106 0001:000062A3   107 0001:000062B3
   108 0001:000062C6   109 0001:000062D1   112 0001:00006304   113 0001:00006310
   114 0001:0000631B   115 0001:0000633B   116 0001:0000634B   117 0001:00006356
   120 0001:0000637C   121 0001:00006388   122 0001:00006393   123 0001:000063B3
   125 0001:000063C3   128 0001:000063E8   129 0001:00006407   131 0001:00006429
   132 0001:00006445   133 0001:00006456   135 0001:00006458   141 0001:0000648D
   144 0001:000064B0   146 0001:000064BC   148 0001:000064CF   152 0001:000064E1
   153 0001:000064F1   154 0001:00006501   156 0001:0000651E   158 0001:0000656C
   159 0001:00006575   161 0001:0000658C

Line numbers for UAqueryOperLog(操作日志查询\UAqueryOperLog.pas) segment .text

    51 0001:00006894    52 0001:0000689B    54 0001:000068A3    55 0001:000068B9
    56 0001:000068CF    60 0001:000068D4    62 0001:000068E3    63 0001:000068F4
    66 0001:000068F8    67 0001:0000691B    68 0001:0000693D    70 0001:0000695A
    71 0001:00006964    73 0001:00006969    74 0001:0000698B    76 0001:000069A8
    77 0001:000069B2    79 0001:000069B4    81 0001:000069E5    82 0001:000069EF
    84 0001:000069F1    86 0001:00006A1E    88 0001:00006AB8    89 0001:00006AC1
    91 0001:00006AD8

Line numbers for SetSystemUI(D:\一卡通前台相关\东莞一卡通前台\系统管理\SetSystemUI.dpk) segment .text

    47 0001:0000729C

Bound resource files

UCMqhSetSystemDef.DFM
UCMqhSetSystemImp.DFM
UAsetPlanTask.DFM
UAqueryPlanTask.DFM
UAsetMesList.DFM
UAsetNetInfo.DFM
UAsetCardFee.DFM
UAPKGOper.DFM
UAsetTradeFee.DFM
UAsetCardType.DFM
UAqueryOperLog.DFM
SetSystemUI.RES
SetSystemUI.drf


Program entry point at 0001:0000729C
