
 Start         Length     Name                   Class
 0001:00000000 00009860H .text                   CODE
 0002:00000000 0000002CH .data                   DATA
 0002:0000002C 00000099H .bss                    BSS


Detailed map of segments

 0001:00000000 000000D6 C=CODE     S=.text    G=(none)   M=System   ACBP=A9
 0001:000000D8 0000020C C=CODE     S=.text    G=(none)   M=SysInit  ACBP=A9
 0001:000002E4 00000040 C=CODE     S=.text    G=(none)   M=Windows  ACBP=A9
 0001:00000324 00000038 C=CODE     S=.text    G=(none)   M=Messages ACBP=A9
 0001:0000035C 00000026 C=CODE     S=.text    G=(none)   M=SysUtils ACBP=A9
 0001:00000384 0000000E C=CODE     S=.text    G=(none)   M=SysConst ACBP=A9
 0001:00000394 00000066 C=CODE     S=.text    G=(none)   M=Classes  ACBP=A9
 0001:000003FC 0000000E C=CODE     S=.text    G=(none)   M=ActiveX  ACBP=A9
 0001:0000040C 0000000E C=CODE     S=.text    G=(none)   M=TypInfo  ACBP=A9
 0001:0000041C 0000000E C=CODE     S=.text    G=(none)   M=Consts   ACBP=A9
 0001:0000042C 0000000E C=CODE     S=.text    G=(none)   M=Graphics ACBP=A9
 0001:0000043C 0000011E C=CODE     S=.text    G=(none)   M=Controls ACBP=A9
 0001:0000055C 0000000E C=CODE     S=.text    G=(none)   M=ActnList ACBP=A9
 0001:0000056C 0000000E C=CODE     S=.text    G=(none)   M=ImgList  ACBP=A9
 0001:0000057C 00000038 C=CODE     S=.text    G=(none)   M=Commctrl ACBP=A9
 0001:000005B4 000000AE C=CODE     S=.text    G=(none)   M=Forms    ACBP=A9
 0001:00000664 0000000E C=CODE     S=.text    G=(none)   M=MultiMon ACBP=A9
 0001:00000674 00000038 C=CODE     S=.text    G=(none)   M=Imm      ACBP=A9
 0001:000006AC 0000000E C=CODE     S=.text    G=(none)   M=Menus    ACBP=A9
 0001:000006BC 0000000E C=CODE     S=.text    G=(none)   M=Contnrs  ACBP=A9
 0001:000006CC 0000000E C=CODE     S=.text    G=(none)   M=StdActns ACBP=A9
 0001:000006DC 0000000E C=CODE     S=.text    G=(none)   M=StdCtrls ACBP=A9
 0001:000006EC 0000000E C=CODE     S=.text    G=(none)   M=Clipbrd  ACBP=A9
 0001:000006FC 0000000E C=CODE     S=.text    G=(none)   M=FlatSB   ACBP=A9
 0001:0000070C 0000000E C=CODE     S=.text    G=(none)   M=Printers ACBP=A9
 0001:0000071C 00000038 C=CODE     S=.text    G=(none)   M=WinSpool ACBP=A9
 0001:00000754 0000000E C=CODE     S=.text    G=(none)   M=Math     ACBP=A9
 0001:00000764 0000000E C=CODE     S=.text    G=(none)   M=Dialogs  ACBP=A9
 0001:00000774 00000038 C=CODE     S=.text    G=(none)   M=ShlObj   ACBP=A9
 0001:000007AC 00000038 C=CODE     S=.text    G=(none)   M=UrlMon   ACBP=A9
 0001:000007E4 00000038 C=CODE     S=.text    G=(none)   M=WinInet  ACBP=A9
 0001:0000081C 00000038 C=CODE     S=.text    G=(none)   M=RegStr   ACBP=A9
 0001:00000854 00000038 C=CODE     S=.text    G=(none)   M=ShellAPI ACBP=A9
 0001:0000088C 00000038 C=CODE     S=.text    G=(none)   M=CommDlg  ACBP=A9
 0001:000008C4 00000038 C=CODE     S=.text    G=(none)   M=Dlgs     ACBP=A9
 0001:000008FC 0000000E C=CODE     S=.text    G=(none)   M=ExtCtrls ACBP=A9
 0001:0000090C 00000016 C=CODE     S=.text    G=(none)   M=KSCmdModules ACBP=A9
 0001:00000924 0000000E C=CODE     S=.text    G=(none)   M=KCWVProcBinds ACBP=A9
 0001:00000934 0000000E C=CODE     S=.text    G=(none)   M=KCDataAccess ACBP=A9
 0001:00000944 0000000E C=CODE     S=.text    G=(none)   M=IntfUtils ACBP=A9
 0001:00000954 0000000E C=CODE     S=.text    G=(none)   M=ComObj   ACBP=A9
 0001:00000964 0000000E C=CODE     S=.text    G=(none)   M=ComConst ACBP=A9
 0001:00000974 0000000E C=CODE     S=.text    G=(none)   M=DebugMemory ACBP=A9
 0001:00000984 0000000E C=CODE     S=.text    G=(none)   M=LogFile  ACBP=A9
 0001:00000994 0000000E C=CODE     S=.text    G=(none)   M=DBAIntf  ACBP=A9
 0001:000009A4 0000000E C=CODE     S=.text    G=(none)   M=Listeners ACBP=A9
 0001:000009B4 0000000E C=CODE     S=.text    G=(none)   M=Safecode ACBP=A9
 0001:000009C4 0000000E C=CODE     S=.text    G=(none)   M=DBAHelper ACBP=A9
 0001:000009D4 0000000E C=CODE     S=.text    G=(none)   M=KCDataPack ACBP=A9
 0001:000009E4 0000000E C=CODE     S=.text    G=(none)   M=BDAImpEx ACBP=A9
 0001:000009F4 00000026 C=CODE     S=.text    G=(none)   M=Db       ACBP=A9
 0001:00000A1C 0000001E C=CODE     S=.text    G=(none)   M=Mask     ACBP=A9
 0001:00000A3C 0000000E C=CODE     S=.text    G=(none)   M=DbConsts ACBP=A9
 0001:00000A4C 0000000E C=CODE     S=.text    G=(none)   M=TxtDB    ACBP=A9
 0001:00000A5C 0000000E C=CODE     S=.text    G=(none)   M=BDAImp   ACBP=A9
 0001:00000A6C 0000000E C=CODE     S=.text    G=(none)   M=BDACore  ACBP=A9
 0001:00000A7C 0000000E C=CODE     S=.text    G=(none)   M=BDAViewers ACBP=A9
 0001:00000A8C 0000000E C=CODE     S=.text    G=(none)   M=KSEval   ACBP=A9
 0001:00000A9C 0000003E C=CODE     S=.text    G=(none)   M=DataTypes ACBP=A9
 0001:00000ADC 0000000E C=CODE     S=.text    G=(none)   M=ConvertUtils ACBP=A9
 0001:00000AEC 0000000E C=CODE     S=.text    G=(none)   M=KSStrUtils ACBP=A9
 0001:00000AFC 0000000E C=CODE     S=.text    G=(none)   M=KSEvalParser ACBP=A9
 0001:00000B0C 0000000E C=CODE     S=.text    G=(none)   M=DFA      ACBP=A9
 0001:00000B1C 0000000E C=CODE     S=.text    G=(none)   M=TextUtils ACBP=A9
 0001:00000B2C 0000000E C=CODE     S=.text    G=(none)   M=DRTPAPI  ACBP=A9
 0001:00000B3C 00000038 C=CODE     S=.text    G=(none)   M=WinSock  ACBP=A9
 0001:00000B74 00000038 C=CODE     S=.text    G=(none)   M=NB30     ACBP=A9
 0001:00000BAC 0000000E C=CODE     S=.text    G=(none)   M=WVCommands ACBP=A9
 0001:00000BBC 0000000E C=CODE     S=.text    G=(none)   M=WVCmdProc ACBP=A9
 0001:00000BCC 00000016 C=CODE     S=.text    G=(none)   M=WVCmdReq ACBP=A9
 0001:00000BE4 00000016 C=CODE     S=.text    G=(none)   M=WorkViews ACBP=A9
 0001:00000BFC 0000000E C=CODE     S=.text    G=(none)   M=LibMessages ACBP=A9
 0001:00000C0C 0000000E C=CODE     S=.text    G=(none)   M=ObjDir   ACBP=A9
 0001:00000C1C 0000000E C=CODE     S=.text    G=(none)   M=KSFrameWorkUtils ACBP=A9
 0001:00000C2C 0000000E C=CODE     S=.text    G=(none)   M=KsBranchTree ACBP=A9
 0001:00000C3C 0000000E C=CODE     S=.text    G=(none)   M=UBranchManWindow ACBP=A9
 0001:00000C4C 0000000E C=CODE     S=.text    G=(none)   M=UBranchManager ACBP=A9
 0001:00000C5C 00000056 C=CODE     S=.text    G=(none)   M=ComCtrls ACBP=A9
 0001:00000CB4 0000000E C=CODE     S=.text    G=(none)   M=ToolWin  ACBP=A9
 0001:00000CC4 00000038 C=CODE     S=.text    G=(none)   M=RichEdit ACBP=A9
 0001:00000CFC 0000000E C=CODE     S=.text    G=(none)   M=ComStrs  ACBP=A9
 0001:00000D0C 0000000E C=CODE     S=.text    G=(none)   M=KSClientConsts ACBP=A9
 0001:00000D1C 0000000E C=CODE     S=.text    G=(none)   M=KSKeyboard ACBP=A9
 0001:00000D2C 00000016 C=CODE     S=.text    G=(none)   M=DBGrids  ACBP=A9
 0001:00000D44 0000000E C=CODE     S=.text    G=(none)   M=DBCtrls  ACBP=A9
 0001:00000D54 0000000E C=CODE     S=.text    G=(none)   M=Buttons  ACBP=A9
 0001:00000D64 0000000E C=CODE     S=.text    G=(none)   M=Grids    ACBP=A9
 0001:00000D74 0000000E C=CODE     S=.text    G=(none)   M=WVCtrls  ACBP=A9
 0001:00000D84 0000000E C=CODE     S=.text    G=(none)   M=CheckLst ACBP=A9
 0001:00000D94 0000000E C=CODE     S=.text    G=(none)   M=EditExts ACBP=A9
 0001:00000DA4 0000000E C=CODE     S=.text    G=(none)   M=WinUtils ACBP=A9
 0001:00000DB4 0000000E C=CODE     S=.text    G=(none)   M=WinObjs  ACBP=A9
 0001:00000DC4 0000000E C=CODE     S=.text    G=(none)   M=UIncrementComboBox ACBP=A9
 0001:00000DD4 00000016 C=CODE     S=.text    G=(none)   M=KSDataDictionary ACBP=A9
 0001:00000DEC 0000001E C=CODE     S=.text    G=(none)   M=KSFrameWorks ACBP=A9
 0001:00000E0C 0000000E C=CODE     S=.text    G=(none)   M=UQueryTemp ACBP=A9
 0001:00000E1C 0000000E C=CODE     S=.text    G=(none)   M=UIStyles ACBP=A9
 0001:00000E2C 0000000E C=CODE     S=.text    G=(none)   M=CompGroup ACBP=A9
 0001:00000E3C 0000000E C=CODE     S=.text    G=(none)   M=compItems ACBP=A9
 0001:00000E4C 0000000E C=CODE     S=.text    G=(none)   M=TypUtils ACBP=A9
 0001:00000E5C 0000000E C=CODE     S=.text    G=(none)   M=ComWriUtils ACBP=A9
 0001:00000E6C 0000000E C=CODE     S=.text    G=(none)   M=DataUsageUtils ACBP=A9
 0001:00000E7C 0000000E C=CODE     S=.text    G=(none)   M=RzListVw ACBP=A9
 0001:00000E8C 0000000E C=CODE     S=.text    G=(none)   M=RzCommon ACBP=A9
 0001:00000E9C 0000000E C=CODE     S=.text    G=(none)   M=IniFiles ACBP=A9
 0001:00000EAC 0000000E C=CODE     S=.text    G=(none)   M=Registry ACBP=A9
 0001:00000EBC 0000000E C=CODE     S=.text    G=(none)   M=RzThemeSrv ACBP=A9
 0001:00000ECC 00000038 C=CODE     S=.text    G=(none)   M=RzTmSchema ACBP=A9
 0001:00000F04 0000000E C=CODE     S=.text    G=(none)   M=RzUxTheme ACBP=A9
 0001:00000F14 0000000E C=CODE     S=.text    G=(none)   M=SyncObjs ACBP=A9
 0001:00000F24 0000000E C=CODE     S=.text    G=(none)   M=RzGrafx  ACBP=A9
 0001:00000F34 0000000E C=CODE     S=.text    G=(none)   M=RzShellUtils ACBP=A9
 0001:00000F44 0000000E C=CODE     S=.text    G=(none)   M=RzShellIntf ACBP=A9
 0001:00000F54 0000000E C=CODE     S=.text    G=(none)   M=DataSearchDlg ACBP=A9
 0001:00000F64 0000000E C=CODE     S=.text    G=(none)   M=RzRadChk ACBP=A9
 0001:00000F74 0000000E C=CODE     S=.text    G=(none)   M=RzButton ACBP=A9
 0001:00000F84 0000000E C=CODE     S=.text    G=(none)   M=RzCommonBitmaps ACBP=A9
 0001:00000F94 0000000E C=CODE     S=.text    G=(none)   M=RzPanel  ACBP=A9
 0001:00000FA4 0000000E C=CODE     S=.text    G=(none)   M=RzToolbarForm ACBP=A9
 0001:00000FB4 0000000E C=CODE     S=.text    G=(none)   M=RzChkLst ACBP=A9
 0001:00000FC4 0000000E C=CODE     S=.text    G=(none)   M=RzLstBox ACBP=A9
 0001:00000FD4 0000000E C=CODE     S=.text    G=(none)   M=RzCmboBx ACBP=A9
 0001:00000FE4 0000000E C=CODE     S=.text    G=(none)   M=RzIntLst ACBP=A9
 0001:00000FF4 0000000E C=CODE     S=.text    G=(none)   M=ExtDlgs  ACBP=A9
 0001:00001004 0000000E C=CODE     S=.text    G=(none)   M=RzEdit   ACBP=A9
 0001:00001014 0000000E C=CODE     S=.text    G=(none)   M=RzPopups ACBP=A9
 0001:00001024 0000000E C=CODE     S=.text    G=(none)   M=RzBorder ACBP=A9
 0001:00001034 0000000E C=CODE     S=.text    G=(none)   M=RzRadGrp ACBP=A9
 0001:00001044 0000000E C=CODE     S=.text    G=(none)   M=RzSpnEdt ACBP=A9
 0001:00001054 0000000E C=CODE     S=.text    G=(none)   M=RzCommonCursors ACBP=A9
 0001:00001064 0000000E C=CODE     S=.text    G=(none)   M=RzLabel  ACBP=A9
 0001:00001074 0000000E C=CODE     S=.text    G=(none)   M=ImageCtrls ACBP=A9
 0001:00001084 0000000E C=CODE     S=.text    G=(none)   M=ImagesMan ACBP=A9
 0001:00001094 0000000E C=CODE     S=.text    G=(none)   M=CompUtils ACBP=A9
 0001:000010A4 0000001E C=CODE     S=.text    G=(none)   M=UICtrls  ACBP=A9
 0001:000010C4 0000000E C=CODE     S=.text    G=(none)   M=DrawUtils ACBP=A9
 0001:000010D4 0000000E C=CODE     S=.text    G=(none)   M=PrintUtils ACBP=A9
 0001:000010E4 0000000E C=CODE     S=.text    G=(none)   M=KSCustomers ACBP=A9
 0001:000010F4 0000000E C=CODE     S=.text    G=(none)   M=KSComCmdDefs ACBP=A9
 0001:00001104 0000000E C=CODE     S=.text    G=(none)   M=KSBranchInfo ACBP=A9
 0001:00001114 0000000E C=CODE     S=.text    G=(none)   M=KSEdits  ACBP=A9
 0001:00001124 0000000E C=CODE     S=.text    G=(none)   M=WVCmdTypeInfo ACBP=A9
 0001:00001134 000000A6 C=CODE     S=.text    G=(none)   M=KSFrames ACBP=A9
 0001:000011DC 0000000E C=CODE     S=.text    G=(none)   M=RzDBNav  ACBP=A9
 0001:000011EC 0000000E C=CODE     S=.text    G=(none)   M=RzDBGrid ACBP=A9
 0001:000011FC 0000000E C=CODE     S=.text    G=(none)   M=ViewDataDetail ACBP=A9
 0001:0000120C 0000000E C=CODE     S=.text    G=(none)   M=DBActns  ACBP=A9
 0001:0000121C 0000000E C=CODE     S=.text    G=(none)   M=UAuth    ACBP=A9
 0001:0000122C 0000000E C=CODE     S=.text    G=(none)   M=KSMenuAdmin ACBP=A9
 0001:0000123C 0000000E C=CODE     S=.text    G=(none)   M=KsChineseSpell ACBP=A9
 0001:0000124C 0000000E C=CODE     S=.text    G=(none)   M=ExtUtils ACBP=A9
 0001:0000125C 0000000E C=CODE     S=.text    G=(none)   M=FileCtrl ACBP=A9
 0001:0000126C 00000038 C=CODE     S=.text    G=(none)   M=TLHelp32 ACBP=A9
 0001:000012A4 0000000E C=CODE     S=.text    G=(none)   M=RPDesignInfo ACBP=A9
 0001:000012B4 0000000E C=CODE     S=.text    G=(none)   M=RPBands  ACBP=A9
 0001:000012C4 0000000E C=CODE     S=.text    G=(none)   M=RPDB     ACBP=A9
 0001:000012D4 0000000E C=CODE     S=.text    G=(none)   M=RPDefines ACBP=A9
 0001:000012E4 0000000E C=CODE     S=.text    G=(none)   M=RPCtrls  ACBP=A9
 0001:000012F4 0000000E C=CODE     S=.text    G=(none)   M=RPProcessors ACBP=A9
 0001:00001304 0000000E C=CODE     S=.text    G=(none)   M=RPPrintObjects ACBP=A9
 0001:00001314 0000000E C=CODE     S=.text    G=(none)   M=RPProgress ACBP=A9
 0001:00001324 0000000E C=CODE     S=.text    G=(none)   M=ProgressShowing ACBP=A9
 0001:00001334 0000000E C=CODE     S=.text    G=(none)   M=RPEasyReports ACBP=A9
 0001:00001344 0000000E C=CODE     S=.text    G=(none)   M=PrintDevices ACBP=A9
 0001:00001354 0000000E C=CODE     S=.text    G=(none)   M=RPPreview ACBP=A9
 0001:00001364 0000000E C=CODE     S=.text    G=(none)   M=Spin     ACBP=A9
 0001:00001374 0000000E C=CODE     S=.text    G=(none)   M=UPrintMode ACBP=A9
 0001:00001384 0000000E C=CODE     S=.text    G=(none)   M=RPDBVCL  ACBP=A9
 0001:00001394 0000000E C=CODE     S=.text    G=(none)   M=TextOutScripts ACBP=A9
 0001:000013A4 0000000E C=CODE     S=.text    G=(none)   M=TextTags ACBP=A9
 0001:000013B4 0000000E C=CODE     S=.text    G=(none)   M=FuncScripts ACBP=A9
 0001:000013C4 0000000E C=CODE     S=.text    G=(none)   M=UPrintTemplate ACBP=A9
 0001:000013D4 0000000E C=CODE     S=.text    G=(none)   M=AdjustGridDlg ACBP=A9
 0001:000013E4 0000000E C=CODE     S=.text    G=(none)   M=WVDBBinders ACBP=A9
 0001:000013F4 000001A3 C=CODE     S=.text    G=(none)   M=UCMqhSubSystemDef ACBP=A9
 0001:00001598 000001B7 C=CODE     S=.text    G=(none)   M=UCMqhSubSystemImp ACBP=A9
 0001:00001750 00000026 C=CODE     S=.text    G=(none)   M=UqhSetParamsTemp ACBP=A9
 0001:00001778 0000000E C=CODE     S=.text    G=(none)   M=RzTabs   ACBP=A9
 0001:00001788 000000E6 C=CODE     S=.text    G=(none)   M=USetParamsTemp ACBP=A9
 0001:00001870 00000016 C=CODE     S=.text    G=(none)   M=SmartCardCommon ACBP=A9
 0001:00001888 0000000E C=CODE     S=.text    G=(none)   M=RM_Class ACBP=A9
 0001:00001898 0000000E C=CODE     S=.text    G=(none)   M=RM_Const ACBP=A9
 0001:000018A8 0000000E C=CODE     S=.text    G=(none)   M=RM_Const1 ACBP=A9
 0001:000018B8 0000000E C=CODE     S=.text    G=(none)   M=RM_utils ACBP=A9
 0001:000018C8 0000000E C=CODE     S=.text    G=(none)   M=RM_Dataset ACBP=A9
 0001:000018D8 0000000E C=CODE     S=.text    G=(none)   M=RM_progr ACBP=A9
 0001:000018E8 0000000E C=CODE     S=.text    G=(none)   M=RM_Common ACBP=A9
 0001:000018F8 0000000E C=CODE     S=.text    G=(none)   M=RM_Parser ACBP=A9
 0001:00001908 0000000E C=CODE     S=.text    G=(none)   M=RM_Printer ACBP=A9
 0001:00001918 0000000E C=CODE     S=.text    G=(none)   M=JvInterpreter ACBP=A9
 0001:00001928 0000000E C=CODE     S=.text    G=(none)   M=JvInterpreterParser ACBP=A9
 0001:00001938 0000000E C=CODE     S=.text    G=(none)   M=JvComponent ACBP=A9
 0001:00001948 0000000E C=CODE     S=.text    G=(none)   M=JVCLVer  ACBP=A9
 0001:00001958 0000000E C=CODE     S=.text    G=(none)   M=OleConst ACBP=A9
 0001:00001968 0000000E C=CODE     S=.text    G=(none)   M=JvInterpreterConst ACBP=A9
 0001:00001978 0000000E C=CODE     S=.text    G=(none)   M=JvUtils  ACBP=A9
 0001:00001988 0000000E C=CODE     S=.text    G=(none)   M=JvCtlConst ACBP=A9
 0001:00001998 0000000E C=CODE     S=.text    G=(none)   M=JvStrUtil ACBP=A9
 0001:000019A8 0000000E C=CODE     S=.text    G=(none)   M=RM_Preview ACBP=A9
 0001:000019B8 0000000E C=CODE     S=.text    G=(none)   M=RM_Ctrls ACBP=A9
 0001:000019C8 0000000E C=CODE     S=.text    G=(none)   M=RM_DsgCtrls ACBP=A9
 0001:000019D8 0000000E C=CODE     S=.text    G=(none)   M=TB97Ctls ACBP=A9
 0001:000019E8 0000000E C=CODE     S=.text    G=(none)   M=TB97Vers ACBP=A9
 0001:000019F8 0000000E C=CODE     S=.text    G=(none)   M=TB97Cmn  ACBP=A9
 0001:00001A08 0000000E C=CODE     S=.text    G=(none)   M=TB97Tlbr ACBP=A9
 0001:00001A18 0000000E C=CODE     S=.text    G=(none)   M=TB97     ACBP=A9
 0001:00001A28 0000000E C=CODE     S=.text    G=(none)   M=TB97Cnst ACBP=A9
 0001:00001A38 0000000E C=CODE     S=.text    G=(none)   M=TB97Tlwn ACBP=A9
 0001:00001A48 0000000E C=CODE     S=.text    G=(none)   M=RM_PrintDlg ACBP=A9
 0001:00001A58 0000000E C=CODE     S=.text    G=(none)   M=RM_PageSetup ACBP=A9
 0001:00001A68 0000000E C=CODE     S=.text    G=(none)   M=RM_DlgFind ACBP=A9
 0001:00001A78 0000000E C=CODE     S=.text    G=(none)   M=JvInterpreter_Windows ACBP=A9
 0001:00001A88 0000000E C=CODE     S=.text    G=(none)   M=JvInterpreter_System ACBP=A9
 0001:00001A98 0000000E C=CODE     S=.text    G=(none)   M=JvInterpreter_SysUtils ACBP=A9
 0001:00001AA8 0000000E C=CODE     S=.text    G=(none)   M=JvStrUtils ACBP=A9
 0001:00001AB8 0000000E C=CODE     S=.text    G=(none)   M=JvInterpreter_Classes ACBP=A9
 0001:00001AC8 0000000E C=CODE     S=.text    G=(none)   M=JvInterpreter_Graphics ACBP=A9
 0001:00001AD8 0000000E C=CODE     S=.text    G=(none)   M=JvInterpreter_StdCtrls ACBP=A9
 0001:00001AE8 0000000E C=CODE     S=.text    G=(none)   M=JvInterpreter_Controls ACBP=A9
 0001:00001AF8 0000000E C=CODE     S=.text    G=(none)   M=JvInterpreter_Dialogs ACBP=A9
 0001:00001B08 0000000E C=CODE     S=.text    G=(none)   M=JvInterpreter_Forms ACBP=A9
 0001:00001B18 0000000E C=CODE     S=.text    G=(none)   M=jpeg     ACBP=A9
 0001:00001B28 0000000E C=CODE     S=.text    G=(none)   M=jconsts  ACBP=A9
 0001:00001B38 0000000E C=CODE     S=.text    G=(none)   M=FilterCombos ACBP=A9
 0001:00001B48 0000000E C=CODE     S=.text    G=(none)   M=RzDTP    ACBP=A9
 0001:00001B58 00000A78 C=CODE     S=.text    G=(none)   M=UASetPOSInfo ACBP=A9
 0001:000025D0 00000026 C=CODE     S=.text    G=(none)   M=UqhSimpleQueryTemp ACBP=A9
 0001:000025F8 00000036 C=CODE     S=.text    G=(none)   M=USimpleQueryTemp ACBP=A9
 0001:00002630 000006E0 C=CODE     S=.text    G=(none)   M=UADevReUse ACBP=A9
 0001:00002D10 000006E0 C=CODE     S=.text    G=(none)   M=UADevDetory ACBP=A9
 0001:000033F0 000006DC C=CODE     S=.text    G=(none)   M=UADevRepair ACBP=A9
 0001:00003ACC 0000000E C=CODE     S=.text    G=(none)   M=RzSplit  ACBP=A9
 0001:00003ADC 0000000E C=CODE     S=.text    G=(none)   M=RzTreeVw ACBP=A9
 0001:00003AEC 0000000E C=CODE     S=.text    G=(none)   M=AAFont   ACBP=A9
 0001:00003AFC 0000000E C=CODE     S=.text    G=(none)   M=AACtrls  ACBP=A9
 0001:00003B0C 0000000E C=CODE     S=.text    G=(none)   M=AATimer  ACBP=A9
 0001:00003B1C 00001AEC C=CODE     S=.text    G=(none)   M=UADevBusiAllot ACBP=A9
 0001:00005608 000007A5 C=CODE     S=.text    G=(none)   M=SubSystemUI ACBP=A9
 0002:00000000 00000028 C=DATA     S=.data    G=DGROUP   M=SysInit  ACBP=A9
 0002:00001000 00000018 C=BSS      S=.bss     G=DGROUP   M=SysInit  ACBP=A9
 0002:00001018 00000004 C=BSS      S=.bss     G=DGROUP   M=Windows  ACBP=A9
 0002:0000101C 00000004 C=BSS      S=.bss     G=DGROUP   M=Messages ACBP=A9
 0002:00001020 00000004 C=BSS      S=.bss     G=DGROUP   M=Commctrl ACBP=A9
 0002:00001024 00000004 C=BSS      S=.bss     G=DGROUP   M=Imm      ACBP=A9
 0002:00001028 00000004 C=BSS      S=.bss     G=DGROUP   M=WinSpool ACBP=A9
 0002:0000102C 00000004 C=BSS      S=.bss     G=DGROUP   M=ShlObj   ACBP=A9
 0002:00001030 00000004 C=BSS      S=.bss     G=DGROUP   M=UrlMon   ACBP=A9
 0002:00001034 00000004 C=BSS      S=.bss     G=DGROUP   M=WinInet  ACBP=A9
 0002:00001038 00000004 C=BSS      S=.bss     G=DGROUP   M=RegStr   ACBP=A9
 0002:0000103C 00000004 C=BSS      S=.bss     G=DGROUP   M=ShellAPI ACBP=A9
 0002:00001040 00000004 C=BSS      S=.bss     G=DGROUP   M=CommDlg  ACBP=A9
 0002:00001044 00000004 C=BSS      S=.bss     G=DGROUP   M=Dlgs     ACBP=A9
 0002:00001048 00000004 C=BSS      S=.bss     G=DGROUP   M=WinSock  ACBP=A9
 0002:0000104C 00000004 C=BSS      S=.bss     G=DGROUP   M=NB30     ACBP=A9
 0002:00001050 00000004 C=BSS      S=.bss     G=DGROUP   M=RichEdit ACBP=A9
 0002:00001054 00000004 C=BSS      S=.bss     G=DGROUP   M=RzTmSchema ACBP=A9
 0002:00001058 00000004 C=BSS      S=.bss     G=DGROUP   M=TLHelp32 ACBP=A9
 0002:0000105C 00000008 C=BSS      S=.bss     G=DGROUP   M=UCMqhSubSystemDef ACBP=A9
 0002:00001064 00000008 C=BSS      S=.bss     G=DGROUP   M=UCMqhSubSystemImp ACBP=A9
 0002:0000106C 00000008 C=BSS      S=.bss     G=DGROUP   M=UASetPOSInfo ACBP=A9
 0002:00001074 00000008 C=BSS      S=.bss     G=DGROUP   M=UADevReUse ACBP=A9
 0002:0000107C 00000008 C=BSS      S=.bss     G=DGROUP   M=UADevDetory ACBP=A9
 0002:00001084 00000008 C=BSS      S=.bss     G=DGROUP   M=UADevRepair ACBP=A9
 0002:0000108C 0000000C C=BSS      S=.bss     G=DGROUP   M=UADevBusiAllot ACBP=A9


  Address         Publics by Name

 0002:0000104C       .1
 0002:00001010       .1
 0002:00001088       .2
 0002:00001070       .2
 0002:00001080       .2
 0002:00001068       .2
 0002:00001094       .2
 0002:00001060       .2
 0002:00001078       .2
 0001:00005D80       @GetPackageInfoTable
 0001:00000248       @InitPkg
 0001:00005D88       @PackageLoad
 0001:00005D98       @PackageUnload
 0001:000005AC       Commctrl
 0001:000008BC       CommDlg
 0001:000008F4       Dlgs
 0002:0000105C       dmSubSystemDef
 0002:00001064       dmSubSystemImp
 0001:000001B8       ExitProcessTLS
 0001:00000190       ExitThreadTLS
 0002:0000108C       faqhDevBusiAllot
 0002:0000107C       faqhDevDestory
 0002:00001084       faqhDevRepair
 0002:00001074       faqhDevReUse
 0002:0000106C       faqhSetPOSInfo
 0001:000002AC       Finalization
 0001:00002564       Finalization
 0001:000002EC       Finalization
 0001:00003388       Finalization
 0001:00000324       Finalization
 0001:000016FC       Finalization
 0001:0000057C       Finalization
 0001:00001544       Finalization
 0001:00000674       Finalization
 0001:0000126C       Finalization
 0001:00003A64       Finalization
 0001:00000ECC       Finalization
 0001:00000774       Finalization
 0001:00000CC4       Finalization
 0001:000007AC       Finalization
 0001:00000B74       Finalization
 0001:000007E4       Finalization
 0001:00002CA4       Finalization
 0001:0000081C       Finalization
 0001:0000559C       Finalization
 0001:00000854       Finalization
 0001:00000B3C       Finalization
 0001:0000088C       Finalization
 0001:0000071C       Finalization
 0001:000008C4       Finalization
 0002:00001090       flag
 0001:000000D8       FreeLibrary
 0001:000000E0       GetModuleFileName
 0002:0000100C       HInstance
 0001:000006A4       Imm
 0001:000001DC       InitializeModule
 0001:00000168       InitProcessTLS
 0001:00000118       InitThreadTLS
 0001:000000E8       LocalAlloc
 0001:000000F0       LocalFree
 0001:00000354       Messages
 0002:00000000       Module
 0002:00001000       ModuleIsLib
 0002:00001001       ModuleIsPackage
 0001:00000BA4       NB30
 0001:0000084C       RegStr
 0001:00000CF4       RichEdit
 0001:00000EFC       RzTmSchema
 0001:00000884       ShellAPI
 0001:000007A4       ShlObj
 0001:000002E4       Sleep
 0001:00005DA8       SubSystemUI
 0001:000002DC       SysInit
 0001:00004F98       TfaqhDevBusiAllot.btnBusiQClick
 0001:00004360       TfaqhDevBusiAllot.btnDelClick
 0001:00004B74       TfaqhDevBusiAllot.btnDevQClick
 0001:00004090       TfaqhDevBusiAllot.btnQueryClick
 0001:00004698       TfaqhDevBusiAllot.clearAllotDev
 0001:000042FC       TfaqhDevBusiAllot.ifSelectDev
 0001:0000405C       TfaqhDevBusiAllot.Init
 0001:00004700       TfaqhDevBusiAllot.lblShowAllotClick
 0001:00005324       TfaqhDevBusiAllot.lvBusiClick
 0001:00005480       TfaqhDevBusiAllot.lvDevClick
 0001:00004F88       TfaqhDevBusiAllot.RzDBGrid1CellClick
 0001:00003070       TfaqhDevDestory.btnDestoryClick
 0001:00003200       TfaqhDevDestory.btnQueryClick
 0001:0000305C       TfaqhDevDestory.Init
 0001:000038DC       TfaqhDevRepair.btnQueryClick
 0001:00003748       TfaqhDevRepair.btnRepairClick
 0001:00003734       TfaqhDevRepair.Init
 0001:00002B1C       TfaqhDevReUse.btnQueryClick
 0001:00002984       TfaqhDevReUse.btnReUseClick
 0001:00002970       TfaqhDevReUse.Init
 0001:0000219C       TfaqhSetPOSInfo.btnAddClick
 0001:00002228       TfaqhSetPOSInfo.btnChangeClick
 0001:00002294       TfaqhSetPOSInfo.btnDeleteClick
 0001:00002300       TfaqhSetPOSInfo.btnOKClick
 0001:000020C8       TfaqhSetPOSInfo.btnQueryClick
 0001:0000207C       TfaqhSetPOSInfo.Init
 0001:00002090       TfaqhSetPOSInfo.WorkViewFieldsMonitors0ValueChanged
 0001:000020A4       TfaqhSetPOSInfo.WorkViewFieldsMonitors1ValueChanged
 0001:0000129C       TLHelp32
 0001:000000F8       TlsAlloc
 0002:00001014       TlsBuffer
 0001:00000100       TlsFree
 0001:00000108       TlsGetValue
 0002:00001004       TlsIndex
 0002:FFBF5000       TlsLast
 0002:00000018       TlsProc
 0001:00000110       TlsSetValue
 0001:000055CC       UADevBusiAllot
 0001:000033B8       UADevDetory
 0001:00003A94       UADevRepair
 0001:00002CD4       UADevReUse
 0001:00002594       UASetPOSInfo
 0001:00001574       UCMqhSubSystemDef
 0001:0000172C       UCMqhSubSystemImp
 0001:00000228       UninitializeModule
 0001:000007DC       UrlMon
 0001:0000031C       Windows
 0001:00000814       WinInet
 0001:00000B6C       WinSock
 0001:0000074C       WinSpool


  Address         Publics by Value

 0002:FFBF5000       TlsLast
 0001:000000D8       FreeLibrary
 0001:000000E0       GetModuleFileName
 0001:000000E8       LocalAlloc
 0001:000000F0       LocalFree
 0001:000000F8       TlsAlloc
 0001:00000100       TlsFree
 0001:00000108       TlsGetValue
 0001:00000110       TlsSetValue
 0001:00000118       InitThreadTLS
 0001:00000168       InitProcessTLS
 0001:00000190       ExitThreadTLS
 0001:000001B8       ExitProcessTLS
 0001:000001DC       InitializeModule
 0001:00000228       UninitializeModule
 0001:00000248       @InitPkg
 0001:000002AC       Finalization
 0001:000002DC       SysInit
 0001:000002E4       Sleep
 0001:000002EC       Finalization
 0001:0000031C       Windows
 0001:00000324       Finalization
 0001:00000354       Messages
 0001:0000057C       Finalization
 0001:000005AC       Commctrl
 0001:00000674       Finalization
 0001:000006A4       Imm
 0001:0000071C       Finalization
 0001:0000074C       WinSpool
 0001:00000774       Finalization
 0001:000007A4       ShlObj
 0001:000007AC       Finalization
 0001:000007DC       UrlMon
 0001:000007E4       Finalization
 0001:00000814       WinInet
 0001:0000081C       Finalization
 0001:0000084C       RegStr
 0001:00000854       Finalization
 0001:00000884       ShellAPI
 0001:0000088C       Finalization
 0001:000008BC       CommDlg
 0001:000008C4       Finalization
 0001:000008F4       Dlgs
 0001:00000B3C       Finalization
 0001:00000B6C       WinSock
 0001:00000B74       Finalization
 0001:00000BA4       NB30
 0001:00000CC4       Finalization
 0001:00000CF4       RichEdit
 0001:00000ECC       Finalization
 0001:00000EFC       RzTmSchema
 0001:0000126C       Finalization
 0001:0000129C       TLHelp32
 0001:00001544       Finalization
 0001:00001574       UCMqhSubSystemDef
 0001:000016FC       Finalization
 0001:0000172C       UCMqhSubSystemImp
 0001:0000207C       TfaqhSetPOSInfo.Init
 0001:00002090       TfaqhSetPOSInfo.WorkViewFieldsMonitors0ValueChanged
 0001:000020A4       TfaqhSetPOSInfo.WorkViewFieldsMonitors1ValueChanged
 0001:000020C8       TfaqhSetPOSInfo.btnQueryClick
 0001:0000219C       TfaqhSetPOSInfo.btnAddClick
 0001:00002228       TfaqhSetPOSInfo.btnChangeClick
 0001:00002294       TfaqhSetPOSInfo.btnDeleteClick
 0001:00002300       TfaqhSetPOSInfo.btnOKClick
 0001:00002564       Finalization
 0001:00002594       UASetPOSInfo
 0001:00002970       TfaqhDevReUse.Init
 0001:00002984       TfaqhDevReUse.btnReUseClick
 0001:00002B1C       TfaqhDevReUse.btnQueryClick
 0001:00002CA4       Finalization
 0001:00002CD4       UADevReUse
 0001:0000305C       TfaqhDevDestory.Init
 0001:00003070       TfaqhDevDestory.btnDestoryClick
 0001:00003200       TfaqhDevDestory.btnQueryClick
 0001:00003388       Finalization
 0001:000033B8       UADevDetory
 0001:00003734       TfaqhDevRepair.Init
 0001:00003748       TfaqhDevRepair.btnRepairClick
 0001:000038DC       TfaqhDevRepair.btnQueryClick
 0001:00003A64       Finalization
 0001:00003A94       UADevRepair
 0001:0000405C       TfaqhDevBusiAllot.Init
 0001:00004090       TfaqhDevBusiAllot.btnQueryClick
 0001:000042FC       TfaqhDevBusiAllot.ifSelectDev
 0001:00004360       TfaqhDevBusiAllot.btnDelClick
 0001:00004698       TfaqhDevBusiAllot.clearAllotDev
 0001:00004700       TfaqhDevBusiAllot.lblShowAllotClick
 0001:00004B74       TfaqhDevBusiAllot.btnDevQClick
 0001:00004F88       TfaqhDevBusiAllot.RzDBGrid1CellClick
 0001:00004F98       TfaqhDevBusiAllot.btnBusiQClick
 0001:00005324       TfaqhDevBusiAllot.lvBusiClick
 0001:00005480       TfaqhDevBusiAllot.lvDevClick
 0001:0000559C       Finalization
 0001:000055CC       UADevBusiAllot
 0001:00005D80       @GetPackageInfoTable
 0001:00005D88       @PackageLoad
 0001:00005D98       @PackageUnload
 0001:00005DA8       SubSystemUI
 0002:00000000       Module
 0002:00000018       TlsProc
 0002:00001000       ModuleIsLib
 0002:00001001       ModuleIsPackage
 0002:00001004       TlsIndex
 0002:0000100C       HInstance
 0002:00001010       .1
 0002:00001014       TlsBuffer
 0002:0000104C       .1
 0002:0000105C       dmSubSystemDef
 0002:00001060       .2
 0002:00001064       dmSubSystemImp
 0002:00001068       .2
 0002:0000106C       faqhSetPOSInfo
 0002:00001070       .2
 0002:00001074       faqhDevReUse
 0002:00001078       .2
 0002:0000107C       faqhDevDestory
 0002:00001080       .2
 0002:00001084       faqhDevRepair
 0002:00001088       .2
 0002:0000108C       faqhDevBusiAllot
 0002:00001090       flag
 0002:00001094       .2


Line numbers for NB30(Nb30.pas) segment .text

   270 0001:00000BA4   270 0001:00000BAB

Line numbers for UCMqhSubSystemDef(UCMqhSubSystemDef.pas) segment .text

    30 0001:00001574    31 0001:0000157D    33 0001:00001596

Line numbers for UCMqhSubSystemImp(UCMqhSubSystemImp.pas) segment .text

    30 0001:0000172C    31 0001:00001735    33 0001:0000174E

Line numbers for UASetPOSInfo(POS信息维护\UASetPOSInfo.pas) segment .text

    84 0001:0000207C    85 0001:00002083   119 0001:0000208B   123 0001:00002090
   126 0001:0000209F   131 0001:000020A4   133 0001:000020B3   134 0001:000020C4
   137 0001:000020C8   138 0001:000020EA   139 0001:0000210C   140 0001:0000211F
   141 0001:0000213F   142 0001:0000216C   145 0001:0000219C   146 0001:000021A8
   147 0001:000021B3   148 0001:000021D3   149 0001:000021E6   150 0001:000021F6
   153 0001:00002228   154 0001:00002234   155 0001:0000223F   156 0001:0000225F
   157 0001:0000226F   160 0001:00002294   161 0001:000022A0   162 0001:000022AB
   163 0001:000022CB   164 0001:000022DB   167 0001:00002300   168 0001:00002325
   169 0001:00002347   171 0001:00002364   172 0001:00002380   173 0001:00002391
   175 0001:00002396   177 0001:000023B8   178 0001:000023D4   179 0001:000023E5
   181 0001:000023EA   183 0001:0000240E   184 0001:0000242A   186 0001:0000242C
   187 0001:0000244E   188 0001:00002461   189 0001:0000246C   190 0001:000024DA
   192 0001:00002594   193 0001:0000259D   195 0001:000025B4

Line numbers for UADevReUse(设备重新启用\UADevReUse.pas) segment .text

    56 0001:00002970    57 0001:00002977    72 0001:0000297F    77 0001:00002984
    78 0001:000029A3    80 0001:000029D8    81 0001:000029FB    82 0001:00002A1B
    83 0001:00002A39    84 0001:00002A47    85 0001:00002A90    88 0001:00002B1C
    89 0001:00002B3C    90 0001:00002B4C    91 0001:00002B6E    92 0001:00002B81
    93 0001:00002BA1    94 0001:00002BAF    95 0001:00002BCE    97 0001:00002BE0
    99 0001:00002C4C   101 0001:00002CD4   102 0001:00002CDD   104 0001:00002CF4

Line numbers for UADevDetory(设备报废\UADevDetory.pas) segment .text

    56 0001:0000305C    57 0001:00003063    72 0001:0000306B    77 0001:00003070
    78 0001:0000308F    80 0001:000030C4    81 0001:000030E7    82 0001:00003107
    83 0001:00003125    84 0001:00003133    85 0001:0000317C    88 0001:00003200
    89 0001:00003220    90 0001:00003230    91 0001:00003252    92 0001:00003265
    93 0001:00003285    94 0001:00003293    95 0001:000032B2    97 0001:000032C4
    99 0001:00003330   101 0001:000033B8   102 0001:000033C1   104 0001:000033D8

Line numbers for UADevRepair(设备维修\UADevRepair.pas) segment .text

    56 0001:00003734    57 0001:0000373B    72 0001:00003743    77 0001:00003748
    78 0001:00003767    80 0001:0000379C    81 0001:000037BF    82 0001:000037DF
    83 0001:000037FD    84 0001:0000380B    85 0001:00003854    88 0001:000038DC
    89 0001:000038FC    90 0001:0000390C    91 0001:0000392E    92 0001:00003941
    93 0001:00003961    94 0001:0000396F    95 0001:0000398E    97 0001:000039A0
    99 0001:00003A0C   101 0001:00003A94   102 0001:00003A9D   104 0001:00003AB4

Line numbers for UADevBusiAllot(设备商户分配\UADevBusiAllot.pas) segment .text

    96 0001:0000405C    97 0001:00004063    98 0001:0000406B    99 0001:0000407B
   101 0001:0000408B   103 0001:00004090   111 0001:000040B0   114 0001:000040E5
   115 0001:00004105   116 0001:00004129   117 0001:0000414D   118 0001:00004171
   119 0001:0000417F   121 0001:0000419E   122 0001:000041D8   124 0001:000041DA
   125 0001:000041EB   126 0001:0000423C   138 0001:000042FC   139 0001:00004308
   140 0001:0000430F   142 0001:0000432D   144 0001:00004347   145 0001:0000434C
   147 0001:0000434E   140 0001:00004351   148 0001:00004359   155 0001:00004360
   157 0001:00004384   159 0001:00004398   160 0001:000043B4   162 0001:000043B9
   164 0001:000043EE   166 0001:00004416   168 0001:0000443A   169 0001:0000445C
   170 0001:00004483   171 0001:000044A3   172 0001:000044C1   173 0001:00004508
   174 0001:0000452F   175 0001:0000453D   177 0001:00004544   164 0001:00004547
   178 0001:00004550   179 0001:00004561   181 0001:00004592   183 0001:000045DB
   195 0001:00004698   196 0001:000046A4   198 0001:000046C2   199 0001:000046DC
   200 0001:000046F4   196 0001:000046F7   201 0001:000046FC   208 0001:00004700
   209 0001:00004723   210 0001:00004733   212 0001:00004747   214 0001:0000476B
   215 0001:00004779   217 0001:0000479C   219 0001:000047BA   220 0001:000047C2
   223 0001:000047CC   224 0001:000047CF   226 0001:000047E6   228 0001:00004806
   230 0001:00004829   232 0001:0000484C   234 0001:0000486F   236 0001:00004892
   238 0001:000048B5   240 0001:000048D8   242 0001:0000490E   244 0001:00004944
   246 0001:00004967   248 0001:0000498A   249 0001:000049C0   221 0001:000049C8
   251 0001:000049D8   252 0001:00004A3E   258 0001:00004B74   259 0001:00004B99
   260 0001:00004BB9   261 0001:00004BC7   263 0001:00004BE6   264 0001:00004C20
   266 0001:00004C25   268 0001:00004C39   269 0001:00004C57   272 0001:00004C64
   274 0001:00004C7B   276 0001:00004CAE   278 0001:00004CD1   280 0001:00004CF4
   282 0001:00004D17   284 0001:00004D3A   286 0001:00004D70   288 0001:00004DA6
   290 0001:00004DDC   292 0001:00004E12   293 0001:00004E35   270 0001:00004E3D
   295 0001:00004E77   298 0001:00004F88   309 0001:00004F94   315 0001:00004F98
   316 0001:00004FBF   317 0001:00004FD3   318 0001:00004FF3   319 0001:00005001
   321 0001:0000502A   323 0001:0000502D   324 0001:0000504A   328 0001:00005059
   330 0001:00005078   331 0001:000050B2   335 0001:000050B7   336 0001:000050D5
   339 0001:000050E2   341 0001:000050F9   343 0001:00005119   345 0001:0000513C
   347 0001:0000515F   349 0001:00005195   351 0001:000051CB   352 0001:00005201
   337 0001:00005209   355 0001:0000524E   360 0001:00005324   361 0001:0000534C
   362 0001:0000535A   363 0001:00005370   364 0001:00005398   365 0001:000053CC
   366 0001:00005403   369 0001:00005439   371 0001:00005460   376 0001:00005480
   377 0001:000054A8   378 0001:000054B6   379 0001:000054CC   380 0001:00005500
   383 0001:00005557   385 0001:0000557E   387 0001:000055CC   388 0001:000055D5
   390 0001:000055EC

Line numbers for SubSystemUI(D:\一卡通前台相关\东莞一卡通前台\子系统管理\SubSystemUI.dpk) segment .text

    48 0001:00005DA8

Bound resource files

UCMqhSubSystemDef.DFM
UCMqhSubSystemImp.DFM
UASetPOSInfo.DFM
UADevReUse.DFM
UADevDetory.DFM
UADevRepair.DFM
d:\一卡通前台相关\东莞一卡通前台\子系统管理\设备商户分配\UADevBusiAllot.DFM
SubSystemUI.RES
SubSystemUI.drf


Program entry point at 0001:00005DA8
