Archive member included because of file (symbol)

D:/资料/工作资源/ARM7-SDK-2011-05-20/GNU/arm-elf/lib//libc.a(lib_a-fprintf.o)
                              D:/项目文件夹/WiFi_Demo/Release/iso8583.o (fprintf)
D:/资料/工作资源/ARM7-SDK-2011-05-20/GNU/arm-elf/lib//libc.a(lib_a-memcpy.o)
                              D:/项目文件夹/WiFi_Demo/Release/d_upload.o (memcpy)
D:/资料/工作资源/ARM7-SDK-2011-05-20/GNU/arm-elf/lib//libc.a(lib_a-memset.o)
                              D:/项目文件夹/WiFi_Demo/Release/d_upload.o (memset)
D:/资料/工作资源/ARM7-SDK-2011-05-20/GNU/arm-elf/lib//libc.a(lib_a-sprintf.o)
                              D:/项目文件夹/WiFi_Demo/Release/d_upload.o (sprintf)
D:/资料/工作资源/ARM7-SDK-2011-05-20/GNU/arm-elf/lib//libc.a(lib_a-sscanf.o)
                              D:/项目文件夹/WiFi_Demo/Release/iso8583.o (sscanf)
D:/资料/工作资源/ARM7-SDK-2011-05-20/GNU/arm-elf/lib//libc.a(lib_a-strcpy.o)
                              D:/项目文件夹/WiFi_Demo/Release/d_upload.o (strcpy)
D:/资料/工作资源/ARM7-SDK-2011-05-20/GNU/arm-elf/lib//libc.a(lib_a-strlen.o)
                              D:/项目文件夹/WiFi_Demo/Release/d_upload.o (strlen)
D:/资料/工作资源/ARM7-SDK-2011-05-20/GNU/arm-elf/lib//libc.a(lib_a-strncmp.o)
                              D:/项目文件夹/WiFi_Demo/Release/d_upload.o (strncmp)
D:/资料/工作资源/ARM7-SDK-2011-05-20/GNU/arm-elf/lib//libc.a(lib_a-strncpy.o)
                              D:/项目文件夹/WiFi_Demo/Release/mifare.o (strncpy)
D:/资料/工作资源/ARM7-SDK-2011-05-20/GNU/arm-elf/lib//libc.a(lib_a-strtoul.o)
                              D:/项目文件夹/WiFi_Demo/Release/mifare.o (strtoul)
D:/资料/工作资源/ARM7-SDK-2011-05-20/GNU/arm-elf/lib//libc.a(lib_a-vfprintf.o)
                              D:/资料/工作资源/ARM7-SDK-2011-05-20/GNU/arm-elf/lib//libc.a(lib_a-sprintf.o) (_vfprintf_r)
D:/资料/工作资源/ARM7-SDK-2011-05-20/GNU/arm-elf/lib//libc.a(lib_a-vfscanf.o)
                              D:/资料/工作资源/ARM7-SDK-2011-05-20/GNU/arm-elf/lib//libc.a(lib_a-sscanf.o) (__svfscanf_r)
D:/资料/工作资源/ARM7-SDK-2011-05-20/GNU/arm-elf/lib//libc.a(lib_a-wcrtomb.o)
                              D:/资料/工作资源/ARM7-SDK-2011-05-20/GNU/arm-elf/lib//libc.a(lib_a-vfprintf.o) (_wcrtomb_r)
D:/资料/工作资源/ARM7-SDK-2011-05-20/GNU/arm-elf/lib//libc.a(lib_a-wcsrtombs.o)
                              D:/资料/工作资源/ARM7-SDK-2011-05-20/GNU/arm-elf/lib//libc.a(lib_a-vfprintf.o) (_wcsrtombs_r)
D:/资料/工作资源/ARM7-SDK-2011-05-20/GNU/arm-elf/lib//libc.a(lib_a-wctomb_r.o)
                              D:/资料/工作资源/ARM7-SDK-2011-05-20/GNU/arm-elf/lib//libc.a(lib_a-wcrtomb.o) (_wctomb_r)
D:/资料/工作资源/ARM7-SDK-2011-05-20/GNU/arm-elf/lib//libc.a(lib_a-wsetup.o)
                              D:/资料/工作资源/ARM7-SDK-2011-05-20/GNU/arm-elf/lib//libc.a(lib_a-vfprintf.o) (__swsetup)
D:/资料/工作资源/ARM7-SDK-2011-05-20/GNU/arm-elf/lib//libc.a(lib_a-ctype_.o)
                              D:/资料/工作资源/ARM7-SDK-2011-05-20/GNU/arm-elf/lib//libc.a(lib_a-strtoul.o) (__ctype_ptr)
D:/资料/工作资源/ARM7-SDK-2011-05-20/GNU/arm-elf/lib//libc.a(lib_a-dtoa.o)
                              D:/资料/工作资源/ARM7-SDK-2011-05-20/GNU/arm-elf/lib//libc.a(lib_a-vfprintf.o) (_dtoa_r)
D:/资料/工作资源/ARM7-SDK-2011-05-20/GNU/arm-elf/lib//libc.a(lib_a-fflush.o)
                              D:/资料/工作资源/ARM7-SDK-2011-05-20/GNU/arm-elf/lib//libc.a(lib_a-vfprintf.o) (fflush)
D:/资料/工作资源/ARM7-SDK-2011-05-20/GNU/arm-elf/lib//libc.a(lib_a-findfp.o)
                              D:/资料/工作资源/ARM7-SDK-2011-05-20/GNU/arm-elf/lib//libc.a(lib_a-vfprintf.o) (__sinit)
D:/资料/工作资源/ARM7-SDK-2011-05-20/GNU/arm-elf/lib//libc.a(lib_a-fread.o)
                              D:/资料/工作资源/ARM7-SDK-2011-05-20/GNU/arm-elf/lib//libc.a(lib_a-vfscanf.o) (fread)
D:/资料/工作资源/ARM7-SDK-2011-05-20/GNU/arm-elf/lib//libc.a(lib_a-freer.o)
                              D:/资料/工作资源/ARM7-SDK-2011-05-20/GNU/arm-elf/lib//libc.a(lib_a-vfprintf.o) (_free_r)
D:/资料/工作资源/ARM7-SDK-2011-05-20/GNU/arm-elf/lib//libc.a(lib_a-fvwrite.o)
                              D:/资料/工作资源/ARM7-SDK-2011-05-20/GNU/arm-elf/lib//libc.a(lib_a-vfprintf.o) (__sfvwrite_r)
D:/资料/工作资源/ARM7-SDK-2011-05-20/GNU/arm-elf/lib//libc.a(lib_a-fwalk.o)
                              D:/资料/工作资源/ARM7-SDK-2011-05-20/GNU/arm-elf/lib//libc.a(lib_a-fflush.o) (_fwalk)
D:/资料/工作资源/ARM7-SDK-2011-05-20/GNU/arm-elf/lib//libc.a(lib_a-impure.o)
                              D:/资料/工作资源/ARM7-SDK-2011-05-20/GNU/arm-elf/lib//libc.a(lib_a-sprintf.o) (_impure_ptr)
D:/资料/工作资源/ARM7-SDK-2011-05-20/GNU/arm-elf/lib//libc.a(lib_a-iswspace.o)
                              D:/资料/工作资源/ARM7-SDK-2011-05-20/GNU/arm-elf/lib//libc.a(lib_a-vfscanf.o) (iswspace)
D:/资料/工作资源/ARM7-SDK-2011-05-20/GNU/arm-elf/lib//libc.a(lib_a-locale.o)
                              D:/资料/工作资源/ARM7-SDK-2011-05-20/GNU/arm-elf/lib//libc.a(lib_a-vfprintf.o) (localeconv)
D:/资料/工作资源/ARM7-SDK-2011-05-20/GNU/arm-elf/lib//libc.a(lib_a-makebuf.o)
                              D:/资料/工作资源/ARM7-SDK-2011-05-20/GNU/arm-elf/lib//libc.a(lib_a-wsetup.o) (__smakebuf)
D:/资料/工作资源/ARM7-SDK-2011-05-20/GNU/arm-elf/lib//libc.a(lib_a-mallocr.o)
[...]
Memory Configuration

Name             Origin             Length             Attributes
ram              0x0c060000         0x007a0000
*default*        0x00000000         0xffffffff

Linker script and memory map

LOAD D:/项目文件夹/WiFi_Demo/Release/crt0.o
LOAD D:/项目文件夹/WiFi_Demo/Release/WiFi_Demo.o
LOAD D:/项目文件夹/WiFi_Demo/Release/d_upload.o
LOAD D:/项目文件夹/WiFi_Demo/Release/fun.o
LOAD D:/项目文件夹/WiFi_Demo/Release/macset.o
LOAD D:/项目文件夹/WiFi_Demo/Release/vst_db.o
LOAD D:/项目文件夹/WiFi_Demo/Release/wifi_con.o
LOAD D:/项目文件夹/WiFi_Demo/Release/eeprom.o
LOAD D:/项目文件夹/WiFi_Demo/Release/mifare.o
LOAD D:/项目文件夹/WiFi_Demo/Release/cal_key.o
LOAD D:/项目文件夹/WiFi_Demo/Release/usbprog.o
LOAD D:/项目文件夹/WiFi_Demo/Release/db.o
LOAD D:/项目文件夹/WiFi_Demo/Release/iso8583.o
START GROUP
LOAD D:/资料/工作资源/ARM7-SDK-2011-05-20/GNU/arm-elf/lib//libgcc.a
LOAD D:/资料/工作资源/ARM7-SDK-2011-05-20/GNU/arm-elf/lib//libc.a
LOAD D:/资料/工作资源/ARM7-SDK-2011-05-20/GNU/arm-elf/lib//libm.a
LOAD D:/资料/工作资源/ARM7-SDK-2011-05-20/HHFiles/lib//libARMPos.a
LOAD D:/资料/工作资源/ARM7-SDK-2011-05-20/HHFiles/lib//libcard.a
LOAD D:/资料/工作资源/ARM7-SDK-2011-05-20/HHFiles/lib//libcontactless.a
LOAD D:/资料/工作资源/ARM7-SDK-2011-05-20/HHFiles/lib//libext.a
LOAD D:/资料/工作资源/ARM7-SDK-2011-05-20/HHFiles/lib//libmagcard.a
LOAD D:/资料/工作资源/ARM7-SDK-2011-05-20/HHFiles/lib//libRS232.a
LOAD D:/资料/工作资源/ARM7-SDK-2011-05-20/HHFiles/lib//libWiFi.a
LOAD D:/资料/工作资源/ARM7-SDK-2011-05-20/HHFiles/lib//libdb.a
LOAD D:/资料/工作资源/ARM7-SDK-2011-05-20/HHFiles/lib//libupdown.a
LOAD D:/资料/工作资源/ARM7-SDK-2011-05-20/HHFiles/lib//libusb.a
END GROUP

.text           0x0c060000    0x2d910
                0x0c060000                _stext = .
 *(.text)
 .text          0x0c060000      0x328 D:/项目文件夹/WiFi_Demo/Release/crt0.o
                0x0c06016c                _lseek_r
                0x0c060258                _stat_r
                0x0c0602e0                GetBaseOfRO
                0x0c060268                times
                0x0c0600ec                _fstat_r
                0x0c060094                execve
                0x0c06010c                getpid
                0x0c0600c4                _fork_r
                0x0c06018c                _open64_r
                0x0c060114                isatty
                0x0c0601f8                _sbrk_r
                0x0c06019c                _read_r
                0x0c060310                GetBaseOfZI
                0x0c060304                GetEndOfRW
                0x0c060164                lseek
                0x0c0602ec                GetEndOfRO
                0x0c06031c                GetEndOfZI
                0x0c060288                _unlink_r
                0x0c0602d0                write
                0x0c0600dc                fstat
                0x0c06011c                kill
                0x0c0602a0                wait
                0x0c060000                _start
                0x0c060194                read
                0x0c060184                _open_r
                0x0c0602f8                GetBaseOfRW
                0x0c060270                unlink
                0x0c06008c                _close_r
                0x0c0602b8                _wait_r
                0x0c0600ac                fork
                0x0c0601a4                sbrk
                0x0c06014c                _link_r
                0x0c0602d8                _write_r
                0x0c060174                _lseek64_r
                0x0c060248                stat
                0x0c060134                link
                0x0c0600fc                _fstat64_r
                0x0c06017c                open
                0x0c060084                close
 .text          0x0c060328      0x108 D:/项目文件夹/WiFi_Demo/Release/WiFi_Demo.o
                0x0c060328                debugFun
                0x0c060390                main
 .text          0x0c060430      0x5a4 D:/项目文件夹/WiFi_Demo/Release/d_upload.o
                0x0c0608a8                usb_upload_menu
                0x0c0604d4                db_to_str
                0x0c060430                myitoa
                0x0c06055c                usb_upload
 .text          0x0c0609d4      0x808 D:/项目文件夹/WiFi_Demo/Release/fun.o
                0x0c060b28                setAdmPsd_task
                0x0c0609d4                adminPsd_init
                0x0c060e00                getAuthorize
                0x0c060d9c                workAttendance_task
                0x0c060fe8                funSet_task
                0x0c060d50                discernID_task
                0x0c060e64                dataUpload_task
                0x0c060f04                vstDatabase_task
                0x0c0610e4                main_task
 .text          0x0c0611dc      0xd10 D:/项目文件夹/WiFi_Demo/Release/macset.o
                0x0c061534                setKeybeeper
                0x0c0617f4                Set_Auto_Poweroff
                0x0c06198c                setDate
                0x0c061cb0                setTime
                0x0c06133c                adminPassword
                0x0c061278                input_date_time
                0x0c0611dc                input_password
                0x0c061654                setBacklight
 .text          0x0c061eec      0x5d8 D:/项目文件夹/WiFi_Demo/Release/vst_db.o
                0x0c062184                db_init
                0x0c061eec                check_dbCapcity
                0x0c062438                db_check
                0x0c062398                db_init_menu
                0x0c061f80                check_recordsCnt
                0x0c06204c                del_Allrecords
 .text          0x0c0624c4     0x1154 D:/项目文件夹/WiFi_Demo/Release/wifi_con.o
                0x0c062e7c                setGateway
                0x0c06301c                setIP
                0x0c062994                clearPSK
                0x0c0634b0                disConnect
                0x0c062d48                setServerIP
                0x0c062a08                setPassword
                0x0c0631e4                WiFi_MsgDisplay
                0x0c0632e4                wifiInit_open
                0x0c063458                resetWifi
                0x0c062744                InputData
                0x0c062c28                setServerPort
                0x0c0630ec                wifinet_set
                0x0c062854                connectWifi
                0x0c063228                wifi_init
                0x0c063510                wifi_upload_menu
                0x0c062b18                setServerSSID
                0x0c062f4c                setNetMask
                0x0c0624c4                sendRecords
 .text          0x0c063618      0x170 D:/项目文件夹/WiFi_Demo/Release/eeprom.o
                0x0c063630                charToshort
                0x0c06364c                eeprom_write
                0x0c0636ec                eeprom_read
                0x0c063618                shortTochar
 .text          0x0c063788     0x1190 D:/项目文件夹/WiFi_Demo/Release/mifare.o
                0x0c064218                workAttendance_xian
                0x0c0640d8                workAttendanceTemp
                0x0c063788                warning_beep
                0x0c063f08                discernID
                0x0c0637e0                calkeyAfromPSAM
                0x0c063c94                workAttendance_Dalian
                0x0c064730                readM1Card
                0x0c0644c8                readAuthorizeCard
                0x0c063c10                M1_start
 .text          0x0c064918      0x9c8 D:/项目文件夹/WiFi_Demo/Release/cal_key.o
                0x0c064bd4                CODE
                0x0c064918                sub_key
                0x0c064e24                DECODE
                0x0c0650a0                TriDes
                0x0c064b60                IP_pro1
                0x0c06503c                des_code
                0x0c065258                CalKeyA
                0x0c064b04                IP_pro
                0x0c0651c4                CalOffset
 .text          0x0c0652e0      0xa60 D:/项目文件夹/WiFi_Demo/Release/usbprog.o
                0x0c065458                USBDownLongString
                0x0c0652e0                USBUpLongString
                0x0c06558c                Usb_Data_Transmit
 .text          0x0c065d40      0x328 D:/项目文件夹/WiFi_Demo/Release/db.o
                0x0c065dc4                Database_Init
                0x0c065d40                count_db_toal
                0x0c065f48                chk_sys_db_format
 .text          0x0c066068      0xb10 D:/项目文件夹/WiFi_Demo/Release/iso8583.o
                0x0c066294                atd_pack
                0x0c0661c8                BCD2INT
                0x0c066390                iso8583_set
                0x0c06641c                iso8583_init
                0x0c066068                iso8583_compress
                0x0c0668a8                iso8583_unpack
                0x0c066078                ASC2BCD
                0x0c066804                iso8583_dump
                0x0c0665a4                iso8583_pack
                0x0c066334                iso8583_get
                0x0c06655c                dec2hex
                0x0c066494                hex2dec
                0x0c066118                BCD2ASC
 .text          0x0c066b78       0x30 D:/资料/工作资源/ARM7-SDK-2011-05-20/GNU/arm-elf/lib//libc.a(lib_a-fprintf.o)
                0x0c066b78                fprintf
 .text          0x0c066ba8       0xa8 D:/资料/工作资源/ARM7-SDK-2011-05-20/GNU/arm-elf/lib//libc.a(lib_a-memcpy.o)
                0x0c066ba8                memcpy
 .text          0x0c066c50       0x98 D:/资料/工作资源/ARM7-SDK-2011-05-20/GNU/arm-elf/lib//libc.a(lib_a-memset.o)
                0x0c066c50                memset
 .text          0x0c066ce8       0xdc D:/资料/工作资源/ARM7-SDK-2011-05-20/GNU/arm-elf/lib//libc.a(lib_a-sprintf.o)
                0x0c066d5c                _sprintf_r
                0x0c066ce8                sprintf
 .text          0x0c066dc4      0x108 D:/资料/工作资源/ARM7-SDK-2011-05-20/GNU/arm-elf/lib//libc.a(lib_a-sscanf.o)
                0x0c066e4c                sscanf
                0x0c066dcc                _sscanf_r
 .text          0x0c066ecc       0x9c D:/资料/工作资源/ARM7-SDK-2011-05-20/GNU/arm-elf/lib//libc.a(lib_a-strcpy.o)
                0x0c066ecc                strcpy
 .text          0x0c066f68       0x68 D:/资料/工作资源/ARM7-SDK-2011-05-20/GNU/arm-elf/lib//libc.a(lib_a-strlen.o)
                0x0c066f68                strlen
 .text          0x0c066fd0      0x144 D:/资料/工作资源/ARM7-SDK-2011-05-20/GNU/arm-elf/lib//libc.a(lib_a-strncmp.o)
                0x0c066fd0                strncmp
 .text          0x0c067114      0x104 D:/资料/工作资源/ARM7-SDK-2011-05-20/GNU/arm-elf/lib//libc.a(lib_a-strncpy.o)
                0x0c067114                strncpy
 .text          0x0c067218      0x1f4 D:/资料/工作资源/ARM7-SDK-2011-05-20/GNU/arm-elf/lib//libc.a(lib_a-strtoul.o)
                0x0c0673e0                strtoul
                0x0c067218                _strtoul_r
 .text          0x0c06740c     0x2080 D:/资料/工作资源/ARM7-SDK-2011-05-20/GNU/arm-elf/lib//libc.a(lib_a-vfprintf.o)
                0x0c06743c                _vfprintf_r
                0x0c069460                vfprintf
 .text          0x0c06948c     0x1564 D:/资料/工作资源/ARM7-SDK-2011-05-20/GNU/arm-elf/lib//libc.a(lib_a-vfscanf.o)
                0x0c06a92c                __svfscanf
                0x0c06a958                _vfscanf_r
                0x0c06a99c                vfscanf
                0x0c06948c                __svfscanf_r
 .text          0x0c06a9f0       0x74 D:/资料/工作资源/ARM7-SDK-2011-05-20/GNU/arm-elf/lib//libc.a(lib_a-wcrtomb.o)
                0x0c06a9f0                _wcrtomb_r
                0x0c06aa38                wcrtomb
 .text          0x0c06aa64      0x180 D:/资料/工作资源/ARM7-SDK-2011-05-20/GNU/arm-elf/lib//libc.a(lib_a-wcsrtombs.o)
                0x0c06aa64                _wcsrtombs_r
                0x0c06aba4                wcsrtombs
 .text          0x0c06abe4      0x420 D:/资料/工作资源/ARM7-SDK-2011-05-20/GNU/arm-elf/lib//libc.a(lib_a-wctomb_r.o)
                0x0c06abe4                _wctomb_r
 .text          0x0c06b004      0x110 D:/资料/工作资源/ARM7-SDK-2011-05-20/GNU/arm-elf/lib//libc.a(lib_a-wsetup.o)
                0x0c06b004                __swsetup
 .text          0x0c06b114        0x0 D:/资料/工作资源/ARM7-SDK-2011-05-20/GNU/arm-elf/lib//libc.a(lib_a-ctype_.o)
 .text          0x0c06b114     0x16f4 D:/资料/工作资源/ARM7-SDK-2011-05-20/GNU/arm-elf/lib//libc.a(lib_a-dtoa.o)
                0x0c06b33c                _dtoa_r
 .text          0x0c06c808      0x1ac D:/资料/工作资源/ARM7-SDK-2011-05-20/GNU/arm-elf/lib//libc.a(lib_a-fflush.o)
                0x0c06c808                fflush
 .text          0x0c06c9b4      0x26c D:/资料/工作资源/ARM7-SDK-2011-05-20/GNU/arm-elf/lib//libc.a(lib_a-findfp.o)
                0x0c06ca20                __sinit
                0x0c06caf8                __sfmoreglue
                0x0c06cae8                _cleanup
                0x0c06cadc                _cleanup_r
                0x0c06cac4                __fp_lock_all
                0x0c06ca10                __sfp_lock_acquire
                0x0c06cb48                __sfp
                0x0c06ca1c                __sinit_lock_release
                0x0c06caac                __fp_unlock_all
                0x0c06ca14                __sfp_lock_release
                0x0c06ca18                __sinit_lock_acquire
 .text          0x0c06cc20      0x214 D:/资料/工作资源/ARM7-SDK-2011-05-20/GNU/arm-elf/lib//libc.a(lib_a-fread.o)
                0x0c06cdf4                fread
                0x0c06cc20                _fread_r
 .text          0x0c06ce34      0x3a4 D:/资料/工作资源/ARM7-SDK-2011-05-20/GNU/arm-elf/lib//libc.a(lib_a-freer.o)
                0x0c06cf2c                _free_r
                0x0c06ce34                _malloc_trim_r
 .text          0x0c06d1d8      0x44c D:/资料/工作资源/ARM7-SDK-2011-05-20/GNU/arm-elf/lib//libc.a(lib_a-fvwrite.o)
                0x0c06d1d8                __sfvwrite_r
 .text          0x0c06d624      0x10c D:/资料/工作资源/ARM7-SDK-2011-05-20/GNU/arm-elf/lib//libc.a(lib_a-fwalk.o)
                0x0c06d6ac                _fwalk
                0x0c06d624                _fwalk_reent
 .text          0x0c06d730        0x0 D:/资料/工作资源/ARM7-SDK-2011-05-20/GNU/arm-elf/lib//libc.a(lib_a-impure.o)
 .text          0x0c06d730       0x20 D:/资料/工作资源/ARM7-SDK-2011-05-20/GNU/arm-elf/lib//libc.a(lib_a-iswspace.o)
                0x0c06d730                iswspace
 .text          0x0c06d750       0xa8 D:/资料/工作资源/ARM7-SDK-2011-05-20/GNU/arm-elf/lib//libc.a(lib_a-locale.o)
                0x0c06d77c                _setlocale_r
                0x0c06d750                __locale_charset
                0x0c06d760                _localeconv_r
                0x0c06d7dc                setlocale
                0x0c06d76c                localeconv
 .text          0x0c06d7f8      0x178 D:/资料/工作资源/ARM7-SDK-2011-05-20/GNU/arm-elf/lib//libc.a(lib_a-makebuf.o)
                0x0c06d7f8                __smakebuf
 .text          0x0c06d970      0x798 D:/资料/工作资源/ARM7-SDK-2011-05-20/GNU/arm-elf/lib//libc.a(lib_a-mallocr.o)
                0x0c06d970                _malloc_r
 .text          0x0c06e108       0x98 D:/资料/工作资源/ARM7-SDK-2011-05-20/GNU/arm-elf/lib//libc.a(lib_a-mbrtowc.o)
                0x0c06e160                mbrtowc
                0x0c06e108                _mbrtowc_r
 .text          0x0c06e1a0       0x50 D:/资料/工作资源/ARM7-SDK-2011-05-20/GNU/arm-elf/lib//libc.a(lib_a-mbtowc_r.o)
                0x0c06e1a0                _mbtowc_r
 .text          0x0c06e1f0      0x10c D:/资料/工作资源/ARM7-SDK-2011-05-20/GNU/arm-elf/lib//libc.a(lib_a-memchr.o)
                0x0c06e1f0                memchr
 .text          0x0c06e2fc       0xf4 D:/资料/工作资源/ARM7-SDK-2011-05-20/GNU/arm-elf/lib//libc.a(lib_a-memmove.o)
                0x0c06e2fc                memmove
 .text          0x0c06e3f0        0x8 D:/资料/工作资源/ARM7-SDK-2011-05-20/GNU/arm-elf/lib//libc.a(lib_a-mlock.o)
                0x0c06e3f4                __malloc_unlock
                0x0c06e3f0                __malloc_lock
 .text          0x0c06e3f8      0xcf4 D:/资料/工作资源/ARM7-SDK-2011-05-20/GNU/arm-elf/lib//libc.a(lib_a-mprec.o)
                0x0c06e700                _mprec_log10
                0x0c06e7ac                __any_on
                0x0c06e848                _Balloc
                0x0c06e680                __ratio
                0x0c06ee24                __i2b
                0x0c06e5c0                __b2d
                0x0c06f00c                __s2b
                0x0c06e500                __mcmp
                0x0c06e414                __hi0bits
                0x0c06ef18                __pow5mult
                0x0c06eb48                __lshift
                0x0c06ec50                __multiply
                0x0c06e8d8                __d2b
                0x0c06e750                __copybits
                0x0c06e560                __ulp
                0x0c06ea04                __mdiff
                0x0c06e46c                __lo0bits
                0x0c06ee44                __multadd
                0x0c06e3f8                _Bfree
 .text          0x0c06f0ec      0x500 D:/资料/工作资源/ARM7-SDK-2011-05-20/GNU/arm-elf/lib//libc.a(lib_a-reallocr.o)
                0x0c06f0ec                _realloc_r
 .text          0x0c06f5ec      0x1b4 D:/资料/工作资源/ARM7-SDK-2011-05-20/GNU/arm-elf/lib//libc.a(lib_a-refill.o)
                0x0c06f608                __srefill_r
 .text          0x0c06f7a0       0x3c D:/资料/工作资源/ARM7-SDK-2011-05-20/GNU/arm-elf/lib//libc.a(lib_a-s_isinfd.o)
                0x0c06f7a0                __isinfd
 .text          0x0c06f7dc       0x30 D:/资料/工作资源/ARM7-SDK-2011-05-20/GNU/arm-elf/lib//libc.a(lib_a-s_isnand.o)
                0x0c06f7dc                __isnand
 .text          0x0c06f80c       0xc8 D:/资料/工作资源/ARM7-SDK-2011-05-20/GNU/arm-elf/lib//libc.a(lib_a-sccl.o)
                0x0c06f80c                __sccl
 .text          0x0c06f8d4        0xc D:/资料/工作资源/ARM7-SDK-2011-05-20/GNU/arm-elf/lib//libc.a(lib_a-sf_nan.o)
                0x0c06f8d4                nanf
 .text          0x0c06f8e0      0x100 D:/资料/工作资源/ARM7-SDK-2011-05-20/GNU/arm-elf/lib//libc.a(lib_a-stdio.o)
                0x0c06f8f4                __sseek
                0x0c06f99c                __sread
                0x0c06f8e0                __sclose
                0x0c06f93c                __swrite
 .text          0x0c06f9e0       0xe8 D:/资料/工作资源/ARM7-SDK-2011-05-20/GNU/arm-elf/lib//libc.a(lib_a-strcmp.o)
                0x0c06f9e0                strcmp
 .text          0x0c06fac8     0x15e0 D:/资料/工作资源/ARM7-SDK-2011-05-20/GNU/arm-elf/lib//libc.a(lib_a-strtod.o)
                0x0c06fb10                _strtod_r
                0x0c07108c                strtod
                0x0c07103c                strtof
 .text          0x0c0710a8      0x1f0 D:/资料/工作资源/ARM7-SDK-2011-05-20/GNU/arm-elf/lib//libc.a(lib_a-strtol.o)
                0x0c07126c                strtol
                0x0c0710a8                _strtol_r
 .text          0x0c071298      0x248 D:/资料/工作资源/ARM7-SDK-2011-05-20/GNU/arm-elf/lib//libc.a(lib_a-ungetc.o)
                0x0c0714c4                ungetc
                0x0c071298                __submore
                0x0c07134c                _ungetc_r
 .text          0x0c0714e0       0xa0 D:/资料/工作资源/ARM7-SDK-2011-05-20/GNU/arm-elf/lib//libc.a(lib_a-callocr.o)
                0x0c0714e0                _calloc_r
 .text          0x0c071580      0x10c D:/资料/工作资源/ARM7-SDK-2011-05-20/GNU/arm-elf/lib//libc.a(lib_a-fclose.o)
                0x0c071580                _fclose_r
                0x0c071678                fclose
 .text          0x0c07168c      0x84c D:/资料/工作资源/ARM7-SDK-2011-05-20/GNU/arm-elf/lib//libc.a(lib_a-gdtoa-gethex.o)
                0x0c0716c0                __hexdig_init
                0x0c0717d4                __gethex
 .text          0x0c071ed8      0x270 D:/资料/工作资源/ARM7-SDK-2011-05-20/GNU/arm-elf/lib//libc.a(lib_a-gdtoa-hexnan.o)
                0x0c071f0c                __hexnan
 .text          0x0c072148       0xa0 D:/资料/工作资源/ARM7-SDK-2011-05-20/HHFiles/lib//libARMPos.a(libARMPos.o)
                0x0c0721a4                Sys_Delay_MS
                0x0c072194                Sys_Delay_US
                0x0c07216c                Sys_Delay_NS
                0x0c072148                SYS_Restart_Code
                0x0c0721d0                Sys_Delay_Sec
 .text          0x0c0721e8     0x14a0 D:/资料/工作资源/ARM7-SDK-2011-05-20/HHFiles/lib//libARMPos.a(call_api.o)
                0x0c0727d0                UART_Modem_Ctrl
                0x0c0726f8                UART_Stat
                0x0c072350                KEY_Beep_Mask_Read
                0x0c072530                Disp_Get_Pixel
                0x0c072908                RTC_Alarm_Control
                0x0c072458                Disp_Init
                0x0c072770                UART2_Flush_FIFO
                0x0c072ff8                Sys_Get_SDRAM_Size
                0x0c0724b8                Disp_Goto_XY
                0x0c072a70                EEPROM_Write_Byte
                0x0c073130                SYS_NO_OP35
                0x0c072ea8                Disp_Get_Color_Setting
                0x0c072248                Sys_Int_Disable
                0x0c072440                Disp_Get_Select_Color
                0x0c072d28                Sys_Init_EXINT
                0x0c072d88                Nand_Correct_Data
                0x0c072f20                SYS_NO_OP16
                0x0c072800                Sys_Timer_Read
                0x0c0723b0                Is_EL_On
                0x0c072638                Disp_Get_Contrast
                0x0c072950                SIO_Exchange
                0x0c072938                SIO_Init
                0x0c072b48                Nand_Is_Bad_Block
                0x0c072920                RTC_Alarm_Status
                0x0c072848                RTC_Set_Date
                0x0c072a28                I2C_ACK_Control
                0x0c073040                Disp_Put_Bmp_New
                0x0c0724a0                Disp_Set_Font_Attrib
                0x0c072c98                Sys_BC_Init
                0x0c072fb0                KEY_Set_CallBack
                0x0c073028                EEPROM_Set_Type
                0x0c072e18                SYS_AUX_Sock_Select
                0x0c072e78                Sys_AUX_IO_Control
                0x0c072cb0                Sys_BC_Laser_Enable
                0x0c072680                UART_Init
                0x0c0726e0                UART_Flush_FIFO
                0x0c072ab8                Sys_Delay_Sec1
                0x0c0726c8                UART_Send_Str
                0x0c0721e8                Sys_Power_Sleep
                0x0c072518                Disp_Clr_Win
                0x0c072ef0                User_Timer_End
                0x0c072bd8                SYS_Read_Vol_ADC
                0x0c072ad0                Flash_Get_Size
                0x0c072320                KEY_EL_Mask_Set
                0x0c0722d8                KEY_Read_Up
                0x0c072f98                User_Param_Read
                0x0c072d40                Sys_EXINT_Output
                0x0c072f80                User_Param_Write
                0x0c072c80                Sys_Motor_Enable
                0x0c072f38                SYS_NO_OP17
                0x0c072fc8                Sys_Network_Power_Control
                0x0c072e90                Sys_Card_INT_Control
                0x0c072d70                Nand_Calculate_ECC
                0x0c072758                UART2_Send_Str
                0x0c072698                UART_Rev_Char
                0x0c072668                Disp_Dec_Contrast
                0x0c073070                EEPROM_Read_Con
                0x0c0727e8                Sys_Timer_Start
                0x0c0723e0                EL_Get_Timeout
                0x0c072e60                Sys_Gprs_Power_Control
                0x0c072710                UART2_Init
                0x0c073118                SYS_NO_OP34
                0x0c072368                KEY_EL_Mask_Read
                0x0c072e00                SYS_LED_Control
                0x0c072470                Disp_Write_Char
                0x0c072c08                SYS_Read_Current
                0x0c0725a8                Disp_Put_Bmp_Raw
                0x0c072a10                I2C_Send_Char
                0x0c072b00                FLASH_Erase_One_Block
                0x0c072998                I2C_Init
                0x0c072548                Disp_Put_Pixel
                0x0c072830                WatchDog_Set
                0x0c072218                Sys_Auto_Poweroff_Read
                0x0c072da0                Disp_Write_16x16_Chr
                0x0c0726b0                UART_Send_Char
                0x0c0729f8                I2C_Recv_Char
                0x0c072e30                Sys_Get_POS_Type
                0x0c072c38                Sys_Read_RARC
                0x0c072608                Disp_7_SEG_Time
                0x0c072338                KEY_Flush_FIFO
                0x0c0724d0                Disp_Write_Str
                0x0c0730e8                Sys_U2P2_Power_Control
                0x0c0728d8                RTC_Set_Alarm
                0x0c0722a8                KEY_Init
                0x0c072968                SIO_Aux_Pin_Control
                0x0c072380                KEY_Get_Status
                0x0c0728c0                RTC_Get_DateTime
                0x0c072b18                FLASH_Write_Record
                0x0c072590                Disp_Put_Bmp
                0x0c072278                SYS_Msg_Wait
                0x0c072230                BATT_Check_Level
                0x0c072e48                Sys_AUX_OUT_Set
                0x0c0730d0                Sys_U2P1_Power_Control
                0x0c072cc8                Sys_Get_Lib_Version
                0x0c0725c0                Disp_Icon_Set
                0x0c072b90                Nand_Write_OnePage
                0x0c0730b8                Disp_Get_Magnification
                0x0c072dd0                SYS_Msg_Wait_Ext
                0x0c072c20                Sys_Read_RAAC
                0x0c072788                UART2_Stat
                0x0c0729c8                I2C_Start_Recv
                0x0c072d58                Sys_EXINT_Read
                0x0c073010                Sys_Get_Version
                0x0c072aa0                Sys_Delay_MS1
                0x0c0722f0                KEY_Read_Down
                0x0c072a40                EEPROM_Init
                0x0c072bf0                SYS_Read_Vol_IC
                0x0c073058                Sys_Magcard_Power_Control
                0x0c072b78                Nand_Read_Random
                0x0c072650                Disp_Inc_Contrast
                0x0c072428                Disp_Set_Color
                0x0c072860                RTC_Set_Time
                0x0c072890                RTC_Get_Date
                0x0c072200                Sys_Auto_Poweroff_Set
                0x0c073148                SYS_NO_OP36
                0x0c073088                EEPROM_Write_Page
                0x0c072500                Disp_Clear
                0x0c072980                SIO_Aux_Power_Control
                0x0c073100                SYS_NO_OP33
                0x0c072ba8                Nand_Erase_OneBlock
                0x0c072290                SYS_Msg_Mask_Set
                0x0c072a58                EEPROM_Read_Byte
                0x0c072a88                Sys_Delay_US1
                0x0c072b30                Nand_Read_ID
                0x0c072bc0                SYS_Read_Vol
                0x0c072cf8                Dis_Key_Int
                0x0c072620                Disp_Set_Contrast
                0x0c0728f0                RTC_Get_Alarm
                0x0c072560                Disp_Put_Pixel_Col
                0x0c072398                EL_Set
                0x0c072410                Is_Charger_On
                0x0c072308                KEY_Beep_Mask_Set
                0x0c072578                Disp_Set_Bmp_Mode
                0x0c072ec0                User_Timer_Get
                0x0c072f68                SYS_NO_OP19
                0x0c072488                Disp_Write_Char_Col
                0x0c072c50                Sys_Power_5V_Enable
                0x0c0725d8                Disp_Icon_Battery_Time_Set
                0x0c072f50                SYS_NO_OP18
                0x0c0725f0                Disp_Icon_Battery_Time_Refresh
                0x0c072d10                En_Key_Int
                0x0c0730a0                Disp_Set_Magnification
                0x0c0729b0                I2C_Start_Send
                0x0c0729e0                I2C_Stop
                0x0c072878                RTC_Set_DateTime
                0x0c072740                UART2_Send_Char
                0x0c0727b8                UART_Printf
                0x0c0722c0                KEY_Read
                0x0c072de8                Sys_BC_Init_EXT
                0x0c072db8                FLASH_Get_Sec_ID
                0x0c072c68                Sys_Power_3V_Enable
                0x0c072b60                Nand_Read_Pages
                0x0c0727a0                UART_Send_Term
                0x0c0723c8                EL_Set_Timeout
                0x0c0728a8                RTC_Get_Time
                0x0c072fe0                Sys_Audio_Power_Control
                0x0c072818                Sys_Timer_CallBack
                0x0c072ce0                SYS_Query
                0x0c072ed8                User_Timer_Start
                0x0c072728                UART2_Rev_Char
                0x0c0724e8                Disp_Write_Str_Col
                0x0c072260                Sys_Int_Enable
                0x0c072ae8                FLASH_Erase_One_Sector
                0x0c0723f8                Beep_Sound
                0x0c072f08                User_Timer_Read
 .text          0x0c073688     0x1424 D:/资料/工作资源/ARM7-SDK-2011-05-20/HHFiles/lib//libcard.a(libcard.o)
                0x0c073928                IC_CARD_GET_URR
                0x0c0738fc                IC_CARD_GET_MSR
                0x0c073c2c                set_C4
                0x0c074220                Receive_I2C_Data
                0x0c073878                IC_CARD_GET_UCR1
                0x0c073c1c                reset_CLK
                0x0c073a80                card_stop_level_low
                0x0c074754                is_card_exist
                0x0c073980                IC_CARD_GET_HSR
                0x0c0736a4                IC_card_set_C6
                0x0c073d94                get_IO
                0x0c073e60                ICC_access_CLK
                0x0c073e28                set_IO
                0x0c073e08                reset_IO
                0x0c0739e0                set_PSC_32
                0x0c0737f4                IC_CARD_GET_PDR
                0x0c073d34                get_C8
                0x0c073954                IC_CARD_GET_USR
                0x0c074628                ICC_memcard_atr
                0x0c0738d0                IC_CARD_GET_TOC
                0x0c07379c                IC_CARD_GET_CSR
                0x0c073f24                close_8007_interrupt
                0x0c073f2c                open_8007_interrupt
                0x0c0736d8                IC_Card_Clk_Open
                0x0c073ed8                ICC_card_activity
                0x0c073688                ICC_Enalble_C6
                0x0c073c60                reset_C4
                0x0c073bdc                reset_RST
                0x0c073f0c                Parse_Addr
                0x0c074358                Start_I2C_IO
                0x0c074084                Send_I2C_Data
                0x0c074838                ICC_select_sock
                0x0c073ab4                stop_card_clk
                0x0c074104                Send_I2C_NOACK
                0x0c074524                ACK_Polling_I2C
                0x0c07384c                IC_CARD_GET_GTR
                0x0c073ec0                ICC_get_curr_sock
                0x0c073e48                ICC_memcard_pin_session
                0x0c0738a4                IC_CARD_GET_PCR
                0x0c073820                IC_CARD_GET_UCR2
                0x0c0737c8                IC_CARD_GET_CCR
                0x0c073aec                start_card_clk
                0x0c073d64                set_recv_mode
                0x0c0743ac                ICC_memcard_IIC_session
                0x0c073e88                ICC_CPU_access_speed
                0x0c0745f0                start_card
                0x0c07414c                Send_I2C_ACK
                0x0c074000                Send_I2C_Data_LSB
                0x0c073dd4                set_send_mode
                0x0c073cc8                reset_C6
                0x0c073f8c                ICC_sock_check
                0x0c073788                IC_Card_Clk_Check
                0x0c0742b4                Receive_I2C_ACK
                0x0c073b20                set_card_vcc
                0x0c074304                Stop_I2C_IO
                0x0c074190                Receive_I2C_Data_LSB
                0x0c0745bc                stop_card
                0x0c073d04                reset_C8
                0x0c073c90                get_C4
                0x0c073ba8                set_RST
                0x0c073f34                clear_8007_interrupt
                0x0c0739ac                set_PSC_31
                0x0c073a48                card_stop_level_high
                0x0c073cd0                set_C8
                0x0c0748fc                ICC_interface_power
                0x0c073a18                check_8007_type
                0x0c073cc0                set_C6
                0x0c074810                ICC_deactivate_current_sock
                0x0c073c0c                set_CLK
                0x0c07373c                IC_Card_Clk_Close
 .text          0x0c074aac     0x42ac D:/资料/工作资源/ARM7-SDK-2011-05-20/HHFiles/lib//libcard.a(cpucard.o)
                0x0c075db4                ICC_T0_TPDU
                0x0c075310                PBOC_atr_check
                0x0c075334                wait_for_CLKSW_reset
                0x0c076970                ICC_T1_frame
                0x0c074d08                PBOC_EMV_atr_check
                0x0c0772a8                ICC_T1_APDU_Exchange
                0x0c075384                wait_for_CLKSW_set
                0x0c074c8c                ICC_cpucard_set_param
                0x0c0771ac                ICC_T1_Set_IFSD
                0x0c074c84                EMV_ISO_atr_check
                0x0c077bec                ICC_cpucard_ATR
                0x0c074ce0                ICC_cpucard_get_param
                0x0c07543c                ICC_cpucard_PTS
                0x0c0753d4                wait_for_CRED
 .text          0x0c078d58     0x28e8 D:/资料/工作资源/ARM7-SDK-2011-05-20/HHFiles/lib//libcontactless.a(iso14443.o)
                0x0c07aa70                ISO14443_Request_TypeB
                0x0c079b3c                ISO14443_Slot_Marker_TypeB
                0x0c079c04                CardTypeBSlotMarker
                0x0c079650                CardTypeBExchangeBlock
                0x0c07a860                CardTypeAExchangeBlock
                0x0c07ad0c                ISO14443_RATS_TypeA_Ex
                0x0c079198                ISO14443_Check_Mode
                0x0c079af8                CardTypeBAttrib
                0x0c0796e8                ISO14443_Deselect_TypeB
                0x0c078fcc                ISO14443_Param_Set_Rate
                0x0c07b5f8                CardTypeAAnticoll
                0x0c07af80                CardTypeARATS
                0x0c07ac04                ISO14443_PPS_TypeA
                0x0c07b150                ISO14443_Request_TypeA
                0x0c0799a8                CardTypeBAttrib_Ex
                0x0c07b37c                ISO14443_AntiCollision_TypeA_Basic
                0x0c07a0e8                ISO14443_LinkLayer_Exchange
                0x0c078e10                ISO14443_Param_Analyse_TypeA
                0x0c07b0b4                CardTypeASelect
                0x0c078fd4                CardGetParam
                0x0c07b2e0                ISO14443_Halt_TypeA
                0x0c0797c4                ISO14443_Halt_TypeB
                0x0c07b35c                CardTypeAHalt
                0x0c07b294                CardTypeARequest
                0x0c0791c8                RCX_TransCeive_14443B
                0x0c07a9e0                ISO14443_Deselect
                0x0c07af24                CardTypeARATS_Ex
                0x0c079c48                RCX_TransCeive_14443A
                0x0c078d64                ISO14443_Param_Init_TypeA
                0x0c07afe0                ISO14443_Select_TypeA_Basic
                0x0c07aa38                CardTypeADeselect
                0x0c078d58                ISO14443_ParamGet
                0x0c07ab98                CardTypeBRequest
                0x0c07985c                CardTypeBHalt
                0x0c07afac                ISO14443_RATS_TypeA
                0x0c079010                ISO14443_Param_Analyse_TypeB
                0x0c07a930                ISO14443_Deselect_TypeA
                0x0c07ace0                CardTypeAPPS
                0x0c07a634                ISO14443_APDU_Exchange_Ex
                0x0c07a780                ISO14443_APDU_Exchange
                0x0c079a20                ISO14443_Attrib_TypeB
                0x0c079884                ISO14443_Attrib_TypeB_Ex
                0x0c07978c                CardTypeBDeselect
 .text          0x0c07b640     0x10fc D:/资料/工作资源/ARM7-SDK-2011-05-20/HHFiles/lib//libcontactless.a(mifare.o)
                0x0c07c180                CardAccessMultiBlocks
                0x0c07bdb0                FM11RF_Read4Bytes
                0x0c07c5c0                Mf500KeyWriteToEeprom
                0x0c07b670                CardMFCValueDebit
                0x0c07bfa4                CardMFCAuthKeyE2
                0x0c07beb0                CardMFCRead16Bytes
                0x0c07c708                CardKX12AuthKey
                0x0c07c47c                CardAccess
                0x0c07c37c                CardValue
                0x0c07b7f0                CardMFCValueWithTransfer
                0x0c07bb98                CardMFCWrite4Bytes
                0x0c07c034                CardTrailerWrite
                0x0c07bc60                CardMFCWrite16Bytes
                0x0c07ba08                FM11RF_Write4Bytes
                0x0c07c66c                CardMFCAuthKey
 .text          0x0c07c73c      0x368 D:/资料/工作资源/ARM7-SDK-2011-05-20/HHFiles/lib//libcontactless.a(port.o)
                0x0c07c91c                RCX_Power_Off
                0x0c07c87c                RCX_ReadReg_Same
                0x0c07c9ac                RCX_Reset
                0x0c07c740                RCX_Enable_Int
                0x0c07c818                RCX_ReadReg
                0x0c07c744                RCX_WriteFIFO
                0x0c07c73c                RCX_Disable_Int
                0x0c07c884                RCX_ReadFIFO
                0x0c07c80c                RCX_WriteReg_Same
                0x0c07c7cc                RCX_WriteReg
                0x0c07c960                RCX_Power_On
 .text          0x0c07caa4     0x12b8 D:/资料/工作资源/ARM7-SDK-2011-05-20/HHFiles/lib//libcontactless.a(rcxcomm.o)
                0x0c07d3fc                RCX_Reg_Init_ICODE1STD
                0x0c07d1c4                RCX_ReadE2
                0x0c07caf4                RCX_Adjust_RxGain
                0x0c07d634                RCX_Reg_Init_15693STD
                0x0c07d884                RCX_Reg_Init_14443B_MOT
                0x0c07dd28                RCX_Read_Product_Serial
                0x0c07d524                RCX_Reg_Init_15693Fast
                0x0c07cdf8                RCX_CalcCRC
                0x0c07d750                RCX_Reg_Init_14443B_ASK
                0x0c07d18c                RCX_Adjust_14443A
                0x0c07caa4                RCX_Key_Transform
                0x0c07cfc4                RCX_WriteE2
                0x0c07cb60                RCX_Authent2
                0x0c07cbe8                RCX_Authent1
                0x0c07d2d4                RCX_Reg_Init_ICODE1Fast
                0x0c07daec                RCX_Reg_Init_14443A
                0x0c07d2a0                RCX_Read_Product_Type
                0x0c07cd4c                RCX_LoadKeyE2
                0x0c07cb40                RCX_Close
                0x0c07dc14                RCX_Init
                0x0c07d9b8                RCX_Reg_Init_14443B_STD
                0x0c07ccb4                RCX_LoadKey
 .text          0x0c07dd5c      0x524 D:/资料/工作资源/ARM7-SDK-2011-05-20/HHFiles/lib//libcontactless.a(rcxreg.o)
                0x0c07dfd0                RCX_RF_Close
                0x0c07ddb4                RCX_Get_RxLastBit
                0x0c07e190                RCX_PowerDown
                0x0c07e158                RCX_Clear_Crypto1
                0x0c07e0e0                RCX_Stop_Timer
                0x0c07dd88                RCX_Check_WriteE2
                0x0c07deb8                RCX_Set_TSPMSB
                0x0c07de48                RCX_Check_IRQ
                0x0c07e050                RCX_Set_TxLastBits
                0x0c07e218                RCX_RF_Reset
                0x0c07dd5c                RCX_Check_CRCReady
                0x0c07e11c                RCX_Start_Timer
                0x0c07df98                RCX_SendOnePulse_Enable
                0x0c07def0                RCX_Clear_100ASK
                0x0c07df60                RCX_SendOnePulse_Disable
                0x0c07df28                RCX_Set_100ASK
                0x0c07dde4                RCX_Check_ErrorFlag
                0x0c07de80                RCX_Clear_TSPMSB
                0x0c07e094                RCX_Set_RX_AutoPD
                0x0c07de1c                RCX_Check_Crypto1
                0x0c07e1c8                RCX_FlushFIFO
                0x0c07e008                RCX_Set_RxAlign
 .text          0x0c07e280     0x5744 D:/资料/工作资源/ARM7-SDK-2011-05-20/HHFiles/lib//libext.a(exlib.o)
                0x0c07e640                RTC_read_date
                0x0c07ecb0                DispChar_E
                0x0c08069c                DispStr_E
                0x0c07ed48                GetStr_E
                0x0c0806a4                EXT_Display_Multi_Lines
                0x0c07e604                RTC_read_time
                0x0c0839c0                GetStr_CE
                0x0c0806a0                DispStr_C
                0x0c0809bc                EXT_Brow_Select
                0x0c07e890                get_flash_size
                0x0c080f84                EXT_Select_In_Line
                0x0c07e8c4                delay_and_wait_key
                0x0c081be0                GetStr_CEX
                0x0c081654                EXT_Brow_Info
                0x0c07f95c                DispStr_CE
                0x0c07e3f8                RTC_get_week
                0x0c07e6bc                RTC_set_date
                0x0c07e67c                RTC_set_time
                0x0c07ec58                EXT_ClearLine
 .text          0x0c0839c4      0x114 D:/资料/工作资源/ARM7-SDK-2011-05-20/HHFiles/lib//libext.a(exlib_pinyin.o)
                0x0c0839c4                py_ime
 .text          0x0c083ad8      0x324 D:/资料/工作资源/ARM7-SDK-2011-05-20/HHFiles/lib//libWiFi.a(libWiFi.o)
                0x0c083d6c                CWiFi_ConnState
                0x0c083c20                CWiFi_GetHostInfo
                0x0c083d28                CWiFi_SetLocalNetMask
                0x0c083af4                CWiFi_CloseMould
                0x0c083c10                CWiFi_GetSocketStatus
                0x0c083c30                CWiFi_GetHandle
                0x0c083d1c                CWiFi_GetNicMac
                0x0c083d24                CWiFi_GetLocalNetMask
                0x0c083d50                CWiFi_SetWiFiChanle
                0x0c083d48                CWiFi_SetWiFiTransRate
                0x0c083d14                CWiFi_GetSoftwareVer
                0x0c083d58                CWiFi_SetPowerMode
                0x0c083d3c                CNaNoWiFi_ClearRoutePSK
                0x0c083d30                CWiFi_SetGatewayAddress
                0x0c083c4c                CWiFi_Read
                0x0c083d20                CWiFi_SetNicMac
                0x0c083d38                CWiFi_SetLocalAddress
                0x0c083c5c                CWiFi_Connect
                0x0c083d70                CWiFi_ResetModule
                0x0c083d18                CWiFi_GetWiFiVersion
                0x0c083d2c                CWiFi_GetGatewayAddress
                0x0c083d80                CWiFi_InitModule
                0x0c083c34                CWiFi_Write
                0x0c083c00                CWiFi_GetRepStatus
                0x0c083d44                CWiFi_SetRouteSSID
                0x0c083d34                CWiFi_GetLocalAddress
                0x0c083d40                CWiFi_SetRoutePSK
                0x0c083ad8                CWiFi_SetMSGCallBack
                0x0c083bcc                CWiFi_Disconnect
                0x0c083b60                CWiFi_OpenMould
 .text          0x0c083dfc     0x1fe8 D:/资料/工作资源/ARM7-SDK-2011-05-20/HHFiles/lib//libWiFi.a(CNaNoWiFi.o)
                0x0c085acc                CNaNoWiFi_GetSoftwareVer_0
                0x0c08436c                CNaNoWiFi_SetLocalAddress_0
                0x0c085c20                CNaNoWiFi_GetNicMac_0
                0x0c084a54                CNaNoWiFi_AT_i
                0x0c085d00                CNaNoWiFi_GetGatewayAddress_0
                0x0c083e64                CNaNoWiFi_Disconnect_0
                0x0c084420                CNaNoWiFi_ClearRoutePSK_0
                0x0c08574c                CNaNoWiFi_ConnectUDP_0
                0x0c084ac4                CNaNoWiFi_AT_iFD
                0x0c0845d4                CNaNoWiFi_SetRouteSSID_0
                0x0c0855ac                CNaNoWiFi_Read_0
                0x0c084834                CNaNoWiFi_SetPowerMode_0
                0x0c084128                CNaNoWiFi_GetNaNoWiFiInfo_0
                0x0c085d70                CNaNoWiFi_GetLocalAddress_0
                0x0c08590c                CNaNoWiFi_ConnectTCP_0
                0x0c085250                CNaNoWiFi_GetHandle_0
                0x0c083f38                CNaNoWiFi_AT_IRP5
                0x0c084150                CNaNoWiFi_SetNicMac_0
                0x0c0853e0                CNaNoWiFi_Write_0
                0x0c08468c                CNaNoWiFi_SetWiFiTransRate_0
                0x0c085c90                CNaNoWiFi_GetLocalNetMask_0
                0x0c084760                CNaNoWiFi_SetWiFiChanle_0
                0x0c085048                CNaNoWiFi_GetHostInfo_0
                0x0c084d28                CNaNoWiFi_GetRepStatus_0
                0x0c0842b8                CNaNoWiFi_SetGatewayAddress_0
                0x0c084eb8                CNaNoWiFi_GetSocketStatus_0
                0x0c084204                CNaNoWiFi_SetLocalNetMask_0
                0x0c08451c                CNaNoWiFi_SetRoutePSK_0
                0x0c084b2c                CNaNoWiFi_InitModule_0
                0x0c084030                CNaNoWiFi_AT_IRP1
 .text          0x0c085de4      0xf58 D:/资料/工作资源/ARM7-SDK-2011-05-20/HHFiles/lib//libWiFi.a(Analyse_0.o)
                0x0c086bf8                Analyse_0_NaNoWiFi_Result
                0x0c085de4                Analyse_0_NaNoWiFi_ERRORTYPE
                0x0c0869a4                Analyse_0_CallBackDisplay
 .text          0x0c086d3c      0x1a8 D:/资料/工作资源/ARM7-SDK-2011-05-20/HHFiles/lib//libWiFi.a(WiFiPubFuncs.o)
                0x0c086d3c                Myitoa
                0x0c086e20                Myatoi
 .text          0x0c086ee4      0x200 D:/资料/工作资源/ARM7-SDK-2011-05-20/HHFiles/lib//libWiFi.a(ARML.o)
                0x0c086ee4                WiFi_ARML_ARM_UART_get_char
                0x0c086f24                WiFi_ReadPort
                0x0c087028                WiFi_WritePort
 .text          0x0c0870e4      0x1f0 D:/资料/工作资源/ARM7-SDK-2011-05-20/HHFiles/lib//libWiFi.a(PhyL.o)
                0x0c08727c                WiFi_PhyL_ARM_ClrUart
                0x0c0870e4                PhyL_Port_Close
                0x0c087170                PhyL_Port_Open
 .text          0x0c0872d4      0xeb0 D:/资料/工作资源/ARM7-SDK-2011-05-20/HHFiles/lib//libdb.a(database.o)
                0x0c087814                DB_init_sys_param
                0x0c087718                DB_check_format
                0x0c087510                DB_jump_to_record
                0x0c087560                db_find_match
                0x0c088118                DB_erase_db_sys
                0x0c087a34                DB_format_db
                0x0c0873b8                DB_count_records
                0x0c087658                DB_check_record
                0x0c0879d8                DB_delete_record
                0x0c087c70                DB_add_recordx
                0x0c087e00                DB_add_record
                0x0c088054                DB_erase_filesys
                0x0c087350                DB_capacity
 .text          0x0c088184      0x350 D:/资料/工作资源/ARM7-SDK-2011-05-20/HHFiles/lib//libusb.a(D12ci.o)
                0x0c0882b4                D12_Read_Last_Status
                0x0c088310                D12_Read_Interrupt_Register
                0x0c0881fc                D12_Read_Endpoint
                0x0c0883ec                D12_Set_Endpoint_Status
                0x0c088438                D12_Set_Mode
                0x0c088280                D12_Read_Frame_Number
                0x0c0881f4                D12_Send_Resume
                0x0c0882f4                D12_Select_Endpoint
                0x0c088344                D12_Read_ChipID
                0x0c0884a0                D12_Set_Address_Enable
                0x0c088184                D12_Clear_Buff
                0x0c088468                D12_Set_Endpoint_Enable
                0x0c088414                D12_Set_DMA
                0x0c0881c0                D12_Acknowledge_Endpoint
                0x0c0882d4                D12_Read_Endpoint_Status
                0x0c088378                D12_Write_Endpoint
 .text          0x0c0884d4      0x4c4 D:/资料/工作资源/ARM7-SDK-2011-05-20/HHFiles/lib//libusb.a(D12Driver.o)
                0x0c08886c                USB_Exception
                0x0c088940                USB_Init
                0x0c088588                USB_EP0_Txdone
                0x0c0884d8                USB_EP2_Txdone
                0x0c088928                USB_Reconnect
                0x0c08867c                USB_EP0_Rxdone
                0x0c08891c                USB_Disconnect
                0x0c0884d4                USB_Suspend
                0x0c08855c                USB_EP1_Rxdone
                0x0c088910                USB_Connect
                0x0c088504                USB_EP1_Txdone
                0x0c088530                USB_EP2_Rxdone
 .text          0x0c088998       0x74 D:/资料/工作资源/ARM7-SDK-2011-05-20/HHFiles/lib//libusb.a(D12hal.o)
                0x0c0889f0                Input_DAT
                0x0c088998                Bus_Delay
                0x0c0889d0                Output_DAT
                0x0c0889b0                Output_CMD
 .text          0x0c088a0c      0x4d4 D:/资料/工作资源/ARM7-SDK-2011-05-20/HHFiles/lib//libusb.a(Chap_9.o)
                0x0c088b80                Single_Transmit
                0x0c088d00                Clear_Feature
                0x0c088a78                Reserved
                0x0c088e64                Set_Configuration
                0x0c088c58                Set_Feature
                0x0c088e5c                Init_Unconfig
                0x0c088b2c                Get_Descriptor
                0x0c088c24                Set_Address
                0x0c088bc4                Get_Interface
                0x0c088d88                Get_Status
                0x0c088bec                Get_Configuration
                0x0c088a7c                Code_Transmit
                0x0c088e54                Init_Config
                0x0c088a0c                Stall_EP0
                0x0c088b98                Set_Interface
                0x0c088a34                Control_Handler
 .text          0x0c088ee0        0x0 D:/资料/工作资源/ARM7-SDK-2011-05-20/HHFiles/lib//libusb.a(Descriptor.o)
 .text          0x0c088ee0      0x110 D:/资料/工作资源/ARM7-SDK-2011-05-20/GNU/arm-elf/lib//libgcc.a(_udivsi3.o)
                0x0c088ee0                __udivsi3
                0x0c088ee0                __aeabi_uidiv
                0x0c088fd8                __aeabi_uidivmod
 .text          0x0c088ff0      0x140 D:/资料/工作资源/ARM7-SDK-2011-05-20/GNU/arm-elf/lib//libgcc.a(_divsi3.o)
                0x0c088ff0                __aeabi_idiv
                0x0c088ff0                __divsi3
                0x0c089118                __aeabi_idivmod
 .text          0x0c089130       0xcc D:/资料/工作资源/ARM7-SDK-2011-05-20/GNU/arm-elf/lib//libgcc.a(_umodsi3.o)
                0x0c089130                __umodsi3
 .text          0x0c0891fc       0xe4 D:/资料/工作资源/ARM7-SDK-2011-05-20/GNU/arm-elf/lib//libgcc.a(_modsi3.o)
                0x0c0891fc                __modsi3
 .text          0x0c0892e0        0x4 D:/资料/工作资源/ARM7-SDK-2011-05-20/GNU/arm-elf/lib//libgcc.a(_dvmd_tls.o)
                0x0c0892e0                __aeabi_ldiv0
                0x0c0892e0                __div0
                0x0c0892e0                __aeabi_idiv0
 .text          0x0c0892e4      0x400 D:/资料/工作资源/ARM7-SDK-2011-05-20/GNU/arm-elf/lib//libgcc.a(_addsubdf3.o)
                0x0c089678                __floatdidf
                0x0c0895f8                __floatsidf
                0x0c0895d0                __aeabi_ui2d
                0x0c0892e4                __aeabi_drsub
                0x0c089624                __extendsfdf2
                0x0c0892f0                __adddf3
                0x0c0895d0                __floatunsidf
                0x0c0892f0                __aeabi_dadd
                0x0c089664                __aeabi_ul2d
                0x0c0892ec                __aeabi_dsub
                0x0c089664                __floatundidf
                0x0c0895f8                __aeabi_i2d
                0x0c089678                __aeabi_l2d
                0x0c089624                __aeabi_f2d
                0x0c0892ec                __subdf3
 .text          0x0c0896e4      0x470 D:/资料/工作资源/ARM7-SDK-2011-05-20/GNU/arm-elf/lib//libgcc.a(_muldivdf3.o)
                0x0c089950                __aeabi_ddiv
                0x0c0896e4                __aeabi_dmul
                0x0c089950                __divdf3
                0x0c0896e4                __muldf3
 .text          0x0c089b54      0x128 D:/资料/工作资源/ARM7-SDK-2011-05-20/GNU/arm-elf/lib//libgcc.a(_cmpdf2.o)
                0x0c089c40                __aeabi_dcmple
                0x0c089b64                __cmpdf2
                0x0c089b64                __eqdf2
                0x0c089b54                __gtdf2
                0x0c089c04                __aeabi_cdcmple
                0x0c089be8                __aeabi_cdrcmple
                0x0c089b5c                __ltdf2
                0x0c089c2c                __aeabi_dcmplt
                0x0c089b5c                __ledf2
                0x0c089c68                __aeabi_dcmpgt
                0x0c089c54                __aeabi_dcmpge
                0x0c089b64                __nedf2
                0x0c089c18                __aeabi_dcmpeq
                0x0c089c04                __aeabi_cdcmpeq
                0x0c089b54                __gedf2
 .text          0x0c089c7c       0x5c D:/资料/工作资源/ARM7-SDK-2011-05-20/GNU/arm-elf/lib//libgcc.a(_fixdfsi.o)
                0x0c089c7c                __fixdfsi
                0x0c089c7c                __aeabi_d2iz
 .text          0x0c089cd8       0x54 D:/资料/工作资源/ARM7-SDK-2011-05-20/GNU/arm-elf/lib//libgcc.a(_fixunsdfsi.o)
                0x0c089cd8                __fixunsdfsi
                0x0c089cd8                __aeabi_d2uiz
 .text          0x0c089d2c       0xa0 D:/资料/工作资源/ARM7-SDK-2011-05-20/GNU/arm-elf/lib//libgcc.a(_truncdfsf2.o)
                0x0c089d2c                __aeabi_d2f
                0x0c089d2c                __truncdfsf2
 .text          0x0c089dcc       0x18 D:/资料/工作资源/ARM7-SDK-2011-05-20/GNU/arm-elf/lib//libc.a(lib_a-atol.o)
                0x0c089dcc                _atol_r
                0x0c089dd8                atol
 .text          0x0c089de4       0x94 D:/资料/工作资源/ARM7-SDK-2011-05-20/GNU/arm-elf/lib//libc.a(lib_a-memcmp.o)
                0x0c089de4                memcmp
 .text          0x0c089e78       0xa4 D:/资料/工作资源/ARM7-SDK-2011-05-20/GNU/arm-elf/lib//libc.a(lib_a-strcat.o)
                0x0c089e78                strcat
 .text          0x0c089f1c       0x50 D:/资料/工作资源/ARM7-SDK-2011-05-20/GNU/arm-elf/lib//libc.a(lib_a-strstr.o)
                0x0c089f1c                strstr
 .text          0x0c089f6c      0x4bc D:/资料/工作资源/ARM7-SDK-2011-05-20/GNU/arm-elf/lib//libm.a(lib_a-w_pow.o)
                0x0c089f6c                pow
 .text          0x0c08a428     0x1110 D:/资料/工作资源/ARM7-SDK-2011-05-20/GNU/arm-elf/lib//libm.a(lib_a-e_pow.o)
                0x0c08a428                __ieee754_pow
 .text          0x0c08b538      0x288 D:/资料/工作资源/ARM7-SDK-2011-05-20/GNU/arm-elf/lib//libm.a(lib_a-e_sqrt.o)
                0x0c08b538                __ieee754_sqrt
 .text          0x0c08b7c0       0x20 D:/资料/工作资源/ARM7-SDK-2011-05-20/GNU/arm-elf/lib//libm.a(lib_a-s_fabs.o)
                0x0c08b7c0                fabs
 .text          0x0c08b7e0       0x18 D:/资料/工作资源/ARM7-SDK-2011-05-20/GNU/arm-elf/lib//libm.a(lib_a-s_finite.o)
                0x0c08b7e0                finite
 .text          0x0c08b7f8        0x0 D:/资料/工作资源/ARM7-SDK-2011-05-20/GNU/arm-elf/lib//libm.a(lib_a-s_lib_ver.o)
 .text          0x0c08b7f8        0x8 D:/资料/工作资源/ARM7-SDK-2011-05-20/GNU/arm-elf/lib//libm.a(lib_a-s_matherr.o)
                0x0c08b7f8                matherr
 .text          0x0c08b800      0x1c8 D:/资料/工作资源/ARM7-SDK-2011-05-20/GNU/arm-elf/lib//libm.a(lib_a-s_rint.o)
                0x0c08b800                rint
 .text          0x0c08b9c8      0x1d4 D:/资料/工作资源/ARM7-SDK-2011-05-20/GNU/arm-elf/lib//libm.a(lib_a-s_scalbn.o)
                0x0c08b9c8                scalbn
 .text          0x0c08bb9c       0x24 D:/资料/工作资源/ARM7-SDK-2011-05-20/GNU/arm-elf/lib//libm.a(lib_a-s_copysign.o)
                0x0c08bb9c                copysign
 .text          0x0c08bbc0       0x10 D:/资料/工作资源/ARM7-SDK-2011-05-20/GNU/arm-elf/lib//libc.a(lib_a-errno.o)
                0x0c08bbc0                __errno
                0x0c08bbd0                . = ALIGN (0x4)
                0x0c08bbd0                __CTOR_LIST__ = .
                0x0c08bbd0        0x4 LONG 0x0 (((__CTOR_END__ - __CTOR_LIST__) / 0x4) - 0x2)
 *(.ctors)
                0x0c08bbd4        0x4 LONG 0x0
                0x0c08bbd8                __CTOR_END__ = .
                0x0c08bbd8                __DTOR_LIST__ = .
                0x0c08bbd8        0x4 LONG 0x0 (((__DTOR_END__ - __DTOR_LIST__) / 0x4) - 0x2)
 *(.dtors)
                0x0c08bbdc        0x4 LONG 0x0
                0x0c08bbe0                __DTOR_END__ = .
 *(.rodata)
 .rodata        0x0c08bbe0       0x20 D:/项目文件夹/WiFi_Demo/Release/fun.o
 .rodata        0x0c08bc00       0x12 D:/项目文件夹/WiFi_Demo/Release/mifare.o
 *fill*         0x0c08bc12        0x2 00
 .rodata        0x0c08bc14       0x44 D:/项目文件夹/WiFi_Demo/Release/cal_key.o
 .rodata        0x0c08bc58      0x208 D:/项目文件夹/WiFi_Demo/Release/iso8583.o
 .rodata        0x0c08be60       0x20 D:/资料/工作资源/ARM7-SDK-2011-05-20/GNU/arm-elf/lib//libc.a(lib_a-vfprintf.o)
 .rodata        0x0c08be80       0x22 D:/资料/工作资源/ARM7-SDK-2011-05-20/GNU/arm-elf/lib//libc.a(lib_a-vfscanf.o)
 .rodata        0x0c08bea2      0x101 D:/资料/工作资源/ARM7-SDK-2011-05-20/GNU/arm-elf/lib//libc.a(lib_a-ctype_.o)
                0x0c08bea2                _ctype_
 *fill*         0x0c08bfa3        0x1 00
 .rodata        0x0c08bfa4        0x4 D:/资料/工作资源/ARM7-SDK-2011-05-20/GNU/arm-elf/lib//libc.a(lib_a-impure.o)
                0x0c08bfa4                _global_impure_ptr
 .rodata        0x0c08bfa8       0x34 D:/资料/工作资源/ARM7-SDK-2011-05-20/GNU/arm-elf/lib//libc.a(lib_a-locale.o)
 .rodata        0x0c08bfdc      0x124 D:/资料/工作资源/ARM7-SDK-2011-05-20/GNU/arm-elf/lib//libc.a(lib_a-mprec.o)
                0x0c08c0cc                __mprec_tinytens
                0x0c08bfdc                __mprec_tens
                0x0c08c0a4                __mprec_bigtens
 .rodata        0x0c08c100       0x28 D:/资料/工作资源/ARM7-SDK-2011-05-20/GNU/arm-elf/lib//libc.a(lib_a-strtod.o)
 .rodata        0x0c08c128       0x50 D:/资料/工作资源/ARM7-SDK-2011-05-20/HHFiles/lib//libcard.a(cpucard.o)
                0x0c08c158                DI_D_table
                0x0c08c128                FI_PDR_table
                0x0c08c138                FI_F_table
 .rodata        0x0c08c178       0x28 D:/资料/工作资源/ARM7-SDK-2011-05-20/HHFiles/lib//libcontactless.a(iso14443.o)
 .rodata        0x0c08c1a0      0x2f0 D:/资料/工作资源/ARM7-SDK-2011-05-20/HHFiles/lib//libext.a(exlib.o)
 .rodata        0x0c08c490       0x3e D:/资料/工作资源/ARM7-SDK-2011-05-20/HHFiles/lib//libWiFi.a(WiFiPubFuncs.o)
 .rodata        0x0c08c4ce      0x200 D:/资料/工作资源/ARM7-SDK-2011-05-20/HHFiles/lib//libdb.a(database.o)
 *fill*         0x0c08c6ce        0x2 00
 .rodata        0x0c08c6d0       0x4c D:/资料/工作资源/ARM7-SDK-2011-05-20/HHFiles/lib//libusb.a(Descriptor.o)
                0x0c08c6d0                DeviceDescr
                0x0c08c6e4                usb_descr
 .rodata        0x0c08c71c       0x30 D:/资料/工作资源/ARM7-SDK-2011-05-20/GNU/arm-elf/lib//libm.a(lib_a-e_pow.o)
 .rodata        0x0c08c74c       0x10 D:/资料/工作资源/ARM7-SDK-2011-05-20/GNU/arm-elf/lib//libm.a(lib_a-s_rint.o)
 *(.rodata*)
 .rodata.str1.4
                0x0c08c75c       0x15 D:/项目文件夹/WiFi_Demo/Release/WiFi_Demo.o
                                 0x18 (size before relaxing)
 *fill*         0x0c08c771        0x3 00
 .rodata.str1.4
                0x0c08c774       0xb3 D:/项目文件夹/WiFi_Demo/Release/d_upload.o
                                 0xc4 (size before relaxing)
 *fill*         0x0c08c827        0x1 00
 .rodata.str1.4
                0x0c08c828      0x1fb D:/项目文件夹/WiFi_Demo/Release/fun.o
                                0x21c (size before relaxing)
 *fill*         0x0c08ca23        0x1 00
 .rodata.str1.4
                0x0c08ca24       0xd8 D:/项目文件夹/WiFi_Demo/Release/macset.o
                                0x114 (size before relaxing)
 .rodata.str1.4
                0x0c08cafc      0x154 D:/项目文件夹/WiFi_Demo/Release/vst_db.o
                                0x164 (size before relaxing)
 .rodata.str1.4
                0x0c08cc50      0x22c D:/项目文件夹/WiFi_Demo/Release/wifi_con.o
                                0x2ac (size before relaxing)
 .rodata.str1.4
                0x0c08ce7c      0x149 D:/项目文件夹/WiFi_Demo/Release/mifare.o
                                0x16c (size before relaxing)
 *fill*         0x0c08cfc5        0x3 00
 .rodata.str1.4
                0x0c08cfc8       0xa3 D:/项目文件夹/WiFi_Demo/Release/usbprog.o
                                 0xa4 (size before relaxing)
 *fill*         0x0c08d06b        0x1 00
 .rodata.str1.4
                0x0c08d06c       0xa8 D:/项目文件夹/WiFi_Demo/Release/db.o
                                 0xd0 (size before relaxing)
 .rodata.str1.4
                0x0c08d114       0x5a D:/项目文件夹/WiFi_Demo/Release/iso8583.o
                                 0x64 (size before relaxing)
 *fill*         0x0c08d16e        0x2 00
 .rodata.str1.4
                0x0c08d170       0x5f D:/资料/工作资源/ARM7-SDK-2011-05-20/GNU/arm-elf/lib//libc.a(lib_a-vfprintf.o)
                                 0x64 (size before relaxing)
 *fill*         0x0c08d1cf        0x1 00
 .rodata.str1.4
                0x0c08d1d0        0x5 D:/资料/工作资源/ARM7-SDK-2011-05-20/GNU/arm-elf/lib//libc.a(lib_a-vfscanf.o)
                                  0x8 (size before relaxing)
 *fill*         0x0c08d1d5        0x3 00
 .rodata.str1.4
                0x0c08d1d8       0x1e D:/资料/工作资源/ARM7-SDK-2011-05-20/GNU/arm-elf/lib//libc.a(lib_a-wctomb_r.o)
                                 0x20 (size before relaxing)
 *fill*         0x0c08d1f6        0x2 00
 .rodata.str1.4
                0x0c08d1f8       0x10 D:/资料/工作资源/ARM7-SDK-2011-05-20/GNU/arm-elf/lib//libc.a(lib_a-dtoa.o)
                                 0x14 (size before relaxing)
 .rodata.str1.4
                0x0c08d208        0x2 D:/资料/工作资源/ARM7-SDK-2011-05-20/GNU/arm-elf/lib//libc.a(lib_a-impure.o)
                                  0x4 (size before relaxing)
 *fill*         0x0c08d20a        0x2 00
 .rodata.str1.4
                0x0c08d20c        0xb D:/资料/工作资源/ARM7-SDK-2011-05-20/GNU/arm-elf/lib//libc.a(lib_a-locale.o)
                                 0x18 (size before relaxing)
 .rodata.str1.4
                0x00000000        0x4 D:/资料/工作资源/ARM7-SDK-2011-05-20/GNU/arm-elf/lib//libc.a(lib_a-mbrtowc.o)
 *fill*         0x0c08d217        0x1 00
 .rodata.str1.4
                0x0c08d218        0xf D:/资料/工作资源/ARM7-SDK-2011-05-20/GNU/arm-elf/lib//libc.a(lib_a-strtod.o)
                                 0x10 (size before relaxing)
 *fill*         0x0c08d227        0x1 00
 .rodata.str1.4
                0x0c08d228       0x1b D:/资料/工作资源/ARM7-SDK-2011-05-20/GNU/arm-elf/lib//libc.a(lib_a-gdtoa-gethex.o)
                                 0x1c (size before relaxing)
 *fill*         0x0c08d243        0x1 00
 .rodata.str1.4
                0x0c08d244       0x76 D:/资料/工作资源/ARM7-SDK-2011-05-20/HHFiles/lib//libext.a(exlib.o)
                                 0x88 (size before relaxing)
 *fill*         0x0c08d2ba        0x2 00
 .rodata.str1.4
                0x0c08d2bc       0xfc D:/资料/工作资源/ARM7-SDK-2011-05-20/HHFiles/lib//libext.a(exlib_pinyin.o)
                                0x10c (size before relaxing)
 .rodata.str1.4
                0x0c08d3b8       0x5d D:/资料/工作资源/ARM7-SDK-2011-05-20/HHFiles/lib//libWiFi.a(libWiFi.o)
                                 0x60 (size before relaxing)
 *fill*         0x0c08d415        0x3 00
 .rodata.str1.4
                0x0c08d418      0x1ce D:/资料/工作资源/ARM7-SDK-2011-05-20/HHFiles/lib//libWiFi.a(CNaNoWiFi.o)
                                0x1d4 (size before relaxing)
 *fill*         0x0c08d5e6        0x2 00
 .rodata.str1.4
                0x0c08d5e8      0x324 D:/资料/工作资源/ARM7-SDK-2011-05-20/HHFiles/lib//libWiFi.a(Analyse_0.o)
                                0x364 (size before relaxing)
 .rodata.str1.4
                0x0c08d90c        0x4 D:/资料/工作资源/ARM7-SDK-2011-05-20/GNU/arm-elf/lib//libm.a(lib_a-w_pow.o)
 *(.glue_7t)
 .glue_7t       0x0c08d910        0x0 D:/项目文件夹/WiFi_Demo/Release/crt0.o
 .glue_7t       0x0c08d910        0x0 D:/项目文件夹/WiFi_Demo/Release/WiFi_Demo.o
 .glue_7t       0x0c08d910        0x0 D:/项目文件夹/WiFi_Demo/Release/d_upload.o
 .glue_7t       0x0c08d910        0x0 D:/项目文件夹/WiFi_Demo/Release/fun.o
 .glue_7t       0x0c08d910        0x0 D:/项目文件夹/WiFi_Demo/Release/macset.o
 .glue_7t       0x0c08d910        0x0 D:/项目文件夹/WiFi_Demo/Release/vst_db.o
 .glue_7t       0x0c08d910        0x0 D:/项目文件夹/WiFi_Demo/Release/wifi_con.o
 .glue_7t       0x0c08d910        0x0 D:/项目文件夹/WiFi_Demo/Release/eeprom.o
 .glue_7t       0x0c08d910        0x0 D:/项目文件夹/WiFi_Demo/Release/mifare.o
 .glue_7t       0x0c08d910        0x0 D:/项目文件夹/WiFi_Demo/Release/cal_key.o
 .glue_7t       0x0c08d910        0x0 D:/项目文件夹/WiFi_Demo/Release/usbprog.o
 .glue_7t       0x0c08d910        0x0 D:/项目文件夹/WiFi_Demo/Release/db.o
 .glue_7t       0x0c08d910        0x0 D:/项目文件夹/WiFi_Demo/Release/iso8583.o
 .glue_7t       0x0c08d910        0x0 D:/资料/工作资源/ARM7-SDK-2011-05-20/GNU/arm-elf/lib//libc.a(lib_a-fprintf.o)
 .glue_7t       0x0c08d910        0x0 D:/资料/工作资源/ARM7-SDK-2011-05-20/GNU/arm-elf/lib//libc.a(lib_a-memcpy.o)
 .glue_7t       0x0c08d910        0x0 D:/资料/工作资源/ARM7-SDK-2011-05-20/GNU/arm-elf/lib//libc.a(lib_a-memset.o)
 .glue_7t       0x0c08d910        0x0 D:/资料/工作资源/ARM7-SDK-2011-05-20/GNU/arm-elf/lib//libc.a(lib_a-sprintf.o)
 .glue_7t       0x0c08d910        0x0 D:/资料/工作资源/ARM7-SDK-2011-05-20/GNU/arm-elf/lib//libc.a(lib_a-sscanf.o)
 .glue_7t       0x0c08d910        0x0 D:/资料/工作资源/ARM7-SDK-2011-05-20/GNU/arm-elf/lib//libc.a(lib_a-strcpy.o)
 .glue_7t       0x0c08d910        0x0 D:/资料/工作资源/ARM7-SDK-2011-05-20/GNU/arm-elf/lib//libc.a(lib_a-strlen.o)
 .glue_7t       0x0c08d910        0x0 D:/资料/工作资源/ARM7-SDK-2011-05-20/GNU/arm-elf/lib//libc.a(lib_a-strncmp.o)
 .glue_7t       0x0c08d910        0x0 D:/资料/工作资源/ARM7-SDK-2011-05-20/GNU/arm-elf/lib//libc.a(lib_a-strncpy.o)
 .glue_7t       0x0c08d910        0x0 D:/资料/工作资源/ARM7-SDK-2011-05-20/GNU/arm-elf/lib//libc.a(lib_a-strtoul.o)
 .glue_7t       0x0c08d910        0x0 D:/资料/工作资源/ARM7-SDK-2011-05-20/GNU/arm-elf/lib//libc.a(lib_a-vfprintf.o)
 .glue_7t       0x0c08d910        0x0 D:/资料/工作资源/ARM7-SDK-2011-05-20/GNU/arm-elf/lib//libc.a(lib_a-vfscanf.o)
 .glue_7t       0x0c08d910        0x0 D:/资料/工作资源/ARM7-SDK-2011-05-20/GNU/arm-elf/lib//libc.a(lib_a-wcrtomb.o)
 .glue_7t       0x0c08d910        0x0 D:/资料/工作资源/ARM7-SDK-2011-05-20/GNU/arm-elf/lib//libc.a(lib_a-wcsrtombs.o)
 .glue_7t       0x0c08d910        0x0 D:/资料/工作资源/ARM7-SDK-2011-05-20/GNU/arm-elf/lib//libc.a(lib_a-wctomb_r.o)
 .glue_7t       0x0c08d910        0x0 D:/资料/工作资源/ARM7-SDK-2011-05-20/GNU/arm-elf/lib//libc.a(lib_a-wsetup.o)
 .glue_7t       0x0c08d910        0x0 D:/资料/工作资源/ARM7-SDK-2011-05-20/GNU/arm-elf/lib//libc.a(lib_a-ctype_.o)
 .glue_7t       0x0c08d910        0x0 D:/资料/工作资源/ARM7-SDK-2011-05-20/GNU/arm-elf/lib//libc.a(lib_a-dtoa.o)
 .glue_7t       0x0c08d910        0x0 D:/资料/工作资源/ARM7-SDK-2011-05-20/GNU/arm-elf/lib//libc.a(lib_a-fflush.o)
 .glue_7t       0x0c08d910        0x0 D:/资料/工作资源/ARM7-SDK-2011-05-20/GNU/arm-elf/lib//libc.a(lib_a-findfp.o)
 .glue_7t       0x0c08d910        0x0 D:/资料/工作资源/ARM7-SDK-2011-05-20/GNU/arm-elf/lib//libc.a(lib_a-fread.o)
 .glue_7t       0x0c08d910        0x0 D:/资料/工作资源/ARM7-SDK-2011-05-20/GNU/arm-elf/lib//libc.a(lib_a-freer.o)
 .glue_7t       0x0c08d910        0x0 D:/资料/工作资源/ARM7-SDK-2011-05-20/GNU/arm-elf/lib//libc.a(lib_a-fvwrite.o)
 .glue_7t       0x0c08d910        0x0 D:/资料/工作资源/ARM7-SDK-2011-05-20/GNU/arm-elf/lib//libc.a(lib_a-fwalk.o)
 .glue_7t       0x0c08d910        0x0 D:/资料/工作资源/ARM7-SDK-2011-05-20/GNU/arm-elf/lib//libc.a(lib_a-impure.o)
 .glue_7t       0x0c08d910        0x0 D:/资料/工作资源/ARM7-SDK-2011-05-20/GNU/arm-elf/lib//libc.a(lib_a-iswspace.o)
 .glue_7t       0x0c08d910        0x0 D:/资料/工作资源/ARM7-SDK-2011-05-20/GNU/arm-elf/lib//libc.a(lib_a-locale.o)
 .glue_7t       0x0c08d910        0x0 D:/资料/工作资源/ARM7-SDK-2011-05-20/GNU/arm-elf/lib//libc.a(lib_a-makebuf.o)
 .glue_7t       0x0c08d910        0x0 D:/资料/工作资源/ARM7-SDK-2011-05-20/GNU/arm-elf/lib//libc.a(lib_a-mallocr.o)
 .glue_7t       0x0c08d910        0x0 D:/资料/工作资源/ARM7-SDK-2011-05-20/GNU/arm-elf/lib//libc.a(lib_a-mbrtowc.o)
 .glue_7t       0x0c08d910        0x0 D:/资料/工作资源/ARM7-SDK-2011-05-20/GNU/arm-elf/lib//libc.a(lib_a-mbtowc_r.o)
 .glue_7t       0x0c08d910        0x0 D:/资料/工作资源/ARM7-SDK-2011-05-20/GNU/arm-elf/lib//libc.a(lib_a-memchr.o)
 .glue_7t       0x0c08d910        0x0 D:/资料/工作资源/ARM7-SDK-2011-05-20/GNU/arm-elf/lib//libc.a(lib_a-memmove.o)
 .glue_7t       0x0c08d910        0x0 D:/资料/工作资源/ARM7-SDK-2011-05-20/GNU/arm-elf/lib//libc.a(lib_a-mlock.o)
 .glue_7t       0x0c08d910        0x0 D:/资料/工作资源/ARM7-SDK-2011-05-20/GNU/arm-elf/lib//libc.a(lib_a-mprec.o)
 .glue_7t       0x0c08d910        0x0 D:/资料/工作资源/ARM7-SDK-2011-05-20/GNU/arm-elf/lib//libc.a(lib_a-reallocr.o)
 .glue_7t       0x0c08d910        0x0 D:/资料/工作资源/ARM7-SDK-2011-05-20/GNU/arm-elf/lib//libc.a(lib_a-refill.o)
 .glue_7t       0x0c08d910        0x0 D:/资料/工作资源/ARM7-SDK-2011-05-20/GNU/arm-elf/lib//libc.a(lib_a-s_isinfd.o)
 .glue_7t       0x0c08d910        0x0 D:/资料/工作资源/ARM7-SDK-2011-05-20/GNU/arm-elf/lib//libc.a(lib_a-s_isnand.o)
 .glue_7t       0x0c08d910        0x0 D:/资料/工作资源/ARM7-SDK-2011-05-20/GNU/arm-elf/lib//libc.a(lib_a-sccl.o)
 .glue_7t       0x0c08d910        0x0 D:/资料/工作资源/ARM7-SDK-2011-05-20/GNU/arm-elf/lib//libc.a(lib_a-sf_nan.o)
 .glue_7t       0x0c08d910        0x0 D:/资料/工作资源/ARM7-SDK-2011-05-20/GNU/arm-elf/lib//libc.a(lib_a-stdio.o)
 .glue_7t       0x0c08d910        0x0 D:/资料/工作资源/ARM7-SDK-2011-05-20/GNU/arm-elf/lib//libc.a(lib_a-strcmp.o)
 .glue_7t       0x0c08d910        0x0 D:/资料/工作资源/ARM7-SDK-2011-05-20/GNU/arm-elf/lib//libc.a(lib_a-strtod.o)
 .glue_7t       0x0c08d910        0x0 D:/资料/工作资源/ARM7-SDK-2011-05-20/GNU/arm-elf/lib//libc.a(lib_a-strtol.o)
 .glue_7t       0x0c08d910        0x0 D:/资料/工作资源/ARM7-SDK-2011-05-20/GNU/arm-elf/lib//libc.a(lib_a-ungetc.o)
 .glue_7t       0x0c08d910        0x0 D:/资料/工作资源/ARM7-SDK-2011-05-20/GNU/arm-elf/lib//libc.a(lib_a-callocr.o)
 .glue_7t       0x0c08d910        0x0 D:/资料/工作资源/ARM7-SDK-2011-05-20/GNU/arm-elf/lib//libc.a(lib_a-fclose.o)
 .glue_7t       0x0c08d910        0x0 D:/资料/工作资源/ARM7-SDK-2011-05-20/GNU/arm-elf/lib//libc.a(lib_a-gdtoa-gethex.o)
 .glue_7t       0x0c08d910        0x0 D:/资料/工作资源/ARM7-SDK-2011-05-20/GNU/arm-elf/lib//libc.a(lib_a-gdtoa-hexnan.o)
 .glue_7t       0x0c08d910        0x0 D:/资料/工作资源/ARM7-SDK-2011-05-20/HHFiles/lib//libARMPos.a(libARMPos.o)
 .glue_7t       0x0c08d910        0x0 D:/资料/工作资源/ARM7-SDK-2011-05-20/HHFiles/lib//libARMPos.a(call_api.o)
 .glue_7t       0x0c08d910        0x0 D:/资料/工作资源/ARM7-SDK-2011-05-20/HHFiles/lib//libcard.a(libcard.o)
 .glue_7t       0x0c08d910        0x0 D:/资料/工作资源/ARM7-SDK-2011-05-20/HHFiles/lib//libcard.a(cpucard.o)
 .glue_7t       0x0c08d910        0x0 D:/资料/工作资源/ARM7-SDK-2011-05-20/HHFiles/lib//libcontactless.a(iso14443.o)
 .glue_7t       0x0c08d910        0x0 D:/资料/工作资源/ARM7-SDK-2011-05-20/HHFiles/lib//libcontactless.a(mifare.o)
 .glue_7t       0x0c08d910        0x0 D:/资料/工作资源/ARM7-SDK-2011-05-20/HHFiles/lib//libcontactless.a(port.o)
 .glue_7t       0x0c08d910        0x0 D:/资料/工作资源/ARM7-SDK-2011-05-20/HHFiles/lib//libcontactless.a(rcxcomm.o)
 .glue_7t       0x0c08d910        0x0 D:/资料/工作资源/ARM7-SDK-2011-05-20/HHFiles/lib//libcontactless.a(rcxreg.o)
 .glue_7t       0x0c08d910        0x0 D:/资料/工作资源/ARM7-SDK-2011-05-20/HHFiles/lib//libext.a(exlib.o)
 .glue_7t       0x0c08d910        0x0 D:/资料/工作资源/ARM7-SDK-2011-05-20/HHFiles/lib//libext.a(exlib_pinyin.o)
 .glue_7t       0x0c08d910        0x0 D:/资料/工作资源/ARM7-SDK-2011-05-20/HHFiles/lib//libWiFi.a(libWiFi.o)
 .glue_7t       0x0c08d910        0x0 D:/资料/工作资源/ARM7-SDK-2011-05-20/HHFiles/lib//libWiFi.a(CNaNoWiFi.o)
 .glue_7t       0x0c08d910        0x0 D:/资料/工作资源/ARM7-SDK-2011-05-20/HHFiles/lib//libWiFi.a(Analyse_0.o)
 .glue_7t       0x0c08d910        0x0 D:/资料/工作资源/ARM7-SDK-2011-05-20/HHFiles/lib//libWiFi.a(WiFiPubFuncs.o)
 .glue_7t       0x0c08d910        0x0 D:/资料/工作资源/ARM7-SDK-2011-05-20/HHFiles/lib//libWiFi.a(ARML.o)
 .glue_7t       0x0c08d910        0x0 D:/资料/工作资源/ARM7-SDK-2011-05-20/HHFiles/lib//libWiFi.a(PhyL.o)
 .glue_7t       0x0c08d910        0x0 D:/资料/工作资源/ARM7-SDK-2011-05-20/HHFiles/lib//libdb.a(database.o)
 .glue_7t       0x0c08d910        0x0 D:/资料/工作资源/ARM7-SDK-2011-05-20/HHFiles/lib//libusb.a(D12ci.o)
 .glue_7t       0x0c08d910        0x0 D:/资料/工作资源/ARM7-SDK-2011-05-20/HHFiles/lib//libusb.a(D12Driver.o)
 .glue_7t       0x0c08d910        0x0 D:/资料/工作资源/ARM7-SDK-2011-05-20/HHFiles/lib//libusb.a(D12hal.o)
 .glue_7t       0x0c08d910        0x0 D:/资料/工作资源/ARM7-SDK-2011-05-20/HHFiles/lib//libusb.a(Chap_9.o)
 .glue_7t       0x0c08d910        0x0 D:/资料/工作资源/ARM7-SDK-2011-05-20/HHFiles/lib//libusb.a(Descriptor.o)
 .glue_7t       0x0c08d910        0x0 D:/资料/工作资源/ARM7-SDK-2011-05-20/GNU/arm-elf/lib//libgcc.a(_udivsi3.o)
 .glue_7t       0x0c08d910        0x0 D:/资料/工作资源/ARM7-SDK-2011-05-20/GNU/arm-elf/lib//libgcc.a(_divsi3.o)
 .glue_7t       0x0c08d910        0x0 D:/资料/工作资源/ARM7-SDK-2011-05-20/GNU/arm-elf/lib//libgcc.a(_umodsi3.o)
 .glue_7t       0x0c08d910        0x0 D:/资料/工作资源/ARM7-SDK-2011-05-20/GNU/arm-elf/lib//libgcc.a(_modsi3.o)
 .glue_7t       0x0c08d910        0x0 D:/资料/工作资源/ARM7-SDK-2011-05-20/GNU/arm-elf/lib//libgcc.a(_dvmd_tls.o)
 .glue_7t       0x0c08d910        0x0 D:/资料/工作资源/ARM7-SDK-2011-05-20/GNU/arm-elf/lib//libgcc.a(_addsubdf3.o)
 .glue_7t       0x0c08d910        0x0 D:/资料/工作资源/ARM7-SDK-2011-05-20/GNU/arm-elf/lib//libgcc.a(_muldivdf3.o)
 .glue_7t       0x0c08d910        0x0 D:/资料/工作资源/ARM7-SDK-2011-05-20/GNU/arm-elf/lib//libgcc.a(_cmpdf2.o)
 .glue_7t       0x0c08d910        0x0 D:/资料/工作资源/ARM7-SDK-2011-05-20/GNU/arm-elf/lib//libgcc.a(_fixdfsi.o)
 .glue_7t       0x0c08d910        0x0 D:/资料/工作资源/ARM7-SDK-2011-05-20/GNU/arm-elf/lib//libgcc.a(_fixunsdfsi.o)
 .glue_7t       0x0c08d910        0x0 D:/资料/工作资源/ARM7-SDK-2011-05-20/GNU/arm-elf/lib//libgcc.a(_truncdfsf2.o)
 .glue_7t       0x0c08d910        0x0 D:/资料/工作资源/ARM7-SDK-2011-05-20/GNU/arm-elf/lib//libc.a(lib_a-atol.o)
 .glue_7t       0x0c08d910        0x0 D:/资料/工作资源/ARM7-SDK-2011-05-20/GNU/arm-elf/lib//libc.a(lib_a-memcmp.o)
 .glue_7t       0x0c08d910        0x0 D:/资料/工作资源/ARM7-SDK-2011-05-20/GNU/arm-elf/lib//libc.a(lib_a-strcat.o)
 .glue_7t       0x0c08d910        0x0 D:/资料/工作资源/ARM7-SDK-2011-05-20/GNU/arm-elf/lib//libc.a(lib_a-strstr.o)
 .glue_7t       0x0c08d910        0x0 D:/资料/工作资源/ARM7-SDK-2011-05-20/GNU/arm-elf/lib//libm.a(lib_a-w_pow.o)
 .glue_7t       0x0c08d910        0x0 D:/资料/工作资源/ARM7-SDK-2011-05-20/GNU/arm-elf/lib//libm.a(lib_a-e_pow.o)
 .glue_7t       0x0c08d910        0x0 D:/资料/工作资源/ARM7-SDK-2011-05-20/GNU/arm-elf/lib//libm.a(lib_a-e_sqrt.o)
 .glue_7t       0x0c08d910        0x0 D:/资料/工作资源/ARM7-SDK-2011-05-20/GNU/arm-elf/lib//libm.a(lib_a-s_fabs.o)
 .glue_7t       0x0c08d910        0x0 D:/资料/工作资源/ARM7-SDK-2011-05-20/GNU/arm-elf/lib//libm.a(lib_a-s_finite.o)
 .glue_7t       0x0c08d910        0x0 D:/资料/工作资源/ARM7-SDK-2011-05-20/GNU/arm-elf/lib//libm.a(lib_a-s_lib_ver.o)
 .glue_7t       0x0c08d910        0x0 D:/资料/工作资源/ARM7-SDK-2011-05-20/GNU/arm-elf/lib//libm.a(lib_a-s_matherr.o)
 .glue_7t       0x0c08d910        0x0 D:/资料/工作资源/ARM7-SDK-2011-05-20/GNU/arm-elf/lib//libm.a(lib_a-s_rint.o)
 .glue_7t       0x0c08d910        0x0 D:/资料/工作资源/ARM7-SDK-2011-05-20/GNU/arm-elf/lib//libm.a(lib_a-s_scalbn.o)
 .glue_7t       0x0c08d910        0x0 D:/资料/工作资源/ARM7-SDK-2011-05-20/GNU/arm-elf/lib//libm.a(lib_a-s_copysign.o)
 .glue_7t       0x0c08d910        0x0 D:/资料/工作资源/ARM7-SDK-2011-05-20/GNU/arm-elf/lib//libc.a(lib_a-errno.o)
 *(.glue_7)
 .glue_7        0x0c08d910        0x0 D:/项目文件夹/WiFi_Demo/Release/crt0.o
 .glue_7        0x0c08d910        0x0 D:/项目文件夹/WiFi_Demo/Release/WiFi_Demo.o
 .glue_7        0x0c08d910        0x0 D:/项目文件夹/WiFi_Demo/Release/d_upload.o
 .glue_7        0x0c08d910        0x0 D:/项目文件夹/WiFi_Demo/Release/fun.o
 .glue_7        0x0c08d910        0x0 D:/项目文件夹/WiFi_Demo/Release/macset.o
 .glue_7        0x0c08d910        0x0 D:/项目文件夹/WiFi_Demo/Release/vst_db.o
 .glue_7        0x0c08d910        0x0 D:/项目文件夹/WiFi_Demo/Release/wifi_con.o
 .glue_7        0x0c08d910        0x0 D:/项目文件夹/WiFi_Demo/Release/eeprom.o
 .glue_7        0x0c08d910        0x0 D:/项目文件夹/WiFi_Demo/Release/mifare.o
 .glue_7        0x0c08d910        0x0 D:/项目文件夹/WiFi_Demo/Release/cal_key.o
 .glue_7        0x0c08d910        0x0 D:/项目文件夹/WiFi_Demo/Release/usbprog.o
 .glue_7        0x0c08d910        0x0 D:/项目文件夹/WiFi_Demo/Release/db.o
 .glue_7        0x0c08d910        0x0 D:/项目文件夹/WiFi_Demo/Release/iso8583.o
 .glue_7        0x0c08d910        0x0 D:/资料/工作资源/ARM7-SDK-2011-05-20/GNU/arm-elf/lib//libc.a(lib_a-fprintf.o)
 .glue_7        0x0c08d910        0x0 D:/资料/工作资源/ARM7-SDK-2011-05-20/GNU/arm-elf/lib//libc.a(lib_a-memcpy.o)
 .glue_7        0x0c08d910        0x0 D:/资料/工作资源/ARM7-SDK-2011-05-20/GNU/arm-elf/lib//libc.a(lib_a-memset.o)
 .glue_7        0x0c08d910        0x0 D:/资料/工作资源/ARM7-SDK-2011-05-20/GNU/arm-elf/lib//libc.a(lib_a-sprintf.o)
 .glue_7        0x0c08d910        0x0 D:/资料/工作资源/ARM7-SDK-2011-05-20/GNU/arm-elf/lib//libc.a(lib_a-sscanf.o)
 .glue_7        0x0c08d910        0x0 D:/资料/工作资源/ARM7-SDK-2011-05-20/GNU/arm-elf/lib//libc.a(lib_a-strcpy.o)
 .glue_7        0x0c08d910        0x0 D:/资料/工作资源/ARM7-SDK-2011-05-20/GNU/arm-elf/lib//libc.a(lib_a-strlen.o)
 .glue_7        0x0c08d910        0x0 D:/资料/工作资源/ARM7-SDK-2011-05-20/GNU/arm-elf/lib//libc.a(lib_a-strncmp.o)
 .glue_7        0x0c08d910        0x0 D:/资料/工作资源/ARM7-SDK-2011-05-20/GNU/arm-elf/lib//libc.a(lib_a-strncpy.o)
 .glue_7        0x0c08d910        0x0 D:/资料/工作资源/ARM7-SDK-2011-05-20/GNU/arm-elf/lib//libc.a(lib_a-strtoul.o)
 .glue_7        0x0c08d910        0x0 D:/资料/工作资源/ARM7-SDK-2011-05-20/GNU/arm-elf/lib//libc.a(lib_a-vfprintf.o)
 .glue_7        0x0c08d910        0x0 D:/资料/工作资源/ARM7-SDK-2011-05-20/GNU/arm-elf/lib//libc.a(lib_a-vfscanf.o)
 .glue_7        0x0c08d910        0x0 D:/资料/工作资源/ARM7-SDK-2011-05-20/GNU/arm-elf/lib//libc.a(lib_a-wcrtomb.o)
 .glue_7        0x0c08d910        0x0 D:/资料/工作资源/ARM7-SDK-2011-05-20/GNU/arm-elf/lib//libc.a(lib_a-wcsrtombs.o)
 .glue_7        0x0c08d910        0x0 D:/资料/工作资源/ARM7-SDK-2011-05-20/GNU/arm-elf/lib//libc.a(lib_a-wctomb_r.o)
 .glue_7        0x0c08d910        0x0 D:/资料/工作资源/ARM7-SDK-2011-05-20/GNU/arm-elf/lib//libc.a(lib_a-wsetup.o)
 .glue_7        0x0c08d910        0x0 D:/资料/工作资源/ARM7-SDK-2011-05-20/GNU/arm-elf/lib//libc.a(lib_a-ctype_.o)
 .glue_7        0x0c08d910        0x0 D:/资料/工作资源/ARM7-SDK-2011-05-20/GNU/arm-elf/lib//libc.a(lib_a-dtoa.o)
 .glue_7        0x0c08d910        0x0 D:/资料/工作资源/ARM7-SDK-2011-05-20/GNU/arm-elf/lib//libc.a(lib_a-fflush.o)
 .glue_7        0x0c08d910        0x0 D:/资料/工作资源/ARM7-SDK-2011-05-20/GNU/arm-elf/lib//libc.a(lib_a-findfp.o)
 .glue_7        0x0c08d910        0x0 D:/资料/工作资源/ARM7-SDK-2011-05-20/GNU/arm-elf/lib//libc.a(lib_a-fread.o)
 .glue_7        0x0c08d910        0x0 D:/资料/工作资源/ARM7-SDK-2011-05-20/GNU/arm-elf/lib//libc.a(lib_a-freer.o)
 .glue_7        0x0c08d910        0x0 D:/资料/工作资源/ARM7-SDK-2011-05-20/GNU/arm-elf/lib//libc.a(lib_a-fvwrite.o)
 .glue_7        0x0c08d910        0x0 D:/资料/工作资源/ARM7-SDK-2011-05-20/GNU/arm-elf/lib//libc.a(lib_a-fwalk.o)
 .glue_7        0x0c08d910        0x0 D:/资料/工作资源/ARM7-SDK-2011-05-20/GNU/arm-elf/lib//libc.a(lib_a-impure.o)
 .glue_7        0x0c08d910        0x0 D:/资料/工作资源/ARM7-SDK-2011-05-20/GNU/arm-elf/lib//libc.a(lib_a-iswspace.o)
 .glue_7        0x0c08d910        0x0 D:/资料/工作资源/ARM7-SDK-2011-05-20/GNU/arm-elf/lib//libc.a(lib_a-locale.o)
 .glue_7        0x0c08d910        0x0 D:/资料/工作资源/ARM7-SDK-2011-05-20/GNU/arm-elf/lib//libc.a(lib_a-makebuf.o)
 .glue_7        0x0c08d910        0x0 D:/资料/工作资源/ARM7-SDK-2011-05-20/GNU/arm-elf/lib//libc.a(lib_a-mallocr.o)
 .glue_7        0x0c08d910        0x0 D:/资料/工作资源/ARM7-SDK-2011-05-20/GNU/arm-elf/lib//libc.a(lib_a-mbrtowc.o)
 .glue_7        0x0c08d910        0x0 D:/资料/工作资源/ARM7-SDK-2011-05-20/GNU/arm-elf/lib//libc.a(lib_a-mbtowc_r.o)
 .glue_7        0x0c08d910        0x0 D:/资料/工作资源/ARM7-SDK-2011-05-20/GNU/arm-elf/lib//libc.a(lib_a-memchr.o)
 .glue_7        0x0c08d910        0x0 D:/资料/工作资源/ARM7-SDK-2011-05-20/GNU/arm-elf/lib//libc.a(lib_a-memmove.o)
 .glue_7        0x0c08d910        0x0 D:/资料/工作资源/ARM7-SDK-2011-05-20/GNU/arm-elf/lib//libc.a(lib_a-mlock.o)
 .glue_7        0x0c08d910        0x0 D:/资料/工作资源/ARM7-SDK-2011-05-20/GNU/arm-elf/lib//libc.a(lib_a-mprec.o)
 .glue_7        0x0c08d910        0x0 D:/资料/工作资源/ARM7-SDK-2011-05-20/GNU/arm-elf/lib//libc.a(lib_a-reallocr.o)
 .glue_7        0x0c08d910        0x0 D:/资料/工作资源/ARM7-SDK-2011-05-20/GNU/arm-elf/lib//libc.a(lib_a-refill.o)
 .glue_7        0x0c08d910        0x0 D:/资料/工作资源/ARM7-SDK-2011-05-20/GNU/arm-elf/lib//libc.a(lib_a-s_isinfd.o)
 .glue_7        0x0c08d910        0x0 D:/资料/工作资源/ARM7-SDK-2011-05-20/GNU/arm-elf/lib//libc.a(lib_a-s_isnand.o)
 .glue_7        0x0c08d910        0x0 D:/资料/工作资源/ARM7-SDK-2011-05-20/GNU/arm-elf/lib//libc.a(lib_a-sccl.o)
 .glue_7        0x0c08d910        0x0 D:/资料/工作资源/ARM7-SDK-2011-05-20/GNU/arm-elf/lib//libc.a(lib_a-sf_nan.o)
 .glue_7        0x0c08d910        0x0 D:/资料/工作资源/ARM7-SDK-2011-05-20/GNU/arm-elf/lib//libc.a(lib_a-stdio.o)
 .glue_7        0x0c08d910        0x0 D:/资料/工作资源/ARM7-SDK-2011-05-20/GNU/arm-elf/lib//libc.a(lib_a-strcmp.o)
 .glue_7        0x0c08d910        0x0 D:/资料/工作资源/ARM7-SDK-2011-05-20/GNU/arm-elf/lib//libc.a(lib_a-strtod.o)
 .glue_7        0x0c08d910        0x0 D:/资料/工作资源/ARM7-SDK-2011-05-20/GNU/arm-elf/lib//libc.a(lib_a-strtol.o)
 .glue_7        0x0c08d910        0x0 D:/资料/工作资源/ARM7-SDK-2011-05-20/GNU/arm-elf/lib//libc.a(lib_a-ungetc.o)
 .glue_7        0x0c08d910        0x0 D:/资料/工作资源/ARM7-SDK-2011-05-20/GNU/arm-elf/lib//libc.a(lib_a-callocr.o)
 .glue_7        0x0c08d910        0x0 D:/资料/工作资源/ARM7-SDK-2011-05-20/GNU/arm-elf/lib//libc.a(lib_a-fclose.o)
 .glue_7        0x0c08d910        0x0 D:/资料/工作资源/ARM7-SDK-2011-05-20/GNU/arm-elf/lib//libc.a(lib_a-gdtoa-gethex.o)
 .glue_7        0x0c08d910        0x0 D:/资料/工作资源/ARM7-SDK-2011-05-20/GNU/arm-elf/lib//libc.a(lib_a-gdtoa-hexnan.o)
 .glue_7        0x0c08d910        0x0 D:/资料/工作资源/ARM7-SDK-2011-05-20/HHFiles/lib//libARMPos.a(libARMPos.o)
 .glue_7        0x0c08d910        0x0 D:/资料/工作资源/ARM7-SDK-2011-05-20/HHFiles/lib//libARMPos.a(call_api.o)
 .glue_7        0x0c08d910        0x0 D:/资料/工作资源/ARM7-SDK-2011-05-20/HHFiles/lib//libcard.a(libcard.o)
 .glue_7        0x0c08d910        0x0 D:/资料/工作资源/ARM7-SDK-2011-05-20/HHFiles/lib//libcard.a(cpucard.o)
 .glue_7        0x0c08d910        0x0 D:/资料/工作资源/ARM7-SDK-2011-05-20/HHFiles/lib//libcontactless.a(iso14443.o)
 .glue_7        0x0c08d910        0x0 D:/资料/工作资源/ARM7-SDK-2011-05-20/HHFiles/lib//libcontactless.a(mifare.o)
 .glue_7        0x0c08d910        0x0 D:/资料/工作资源/ARM7-SDK-2011-05-20/HHFiles/lib//libcontactless.a(port.o)
 .glue_7        0x0c08d910        0x0 D:/资料/工作资源/ARM7-SDK-2011-05-20/HHFiles/lib//libcontactless.a(rcxcomm.o)
 .glue_7        0x0c08d910        0x0 D:/资料/工作资源/ARM7-SDK-2011-05-20/HHFiles/lib//libcontactless.a(rcxreg.o)
 .glue_7        0x0c08d910        0x0 D:/资料/工作资源/ARM7-SDK-2011-05-20/HHFiles/lib//libext.a(exlib.o)
 .glue_7        0x0c08d910        0x0 D:/资料/工作资源/ARM7-SDK-2011-05-20/HHFiles/lib//libext.a(exlib_pinyin.o)
 .glue_7        0x0c08d910        0x0 D:/资料/工作资源/ARM7-SDK-2011-05-20/HHFiles/lib//libWiFi.a(libWiFi.o)
 .glue_7        0x0c08d910        0x0 D:/资料/工作资源/ARM7-SDK-2011-05-20/HHFiles/lib//libWiFi.a(CNaNoWiFi.o)
 .glue_7        0x0c08d910        0x0 D:/资料/工作资源/ARM7-SDK-2011-05-20/HHFiles/lib//libWiFi.a(Analyse_0.o)
 .glue_7        0x0c08d910        0x0 D:/资料/工作资源/ARM7-SDK-2011-05-20/HHFiles/lib//libWiFi.a(WiFiPubFuncs.o)
 .glue_7        0x0c08d910        0x0 D:/资料/工作资源/ARM7-SDK-2011-05-20/HHFiles/lib//libWiFi.a(ARML.o)
 .glue_7        0x0c08d910        0x0 D:/资料/工作资源/ARM7-SDK-2011-05-20/HHFiles/lib//libWiFi.a(PhyL.o)
 .glue_7        0x0c08d910        0x0 D:/资料/工作资源/ARM7-SDK-2011-05-20/HHFiles/lib//libdb.a(database.o)
 .glue_7        0x0c08d910        0x0 D:/资料/工作资源/ARM7-SDK-2011-05-20/HHFiles/lib//libusb.a(D12ci.o)
 .glue_7        0x0c08d910        0x0 D:/资料/工作资源/ARM7-SDK-2011-05-20/HHFiles/lib//libusb.a(D12Driver.o)
 .glue_7        0x0c08d910        0x0 D:/资料/工作资源/ARM7-SDK-2011-05-20/HHFiles/lib//libusb.a(D12hal.o)
 .glue_7        0x0c08d910        0x0 D:/资料/工作资源/ARM7-SDK-2011-05-20/HHFiles/lib//libusb.a(Chap_9.o)
 .glue_7        0x0c08d910        0x0 D:/资料/工作资源/ARM7-SDK-2011-05-20/HHFiles/lib//libusb.a(Descriptor.o)
 .glue_7        0x0c08d910        0x0 D:/资料/工作资源/ARM7-SDK-2011-05-20/GNU/arm-elf/lib//libgcc.a(_udivsi3.o)
 .glue_7        0x0c08d910        0x0 D:/资料/工作资源/ARM7-SDK-2011-05-20/GNU/arm-elf/lib//libgcc.a(_divsi3.o)
 .glue_7        0x0c08d910        0x0 D:/资料/工作资源/ARM7-SDK-2011-05-20/GNU/arm-elf/lib//libgcc.a(_umodsi3.o)
 .glue_7        0x0c08d910        0x0 D:/资料/工作资源/ARM7-SDK-2011-05-20/GNU/arm-elf/lib//libgcc.a(_modsi3.o)
 .glue_7        0x0c08d910        0x0 D:/资料/工作资源/ARM7-SDK-2011-05-20/GNU/arm-elf/lib//libgcc.a(_dvmd_tls.o)
 .glue_7        0x0c08d910        0x0 D:/资料/工作资源/ARM7-SDK-2011-05-20/GNU/arm-elf/lib//libgcc.a(_addsubdf3.o)
 .glue_7        0x0c08d910        0x0 D:/资料/工作资源/ARM7-SDK-2011-05-20/GNU/arm-elf/lib//libgcc.a(_muldivdf3.o)
 .glue_7        0x0c08d910        0x0 D:/资料/工作资源/ARM7-SDK-2011-05-20/GNU/arm-elf/lib//libgcc.a(_cmpdf2.o)
 .glue_7        0x0c08d910        0x0 D:/资料/工作资源/ARM7-SDK-2011-05-20/GNU/arm-elf/lib//libgcc.a(_fixdfsi.o)
 .glue_7        0x0c08d910        0x0 D:/资料/工作资源/ARM7-SDK-2011-05-20/GNU/arm-elf/lib//libgcc.a(_fixunsdfsi.o)
 .glue_7        0x0c08d910        0x0 D:/资料/工作资源/ARM7-SDK-2011-05-20/GNU/arm-elf/lib//libgcc.a(_truncdfsf2.o)
 .glue_7        0x0c08d910        0x0 D:/资料/工作资源/ARM7-SDK-2011-05-20/GNU/arm-elf/lib//libc.a(lib_a-atol.o)
 .glue_7        0x0c08d910        0x0 D:/资料/工作资源/ARM7-SDK-2011-05-20/GNU/arm-elf/lib//libc.a(lib_a-memcmp.o)
 .glue_7        0x0c08d910        0x0 D:/资料/工作资源/ARM7-SDK-2011-05-20/GNU/arm-elf/lib//libc.a(lib_a-strcat.o)
 .glue_7        0x0c08d910        0x0 D:/资料/工作资源/ARM7-SDK-2011-05-20/GNU/arm-elf/lib//libc.a(lib_a-strstr.o)
 .glue_7        0x0c08d910        0x0 D:/资料/工作资源/ARM7-SDK-2011-05-20/GNU/arm-elf/lib//libm.a(lib_a-w_pow.o)
 .glue_7        0x0c08d910        0x0 D:/资料/工作资源/ARM7-SDK-2011-05-20/GNU/arm-elf/lib//libm.a(lib_a-e_pow.o)
 .glue_7        0x0c08d910        0x0 D:/资料/工作资源/ARM7-SDK-2011-05-20/GNU/arm-elf/lib//libm.a(lib_a-e_sqrt.o)
 .glue_7        0x0c08d910        0x0 D:/资料/工作资源/ARM7-SDK-2011-05-20/GNU/arm-elf/lib//libm.a(lib_a-s_fabs.o)
 .glue_7        0x0c08d910        0x0 D:/资料/工作资源/ARM7-SDK-2011-05-20/GNU/arm-elf/lib//libm.a(lib_a-s_finite.o)
 .glue_7        0x0c08d910        0x0 D:/资料/工作资源/ARM7-SDK-2011-05-20/GNU/arm-elf/lib//libm.a(lib_a-s_lib_ver.o)
 .glue_7        0x0c08d910        0x0 D:/资料/工作资源/ARM7-SDK-2011-05-20/GNU/arm-elf/lib//libm.a(lib_a-s_matherr.o)
 .glue_7        0x0c08d910        0x0 D:/资料/工作资源/ARM7-SDK-2011-05-20/GNU/arm-elf/lib//libm.a(lib_a-s_rint.o)
 .glue_7        0x0c08d910        0x0 D:/资料/工作资源/ARM7-SDK-2011-05-20/GNU/arm-elf/lib//libm.a(lib_a-s_scalbn.o)
 .glue_7        0x0c08d910        0x0 D:/资料/工作资源/ARM7-SDK-2011-05-20/GNU/arm-elf/lib//libm.a(lib_a-s_copysign.o)
 .glue_7        0x0c08d910        0x0 D:/资料/工作资源/ARM7-SDK-2011-05-20/GNU/arm-elf/lib//libc.a(lib_a-errno.o)
                0x0c08d910                . = ALIGN (0x4)
                0x0c08d910                _etext = .

.vfp11_veneer   0x00000000        0x0
 .vfp11_veneer  0x00000000        0x0 D:/项目文件夹/WiFi_Demo/Release/crt0.o
 .vfp11_veneer  0x00000000        0x0 D:/项目文件夹/WiFi_Demo/Release/WiFi_Demo.o
 .vfp11_veneer  0x00000000        0x0 D:/项目文件夹/WiFi_Demo/Release/d_upload.o
 .vfp11_veneer  0x00000000        0x0 D:/项目文件夹/WiFi_Demo/Release/fun.o
 .vfp11_veneer  0x00000000        0x0 D:/项目文件夹/WiFi_Demo/Release/macset.o
 .vfp11_veneer  0x00000000        0x0 D:/项目文件夹/WiFi_Demo/Release/vst_db.o
 .vfp11_veneer  0x00000000        0x0 D:/项目文件夹/WiFi_Demo/Release/wifi_con.o
 .vfp11_veneer  0x00000000        0x0 D:/项目文件夹/WiFi_Demo/Release/eeprom.o
 .vfp11_veneer  0x00000000        0x0 D:/项目文件夹/WiFi_Demo/Release/mifare.o
 .vfp11_veneer  0x00000000        0x0 D:/项目文件夹/WiFi_Demo/Release/cal_key.o
 .vfp11_veneer  0x00000000        0x0 D:/项目文件夹/WiFi_Demo/Release/usbprog.o
 .vfp11_veneer  0x00000000        0x0 D:/项目文件夹/WiFi_Demo/Release/db.o
 .vfp11_veneer  0x00000000        0x0 D:/项目文件夹/WiFi_Demo/Release/iso8583.o
 .vfp11_veneer  0x00000000        0x0 D:/资料/工作资源/ARM7-SDK-2011-05-20/GNU/arm-elf/lib//libc.a(lib_a-fprintf.o)
 .vfp11_veneer  0x00000000        0x0 D:/资料/工作资源/ARM7-SDK-2011-05-20/GNU/arm-elf/lib//libc.a(lib_a-memcpy.o)
 .vfp11_veneer  0x00000000        0x0 D:/资料/工作资源/ARM7-SDK-2011-05-20/GNU/arm-elf/lib//libc.a(lib_a-memset.o)
 .vfp11_veneer  0x00000000        0x0 D:/资料/工作资源/ARM7-SDK-2011-05-20/GNU/arm-elf/lib//libc.a(lib_a-sprintf.o)
 .vfp11_veneer  0x00000000        0x0 D:/资料/工作资源/ARM7-SDK-2011-05-20/GNU/arm-elf/lib//libc.a(lib_a-sscanf.o)
 .vfp11_veneer  0x00000000        0x0 D:/资料/工作资源/ARM7-SDK-2011-05-20/GNU/arm-elf/lib//libc.a(lib_a-strcpy.o)
 .vfp11_veneer  0x00000000        0x0 D:/资料/工作资源/ARM7-SDK-2011-05-20/GNU/arm-elf/lib//libc.a(lib_a-strlen.o)
 .vfp11_veneer  0x00000000        0x0 D:/资料/工作资源/ARM7-SDK-2011-05-20/GNU/arm-elf/lib//libc.a(lib_a-strncmp.o)
 .vfp11_veneer  0x00000000        0x0 D:/资料/工作资源/ARM7-SDK-2011-05-20/GNU/arm-elf/lib//libc.a(lib_a-strncpy.o)
 .vfp11_veneer  0x00000000        0x0 D:/资料/工作资源/ARM7-SDK-2011-05-20/GNU/arm-elf/lib//libc.a(lib_a-strtoul.o)
 .vfp11_veneer  0x00000000        0x0 D:/资料/工作资源/ARM7-SDK-2011-05-20/GNU/arm-elf/lib//libc.a(lib_a-vfprintf.o)
 .vfp11_veneer  0x00000000        0x0 D:/资料/工作资源/ARM7-SDK-2011-05-20/GNU/arm-elf/lib//libc.a(lib_a-vfscanf.o)
 .vfp11_veneer  0x00000000        0x0 D:/资料/工作资源/ARM7-SDK-2011-05-20/GNU/arm-elf/lib//libc.a(lib_a-wcrtomb.o)
 .vfp11_veneer  0x00000000        0x0 D:/资料/工作资源/ARM7-SDK-2011-05-20/GNU/arm-elf/lib//libc.a(lib_a-wcsrtombs.o)
 .vfp11_veneer  0x00000000        0x0 D:/资料/工作资源/ARM7-SDK-2011-05-20/GNU/arm-elf/lib//libc.a(lib_a-wctomb_r.o)
 .vfp11_veneer  0x00000000        0x0 D:/资料/工作资源/ARM7-SDK-2011-05-20/GNU/arm-elf/lib//libc.a(lib_a-wsetup.o)
 .vfp11_veneer  0x00000000        0x0 D:/资料/工作资源/ARM7-SDK-2011-05-20/GNU/arm-elf/lib//libc.a(lib_a-ctype_.o)
 .vfp11_veneer  0x00000000        0x0 D:/资料/工作资源/ARM7-SDK-2011-05-20/GNU/arm-elf/lib//libc.a(lib_a-dtoa.o)
 .vfp11_veneer  0x00000000        0x0 D:/资料/工作资源/ARM7-SDK-2011-05-20/GNU/arm-elf/lib//libc.a(lib_a-fflush.o)
 .vfp11_veneer  0x00000000        0x0 D:/资料/工作资源/ARM7-SDK-2011-05-20/GNU/arm-elf/lib//libc.a(lib_a-findfp.o)
 .vfp11_veneer  0x00000000        0x0 D:/资料/工作资源/ARM7-SDK-2011-05-20/GNU/arm-elf/lib//libc.a(lib_a-fread.o)
 .vfp11_veneer  0x00000000        0x0 D:/资料/工作资源/ARM7-SDK-2011-05-20/GNU/arm-elf/lib//libc.a(lib_a-freer.o)
 .vfp11_veneer  0x00000000        0x0 D:/资料/工作资源/ARM7-SDK-2011-05-20/GNU/arm-elf/lib//libc.a(lib_a-fvwrite.o)
 .vfp11_veneer  0x00000000        0x0 D:/资料/工作资源/ARM7-SDK-2011-05-20/GNU/arm-elf/lib//libc.a(lib_a-fwalk.o)
 .vfp11_veneer  0x00000000        0x0 D:/资料/工作资源/ARM7-SDK-2011-05-20/GNU/arm-elf/lib//libc.a(lib_a-impure.o)
 .vfp11_veneer  0x00000000        0x0 D:/资料/工作资源/ARM7-SDK-2011-05-20/GNU/arm-elf/lib//libc.a(lib_a-iswspace.o)