Archive member included because of file (symbol)

D:/资料/工作资源/ARM7-SDK-2011-05-20/GNU/arm-elf/lib//libc.a(lib_a-fprintf.o)
                              D:/项目文件夹/WiFi_Demo/Release/iso8583.o (fprintf)
D:/资料/工作资源/ARM7-SDK-2011-05-20/GNU/arm-elf/lib//libc.a(lib_a-memcpy.o)
                              D:/项目文件夹/WiFi_Demo/Release/d_upload.o (memcpy)
D:/资料/工作资源/ARM7-SDK-2011-05-20/GNU/arm-elf/lib//libc.a(lib_a-memset.o)
                              D:/项目文件夹/WiFi_Demo/Release/d_upload.o (memset)
D:/资料/工作资源/ARM7-SDK-2011-05-20/GNU/arm-elf/lib//libc.a(lib_a-sprintf.o)
                              D:/项目文件夹/WiFi_Demo/Release/d_upload.o (sprintf)
D:/资料/工作资源/ARM7-SDK-2011-05-20/GNU/arm-elf/lib//libc.a(lib_a-sscanf.o)
                              D:/项目文件夹/WiFi_Demo/Release/iso8583.o (sscanf)
D:/资料/工作资源/ARM7-SDK-2011-05-20/GNU/arm-elf/lib//libc.a(lib_a-strcpy.o)
                              D:/项目文件夹/WiFi_Demo/Release/d_upload.o (strcpy)
D:/资料/工作资源/ARM7-SDK-2011-05-20/GNU/arm-elf/lib//libc.a(lib_a-strlen.o)
                              D:/项目文件夹/WiFi_Demo/Release/d_upload.o (strlen)
D:/资料/工作资源/ARM7-SDK-2011-05-20/GNU/arm-elf/lib//libc.a(lib_a-strncmp.o)
                              D:/项目文件夹/WiFi_Demo/Release/d_upload.o (strncmp)
D:/资料/工作资源/ARM7-SDK-2011-05-20/GNU/arm-elf/lib//libc.a(lib_a-strncpy.o)
                              D:/项目文件夹/WiFi_Demo/Release/mifare.o (strncpy)
D:/资料/工作资源/ARM7-SDK-2011-05-20/GNU/arm-elf/lib//libc.a(lib_a-strtoul.o)
                              D:/项目文件夹/WiFi_Demo/Release/mifare.o (strtoul)
D:/资料/工作资源/ARM7-SDK-2011-05-20/GNU/arm-elf/lib//libc.a(lib_a-vfprintf.o)
                              D:/资料/工作资源/ARM7-SDK-2011-05-20/GNU/arm-elf/lib//libc.a(lib_a-sprintf.o) (_vfprintf_r)
D:/资料/工作资源/ARM7-SDK-2011-05-20/GNU/arm-elf/lib//libc.a(lib_a-vfscanf.o)
                              D:/资料/工作资源/ARM7-SDK-2011-05-20/GNU/arm-elf/lib//libc.a(lib_a-sscanf.o) (__svfscanf_r)
D:/资料/工作资源/ARM7-SDK-2011-05-20/GNU/arm-elf/lib//libc.a(lib_a-wcrtomb.o)
                              D:/资料/工作资源/ARM7-SDK-2011-05-20/GNU/arm-elf/lib//libc.a(lib_a-vfprintf.o) (_wcrtomb_r)
D:/资料/工作资源/ARM7-SDK-2011-05-20/GNU/arm-elf/lib//libc.a(lib_a-wcsrtombs.o)
                              D:/资料/工作资源/ARM7-SDK-2011-05-20/GNU/arm-elf/lib//libc.a(lib_a-vfprintf.o) (_wcsrtombs_r)
D:/资料/工作资源/ARM7-SDK-2011-05-20/GNU/arm-elf/lib//libc.a(lib_a-wctomb_r.o)
                              D:/资料/工作资源/ARM7-SDK-2011-05-20/GNU/arm-elf/lib//libc.a(lib_a-wcrtomb.o) (_wctomb_r)
D:/资料/工作资源/ARM7-SDK-2011-05-20/GNU/arm-elf/lib//libc.a(lib_a-wsetup.o)
                              D:/资料/工作资源/ARM7-SDK-2011-05-20/GNU/arm-elf/lib//libc.a(lib_a-vfprintf.o) (__swsetup)
D:/资料/工作资源/ARM7-SDK-2011-05-20/GNU/arm-elf/lib//libc.a(lib_a-ctype_.o)
                              D:/资料/工作资源/ARM7-SDK-2011-05-20/GNU/arm-elf/lib//libc.a(lib_a-strtoul.o) (__ctype_ptr)
D:/资料/工作资源/ARM7-SDK-2011-05-20/GNU/arm-elf/lib//libc.a(lib_a-dtoa.o)
                              D:/资料/工作资源/ARM7-SDK-2011-05-20/GNU/arm-elf/lib//libc.a(lib_a-vfprintf.o) (_dtoa_r)
D:/资料/工作资源/ARM7-SDK-2011-05-20/GNU/arm-elf/lib//libc.a(lib_a-fflush.o)
                              D:/资料/工作资源/ARM7-SDK-2011-05-20/GNU/arm-elf/lib//libc.a(lib_a-vfprintf.o) (fflush)
D:/资料/工作资源/ARM7-SDK-2011-05-20/GNU/arm-elf/lib//libc.a(lib_a-findfp.o)
                              D:/资料/工作资源/ARM7-SDK-2011-05-20/GNU/arm-elf/lib//libc.a(lib_a-vfprintf.o) (__sinit)
D:/资料/工作资源/ARM7-SDK-2011-05-20/GNU/arm-elf/lib//libc.a(lib_a-fread.o)
                              D:/资料/工作资源/ARM7-SDK-2011-05-20/GNU/arm-elf/lib//libc.a(lib_a-vfscanf.o) (fread)
D:/资料/工作资源/ARM7-SDK-2011-05-20/GNU/arm-elf/lib//libc.a(lib_a-freer.o)
                              D:/资料/工作资源/ARM7-SDK-2011-05-20/GNU/arm-elf/lib//libc.a(lib_a-vfprintf.o) (_free_r)
D:/资料/工作资源/ARM7-SDK-2011-05-20/GNU/arm-elf/lib//libc.a(lib_a-fvwrite.o)
                              D:/资料/工作资源/ARM7-SDK-2011-05-20/GNU/arm-elf/lib//libc.a(lib_a-vfprintf.o) (__sfvwrite_r)
D:/资料/工作资源/ARM7-SDK-2011-05-20/GNU/arm-elf/lib//libc.a(lib_a-fwalk.o)
                              D:/资料/工作资源/ARM7-SDK-2011-05-20/GNU/arm-elf/lib//libc.a(lib_a-fflush.o) (_fwalk)
D:/资料/工作资源/ARM7-SDK-2011-05-20/GNU/arm-elf/lib//libc.a(lib_a-impure.o)
                              D:/资料/工作资源/ARM7-SDK-2011-05-20/GNU/arm-elf/lib//libc.a(lib_a-sprintf.o) (_impure_ptr)
D:/资料/工作资源/ARM7-SDK-2011-05-20/GNU/arm-elf/lib//libc.a(lib_a-iswspace.o)
                              D:/资料/工作资源/ARM7-SDK-2011-05-20/GNU/arm-elf/lib//libc.a(lib_a-vfscanf.o) (iswspace)
D:/资料/工作资源/ARM7-SDK-2011-05-20/GNU/arm-elf/lib//libc.a(lib_a-locale.o)
                              D:/资料/工作资源/ARM7-SDK-2011-05-20/GNU/arm-elf/lib//libc.a(lib_a-vfprintf.o) (localeconv)
D:/资料/工作资源/ARM7-SDK-2011-05-20/GNU/arm-elf/lib//libc.a(lib_a-makebuf.o)
                              D:/资料/工作资源/ARM7-SDK-2011-05-20/GNU/arm-elf/lib//libc.a(lib_a-wsetup.o) (__smakebuf)
D:/资料/工作资源/ARM7-SDK-2011-05-20/GNU/arm-elf/lib//libc.a(lib_a-mallocr.o)
[...]
Memory Configuration

Name             Origin             Length             Attributes
ram              0x0c060000         0x007a0000
*default*        0x00000000         0xffffffff

Linker script and memory map

LOAD D:/项目文件夹/WiFi_Demo/Release/crt0.o
LOAD D:/项目文件夹/WiFi_Demo/Release/WiFi_Demo.o
LOAD D:/项目文件夹/WiFi_Demo/Release/d_upload.o
LOAD D:/项目文件夹/WiFi_Demo/Release/fun.o
LOAD D:/项目文件夹/WiFi_Demo/Release/macset.o
LOAD D:/项目文件夹/WiFi_Demo/Release/vst_db.o
LOAD D:/项目文件夹/WiFi_Demo/Release/wifi_con.o
LOAD D:/项目文件夹/WiFi_Demo/Release/eeprom.o
LOAD D:/项目文件夹/WiFi_Demo/Release/mifare.o
LOAD D:/项目文件夹/WiFi_Demo/Release/cal_key.o
LOAD D:/项目文件夹/WiFi_Demo/Release/usbprog.o
LOAD D:/项目文件夹/WiFi_Demo/Release/db.o
LOAD D:/项目文件夹/WiFi_Demo/Release/iso8583.o
LOAD D:/项目文件夹/WiFi_Demo/Release/cpu_card.o
START GROUP
LOAD D:/资料/工作资源/ARM7-SDK-2011-05-20/GNU/arm-elf/lib//libgcc.a
LOAD D:/资料/工作资源/ARM7-SDK-2011-05-20/GNU/arm-elf/lib//libc.a
LOAD D:/资料/工作资源/ARM7-SDK-2011-05-20/GNU/arm-elf/lib//libm.a
LOAD D:/资料/工作资源/ARM7-SDK-2011-05-20/HHFiles/lib//libARMPos.a
LOAD D:/资料/工作资源/ARM7-SDK-2011-05-20/HHFiles/lib//libcard.a
LOAD D:/资料/工作资源/ARM7-SDK-2011-05-20/HHFiles/lib//libcontactless.a
LOAD D:/资料/工作资源/ARM7-SDK-2011-05-20/HHFiles/lib//libext.a
LOAD D:/资料/工作资源/ARM7-SDK-2011-05-20/HHFiles/lib//libmagcard.a
LOAD D:/资料/工作资源/ARM7-SDK-2011-05-20/HHFiles/lib//libRS232.a
LOAD D:/资料/工作资源/ARM7-SDK-2011-05-20/HHFiles/lib//libWiFi.a
LOAD D:/资料/工作资源/ARM7-SDK-2011-05-20/HHFiles/lib//libdb.a
LOAD D:/资料/工作资源/ARM7-SDK-2011-05-20/HHFiles/lib//libupdown.a
LOAD D:/资料/工作资源/ARM7-SDK-2011-05-20/HHFiles/lib//libusb.a
END GROUP

.text           0x0c060000    0x2d8f4
                0x0c060000                _stext = .
 *(.text)
 .text          0x0c060000      0x328 D:/项目文件夹/WiFi_Demo/Release/crt0.o
                0x0c06016c                _lseek_r
                0x0c060258                _stat_r
                0x0c0602e0                GetBaseOfRO
                0x0c060268                times
                0x0c0600ec                _fstat_r
                0x0c060094                execve
                0x0c06010c                getpid
                0x0c0600c4                _fork_r
                0x0c06018c                _open64_r
                0x0c060114                isatty
                0x0c0601f8                _sbrk_r
                0x0c06019c                _read_r
                0x0c060310                GetBaseOfZI
                0x0c060304                GetEndOfRW
                0x0c060164                lseek
                0x0c0602ec                GetEndOfRO
                0x0c06031c                GetEndOfZI
                0x0c060288                _unlink_r
                0x0c0602d0                write
                0x0c0600dc                fstat
                0x0c06011c                kill
                0x0c0602a0                wait
                0x0c060000                _start
                0x0c060194                read
                0x0c060184                _open_r
                0x0c0602f8                GetBaseOfRW
                0x0c060270                unlink
                0x0c06008c                _close_r
                0x0c0602b8                _wait_r
                0x0c0600ac                fork
                0x0c0601a4                sbrk
                0x0c06014c                _link_r
                0x0c0602d8                _write_r
                0x0c060174                _lseek64_r
                0x0c060248                stat
                0x0c060134                link
                0x0c0600fc                _fstat64_r
                0x0c06017c                open
                0x0c060084                close
 .text          0x0c060328      0x108 D:/项目文件夹/WiFi_Demo/Release/WiFi_Demo.o
                0x0c060328                debugFun
                0x0c060390                main
 .text          0x0c060430      0x5a4 D:/项目文件夹/WiFi_Demo/Release/d_upload.o
                0x0c0608a8                usb_upload_menu
                0x0c0604d4                db_to_str
                0x0c060430                myitoa
                0x0c06055c                usb_upload
 .text          0x0c0609d4      0x844 D:/项目文件夹/WiFi_Demo/Release/fun.o
                0x0c060b78                setAdmPsd_task
                0x0c060a24                adminPsd_init
                0x0c060e38                getAuthorize
                0x0c060da0                discernID_Fudan
                0x0c0609d4                workAttendance_task
                0x0c061020                funSet_task
                0x0c060dec                discernID_task
                0x0c060e9c                dataUpload_task
                0x0c060f3c                vstDatabase_task
                0x0c06111c                main_task
 .text          0x0c061218      0xd10 D:/项目文件夹/WiFi_Demo/Release/macset.o
                0x0c061570                setKeybeeper
                0x0c061830                Set_Auto_Poweroff
                0x0c0619c8                setDate
                0x0c061cec                setTime
                0x0c061378                adminPassword
                0x0c0612b4                input_date_time
                0x0c061218                input_password
                0x0c061690                setBacklight
 .text          0x0c061f28      0x5d8 D:/项目文件夹/WiFi_Demo/Release/vst_db.o
                0x0c0621c0                db_init
                0x0c061f28                check_dbCapcity
                0x0c062474                db_check
                0x0c0623d4                db_init_menu
                0x0c061fbc                check_recordsCnt
                0x0c062088                del_Allrecords
 .text          0x0c062500     0x1130 D:/项目文件夹/WiFi_Demo/Release/wifi_con.o
                0x0c062e94                setGateway
                0x0c063034                setIP
                0x0c0629ac                clearPSK
                0x0c0634c8                disConnect
                0x0c062d60                setServerIP
                0x0c062a20                setPassword
                0x0c0631fc                WiFi_MsgDisplay
                0x0c0632fc                wifiInit_open
                0x0c063470                resetWifi
                0x0c06275c                InputData
                0x0c062c40                setServerPort
                0x0c063104                wifinet_set
                0x0c06286c                connectWifi
                0x0c063240                wifi_init
                0x0c063528                wifi_upload_menu
                0x0c062b30                setServerSSID
                0x0c062f64                setNetMask
                0x0c062500                sendRecords
 .text          0x0c063630      0x170 D:/项目文件夹/WiFi_Demo/Release/eeprom.o
                0x0c063648                charToshort
                0x0c063664                eeprom_write
                0x0c063704                eeprom_read
                0x0c063630                shortTochar
 .text          0x0c0637a0      0xfd0 D:/项目文件夹/WiFi_Demo/Release/mifare.o
                0x0c0637a0                warning_beep
                0x0c064150                discernID
                0x0c063d58                discID_fudan
                0x0c0638a4                calkeyAfromPSAM
                0x0c0637f8                initList
                0x0c064588                readM1Card
                0x0c064320                readAuthorizeCard
                0x0c063cd4                M1_start
 .text          0x0c064770      0x9c8 D:/项目文件夹/WiFi_Demo/Release/cal_key.o
                0x0c064a2c                CODE
                0x0c064770                sub_key
                0x0c064c7c                DECODE
                0x0c064ef8                TriDes
                0x0c0649b8                IP_pro1
                0x0c064e94                des_code
                0x0c0650b0                CalKeyA
                0x0c06495c                IP_pro
                0x0c06501c                CalOffset
 .text          0x0c065138      0xa60 D:/项目文件夹/WiFi_Demo/Release/usbprog.o
                0x0c0652b0                USBDownLongString
                0x0c065138                USBUpLongString
                0x0c0653e4                Usb_Data_Transmit
 .text          0x0c065b98      0x328 D:/项目文件夹/WiFi_Demo/Release/db.o
                0x0c065c1c                Database_Init
                0x0c065b98                count_db_toal
                0x0c065da0                chk_sys_db_format
 .text          0x0c065ec0      0xb10 D:/项目文件夹/WiFi_Demo/Release/iso8583.o
                0x0c0660ec                atd_pack
                0x0c066020                BCD2INT
                0x0c0661e8                iso8583_set
                0x0c066274                iso8583_init
                0x0c065ec0                iso8583_compress
                0x0c066700                iso8583_unpack
                0x0c065ed0                ASC2BCD
                0x0c06665c                iso8583_dump
                0x0c0663fc                iso8583_pack
                0x0c06618c                iso8583_get
                0x0c0663b4                dec2hex
                0x0c0662ec                hex2dec
                0x0c065f70                BCD2ASC
 .text          0x0c0669d0      0x154 D:/项目文件夹/WiFi_Demo/Release/cpu_card.o
                0x0c066a14                myhex2dec
                0x0c0669d0                get_4byte_int
                0x0c0669f4                set_4byte_int
                0x0c066adc                mydec2hex
 .text          0x0c066b24       0x30 D:/资料/工作资源/ARM7-SDK-2011-05-20/GNU/arm-elf/lib//libc.a(lib_a-fprintf.o)
                0x0c066b24                fprintf
 .text          0x0c066b54       0xa8 D:/资料/工作资源/ARM7-SDK-2011-05-20/GNU/arm-elf/lib//libc.a(lib_a-memcpy.o)
                0x0c066b54                memcpy
 .text          0x0c066bfc       0x98 D:/资料/工作资源/ARM7-SDK-2011-05-20/GNU/arm-elf/lib//libc.a(lib_a-memset.o)
                0x0c066bfc                memset
 .text          0x0c066c94       0xdc D:/资料/工作资源/ARM7-SDK-2011-05-20/GNU/arm-elf/lib//libc.a(lib_a-sprintf.o)
                0x0c066d08                _sprintf_r
                0x0c066c94                sprintf
 .text          0x0c066d70      0x108 D:/资料/工作资源/ARM7-SDK-2011-05-20/GNU/arm-elf/lib//libc.a(lib_a-sscanf.o)
                0x0c066df8                sscanf
                0x0c066d78                _sscanf_r
 .text          0x0c066e78       0x9c D:/资料/工作资源/ARM7-SDK-2011-05-20/GNU/arm-elf/lib//libc.a(lib_a-strcpy.o)
                0x0c066e78                strcpy
 .text          0x0c066f14       0x68 D:/资料/工作资源/ARM7-SDK-2011-05-20/GNU/arm-elf/lib//libc.a(lib_a-strlen.o)
                0x0c066f14                strlen
 .text          0x0c066f7c      0x144 D:/资料/工作资源/ARM7-SDK-2011-05-20/GNU/arm-elf/lib//libc.a(lib_a-strncmp.o)
                0x0c066f7c                strncmp
 .text          0x0c0670c0      0x104 D:/资料/工作资源/ARM7-SDK-2011-05-20/GNU/arm-elf/lib//libc.a(lib_a-strncpy.o)
                0x0c0670c0                strncpy
 .text          0x0c0671c4      0x1f4 D:/资料/工作资源/ARM7-SDK-2011-05-20/GNU/arm-elf/lib//libc.a(lib_a-strtoul.o)
                0x0c06738c                strtoul
                0x0c0671c4                _strtoul_r
 .text          0x0c0673b8     0x2080 D:/资料/工作资源/ARM7-SDK-2011-05-20/GNU/arm-elf/lib//libc.a(lib_a-vfprintf.o)
                0x0c0673e8                _vfprintf_r
                0x0c06940c                vfprintf
 .text          0x0c069438     0x1564 D:/资料/工作资源/ARM7-SDK-2011-05-20/GNU/arm-elf/lib//libc.a(lib_a-vfscanf.o)
                0x0c06a8d8                __svfscanf
                0x0c06a904                _vfscanf_r
                0x0c06a948                vfscanf
                0x0c069438                __svfscanf_r
 .text          0x0c06a99c       0x74 D:/资料/工作资源/ARM7-SDK-2011-05-20/GNU/arm-elf/lib//libc.a(lib_a-wcrtomb.o)
                0x0c06a99c                _wcrtomb_r
                0x0c06a9e4                wcrtomb
 .text          0x0c06aa10      0x180 D:/资料/工作资源/ARM7-SDK-2011-05-20/GNU/arm-elf/lib//libc.a(lib_a-wcsrtombs.o)
                0x0c06aa10                _wcsrtombs_r
                0x0c06ab50                wcsrtombs
 .text          0x0c06ab90      0x420 D:/资料/工作资源/ARM7-SDK-2011-05-20/GNU/arm-elf/lib//libc.a(lib_a-wctomb_r.o)
                0x0c06ab90                _wctomb_r
 .text          0x0c06afb0      0x110 D:/资料/工作资源/ARM7-SDK-2011-05-20/GNU/arm-elf/lib//libc.a(lib_a-wsetup.o)
                0x0c06afb0                __swsetup
 .text          0x0c06b0c0        0x0 D:/资料/工作资源/ARM7-SDK-2011-05-20/GNU/arm-elf/lib//libc.a(lib_a-ctype_.o)
 .text          0x0c06b0c0     0x16f4 D:/资料/工作资源/ARM7-SDK-2011-05-20/GNU/arm-elf/lib//libc.a(lib_a-dtoa.o)
                0x0c06b2e8                _dtoa_r
 .text          0x0c06c7b4      0x1ac D:/资料/工作资源/ARM7-SDK-2011-05-20/GNU/arm-elf/lib//libc.a(lib_a-fflush.o)
                0x0c06c7b4                fflush
 .text          0x0c06c960      0x26c D:/资料/工作资源/ARM7-SDK-2011-05-20/GNU/arm-elf/lib//libc.a(lib_a-findfp.o)
                0x0c06c9cc                __sinit
                0x0c06caa4                __sfmoreglue
                0x0c06ca94                _cleanup
                0x0c06ca88                _cleanup_r
                0x0c06ca70                __fp_lock_all
                0x0c06c9bc                __sfp_lock_acquire
                0x0c06caf4                __sfp
                0x0c06c9c8                __sinit_lock_release
                0x0c06ca58                __fp_unlock_all
                0x0c06c9c0                __sfp_lock_release
                0x0c06c9c4                __sinit_lock_acquire
 .text          0x0c06cbcc      0x214 D:/资料/工作资源/ARM7-SDK-2011-05-20/GNU/arm-elf/lib//libc.a(lib_a-fread.o)
                0x0c06cda0                fread
                0x0c06cbcc                _fread_r
 .text          0x0c06cde0      0x3a4 D:/资料/工作资源/ARM7-SDK-2011-05-20/GNU/arm-elf/lib//libc.a(lib_a-freer.o)
                0x0c06ced8                _free_r
                0x0c06cde0                _malloc_trim_r
 .text          0x0c06d184      0x44c D:/资料/工作资源/ARM7-SDK-2011-05-20/GNU/arm-elf/lib//libc.a(lib_a-fvwrite.o)
                0x0c06d184                __sfvwrite_r
 .text          0x0c06d5d0      0x10c D:/资料/工作资源/ARM7-SDK-2011-05-20/GNU/arm-elf/lib//libc.a(lib_a-fwalk.o)
                0x0c06d658                _fwalk
                0x0c06d5d0                _fwalk_reent
 .text          0x0c06d6dc        0x0 D:/资料/工作资源/ARM7-SDK-2011-05-20/GNU/arm-elf/lib//libc.a(lib_a-impure.o)
 .text          0x0c06d6dc       0x20 D:/资料/工作资源/ARM7-SDK-2011-05-20/GNU/arm-elf/lib//libc.a(lib_a-iswspace.o)
                0x0c06d6dc                iswspace
 .text          0x0c06d6fc       0xa8 D:/资料/工作资源/ARM7-SDK-2011-05-20/GNU/arm-elf/lib//libc.a(lib_a-locale.o)
                0x0c06d728                _setlocale_r
                0x0c06d6fc                __locale_charset
                0x0c06d70c                _localeconv_r
                0x0c06d788                setlocale
                0x0c06d718                localeconv
 .text          0x0c06d7a4      0x178 D:/资料/工作资源/ARM7-SDK-2011-05-20/GNU/arm-elf/lib//libc.a(lib_a-makebuf.o)
                0x0c06d7a4                __smakebuf
 .text          0x0c06d91c      0x798 D:/资料/工作资源/ARM7-SDK-2011-05-20/GNU/arm-elf/lib//libc.a(lib_a-mallocr.o)
                0x0c06d91c                _malloc_r
 .text          0x0c06e0b4       0x98 D:/资料/工作资源/ARM7-SDK-2011-05-20/GNU/arm-elf/lib//libc.a(lib_a-mbrtowc.o)
                0x0c06e10c                mbrtowc
                0x0c06e0b4                _mbrtowc_r
 .text          0x0c06e14c       0x50 D:/资料/工作资源/ARM7-SDK-2011-05-20/GNU/arm-elf/lib//libc.a(lib_a-mbtowc_r.o)
                0x0c06e14c                _mbtowc_r
 .text          0x0c06e19c      0x10c D:/资料/工作资源/ARM7-SDK-2011-05-20/GNU/arm-elf/lib//libc.a(lib_a-memchr.o)
                0x0c06e19c                memchr
 .text          0x0c06e2a8       0xf4 D:/资料/工作资源/ARM7-SDK-2011-05-20/GNU/arm-elf/lib//libc.a(lib_a-memmove.o)
                0x0c06e2a8                memmove
 .text          0x0c06e39c        0x8 D:/资料/工作资源/ARM7-SDK-2011-05-20/GNU/arm-elf/lib//libc.a(lib_a-mlock.o)
                0x0c06e3a0                __malloc_unlock
                0x0c06e39c                __malloc_lock
 .text          0x0c06e3a4      0xcf4 D:/资料/工作资源/ARM7-SDK-2011-05-20/GNU/arm-elf/lib//libc.a(lib_a-mprec.o)
                0x0c06e6ac                _mprec_log10
                0x0c06e758                __any_on
                0x0c06e7f4                _Balloc
                0x0c06e62c                __ratio
                0x0c06edd0                __i2b
                0x0c06e56c                __b2d
                0x0c06efb8                __s2b
                0x0c06e4ac                __mcmp
                0x0c06e3c0                __hi0bits
                0x0c06eec4                __pow5mult
                0x0c06eaf4                __lshift
                0x0c06ebfc                __multiply
                0x0c06e884                __d2b
                0x0c06e6fc                __copybits
                0x0c06e50c                __ulp
                0x0c06e9b0                __mdiff
                0x0c06e418                __lo0bits
                0x0c06edf0                __multadd
                0x0c06e3a4                _Bfree
 .text          0x0c06f098      0x500 D:/资料/工作资源/ARM7-SDK-2011-05-20/GNU/arm-elf/lib//libc.a(lib_a-reallocr.o)
                0x0c06f098                _realloc_r
 .text          0x0c06f598      0x1b4 D:/资料/工作资源/ARM7-SDK-2011-05-20/GNU/arm-elf/lib//libc.a(lib_a-refill.o)
                0x0c06f5b4                __srefill_r
 .text          0x0c06f74c       0x3c D:/资料/工作资源/ARM7-SDK-2011-05-20/GNU/arm-elf/lib//libc.a(lib_a-s_isinfd.o)
                0x0c06f74c                __isinfd
 .text          0x0c06f788       0x30 D:/资料/工作资源/ARM7-SDK-2011-05-20/GNU/arm-elf/lib//libc.a(lib_a-s_isnand.o)
                0x0c06f788                __isnand
 .text          0x0c06f7b8       0xc8 D:/资料/工作资源/ARM7-SDK-2011-05-20/GNU/arm-elf/lib//libc.a(lib_a-sccl.o)
                0x0c06f7b8                __sccl
 .text          0x0c06f880        0xc D:/资料/工作资源/ARM7-SDK-2011-05-20/GNU/arm-elf/lib//libc.a(lib_a-sf_nan.o)
                0x0c06f880                nanf
 .text          0x0c06f88c      0x100 D:/资料/工作资源/ARM7-SDK-2011-05-20/GNU/arm-elf/lib//libc.a(lib_a-stdio.o)
                0x0c06f8a0                __sseek
                0x0c06f948                __sread
                0x0c06f88c                __sclose
                0x0c06f8e8                __swrite
 .text          0x0c06f98c       0xe8 D:/资料/工作资源/ARM7-SDK-2011-05-20/GNU/arm-elf/lib//libc.a(lib_a-strcmp.o)
                0x0c06f98c                strcmp
 .text          0x0c06fa74     0x15e0 D:/资料/工作资源/ARM7-SDK-2011-05-20/GNU/arm-elf/lib//libc.a(lib_a-strtod.o)
                0x0c06fabc                _strtod_r
                0x0c071038                strtod
                0x0c070fe8                strtof
 .text          0x0c071054      0x1f0 D:/资料/工作资源/ARM7-SDK-2011-05-20/GNU/arm-elf/lib//libc.a(lib_a-strtol.o)
                0x0c071218                strtol
                0x0c071054                _strtol_r
 .text          0x0c071244      0x248 D:/资料/工作资源/ARM7-SDK-2011-05-20/GNU/arm-elf/lib//libc.a(lib_a-ungetc.o)
                0x0c071470                ungetc
                0x0c071244                __submore
                0x0c0712f8                _ungetc_r
 .text          0x0c07148c       0xa0 D:/资料/工作资源/ARM7-SDK-2011-05-20/GNU/arm-elf/lib//libc.a(lib_a-callocr.o)
                0x0c07148c                _calloc_r
 .text          0x0c07152c      0x10c D:/资料/工作资源/ARM7-SDK-2011-05-20/GNU/arm-elf/lib//libc.a(lib_a-fclose.o)
                0x0c07152c                _fclose_r
                0x0c071624                fclose
 .text          0x0c071638      0x84c D:/资料/工作资源/ARM7-SDK-2011-05-20/GNU/arm-elf/lib//libc.a(lib_a-gdtoa-gethex.o)
                0x0c07166c                __hexdig_init
                0x0c071780                __gethex
 .text          0x0c071e84      0x270 D:/资料/工作资源/ARM7-SDK-2011-05-20/GNU/arm-elf/lib//libc.a(lib_a-gdtoa-hexnan.o)
                0x0c071eb8                __hexnan
 .text          0x0c0720f4       0xa0 D:/资料/工作资源/ARM7-SDK-2011-05-20/HHFiles/lib//libARMPos.a(libARMPos.o)
                0x0c072150                Sys_Delay_MS
                0x0c072140                Sys_Delay_US
                0x0c072118                Sys_Delay_NS
                0x0c0720f4                SYS_Restart_Code
                0x0c07217c                Sys_Delay_Sec
 .text          0x0c072194     0x14a0 D:/资料/工作资源/ARM7-SDK-2011-05-20/HHFiles/lib//libARMPos.a(call_api.o)
                0x0c07277c                UART_Modem_Ctrl
                0x0c0726a4                UART_Stat
                0x0c0722fc                KEY_Beep_Mask_Read
                0x0c0724dc                Disp_Get_Pixel
                0x0c0728b4                RTC_Alarm_Control
                0x0c072404                Disp_Init
                0x0c07271c                UART2_Flush_FIFO
                0x0c072fa4                Sys_Get_SDRAM_Size
                0x0c072464                Disp_Goto_XY
                0x0c072a1c                EEPROM_Write_Byte
                0x0c0730dc                SYS_NO_OP35
                0x0c072e54                Disp_Get_Color_Setting
                0x0c0721f4                Sys_Int_Disable
                0x0c0723ec                Disp_Get_Select_Color
                0x0c072cd4                Sys_Init_EXINT
                0x0c072d34                Nand_Correct_Data
                0x0c072ecc                SYS_NO_OP16
                0x0c0727ac                Sys_Timer_Read
                0x0c07235c                Is_EL_On
                0x0c0725e4                Disp_Get_Contrast
                0x0c0728fc                SIO_Exchange
                0x0c0728e4                SIO_Init
                0x0c072af4                Nand_Is_Bad_Block
                0x0c0728cc                RTC_Alarm_Status
                0x0c0727f4                RTC_Set_Date
                0x0c0729d4                I2C_ACK_Control
                0x0c072fec                Disp_Put_Bmp_New
                0x0c07244c                Disp_Set_Font_Attrib
                0x0c072c44                Sys_BC_Init
                0x0c072f5c                KEY_Set_CallBack
                0x0c072fd4                EEPROM_Set_Type
                0x0c072dc4                SYS_AUX_Sock_Select
                0x0c072e24                Sys_AUX_IO_Control
                0x0c072c5c                Sys_BC_Laser_Enable
                0x0c07262c                UART_Init
                0x0c07268c                UART_Flush_FIFO
                0x0c072a64                Sys_Delay_Sec1
                0x0c072674                UART_Send_Str
                0x0c072194                Sys_Power_Sleep
                0x0c0724c4                Disp_Clr_Win
                0x0c072e9c                User_Timer_End
                0x0c072b84                SYS_Read_Vol_ADC
                0x0c072a7c                Flash_Get_Size
                0x0c0722cc                KEY_EL_Mask_Set
                0x0c072284                KEY_Read_Up
                0x0c072f44                User_Param_Read
                0x0c072cec                Sys_EXINT_Output
                0x0c072f2c                User_Param_Write
                0x0c072c2c                Sys_Motor_Enable
                0x0c072ee4                SYS_NO_OP17
                0x0c072f74                Sys_Network_Power_Control
                0x0c072e3c                Sys_Card_INT_Control
                0x0c072d1c                Nand_Calculate_ECC
                0x0c072704                UART2_Send_Str
                0x0c072644                UART_Rev_Char
                0x0c072614                Disp_Dec_Contrast
                0x0c07301c                EEPROM_Read_Con
                0x0c072794                Sys_Timer_Start
                0x0c07238c                EL_Get_Timeout
                0x0c072e0c                Sys_Gprs_Power_Control
                0x0c0726bc                UART2_Init
                0x0c0730c4                SYS_NO_OP34
                0x0c072314                KEY_EL_Mask_Read
                0x0c072dac                SYS_LED_Control
                0x0c07241c                Disp_Write_Char
                0x0c072bb4                SYS_Read_Current
                0x0c072554                Disp_Put_Bmp_Raw
                0x0c0729bc                I2C_Send_Char
                0x0c072aac                FLASH_Erase_One_Block
                0x0c072944                I2C_Init
                0x0c0724f4                Disp_Put_Pixel
                0x0c0727dc                WatchDog_Set
                0x0c0721c4                Sys_Auto_Poweroff_Read
                0x0c072d4c                Disp_Write_16x16_Chr
                0x0c07265c                UART_Send_Char
                0x0c0729a4                I2C_Recv_Char
                0x0c072ddc                Sys_Get_POS_Type
                0x0c072be4                Sys_Read_RARC
                0x0c0725b4                Disp_7_SEG_Time
                0x0c0722e4                KEY_Flush_FIFO
                0x0c07247c                Disp_Write_Str
                0x0c073094                Sys_U2P2_Power_Control
                0x0c072884                RTC_Set_Alarm
                0x0c072254                KEY_Init
                0x0c072914                SIO_Aux_Pin_Control
                0x0c07232c                KEY_Get_Status
                0x0c07286c                RTC_Get_DateTime
                0x0c072ac4                FLASH_Write_Record
                0x0c07253c                Disp_Put_Bmp
                0x0c072224                SYS_Msg_Wait
                0x0c0721dc                BATT_Check_Level
                0x0c072df4                Sys_AUX_OUT_Set
                0x0c07307c                Sys_U2P1_Power_Control
                0x0c072c74                Sys_Get_Lib_Version
                0x0c07256c                Disp_Icon_Set
                0x0c072b3c                Nand_Write_OnePage
                0x0c073064                Disp_Get_Magnification
                0x0c072d7c                SYS_Msg_Wait_Ext
                0x0c072bcc                Sys_Read_RAAC
                0x0c072734                UART2_Stat
                0x0c072974                I2C_Start_Recv
                0x0c072d04                Sys_EXINT_Read
                0x0c072fbc                Sys_Get_Version
                0x0c072a4c                Sys_Delay_MS1
                0x0c07229c                KEY_Read_Down
                0x0c0729ec                EEPROM_Init
                0x0c072b9c                SYS_Read_Vol_IC
                0x0c073004                Sys_Magcard_Power_Control
                0x0c072b24                Nand_Read_Random
                0x0c0725fc                Disp_Inc_Contrast
                0x0c0723d4                Disp_Set_Color
                0x0c07280c                RTC_Set_Time
                0x0c07283c                RTC_Get_Date
                0x0c0721ac                Sys_Auto_Poweroff_Set
                0x0c0730f4                SYS_NO_OP36
                0x0c073034                EEPROM_Write_Page
                0x0c0724ac                Disp_Clear
                0x0c07292c                SIO_Aux_Power_Control
                0x0c0730ac                SYS_NO_OP33
                0x0c072b54                Nand_Erase_OneBlock
                0x0c07223c                SYS_Msg_Mask_Set
                0x0c072a04                EEPROM_Read_Byte
                0x0c072a34                Sys_Delay_US1
                0x0c072adc                Nand_Read_ID
                0x0c072b6c                SYS_Read_Vol
                0x0c072ca4                Dis_Key_Int
                0x0c0725cc                Disp_Set_Contrast
                0x0c07289c                RTC_Get_Alarm
                0x0c07250c                Disp_Put_Pixel_Col
                0x0c072344                EL_Set
                0x0c0723bc                Is_Charger_On
                0x0c0722b4                KEY_Beep_Mask_Set
                0x0c072524                Disp_Set_Bmp_Mode
                0x0c072e6c                User_Timer_Get
                0x0c072f14                SYS_NO_OP19
                0x0c072434                Disp_Write_Char_Col
                0x0c072bfc                Sys_Power_5V_Enable
                0x0c072584                Disp_Icon_Battery_Time_Set
                0x0c072efc                SYS_NO_OP18
                0x0c07259c                Disp_Icon_Battery_Time_Refresh
                0x0c072cbc                En_Key_Int
                0x0c07304c                Disp_Set_Magnification
                0x0c07295c                I2C_Start_Send
                0x0c07298c                I2C_Stop
                0x0c072824                RTC_Set_DateTime
                0x0c0726ec                UART2_Send_Char
                0x0c072764                UART_Printf
                0x0c07226c                KEY_Read
                0x0c072d94                Sys_BC_Init_EXT
                0x0c072d64                FLASH_Get_Sec_ID
                0x0c072c14                Sys_Power_3V_Enable
                0x0c072b0c                Nand_Read_Pages
                0x0c07274c                UART_Send_Term
                0x0c072374                EL_Set_Timeout
                0x0c072854                RTC_Get_Time
                0x0c072f8c                Sys_Audio_Power_Control
                0x0c0727c4                Sys_Timer_CallBack
                0x0c072c8c                SYS_Query
                0x0c072e84                User_Timer_Start
                0x0c0726d4                UART2_Rev_Char
                0x0c072494                Disp_Write_Str_Col
                0x0c07220c                Sys_Int_Enable
                0x0c072a94                FLASH_Erase_One_Sector
                0x0c0723a4                Beep_Sound
                0x0c072eb4                User_Timer_Read
 .text          0x0c073634     0x1424 D:/资料/工作资源/ARM7-SDK-2011-05-20/HHFiles/lib//libcard.a(libcard.o)
                0x0c0738d4                IC_CARD_GET_URR
                0x0c0738a8                IC_CARD_GET_MSR
                0x0c073bd8                set_C4
                0x0c0741cc                Receive_I2C_Data
                0x0c073824                IC_CARD_GET_UCR1
                0x0c073bc8                reset_CLK
                0x0c073a2c                card_stop_level_low
                0x0c074700                is_card_exist
                0x0c07392c                IC_CARD_GET_HSR
                0x0c073650                IC_card_set_C6
                0x0c073d40                get_IO
                0x0c073e0c                ICC_access_CLK
                0x0c073dd4                set_IO
                0x0c073db4                reset_IO
                0x0c07398c                set_PSC_32
                0x0c0737a0                IC_CARD_GET_PDR
                0x0c073ce0                get_C8
                0x0c073900                IC_CARD_GET_USR
                0x0c0745d4                ICC_memcard_atr
                0x0c07387c                IC_CARD_GET_TOC
                0x0c073748                IC_CARD_GET_CSR
                0x0c073ed0                close_8007_interrupt
                0x0c073ed8                open_8007_interrupt
                0x0c073684                IC_Card_Clk_Open
                0x0c073e84                ICC_card_activity
                0x0c073634                ICC_Enalble_C6
                0x0c073c0c                reset_C4
                0x0c073b88                reset_RST
                0x0c073eb8                Parse_Addr
                0x0c074304                Start_I2C_IO
                0x0c074030                Send_I2C_Data
                0x0c0747e4                ICC_select_sock
                0x0c073a60                stop_card_clk
                0x0c0740b0                Send_I2C_NOACK
                0x0c0744d0                ACK_Polling_I2C
                0x0c0737f8                IC_CARD_GET_GTR
                0x0c073e6c                ICC_get_curr_sock
                0x0c073df4                ICC_memcard_pin_session
                0x0c073850                IC_CARD_GET_PCR
                0x0c0737cc                IC_CARD_GET_UCR2
                0x0c073774                IC_CARD_GET_CCR
                0x0c073a98                start_card_clk
                0x0c073d10                set_recv_mode
                0x0c074358                ICC_memcard_IIC_session
                0x0c073e34                ICC_CPU_access_speed
                0x0c07459c                start_card
                0x0c0740f8                Send_I2C_ACK
                0x0c073fac                Send_I2C_Data_LSB
                0x0c073d80                set_send_mode
                0x0c073c74                reset_C6
                0x0c073f38                ICC_sock_check
                0x0c073734                IC_Card_Clk_Check
                0x0c074260                Receive_I2C_ACK
                0x0c073acc                set_card_vcc
                0x0c0742b0                Stop_I2C_IO
                0x0c07413c                Receive_I2C_Data_LSB
                0x0c074568                stop_card
                0x0c073cb0                reset_C8
                0x0c073c3c                get_C4
                0x0c073b54                set_RST
                0x0c073ee0                clear_8007_interrupt
                0x0c073958                set_PSC_31
                0x0c0739f4                card_stop_level_high
                0x0c073c7c                set_C8
                0x0c0748a8                ICC_interface_power
                0x0c0739c4                check_8007_type
                0x0c073c6c                set_C6
                0x0c0747bc                ICC_deactivate_current_sock
                0x0c073bb8                set_CLK
                0x0c0736e8                IC_Card_Clk_Close
 .text          0x0c074a58     0x42ac D:/资料/工作资源/ARM7-SDK-2011-05-20/HHFiles/lib//libcard.a(cpucard.o)
                0x0c075d60                ICC_T0_TPDU
                0x0c0752bc                PBOC_atr_check
                0x0c0752e0                wait_for_CLKSW_reset
                0x0c07691c                ICC_T1_frame
                0x0c074cb4                PBOC_EMV_atr_check
                0x0c077254                ICC_T1_APDU_Exchange
                0x0c075330                wait_for_CLKSW_set
                0x0c074c38                ICC_cpucard_set_param
                0x0c077158                ICC_T1_Set_IFSD
                0x0c074c30                EMV_ISO_atr_check
                0x0c077b98                ICC_cpucard_ATR
                0x0c074c8c                ICC_cpucard_get_param
                0x0c0753e8                ICC_cpucard_PTS
                0x0c075380                wait_for_CRED
 .text          0x0c078d04     0x28e8 D:/资料/工作资源/ARM7-SDK-2011-05-20/HHFiles/lib//libcontactless.a(iso14443.o)
                0x0c07aa1c                ISO14443_Request_TypeB
                0x0c079ae8                ISO14443_Slot_Marker_TypeB
                0x0c079bb0                CardTypeBSlotMarker
                0x0c0795fc                CardTypeBExchangeBlock
                0x0c07a80c                CardTypeAExchangeBlock
                0x0c07acb8                ISO14443_RATS_TypeA_Ex
                0x0c079144                ISO14443_Check_Mode
                0x0c079aa4                CardTypeBAttrib
                0x0c079694                ISO14443_Deselect_TypeB
                0x0c078f78                ISO14443_Param_Set_Rate
                0x0c07b5a4                CardTypeAAnticoll
                0x0c07af2c                CardTypeARATS
                0x0c07abb0                ISO14443_PPS_TypeA
                0x0c07b0fc                ISO14443_Request_TypeA
                0x0c079954                CardTypeBAttrib_Ex
                0x0c07b328                ISO14443_AntiCollision_TypeA_Basic
                0x0c07a094                ISO14443_LinkLayer_Exchange
                0x0c078dbc                ISO14443_Param_Analyse_TypeA
                0x0c07b060                CardTypeASelect
                0x0c078f80                CardGetParam
                0x0c07b28c                ISO14443_Halt_TypeA
                0x0c079770                ISO14443_Halt_TypeB
                0x0c07b308                CardTypeAHalt
                0x0c07b240                CardTypeARequest
                0x0c079174                RCX_TransCeive_14443B
                0x0c07a98c                ISO14443_Deselect
                0x0c07aed0                CardTypeARATS_Ex
                0x0c079bf4                RCX_TransCeive_14443A
                0x0c078d10                ISO14443_Param_Init_TypeA
                0x0c07af8c                ISO14443_Select_TypeA_Basic
                0x0c07a9e4                CardTypeADeselect
                0x0c078d04                ISO14443_ParamGet
                0x0c07ab44                CardTypeBRequest
                0x0c079808                CardTypeBHalt
                0x0c07af58                ISO14443_RATS_TypeA
                0x0c078fbc                ISO14443_Param_Analyse_TypeB
                0x0c07a8dc                ISO14443_Deselect_TypeA
                0x0c07ac8c                CardTypeAPPS
                0x0c07a5e0                ISO14443_APDU_Exchange_Ex
                0x0c07a72c                ISO14443_APDU_Exchange
                0x0c0799cc                ISO14443_Attrib_TypeB
                0x0c079830                ISO14443_Attrib_TypeB_Ex
                0x0c079738                CardTypeBDeselect
 .text          0x0c07b5ec     0x10fc D:/资料/工作资源/ARM7-SDK-2011-05-20/HHFiles/lib//libcontactless.a(mifare.o)
                0x0c07c12c                CardAccessMultiBlocks
                0x0c07bd5c                FM11RF_Read4Bytes
                0x0c07c56c                Mf500KeyWriteToEeprom
                0x0c07b61c                CardMFCValueDebit
                0x0c07bf50                CardMFCAuthKeyE2
                0x0c07be5c                CardMFCRead16Bytes
                0x0c07c6b4                CardKX12AuthKey
                0x0c07c428                CardAccess
                0x0c07c328                CardValue
                0x0c07b79c                CardMFCValueWithTransfer
                0x0c07bb44                CardMFCWrite4Bytes
                0x0c07bfe0                CardTrailerWrite
                0x0c07bc0c                CardMFCWrite16Bytes
                0x0c07b9b4                FM11RF_Write4Bytes
                0x0c07c618                CardMFCAuthKey
 .text          0x0c07c6e8      0x368 D:/资料/工作资源/ARM7-SDK-2011-05-20/HHFiles/lib//libcontactless.a(port.o)
                0x0c07c8c8                RCX_Power_Off
                0x0c07c828                RCX_ReadReg_Same
                0x0c07c958                RCX_Reset
                0x0c07c6ec                RCX_Enable_Int
                0x0c07c7c4                RCX_ReadReg
                0x0c07c6f0                RCX_WriteFIFO
                0x0c07c6e8                RCX_Disable_Int
                0x0c07c830                RCX_ReadFIFO
                0x0c07c7b8                RCX_WriteReg_Same
                0x0c07c778                RCX_WriteReg
                0x0c07c90c                RCX_Power_On
 .text          0x0c07ca50     0x12b8 D:/资料/工作资源/ARM7-SDK-2011-05-20/HHFiles/lib//libcontactless.a(rcxcomm.o)
                0x0c07d3a8                RCX_Reg_Init_ICODE1STD
                0x0c07d170                RCX_ReadE2
                0x0c07caa0                RCX_Adjust_RxGain
                0x0c07d5e0                RCX_Reg_Init_15693STD
                0x0c07d830                RCX_Reg_Init_14443B_MOT
                0x0c07dcd4                RCX_Read_Product_Serial
                0x0c07d4d0                RCX_Reg_Init_15693Fast
                0x0c07cda4                RCX_CalcCRC
                0x0c07d6fc                RCX_Reg_Init_14443B_ASK
                0x0c07d138                RCX_Adjust_14443A
                0x0c07ca50                RCX_Key_Transform
                0x0c07cf70                RCX_WriteE2
                0x0c07cb0c                RCX_Authent2
                0x0c07cb94                RCX_Authent1
                0x0c07d280                RCX_Reg_Init_ICODE1Fast
                0x0c07da98                RCX_Reg_Init_14443A
                0x0c07d24c                RCX_Read_Product_Type
                0x0c07ccf8                RCX_LoadKeyE2
                0x0c07caec                RCX_Close
                0x0c07dbc0                RCX_Init
                0x0c07d964                RCX_Reg_Init_14443B_STD
                0x0c07cc60                RCX_LoadKey
 .text          0x0c07dd08      0x524 D:/资料/工作资源/ARM7-SDK-2011-05-20/HHFiles/lib//libcontactless.a(rcxreg.o)
                0x0c07df7c                RCX_RF_Close
                0x0c07dd60                RCX_Get_RxLastBit
                0x0c07e13c                RCX_PowerDown
                0x0c07e104                RCX_Clear_Crypto1
                0x0c07e08c                RCX_Stop_Timer
                0x0c07dd34                RCX_Check_WriteE2
                0x0c07de64                RCX_Set_TSPMSB
                0x0c07ddf4                RCX_Check_IRQ
                0x0c07dffc                RCX_Set_TxLastBits
                0x0c07e1c4                RCX_RF_Reset
                0x0c07dd08                RCX_Check_CRCReady
                0x0c07e0c8                RCX_Start_Timer
                0x0c07df44                RCX_SendOnePulse_Enable
                0x0c07de9c                RCX_Clear_100ASK
                0x0c07df0c                RCX_SendOnePulse_Disable
                0x0c07ded4                RCX_Set_100ASK
                0x0c07dd90                RCX_Check_ErrorFlag
                0x0c07de2c                RCX_Clear_TSPMSB
                0x0c07e040                RCX_Set_RX_AutoPD
                0x0c07ddc8                RCX_Check_Crypto1
                0x0c07e174                RCX_FlushFIFO
                0x0c07dfb4                RCX_Set_RxAlign
 .text          0x0c07e22c     0x5744 D:/资料/工作资源/ARM7-SDK-2011-05-20/HHFiles/lib//libext.a(exlib.o)
                0x0c07e5ec                RTC_read_date
                0x0c07ec5c                DispChar_E
                0x0c080648                DispStr_E
                0x0c07ecf4                GetStr_E
                0x0c080650                EXT_Display_Multi_Lines
                0x0c07e5b0                RTC_read_time
                0x0c08396c                GetStr_CE
                0x0c08064c                DispStr_C
                0x0c080968                EXT_Brow_Select
                0x0c07e83c                get_flash_size
                0x0c080f30                EXT_Select_In_Line
                0x0c07e870                delay_and_wait_key
                0x0c081b8c                GetStr_CEX
                0x0c081600                EXT_Brow_Info
                0x0c07f908                DispStr_CE
                0x0c07e3a4                RTC_get_week
                0x0c07e668                RTC_set_date
                0x0c07e628                RTC_set_time
                0x0c07ec04                EXT_ClearLine
 .text          0x0c083970      0x114 D:/资料/工作资源/ARM7-SDK-2011-05-20/HHFiles/lib//libext.a(exlib_pinyin.o)
                0x0c083970                py_ime
 .text          0x0c083a84      0x324 D:/资料/工作资源/ARM7-SDK-2011-05-20/HHFiles/lib//libWiFi.a(libWiFi.o)
                0x0c083d18                CWiFi_ConnState
                0x0c083bcc                CWiFi_GetHostInfo
                0x0c083cd4                CWiFi_SetLocalNetMask
                0x0c083aa0                CWiFi_CloseMould
                0x0c083bbc                CWiFi_GetSocketStatus
                0x0c083bdc                CWiFi_GetHandle
                0x0c083cc8                CWiFi_GetNicMac
                0x0c083cd0                CWiFi_GetLocalNetMask
                0x0c083cfc                CWiFi_SetWiFiChanle
                0x0c083cf4                CWiFi_SetWiFiTransRate
                0x0c083cc0                CWiFi_GetSoftwareVer
                0x0c083d04                CWiFi_SetPowerMode
                0x0c083ce8                CNaNoWiFi_ClearRoutePSK
                0x0c083cdc                CWiFi_SetGatewayAddress
                0x0c083bf8                CWiFi_Read
                0x0c083ccc                CWiFi_SetNicMac
                0x0c083ce4                CWiFi_SetLocalAddress
                0x0c083c08                CWiFi_Connect
                0x0c083d1c                CWiFi_ResetModule
                0x0c083cc4                CWiFi_GetWiFiVersion
                0x0c083cd8                CWiFi_GetGatewayAddress
                0x0c083d2c                CWiFi_InitModule
                0x0c083be0                CWiFi_Write
                0x0c083bac                CWiFi_GetRepStatus
                0x0c083cf0                CWiFi_SetRouteSSID
                0x0c083ce0                CWiFi_GetLocalAddress
                0x0c083cec                CWiFi_SetRoutePSK
                0x0c083a84                CWiFi_SetMSGCallBack
                0x0c083b78                CWiFi_Disconnect
                0x0c083b0c                CWiFi_OpenMould
 .text          0x0c083da8     0x1fe8 D:/资料/工作资源/ARM7-SDK-2011-05-20/HHFiles/lib//libWiFi.a(CNaNoWiFi.o)
                0x0c085a78                CNaNoWiFi_GetSoftwareVer_0
                0x0c084318                CNaNoWiFi_SetLocalAddress_0
                0x0c085bcc                CNaNoWiFi_GetNicMac_0
                0x0c084a00                CNaNoWiFi_AT_i
                0x0c085cac                CNaNoWiFi_GetGatewayAddress_0
                0x0c083e10                CNaNoWiFi_Disconnect_0
                0x0c0843cc                CNaNoWiFi_ClearRoutePSK_0
                0x0c0856f8                CNaNoWiFi_ConnectUDP_0
                0x0c084a70                CNaNoWiFi_AT_iFD
                0x0c084580                CNaNoWiFi_SetRouteSSID_0
                0x0c085558                CNaNoWiFi_Read_0
                0x0c0847e0                CNaNoWiFi_SetPowerMode_0
                0x0c0840d4                CNaNoWiFi_GetNaNoWiFiInfo_0
                0x0c085d1c                CNaNoWiFi_GetLocalAddress_0
                0x0c0858b8                CNaNoWiFi_ConnectTCP_0
                0x0c0851fc                CNaNoWiFi_GetHandle_0
                0x0c083ee4                CNaNoWiFi_AT_IRP5
                0x0c0840fc                CNaNoWiFi_SetNicMac_0
                0x0c08538c                CNaNoWiFi_Write_0
                0x0c084638                CNaNoWiFi_SetWiFiTransRate_0
                0x0c085c3c                CNaNoWiFi_GetLocalNetMask_0
                0x0c08470c                CNaNoWiFi_SetWiFiChanle_0
                0x0c084ff4                CNaNoWiFi_GetHostInfo_0
                0x0c084cd4                CNaNoWiFi_GetRepStatus_0
                0x0c084264                CNaNoWiFi_SetGatewayAddress_0
                0x0c084e64                CNaNoWiFi_GetSocketStatus_0
                0x0c0841b0                CNaNoWiFi_SetLocalNetMask_0
                0x0c0844c8                CNaNoWiFi_SetRoutePSK_0
                0x0c084ad8                CNaNoWiFi_InitModule_0
                0x0c083fdc                CNaNoWiFi_AT_IRP1
 .text          0x0c085d90      0xf58 D:/资料/工作资源/ARM7-SDK-2011-05-20/HHFiles/lib//libWiFi.a(Analyse_0.o)
                0x0c086ba4                Analyse_0_NaNoWiFi_Result
                0x0c085d90                Analyse_0_NaNoWiFi_ERRORTYPE
                0x0c086950                Analyse_0_CallBackDisplay
 .text          0x0c086ce8      0x1a8 D:/资料/工作资源/ARM7-SDK-2011-05-20/HHFiles/lib//libWiFi.a(WiFiPubFuncs.o)
                0x0c086ce8                Myitoa
                0x0c086dcc                Myatoi
 .text          0x0c086e90      0x200 D:/资料/工作资源/ARM7-SDK-2011-05-20/HHFiles/lib//libWiFi.a(ARML.o)
                0x0c086e90                WiFi_ARML_ARM_UART_get_char
                0x0c086ed0                WiFi_ReadPort
                0x0c086fd4                WiFi_WritePort
 .text          0x0c087090      0x1f0 D:/资料/工作资源/ARM7-SDK-2011-05-20/HHFiles/lib//libWiFi.a(PhyL.o)
                0x0c087228                WiFi_PhyL_ARM_ClrUart
                0x0c087090                PhyL_Port_Close
                0x0c08711c                PhyL_Port_Open
 .text          0x0c087280      0xeb0 D:/资料/工作资源/ARM7-SDK-2011-05-20/HHFiles/lib//libdb.a(database.o)
                0x0c0877c0                DB_init_sys_param
                0x0c0876c4                DB_check_format
                0x0c0874bc                DB_jump_to_record
                0x0c08750c                db_find_match
                0x0c0880c4                DB_erase_db_sys
                0x0c0879e0                DB_format_db
                0x0c087364                DB_count_records
                0x0c087604                DB_check_record
                0x0c087984                DB_delete_record
                0x0c087c1c                DB_add_recordx
                0x0c087dac                DB_add_record
                0x0c088000                DB_erase_filesys
                0x0c0872fc                DB_capacity
 .text          0x0c088130      0x350 D:/资料/工作资源/ARM7-SDK-2011-05-20/HHFiles/lib//libusb.a(D12ci.o)
                0x0c088260                D12_Read_Last_Status
                0x0c0882bc                D12_Read_Interrupt_Register
                0x0c0881a8                D12_Read_Endpoint
                0x0c088398                D12_Set_Endpoint_Status
                0x0c0883e4                D12_Set_Mode
                0x0c08822c                D12_Read_Frame_Number
                0x0c0881a0                D12_Send_Resume
                0x0c0882a0                D12_Select_Endpoint
                0x0c0882f0                D12_Read_ChipID
                0x0c08844c                D12_Set_Address_Enable
                0x0c088130                D12_Clear_Buff
                0x0c088414                D12_Set_Endpoint_Enable
                0x0c0883c0                D12_Set_DMA
                0x0c08816c                D12_Acknowledge_Endpoint
                0x0c088280                D12_Read_Endpoint_Status
                0x0c088324                D12_Write_Endpoint
 .text          0x0c088480      0x4c4 D:/资料/工作资源/ARM7-SDK-2011-05-20/HHFiles/lib//libusb.a(D12Driver.o)
                0x0c088818                USB_Exception
                0x0c0888ec                USB_Init
                0x0c088534                USB_EP0_Txdone
                0x0c088484                USB_EP2_Txdone
                0x0c0888d4                USB_Reconnect
                0x0c088628                USB_EP0_Rxdone
                0x0c0888c8                USB_Disconnect
                0x0c088480                USB_Suspend
                0x0c088508                USB_EP1_Rxdone
                0x0c0888bc                USB_Connect
                0x0c0884b0                USB_EP1_Txdone
                0x0c0884dc                USB_EP2_Rxdone
 .text          0x0c088944       0x74 D:/资料/工作资源/ARM7-SDK-2011-05-20/HHFiles/lib//libusb.a(D12hal.o)
                0x0c08899c                Input_DAT
                0x0c088944                Bus_Delay
                0x0c08897c                Output_DAT
                0x0c08895c                Output_CMD
 .text          0x0c0889b8      0x4d4 D:/资料/工作资源/ARM7-SDK-2011-05-20/HHFiles/lib//libusb.a(Chap_9.o)
                0x0c088b2c                Single_Transmit
                0x0c088cac                Clear_Feature
                0x0c088a24                Reserved
                0x0c088e10                Set_Configuration
                0x0c088c04                Set_Feature
                0x0c088e08                Init_Unconfig
                0x0c088ad8                Get_Descriptor
                0x0c088bd0                Set_Address
                0x0c088b70                Get_Interface
                0x0c088d34                Get_Status
                0x0c088b98                Get_Configuration
                0x0c088a28                Code_Transmit
                0x0c088e00                Init_Config
                0x0c0889b8                Stall_EP0
                0x0c088b44                Set_Interface
                0x0c0889e0                Control_Handler
 .text          0x0c088e8c        0x0 D:/资料/工作资源/ARM7-SDK-2011-05-20/HHFiles/lib//libusb.a(Descriptor.o)
 .text          0x0c088e8c      0x110 D:/资料/工作资源/ARM7-SDK-2011-05-20/GNU/arm-elf/lib//libgcc.a(_udivsi3.o)
                0x0c088e8c                __udivsi3
                0x0c088e8c                __aeabi_uidiv
                0x0c088f84                __aeabi_uidivmod
 .text          0x0c088f9c      0x140 D:/资料/工作资源/ARM7-SDK-2011-05-20/GNU/arm-elf/lib//libgcc.a(_divsi3.o)
                0x0c088f9c                __aeabi_idiv
                0x0c088f9c                __divsi3
                0x0c0890c4                __aeabi_idivmod
 .text          0x0c0890dc       0xcc D:/资料/工作资源/ARM7-SDK-2011-05-20/GNU/arm-elf/lib//libgcc.a(_umodsi3.o)
                0x0c0890dc                __umodsi3
 .text          0x0c0891a8       0xe4 D:/资料/工作资源/ARM7-SDK-2011-05-20/GNU/arm-elf/lib//libgcc.a(_modsi3.o)
                0x0c0891a8                __modsi3
 .text          0x0c08928c        0x4 D:/资料/工作资源/ARM7-SDK-2011-05-20/GNU/arm-elf/lib//libgcc.a(_dvmd_tls.o)
                0x0c08928c                __aeabi_ldiv0
                0x0c08928c                __div0
                0x0c08928c                __aeabi_idiv0
 .text          0x0c089290      0x400 D:/资料/工作资源/ARM7-SDK-2011-05-20/GNU/arm-elf/lib//libgcc.a(_addsubdf3.o)
                0x0c089624                __floatdidf
                0x0c0895a4                __floatsidf
                0x0c08957c                __aeabi_ui2d
                0x0c089290                __aeabi_drsub
                0x0c0895d0                __extendsfdf2
                0x0c08929c                __adddf3
                0x0c08957c                __floatunsidf
                0x0c08929c                __aeabi_dadd
                0x0c089610                __aeabi_ul2d
                0x0c089298                __aeabi_dsub
                0x0c089610                __floatundidf
                0x0c0895a4                __aeabi_i2d
                0x0c089624                __aeabi_l2d
                0x0c0895d0                __aeabi_f2d
                0x0c089298                __subdf3
 .text          0x0c089690      0x470 D:/资料/工作资源/ARM7-SDK-2011-05-20/GNU/arm-elf/lib//libgcc.a(_muldivdf3.o)
                0x0c0898fc                __aeabi_ddiv
                0x0c089690                __aeabi_dmul
                0x0c0898fc                __divdf3
                0x0c089690                __muldf3
 .text          0x0c089b00      0x128 D:/资料/工作资源/ARM7-SDK-2011-05-20/GNU/arm-elf/lib//libgcc.a(_cmpdf2.o)
                0x0c089bec                __aeabi_dcmple
                0x0c089b10                __cmpdf2
                0x0c089b10                __eqdf2
                0x0c089b00                __gtdf2
                0x0c089bb0                __aeabi_cdcmple
                0x0c089b94                __aeabi_cdrcmple
                0x0c089b08                __ltdf2
                0x0c089bd8                __aeabi_dcmplt
                0x0c089b08                __ledf2
                0x0c089c14                __aeabi_dcmpgt
                0x0c089c00                __aeabi_dcmpge
                0x0c089b10                __nedf2
                0x0c089bc4                __aeabi_dcmpeq
                0x0c089bb0                __aeabi_cdcmpeq
                0x0c089b00                __gedf2
 .text          0x0c089c28       0x5c D:/资料/工作资源/ARM7-SDK-2011-05-20/GNU/arm-elf/lib//libgcc.a(_fixdfsi.o)
                0x0c089c28                __fixdfsi
                0x0c089c28                __aeabi_d2iz
 .text          0x0c089c84       0x54 D:/资料/工作资源/ARM7-SDK-2011-05-20/GNU/arm-elf/lib//libgcc.a(_fixunsdfsi.o)
                0x0c089c84                __fixunsdfsi
                0x0c089c84                __aeabi_d2uiz
 .text          0x0c089cd8       0xa0 D:/资料/工作资源/ARM7-SDK-2011-05-20/GNU/arm-elf/lib//libgcc.a(_truncdfsf2.o)
                0x0c089cd8                __aeabi_d2f
                0x0c089cd8                __truncdfsf2
 .text          0x0c089d78       0x18 D:/资料/工作资源/ARM7-SDK-2011-05-20/GNU/arm-elf/lib//libc.a(lib_a-atol.o)
                0x0c089d78                _atol_r
                0x0c089d84                atol
 .text          0x0c089d90       0x94 D:/资料/工作资源/ARM7-SDK-2011-05-20/GNU/arm-elf/lib//libc.a(lib_a-memcmp.o)
                0x0c089d90                memcmp
 .text          0x0c089e24       0xa4 D:/资料/工作资源/ARM7-SDK-2011-05-20/GNU/arm-elf/lib//libc.a(lib_a-strcat.o)
                0x0c089e24                strcat
 .text          0x0c089ec8       0x50 D:/资料/工作资源/ARM7-SDK-2011-05-20/GNU/arm-elf/lib//libc.a(lib_a-strstr.o)
                0x0c089ec8                strstr
 .text          0x0c089f18      0x4bc D:/资料/工作资源/ARM7-SDK-2011-05-20/GNU/arm-elf/lib//libm.a(lib_a-w_pow.o)
                0x0c089f18                pow
 .text          0x0c08a3d4     0x1110 D:/资料/工作资源/ARM7-SDK-2011-05-20/GNU/arm-elf/lib//libm.a(lib_a-e_pow.o)
                0x0c08a3d4                __ieee754_pow
 .text          0x0c08b4e4      0x288 D:/资料/工作资源/ARM7-SDK-2011-05-20/GNU/arm-elf/lib//libm.a(lib_a-e_sqrt.o)
                0x0c08b4e4                __ieee754_sqrt
 .text          0x0c08b76c       0x20 D:/资料/工作资源/ARM7-SDK-2011-05-20/GNU/arm-elf/lib//libm.a(lib_a-s_fabs.o)
                0x0c08b76c                fabs
 .text          0x0c08b78c       0x18 D:/资料/工作资源/ARM7-SDK-2011-05-20/GNU/arm-elf/lib//libm.a(lib_a-s_finite.o)
                0x0c08b78c                finite
 .text          0x0c08b7a4        0x0 D:/资料/工作资源/ARM7-SDK-2011-05-20/GNU/arm-elf/lib//libm.a(lib_a-s_lib_ver.o)
 .text          0x0c08b7a4        0x8 D:/资料/工作资源/ARM7-SDK-2011-05-20/GNU/arm-elf/lib//libm.a(lib_a-s_matherr.o)
                0x0c08b7a4                matherr
 .text          0x0c08b7ac      0x1c8 D:/资料/工作资源/ARM7-SDK-2011-05-20/GNU/arm-elf/lib//libm.a(lib_a-s_rint.o)
                0x0c08b7ac                rint
 .text          0x0c08b974      0x1d4 D:/资料/工作资源/ARM7-SDK-2011-05-20/GNU/arm-elf/lib//libm.a(lib_a-s_scalbn.o)
                0x0c08b974                scalbn
 .text          0x0c08bb48       0x24 D:/资料/工作资源/ARM7-SDK-2011-05-20/GNU/arm-elf/lib//libm.a(lib_a-s_copysign.o)
                0x0c08bb48                copysign
 .text          0x0c08bb6c       0x10 D:/资料/工作资源/ARM7-SDK-2011-05-20/GNU/arm-elf/lib//libc.a(lib_a-errno.o)
                0x0c08bb6c                __errno
                0x0c08bb7c                . = ALIGN (0x4)
                0x0c08bb7c                __CTOR_LIST__ = .
                0x0c08bb7c        0x4 LONG 0x0 (((__CTOR_END__ - __CTOR_LIST__) / 0x4) - 0x2)
 *(.ctors)
                0x0c08bb80        0x4 LONG 0x0
                0x0c08bb84                __CTOR_END__ = .
                0x0c08bb84                __DTOR_LIST__ = .
                0x0c08bb84        0x4 LONG 0x0 (((__DTOR_END__ - __DTOR_LIST__) / 0x4) - 0x2)
 *(.dtors)
                0x0c08bb88        0x4 LONG 0x0
                0x0c08bb8c                __DTOR_END__ = .
 *(.rodata)
 .rodata        0x0c08bb8c       0x20 D:/项目文件夹/WiFi_Demo/Release/fun.o
 .rodata        0x0c08bbac       0x20 D:/项目文件夹/WiFi_Demo/Release/mifare.o
 .rodata        0x0c08bbcc       0x44 D:/项目文件夹/WiFi_Demo/Release/cal_key.o
 .rodata        0x0c08bc10      0x208 D:/项目文件夹/WiFi_Demo/Release/iso8583.o
 .rodata        0x0c08be18       0x20 D:/资料/工作资源/ARM7-SDK-2011-05-20/GNU/arm-elf/lib//libc.a(lib_a-vfprintf.o)
 .rodata        0x0c08be38       0x22 D:/资料/工作资源/ARM7-SDK-2011-05-20/GNU/arm-elf/lib//libc.a(lib_a-vfscanf.o)
 .rodata        0x0c08be5a      0x101 D:/资料/工作资源/ARM7-SDK-2011-05-20/GNU/arm-elf/lib//libc.a(lib_a-ctype_.o)
                0x0c08be5a                _ctype_
 *fill*         0x0c08bf5b        0x1 00
 .rodata        0x0c08bf5c        0x4 D:/资料/工作资源/ARM7-SDK-2011-05-20/GNU/arm-elf/lib//libc.a(lib_a-impure.o)
                0x0c08bf5c                _global_impure_ptr
 .rodata        0x0c08bf60       0x34 D:/资料/工作资源/ARM7-SDK-2011-05-20/GNU/arm-elf/lib//libc.a(lib_a-locale.o)
 .rodata        0x0c08bf94      0x124 D:/资料/工作资源/ARM7-SDK-2011-05-20/GNU/arm-elf/lib//libc.a(lib_a-mprec.o)
                0x0c08c084                __mprec_tinytens
                0x0c08bf94                __mprec_tens
                0x0c08c05c                __mprec_bigtens
 .rodata        0x0c08c0b8       0x28 D:/资料/工作资源/ARM7-SDK-2011-05-20/GNU/arm-elf/lib//libc.a(lib_a-strtod.o)
 .rodata        0x0c08c0e0       0x50 D:/资料/工作资源/ARM7-SDK-2011-05-20/HHFiles/lib//libcard.a(cpucard.o)
                0x0c08c110                DI_D_table
                0x0c08c0e0                FI_PDR_table
                0x0c08c0f0                FI_F_table
 .rodata        0x0c08c130       0x28 D:/资料/工作资源/ARM7-SDK-2011-05-20/HHFiles/lib//libcontactless.a(iso14443.o)
 .rodata        0x0c08c158      0x2f0 D:/资料/工作资源/ARM7-SDK-2011-05-20/HHFiles/lib//libext.a(exlib.o)
 .rodata        0x0c08c448       0x3e D:/资料/工作资源/ARM7-SDK-2011-05-20/HHFiles/lib//libWiFi.a(WiFiPubFuncs.o)
 .rodata        0x0c08c486      0x200 D:/资料/工作资源/ARM7-SDK-2011-05-20/HHFiles/lib//libdb.a(database.o)
 *fill*         0x0c08c686        0x2 00
 .rodata        0x0c08c688       0x4c D:/资料/工作资源/ARM7-SDK-2011-05-20/HHFiles/lib//libusb.a(Descriptor.o)
                0x0c08c688                DeviceDescr
                0x0c08c69c                usb_descr
 .rodata        0x0c08c6d4       0x30 D:/资料/工作资源/ARM7-SDK-2011-05-20/GNU/arm-elf/lib//libm.a(lib_a-e_pow.o)
 .rodata        0x0c08c704       0x10 D:/资料/工作资源/ARM7-SDK-2011-05-20/GNU/arm-elf/lib//libm.a(lib_a-s_rint.o)
 *(.rodata*)
 .rodata.str1.4
                0x0c08c714       0x15 D:/项目文件夹/WiFi_Demo/Release/WiFi_Demo.o
                                 0x18 (size before relaxing)
 *fill*         0x0c08c729        0x3 00
 .rodata.str1.4
                0x0c08c72c       0xb3 D:/项目文件夹/WiFi_Demo/Release/d_upload.o
                                 0xc4 (size before relaxing)
 *fill*         0x0c08c7df        0x1 00
 .rodata.str1.4
                0x0c08c7e0      0x208 D:/项目文件夹/WiFi_Demo/Release/fun.o
                                0x228 (size before relaxing)
 .rodata.str1.4
                0x0c08c9e8       0xd8 D:/项目文件夹/WiFi_Demo/Release/macset.o
                                0x114 (size before relaxing)
 .rodata.str1.4
                0x0c08cac0      0x154 D:/项目文件夹/WiFi_Demo/Release/vst_db.o
                                0x164 (size before relaxing)
 .rodata.str1.4
                0x0c08cc14      0x22c D:/项目文件夹/WiFi_Demo/Release/wifi_con.o
                                0x2ac (size before relaxing)
 .rodata.str1.4
                0x0c08ce40      0x169 D:/项目文件夹/WiFi_Demo/Release/mifare.o
                                0x18c (size before relaxing)
 *fill*         0x0c08cfa9        0x3 00
 .rodata.str1.4
                0x0c08cfac       0xa3 D:/项目文件夹/WiFi_Demo/Release/usbprog.o
                                 0xa4 (size before relaxing)
 *fill*         0x0c08d04f        0x1 00
 .rodata.str1.4
                0x0c08d050       0xa8 D:/项目文件夹/WiFi_Demo/Release/db.o
                                 0xd0 (size before relaxing)
 .rodata.str1.4
                0x0c08d0f8       0x5a D:/项目文件夹/WiFi_Demo/Release/iso8583.o
                                 0x64 (size before relaxing)
 .rodata.str1.4
                0x00000000        0x8 D:/项目文件夹/WiFi_Demo/Release/cpu_card.o
 *fill*         0x0c08d152        0x2 00
 .rodata.str1.4
                0x0c08d154       0x5f D:/资料/工作资源/ARM7-SDK-2011-05-20/GNU/arm-elf/lib//libc.a(lib_a-vfprintf.o)
                                 0x64 (size before relaxing)
 *fill*         0x0c08d1b3        0x1 00
 .rodata.str1.4
                0x0c08d1b4        0x5 D:/资料/工作资源/ARM7-SDK-2011-05-20/GNU/arm-elf/lib//libc.a(lib_a-vfscanf.o)
                                  0x8 (size before relaxing)
 *fill*         0x0c08d1b9        0x3 00
 .rodata.str1.4
                0x0c08d1bc       0x1e D:/资料/工作资源/ARM7-SDK-2011-05-20/GNU/arm-elf/lib//libc.a(lib_a-wctomb_r.o)
                                 0x20 (size before relaxing)
 *fill*         0x0c08d1da        0x2 00
 .rodata.str1.4
                0x0c08d1dc       0x10 D:/资料/工作资源/ARM7-SDK-2011-05-20/GNU/arm-elf/lib//libc.a(lib_a-dtoa.o)
                                 0x14 (size before relaxing)
 .rodata.str1.4
                0x0c08d1ec        0x2 D:/资料/工作资源/ARM7-SDK-2011-05-20/GNU/arm-elf/lib//libc.a(lib_a-impure.o)
                                  0x4 (size before relaxing)
 *fill*         0x0c08d1ee        0x2 00
 .rodata.str1.4
                0x0c08d1f0        0xb D:/资料/工作资源/ARM7-SDK-2011-05-20/GNU/arm-elf/lib//libc.a(lib_a-locale.o)
                                 0x18 (size before relaxing)
 .rodata.str1.4
                0x00000000        0x4 D:/资料/工作资源/ARM7-SDK-2011-05-20/GNU/arm-elf/lib//libc.a(lib_a-mbrtowc.o)
 *fill*         0x0c08d1fb        0x1 00
 .rodata.str1.4
                0x0c08d1fc        0xf D:/资料/工作资源/ARM7-SDK-2011-05-20/GNU/arm-elf/lib//libc.a(lib_a-strtod.o)
                                 0x10 (size before relaxing)
 *fill*         0x0c08d20b        0x1 00
 .rodata.str1.4
                0x0c08d20c       0x1b D:/资料/工作资源/ARM7-SDK-2011-05-20/GNU/arm-elf/lib//libc.a(lib_a-gdtoa-gethex.o)
                                 0x1c (size before relaxing)
 *fill*         0x0c08d227        0x1 00
 .rodata.str1.4
                0x0c08d228       0x76 D:/资料/工作资源/ARM7-SDK-2011-05-20/HHFiles/lib//libext.a(exlib.o)
                                 0x88 (size before relaxing)
 *fill*         0x0c08d29e        0x2 00
 .rodata.str1.4
                0x0c08d2a0       0xfc D:/资料/工作资源/ARM7-SDK-2011-05-20/HHFiles/lib//libext.a(exlib_pinyin.o)
                                0x10c (size before relaxing)
 .rodata.str1.4
                0x0c08d39c       0x5d D:/资料/工作资源/ARM7-SDK-2011-05-20/HHFiles/lib//libWiFi.a(libWiFi.o)
                                 0x60 (size before relaxing)
 *fill*         0x0c08d3f9        0x3 00
 .rodata.str1.4
                0x0c08d3fc      0x1ce D:/资料/工作资源/ARM7-SDK-2011-05-20/HHFiles/lib//libWiFi.a(CNaNoWiFi.o)
                                0x1d4 (size before relaxing)
 *fill*         0x0c08d5ca        0x2 00
 .rodata.str1.4
                0x0c08d5cc      0x324 D:/资料/工作资源/ARM7-SDK-2011-05-20/HHFiles/lib//libWiFi.a(Analyse_0.o)
                                0x364 (size before relaxing)
 .rodata.str1.4
                0x0c08d8f0        0x4 D:/资料/工作资源/ARM7-SDK-2011-05-20/GNU/arm-elf/lib//libm.a(lib_a-w_pow.o)
 *(.glue_7t)
 .glue_7t       0x0c08d8f4        0x0 D:/项目文件夹/WiFi_Demo/Release/crt0.o
 .glue_7t       0x0c08d8f4        0x0 D:/项目文件夹/WiFi_Demo/Release/WiFi_Demo.o
 .glue_7t       0x0c08d8f4        0x0 D:/项目文件夹/WiFi_Demo/Release/d_upload.o
 .glue_7t       0x0c08d8f4        0x0 D:/项目文件夹/WiFi_Demo/Release/fun.o
 .glue_7t       0x0c08d8f4        0x0 D:/项目文件夹/WiFi_Demo/Release/macset.o
 .glue_7t       0x0c08d8f4        0x0 D:/项目文件夹/WiFi_Demo/Release/vst_db.o
 .glue_7t       0x0c08d8f4        0x0 D:/项目文件夹/WiFi_Demo/Release/wifi_con.o
 .glue_7t       0x0c08d8f4        0x0 D:/项目文件夹/WiFi_Demo/Release/eeprom.o
 .glue_7t       0x0c08d8f4        0x0 D:/项目文件夹/WiFi_Demo/Release/mifare.o
 .glue_7t       0x0c08d8f4        0x0 D:/项目文件夹/WiFi_Demo/Release/cal_key.o
 .glue_7t       0x0c08d8f4        0x0 D:/项目文件夹/WiFi_Demo/Release/usbprog.o
 .glue_7t       0x0c08d8f4        0x0 D:/项目文件夹/WiFi_Demo/Release/db.o
 .glue_7t       0x0c08d8f4        0x0 D:/项目文件夹/WiFi_Demo/Release/iso8583.o
 .glue_7t       0x0c08d8f4        0x0 D:/项目文件夹/WiFi_Demo/Release/cpu_card.o
 .glue_7t       0x0c08d8f4        0x0 D:/资料/工作资源/ARM7-SDK-2011-05-20/GNU/arm-elf/lib//libc.a(lib_a-fprintf.o)
 .glue_7t       0x0c08d8f4        0x0 D:/资料/工作资源/ARM7-SDK-2011-05-20/GNU/arm-elf/lib//libc.a(lib_a-memcpy.o)
 .glue_7t       0x0c08d8f4        0x0 D:/资料/工作资源/ARM7-SDK-2011-05-20/GNU/arm-elf/lib//libc.a(lib_a-memset.o)
 .glue_7t       0x0c08d8f4        0x0 D:/资料/工作资源/ARM7-SDK-2011-05-20/GNU/arm-elf/lib//libc.a(lib_a-sprintf.o)
 .glue_7t       0x0c08d8f4        0x0 D:/资料/工作资源/ARM7-SDK-2011-05-20/GNU/arm-elf/lib//libc.a(lib_a-sscanf.o)
 .glue_7t       0x0c08d8f4        0x0 D:/资料/工作资源/ARM7-SDK-2011-05-20/GNU/arm-elf/lib//libc.a(lib_a-strcpy.o)
 .glue_7t       0x0c08d8f4        0x0 D:/资料/工作资源/ARM7-SDK-2011-05-20/GNU/arm-elf/lib//libc.a(lib_a-strlen.o)
 .glue_7t       0x0c08d8f4        0x0 D:/资料/工作资源/ARM7-SDK-2011-05-20/GNU/arm-elf/lib//libc.a(lib_a-strncmp.o)
 .glue_7t       0x0c08d8f4        0x0 D:/资料/工作资源/ARM7-SDK-2011-05-20/GNU/arm-elf/lib//libc.a(lib_a-strncpy.o)
 .glue_7t       0x0c08d8f4        0x0 D:/资料/工作资源/ARM7-SDK-2011-05-20/GNU/arm-elf/lib//libc.a(lib_a-strtoul.o)
 .glue_7t       0x0c08d8f4        0x0 D:/资料/工作资源/ARM7-SDK-2011-05-20/GNU/arm-elf/lib//libc.a(lib_a-vfprintf.o)
 .glue_7t       0x0c08d8f4        0x0 D:/资料/工作资源/ARM7-SDK-2011-05-20/GNU/arm-elf/lib//libc.a(lib_a-vfscanf.o)
 .glue_7t       0x0c08d8f4        0x0 D:/资料/工作资源/ARM7-SDK-2011-05-20/GNU/arm-elf/lib//libc.a(lib_a-wcrtomb.o)
 .glue_7t       0x0c08d8f4        0x0 D:/资料/工作资源/ARM7-SDK-2011-05-20/GNU/arm-elf/lib//libc.a(lib_a-wcsrtombs.o)
 .glue_7t       0x0c08d8f4        0x0 D:/资料/工作资源/ARM7-SDK-2011-05-20/GNU/arm-elf/lib//libc.a(lib_a-wctomb_r.o)
 .glue_7t       0x0c08d8f4        0x0 D:/资料/工作资源/ARM7-SDK-2011-05-20/GNU/arm-elf/lib//libc.a(lib_a-wsetup.o)
 .glue_7t       0x0c08d8f4        0x0 D:/资料/工作资源/ARM7-SDK-2011-05-20/GNU/arm-elf/lib//libc.a(lib_a-ctype_.o)
 .glue_7t       0x0c08d8f4        0x0 D:/资料/工作资源/ARM7-SDK-2011-05-20/GNU/arm-elf/lib//libc.a(lib_a-dtoa.o)
 .glue_7t       0x0c08d8f4        0x0 D:/资料/工作资源/ARM7-SDK-2011-05-20/GNU/arm-elf/lib//libc.a(lib_a-fflush.o)
 .glue_7t       0x0c08d8f4        0x0 D:/资料/工作资源/ARM7-SDK-2011-05-20/GNU/arm-elf/lib//libc.a(lib_a-findfp.o)
 .glue_7t       0x0c08d8f4        0x0 D:/资料/工作资源/ARM7-SDK-2011-05-20/GNU/arm-elf/lib//libc.a(lib_a-fread.o)
 .glue_7t       0x0c08d8f4        0x0 D:/资料/工作资源/ARM7-SDK-2011-05-20/GNU/arm-elf/lib//libc.a(lib_a-freer.o)
 .glue_7t       0x0c08d8f4        0x0 D:/资料/工作资源/ARM7-SDK-2011-05-20/GNU/arm-elf/lib//libc.a(lib_a-fvwrite.o)
 .glue_7t       0x0c08d8f4        0x0 D:/资料/工作资源/ARM7-SDK-2011-05-20/GNU/arm-elf/lib//libc.a(lib_a-fwalk.o)
 .glue_7t       0x0c08d8f4        0x0 D:/资料/工作资源/ARM7-SDK-2011-05-20/GNU/arm-elf/lib//libc.a(lib_a-impure.o)
 .glue_7t       0x0c08d8f4        0x0 D:/资料/工作资源/ARM7-SDK-2011-05-20/GNU/arm-elf/lib//libc.a(lib_a-iswspace.o)
 .glue_7t       0x0c08d8f4        0x0 D:/资料/工作资源/ARM7-SDK-2011-05-20/GNU/arm-elf/lib//libc.a(lib_a-locale.o)
 .glue_7t       0x0c08d8f4        0x0 D:/资料/工作资源/ARM7-SDK-2011-05-20/GNU/arm-elf/lib//libc.a(lib_a-makebuf.o)
 .glue_7t       0x0c08d8f4        0x0 D:/资料/工作资源/ARM7-SDK-2011-05-20/GNU/arm-elf/lib//libc.a(lib_a-mallocr.o)
 .glue_7t       0x0c08d8f4        0x0 D:/资料/工作资源/ARM7-SDK-2011-05-20/GNU/arm-elf/lib//libc.a(lib_a-mbrtowc.o)
 .glue_7t       0x0c08d8f4        0x0 D:/资料/工作资源/ARM7-SDK-2011-05-20/GNU/arm-elf/lib//libc.a(lib_a-mbtowc_r.o)
 .glue_7t       0x0c08d8f4        0x0 D:/资料/工作资源/ARM7-SDK-2011-05-20/GNU/arm-elf/lib//libc.a(lib_a-memchr.o)
 .glue_7t       0x0c08d8f4        0x0 D:/资料/工作资源/ARM7-SDK-2011-05-20/GNU/arm-elf/lib//libc.a(lib_a-memmove.o)
 .glue_7t       0x0c08d8f4        0x0 D:/资料/工作资源/ARM7-SDK-2011-05-20/GNU/arm-elf/lib//libc.a(lib_a-mlock.o)
 .glue_7t       0x0c08d8f4        0x0 D:/资料/工作资源/ARM7-SDK-2011-05-20/GNU/arm-elf/lib//libc.a(lib_a-mprec.o)
 .glue_7t       0x0c08d8f4        0x0 D:/资料/工作资源/ARM7-SDK-2011-05-20/GNU/arm-elf/lib//libc.a(lib_a-reallocr.o)
 .glue_7t       0x0c08d8f4        0x0 D:/资料/工作资源/ARM7-SDK-2011-05-20/GNU/arm-elf/lib//libc.a(lib_a-refill.o)
 .glue_7t       0x0c08d8f4        0x0 D:/资料/工作资源/ARM7-SDK-2011-05-20/GNU/arm-elf/lib//libc.a(lib_a-s_isinfd.o)
 .glue_7t       0x0c08d8f4        0x0 D:/资料/工作资源/ARM7-SDK-2011-05-20/GNU/arm-elf/lib//libc.a(lib_a-s_isnand.o)
 .glue_7t       0x0c08d8f4        0x0 D:/资料/工作资源/ARM7-SDK-2011-05-20/GNU/arm-elf/lib//libc.a(lib_a-sccl.o)
 .glue_7t       0x0c08d8f4        0x0 D:/资料/工作资源/ARM7-SDK-2011-05-20/GNU/arm-elf/lib//libc.a(lib_a-sf_nan.o)
 .glue_7t       0x0c08d8f4        0x0 D:/资料/工作资源/ARM7-SDK-2011-05-20/GNU/arm-elf/lib//libc.a(lib_a-stdio.o)
 .glue_7t       0x0c08d8f4        0x0 D:/资料/工作资源/ARM7-SDK-2011-05-20/GNU/arm-elf/lib//libc.a(lib_a-strcmp.o)
 .glue_7t       0x0c08d8f4        0x0 D:/资料/工作资源/ARM7-SDK-2011-05-20/GNU/arm-elf/lib//libc.a(lib_a-strtod.o)
 .glue_7t       0x0c08d8f4        0x0 D:/资料/工作资源/ARM7-SDK-2011-05-20/GNU/arm-elf/lib//libc.a(lib_a-strtol.o)
 .glue_7t       0x0c08d8f4        0x0 D:/资料/工作资源/ARM7-SDK-2011-05-20/GNU/arm-elf/lib//libc.a(lib_a-ungetc.o)
 .glue_7t       0x0c08d8f4        0x0 D:/资料/工作资源/ARM7-SDK-2011-05-20/GNU/arm-elf/lib//libc.a(lib_a-callocr.o)
 .glue_7t       0x0c08d8f4        0x0 D:/资料/工作资源/ARM7-SDK-2011-05-20/GNU/arm-elf/lib//libc.a(lib_a-fclose.o)
 .glue_7t       0x0c08d8f4        0x0 D:/资料/工作资源/ARM7-SDK-2011-05-20/GNU/arm-elf/lib//libc.a(lib_a-gdtoa-gethex.o)
 .glue_7t       0x0c08d8f4        0x0 D:/资料/工作资源/ARM7-SDK-2011-05-20/GNU/arm-elf/lib//libc.a(lib_a-gdtoa-hexnan.o)
 .glue_7t       0x0c08d8f4        0x0 D:/资料/工作资源/ARM7-SDK-2011-05-20/HHFiles/lib//libARMPos.a(libARMPos.o)
 .glue_7t       0x0c08d8f4        0x0 D:/资料/工作资源/ARM7-SDK-2011-05-20/HHFiles/lib//libARMPos.a(call_api.o)
 .glue_7t       0x0c08d8f4        0x0 D:/资料/工作资源/ARM7-SDK-2011-05-20/HHFiles/lib//libcard.a(libcard.o)
 .glue_7t       0x0c08d8f4        0x0 D:/资料/工作资源/ARM7-SDK-2011-05-20/HHFiles/lib//libcard.a(cpucard.o)
 .glue_7t       0x0c08d8f4        0x0 D:/资料/工作资源/ARM7-SDK-2011-05-20/HHFiles/lib//libcontactless.a(iso14443.o)
 .glue_7t       0x0c08d8f4        0x0 D:/资料/工作资源/ARM7-SDK-2011-05-20/HHFiles/lib//libcontactless.a(mifare.o)
 .glue_7t       0x0c08d8f4        0x0 D:/资料/工作资源/ARM7-SDK-2011-05-20/HHFiles/lib//libcontactless.a(port.o)
 .glue_7t       0x0c08d8f4        0x0 D:/资料/工作资源/ARM7-SDK-2011-05-20/HHFiles/lib//libcontactless.a(rcxcomm.o)
 .glue_7t       0x0c08d8f4        0x0 D:/资料/工作资源/ARM7-SDK-2011-05-20/HHFiles/lib//libcontactless.a(rcxreg.o)
 .glue_7t       0x0c08d8f4        0x0 D:/资料/工作资源/ARM7-SDK-2011-05-20/HHFiles/lib//libext.a(exlib.o)
 .glue_7t       0x0c08d8f4        0x0 D:/资料/工作资源/ARM7-SDK-2011-05-20/HHFiles/lib//libext.a(exlib_pinyin.o)
 .glue_7t       0x0c08d8f4        0x0 D:/资料/工作资源/ARM7-SDK-2011-05-20/HHFiles/lib//libWiFi.a(libWiFi.o)
 .glue_7t       0x0c08d8f4        0x0 D:/资料/工作资源/ARM7-SDK-2011-05-20/HHFiles/lib//libWiFi.a(CNaNoWiFi.o)
 .glue_7t       0x0c08d8f4        0x0 D:/资料/工作资源/ARM7-SDK-2011-05-20/HHFiles/lib//libWiFi.a(Analyse_0.o)
 .glue_7t       0x0c08d8f4        0x0 D:/资料/工作资源/ARM7-SDK-2011-05-20/HHFiles/lib//libWiFi.a(WiFiPubFuncs.o)
 .glue_7t       0x0c08d8f4        0x0 D:/资料/工作资源/ARM7-SDK-2011-05-20/HHFiles/lib//libWiFi.a(ARML.o)
 .glue_7t       0x0c08d8f4        0x0 D:/资料/工作资源/ARM7-SDK-2011-05-20/HHFiles/lib//libWiFi.a(PhyL.o)
 .glue_7t       0x0c08d8f4        0x0 D:/资料/工作资源/ARM7-SDK-2011-05-20/HHFiles/lib//libdb.a(database.o)
 .glue_7t       0x0c08d8f4        0x0 D:/资料/工作资源/ARM7-SDK-2011-05-20/HHFiles/lib//libusb.a(D12ci.o)
 .glue_7t       0x0c08d8f4        0x0 D:/资料/工作资源/ARM7-SDK-2011-05-20/HHFiles/lib//libusb.a(D12Driver.o)
 .glue_7t       0x0c08d8f4        0x0 D:/资料/工作资源/ARM7-SDK-2011-05-20/HHFiles/lib//libusb.a(D12hal.o)
 .glue_7t       0x0c08d8f4        0x0 D:/资料/工作资源/ARM7-SDK-2011-05-20/HHFiles/lib//libusb.a(Chap_9.o)
 .glue_7t       0x0c08d8f4        0x0 D:/资料/工作资源/ARM7-SDK-2011-05-20/HHFiles/lib//libusb.a(Descriptor.o)
 .glue_7t       0x0c08d8f4        0x0 D:/资料/工作资源/ARM7-SDK-2011-05-20/GNU/arm-elf/lib//libgcc.a(_udivsi3.o)
 .glue_7t       0x0c08d8f4        0x0 D:/资料/工作资源/ARM7-SDK-2011-05-20/GNU/arm-elf/lib//libgcc.a(_divsi3.o)
 .glue_7t       0x0c08d8f4        0x0 D:/资料/工作资源/ARM7-SDK-2011-05-20/GNU/arm-elf/lib//libgcc.a(_umodsi3.o)
 .glue_7t       0x0c08d8f4        0x0 D:/资料/工作资源/ARM7-SDK-2011-05-20/GNU/arm-elf/lib//libgcc.a(_modsi3.o)
 .glue_7t       0x0c08d8f4        0x0 D:/资料/工作资源/ARM7-SDK-2011-05-20/GNU/arm-elf/lib//libgcc.a(_dvmd_tls.o)
 .glue_7t       0x0c08d8f4        0x0 D:/资料/工作资源/ARM7-SDK-2011-05-20/GNU/arm-elf/lib//libgcc.a(_addsubdf3.o)
 .glue_7t       0x0c08d8f4        0x0 D:/资料/工作资源/ARM7-SDK-2011-05-20/GNU/arm-elf/lib//libgcc.a(_muldivdf3.o)
 .glue_7t       0x0c08d8f4        0x0 D:/资料/工作资源/ARM7-SDK-2011-05-20/GNU/arm-elf/lib//libgcc.a(_cmpdf2.o)
 .glue_7t       0x0c08d8f4        0x0 D:/资料/工作资源/ARM7-SDK-2011-05-20/GNU/arm-elf/lib//libgcc.a(_fixdfsi.o)
 .glue_7t       0x0c08d8f4        0x0 D:/资料/工作资源/ARM7-SDK-2011-05-20/GNU/arm-elf/lib//libgcc.a(_fixunsdfsi.o)
 .glue_7t       0x0c08d8f4        0x0 D:/资料/工作资源/ARM7-SDK-2011-05-20/GNU/arm-elf/lib//libgcc.a(_truncdfsf2.o)
 .glue_7t       0x0c08d8f4        0x0 D:/资料/工作资源/ARM7-SDK-2011-05-20/GNU/arm-elf/lib//libc.a(lib_a-atol.o)
 .glue_7t       0x0c08d8f4        0x0 D:/资料/工作资源/ARM7-SDK-2011-05-20/GNU/arm-elf/lib//libc.a(lib_a-memcmp.o)
 .glue_7t       0x0c08d8f4        0x0 D:/资料/工作资源/ARM7-SDK-2011-05-20/GNU/arm-elf/lib//libc.a(lib_a-strcat.o)
 .glue_7t       0x0c08d8f4        0x0 D:/资料/工作资源/ARM7-SDK-2011-05-20/GNU/arm-elf/lib//libc.a(lib_a-strstr.o)
 .glue_7t       0x0c08d8f4        0x0 D:/资料/工作资源/ARM7-SDK-2011-05-20/GNU/arm-elf/lib//libm.a(lib_a-w_pow.o)
 .glue_7t       0x0c08d8f4        0x0 D:/资料/工作资源/ARM7-SDK-2011-05-20/GNU/arm-elf/lib//libm.a(lib_a-e_pow.o)
 .glue_7t       0x0c08d8f4        0x0 D:/资料/工作资源/ARM7-SDK-2011-05-20/GNU/arm-elf/lib//libm.a(lib_a-e_sqrt.o)
 .glue_7t       0x0c08d8f4        0x0 D:/资料/工作资源/ARM7-SDK-2011-05-20/GNU/arm-elf/lib//libm.a(lib_a-s_fabs.o)
 .glue_7t       0x0c08d8f4        0x0 D:/资料/工作资源/ARM7-SDK-2011-05-20/GNU/arm-elf/lib//libm.a(lib_a-s_finite.o)
 .glue_7t       0x0c08d8f4        0x0 D:/资料/工作资源/ARM7-SDK-2011-05-20/GNU/arm-elf/lib//libm.a(lib_a-s_lib_ver.o)
 .glue_7t       0x0c08d8f4        0x0 D:/资料/工作资源/ARM7-SDK-2011-05-20/GNU/arm-elf/lib//libm.a(lib_a-s_matherr.o)
 .glue_7t       0x0c08d8f4        0x0 D:/资料/工作资源/ARM7-SDK-2011-05-20/GNU/arm-elf/lib//libm.a(lib_a-s_rint.o)
 .glue_7t       0x0c08d8f4        0x0 D:/资料/工作资源/ARM7-SDK-2011-05-20/GNU/arm-elf/lib//libm.a(lib_a-s_scalbn.o)
 .glue_7t       0x0c08d8f4        0x0 D:/资料/工作资源/ARM7-SDK-2011-05-20/GNU/arm-elf/lib//libm.a(lib_a-s_copysign.o)
 .glue_7t       0x0c08d8f4        0x0 D:/资料/工作资源/ARM7-SDK-2011-05-20/GNU/arm-elf/lib//libc.a(lib_a-errno.o)
 *(.glue_7)
 .glue_7        0x0c08d8f4        0x0 D:/项目文件夹/WiFi_Demo/Release/crt0.o
 .glue_7        0x0c08d8f4        0x0 D:/项目文件夹/WiFi_Demo/Release/WiFi_Demo.o
 .glue_7        0x0c08d8f4        0x0 D:/项目文件夹/WiFi_Demo/Release/d_upload.o
 .glue_7        0x0c08d8f4        0x0 D:/项目文件夹/WiFi_Demo/Release/fun.o
 .glue_7        0x0c08d8f4        0x0 D:/项目文件夹/WiFi_Demo/Release/macset.o
 .glue_7        0x0c08d8f4        0x0 D:/项目文件夹/WiFi_Demo/Release/vst_db.o
 .glue_7        0x0c08d8f4        0x0 D:/项目文件夹/WiFi_Demo/Release/wifi_con.o
 .glue_7        0x0c08d8f4        0x0 D:/项目文件夹/WiFi_Demo/Release/eeprom.o
 .glue_7        0x0c08d8f4        0x0 D:/项目文件夹/WiFi_Demo/Release/mifare.o
 .glue_7        0x0c08d8f4        0x0 D:/项目文件夹/WiFi_Demo/Release/cal_key.o
 .glue_7        0x0c08d8f4        0x0 D:/项目文件夹/WiFi_Demo/Release/usbprog.o
 .glue_7        0x0c08d8f4        0x0 D:/项目文件夹/WiFi_Demo/Release/db.o
 .glue_7        0x0c08d8f4        0x0 D:/项目文件夹/WiFi_Demo/Release/iso8583.o
 .glue_7        0x0c08d8f4        0x0 D:/项目文件夹/WiFi_Demo/Release/cpu_card.o
 .glue_7        0x0c08d8f4        0x0 D:/资料/工作资源/ARM7-SDK-2011-05-20/GNU/arm-elf/lib//libc.a(lib_a-fprintf.o)
 .glue_7        0x0c08d8f4        0x0 D:/资料/工作资源/ARM7-SDK-2011-05-20/GNU/arm-elf/lib//libc.a(lib_a-memcpy.o)
 .glue_7        0x0c08d8f4        0x0 D:/资料/工作资源/ARM7-SDK-2011-05-20/GNU/arm-elf/lib//libc.a(lib_a-memset.o)
 .glue_7        0x0c08d8f4        0x0 D:/资料/工作资源/ARM7-SDK-2011-05-20/GNU/arm-elf/lib//libc.a(lib_a-sprintf.o)
 .glue_7        0x0c08d8f4        0x0 D:/资料/工作资源/ARM7-SDK-2011-05-20/GNU/arm-elf/lib//libc.a(lib_a-sscanf.o)
 .glue_7        0x0c08d8f4        0x0 D:/资料/工作资源/ARM7-SDK-2011-05-20/GNU/arm-elf/lib//libc.a(lib_a-strcpy.o)
 .glue_7        0x0c08d8f4        0x0 D:/资料/工作资源/ARM7-SDK-2011-05-20/GNU/arm-elf/lib//libc.a(lib_a-strlen.o)
 .glue_7        0x0c08d8f4        0x0 D:/资料/工作资源/ARM7-SDK-2011-05-20/GNU/arm-elf/lib//libc.a(lib_a-strncmp.o)
 .glue_7        0x0c08d8f4        0x0 D:/资料/工作资源/ARM7-SDK-2011-05-20/GNU/arm-elf/lib//libc.a(lib_a-strncpy.o)
 .glue_7        0x0c08d8f4        0x0 D:/资料/工作资源/ARM7-SDK-2011-05-20/GNU/arm-elf/lib//libc.a(lib_a-strtoul.o)
 .glue_7        0x0c08d8f4        0x0 D:/资料/工作资源/ARM7-SDK-2011-05-20/GNU/arm-elf/lib//libc.a(lib_a-vfprintf.o)
 .glue_7        0x0c08d8f4        0x0 D:/资料/工作资源/ARM7-SDK-2011-05-20/GNU/arm-elf/lib//libc.a(lib_a-vfscanf.o)
 .glue_7        0x0c08d8f4        0x0 D:/资料/工作资源/ARM7-SDK-2011-05-20/GNU/arm-elf/lib//libc.a(lib_a-wcrtomb.o)
 .glue_7        0x0c08d8f4        0x0 D:/资料/工作资源/ARM7-SDK-2011-05-20/GNU/arm-elf/lib//libc.a(lib_a-wcsrtombs.o)
 .glue_7        0x0c08d8f4        0x0 D:/资料/工作资源/ARM7-SDK-2011-05-20/GNU/arm-elf/lib//libc.a(lib_a-wctomb_r.o)
 .glue_7        0x0c08d8f4        0x0 D:/资料/工作资源/ARM7-SDK-2011-05-20/GNU/arm-elf/lib//libc.a(lib_a-wsetup.o)
 .glue_7        0x0c08d8f4        0x0 D:/资料/工作资源/ARM7-SDK-2011-05-20/GNU/arm-elf/lib//libc.a(lib_a-ctype_.o)
 .glue_7        0x0c08d8f4        0x0 D:/资料/工作资源/ARM7-SDK-2011-05-20/GNU/arm-elf/lib//libc.a(lib_a-dtoa.o)
 .glue_7        0x0c08d8f4        0x0 D:/资料/工作资源/ARM7-SDK-2011-05-20/GNU/arm-elf/lib//libc.a(lib_a-fflush.o)
 .glue_7        0x0c08d8f4        0x0 D:/资料/工作资源/ARM7-SDK-2011-05-20/GNU/arm-elf/lib//libc.a(lib_a-findfp.o)
 .glue_7        0x0c08d8f4        0x0 D:/资料/工作资源/ARM7-SDK-2011-05-20/GNU/arm-elf/lib//libc.a(lib_a-fread.o)
 .glue_7        0x0c08d8f4        0x0 D:/资料/工作资源/ARM7-SDK-2011-05-20/GNU/arm-elf/lib//libc.a(lib_a-freer.o)
 .glue_7        0x0c08d8f4        0x0 D:/资料/工作资源/ARM7-SDK-2011-05-20/GNU/arm-elf/lib//libc.a(lib_a-fvwrite.o)
 .glue_7        0x0c08d8f4        0x0 D:/资料/工作资源/ARM7-SDK-2011-05-20/GNU/arm-elf/lib//libc.a(lib_a-fwalk.o)
 .glue_7        0x0c08d8f4        0x0 D:/资料/工作资源/ARM7-SDK-2011-05-20/GNU/arm-elf/lib//libc.a(lib_a-impure.o)
 .glue_7        0x0c08d8f4        0x0 D:/资料/工作资源/ARM7-SDK-2011-05-20/GNU/arm-elf/lib//libc.a(lib_a-iswspace.o)
 .glue_7        0x0c08d8f4        0x0 D:/资料/工作资源/ARM7-SDK-2011-05-20/GNU/arm-elf/lib//libc.a(lib_a-locale.o)
 .glue_7        0x0c08d8f4        0x0 D:/资料/工作资源/ARM7-SDK-2011-05-20/GNU/arm-elf/lib//libc.a(lib_a-makebuf.o)
 .glue_7        0x0c08d8f4        0x0 D:/资料/工作资源/ARM7-SDK-2011-05-20/GNU/arm-elf/lib//libc.a(lib_a-mallocr.o)
 .glue_7        0x0c08d8f4        0x0 D:/资料/工作资源/ARM7-SDK-2011-05-20/GNU/arm-elf/lib//libc.a(lib_a-mbrtowc.o)
 .glue_7        0x0c08d8f4        0x0 D:/资料/工作资源/ARM7-SDK-2011-05-20/GNU/arm-elf/lib//libc.a(lib_a-mbtowc_r.o)
 .glue_7        0x0c08d8f4        0x0 D:/资料/工作资源/ARM7-SDK-2011-05-20/GNU/arm-elf/lib//libc.a(lib_a-memchr.o)
 .glue_7        0x0c08d8f4        0x0 D:/资料/工作资源/ARM7-SDK-2011-05-20/GNU/arm-elf/lib//libc.a(lib_a-memmove.o)
 .glue_7        0x0c08d8f4        0x0 D:/资料/工作资源/ARM7-SDK-2011-05-20/GNU/arm-elf/lib//libc.a(lib_a-mlock.o)
 .glue_7        0x0c08d8f4        0x0 D:/资料/工作资源/ARM7-SDK-2011-05-20/GNU/arm-elf/lib//libc.a(lib_a-mprec.o)
 .glue_7        0x0c08d8f4        0x0 D:/资料/工作资源/ARM7-SDK-2011-05-20/GNU/arm-elf/lib//libc.a(lib_a-reallocr.o)
 .glue_7        0x0c08d8f4        0x0 D:/资料/工作资源/ARM7-SDK-2011-05-20/GNU/arm-elf/lib//libc.a(lib_a-refill.o)
 .glue_7        0x0c08d8f4        0x0 D:/资料/工作资源/ARM7-SDK-2011-05-20/GNU/arm-elf/lib//libc.a(lib_a-s_isinfd.o)
 .glue_7        0x0c08d8f4        0x0 D:/资料/工作资源/ARM7-SDK-2011-05-20/GNU/arm-elf/lib//libc.a(lib_a-s_isnand.o)
 .glue_7        0x0c08d8f4        0x0 D:/资料/工作资源/ARM7-SDK-2011-05-20/GNU/arm-elf/lib//libc.a(lib_a-sccl.o)
 .glue_7        0x0c08d8f4        0x0 D:/资料/工作资源/ARM7-SDK-2011-05-20/GNU/arm-elf/lib//libc.a(lib_a-sf_nan.o)
 .glue_7        0x0c08d8f4        0x0 D:/资料/工作资源/ARM7-SDK-2011-05-20/GNU/arm-elf/lib//libc.a(lib_a-stdio.o)
 .glue_7        0x0c08d8f4        0x0 D:/资料/工作资源/ARM7-SDK-2011-05-20/GNU/arm-elf/lib//libc.a(lib_a-strcmp.o)
 .glue_7        0x0c08d8f4        0x0 D:/资料/工作资源/ARM7-SDK-2011-05-20/GNU/arm-elf/lib//libc.a(lib_a-strtod.o)
 .glue_7        0x0c08d8f4        0x0 D:/资料/工作资源/ARM7-SDK-2011-05-20/GNU/arm-elf/lib//libc.a(lib_a-strtol.o)
 .glue_7        0x0c08d8f4        0x0 D:/资料/工作资源/ARM7-SDK-2011-05-20/GNU/arm-elf/lib//libc.a(lib_a-ungetc.o)
 .glue_7        0x0c08d8f4        0x0 D:/资料/工作资源/ARM7-SDK-2011-05-20/GNU/arm-elf/lib//libc.a(lib_a-callocr.o)
 .glue_7        0x0c08d8f4        0x0 D:/资料/工作资源/ARM7-SDK-2011-05-20/GNU/arm-elf/lib//libc.a(lib_a-fclose.o)
 .glue_7        0x0c08d8f4        0x0 D:/资料/工作资源/ARM7-SDK-2011-05-20/GNU/arm-elf/lib//libc.a(lib_a-gdtoa-gethex.o)
 .glue_7        0x0c08d8f4        0x0 D:/资料/工作资源/ARM7-SDK-2011-05-20/GNU/arm-elf/lib//libc.a(lib_a-gdtoa-hexnan.o)
 .glue_7        0x0c08d8f4        0x0 D:/资料/工作资源/ARM7-SDK-2011-05-20/HHFiles/lib//libARMPos.a(libARMPos.o)
 .glue_7        0x0c08d8f4        0x0 D:/资料/工作资源/ARM7-SDK-2011-05-20/HHFiles/lib//libARMPos.a(call_api.o)
 .glue_7        0x0c08d8f4        0x0 D:/资料/工作资源/ARM7-SDK-2011-05-20/HHFiles/lib//libcard.a(libcard.o)
 .glue_7        0x0c08d8f4        0x0 D:/资料/工作资源/ARM7-SDK-2011-05-20/HHFiles/lib//libcard.a(cpucard.o)
 .glue_7        0x0c08d8f4        0x0 D:/资料/工作资源/ARM7-SDK-2011-05-20/HHFiles/lib//libcontactless.a(iso14443.o)
 .glue_7        0x0c08d8f4        0x0 D:/资料/工作资源/ARM7-SDK-2011-05-20/HHFiles/lib//libcontactless.a(mifare.o)
 .glue_7        0x0c08d8f4        0x0 D:/资料/工作资源/ARM7-SDK-2011-05-20/HHFiles/lib//libcontactless.a(port.o)
 .glue_7        0x0c08d8f4        0x0 D:/资料/工作资源/ARM7-SDK-2011-05-20/HHFiles/lib//libcontactless.a(rcxcomm.o)
 .glue_7        0x0c08d8f4        0x0 D:/资料/工作资源/ARM7-SDK-2011-05-20/HHFiles/lib//libcontactless.a(rcxreg.o)
 .glue_7        0x0c08d8f4        0x0 D:/资料/工作资源/ARM7-SDK-2011-05-20/HHFiles/lib//libext.a(exlib.o)
 .glue_7        0x0c08d8f4        0x0 D:/资料/工作资源/ARM7-SDK-2011-05-20/HHFiles/lib//libext.a(exlib_pinyin.o)
 .glue_7        0x0c08d8f4        0x0 D:/资料/工作资源/ARM7-SDK-2011-05-20/HHFiles/lib//libWiFi.a(libWiFi.o)
 .glue_7        0x0c08d8f4        0x0 D:/资料/工作资源/ARM7-SDK-2011-05-20/HHFiles/lib//libWiFi.a(CNaNoWiFi.o)
 .glue_7        0x0c08d8f4        0x0 D:/资料/工作资源/ARM7-SDK-2011-05-20/HHFiles/lib//libWiFi.a(Analyse_0.o)
 .glue_7        0x0c08d8f4        0x0 D:/资料/工作资源/ARM7-SDK-2011-05-20/HHFiles/lib//libWiFi.a(WiFiPubFuncs.o)
 .glue_7        0x0c08d8f4        0x0 D:/资料/工作资源/ARM7-SDK-2011-05-20/HHFiles/lib//libWiFi.a(ARML.o)
 .glue_7        0x0c08d8f4        0x0 D:/资料/工作资源/ARM7-SDK-2011-05-20/HHFiles/lib//libWiFi.a(PhyL.o)
 .glue_7        0x0c08d8f4        0x0 D:/资料/工作资源/ARM7-SDK-2011-05-20/HHFiles/lib//libdb.a(database.o)
 .glue_7        0x0c08d8f4        0x0 D:/资料/工作资源/ARM7-SDK-2011-05-20/HHFiles/lib//libusb.a(D12ci.o)
 .glue_7        0x0c08d8f4        0x0 D:/资料/工作资源/ARM7-SDK-2011-05-20/HHFiles/lib//libusb.a(D12Driver.o)
 .glue_7        0x0c08d8f4        0x0 D:/资料/工作资源/ARM7-SDK-2011-05-20/HHFiles/lib//libusb.a(D12hal.o)
 .glue_7        0x0c08d8f4        0x0 D:/资料/工作资源/ARM7-SDK-2011-05-20/HHFiles/lib//libusb.a(Chap_9.o)
 .glue_7        0x0c08d8f4        0x0 D:/资料/工作资源/ARM7-SDK-2011-05-20/HHFiles/lib//libusb.a(Descriptor.o)
 .glue_7        0x0c08d8f4        0x0 D:/资料/工作资源/ARM7-SDK-2011-05-20/GNU/arm-elf/lib//libgcc.a(_udivsi3.o)
 .glue_7        0x0c08d8f4        0x0 D:/资料/工作资源/ARM7-SDK-2011-05-20/GNU/arm-elf/lib//libgcc.a(_divsi3.o)
 .glue_7        0x0c08d8f4        0x0 D:/资料/工作资源/ARM7-SDK-2011-05-20/GNU/arm-elf/lib//libgcc.a(_umodsi3.o)
 .glue_7        0x0c08d8f4        0x0 D:/资料/工作资源/ARM7-SDK-2011-05-20/GNU/arm-elf/lib//libgcc.a(_modsi3.o)
 .glue_7        0x0c08d8f4        0x0 D:/资料/工作资源/ARM7-SDK-2011-05-20/GNU/arm-elf/lib//libgcc.a(_dvmd_tls.o)
 .glue_7        0x0c08d8f4        0x0 D:/资料/工作资源/ARM7-SDK-2011-05-20/GNU/arm-elf/lib//libgcc.a(_addsubdf3.o)
 .glue_7        0x0c08d8f4        0x0 D:/资料/工作资源/ARM7-SDK-2011-05-20/GNU/arm-elf/lib//libgcc.a(_muldivdf3.o)
 .glue_7        0x0c08d8f4        0x0 D:/资料/工作资源/ARM7-SDK-2011-05-20/GNU/arm-elf/lib//libgcc.a(_cmpdf2.o)
 .glue_7        0x0c08d8f4        0x0 D:/资料/工作资源/ARM7-SDK-2011-05-20/GNU/arm-elf/lib//libgcc.a(_fixdfsi.o)
 .glue_7        0x0c08d8f4        0x0 D:/资料/工作资源/ARM7-SDK-2011-05-20/GNU/arm-elf/lib//libgcc.a(_fixunsdfsi.o)
 .glue_7        0x0c08d8f4        0x0 D:/资料/工作资源/ARM7-SDK-2011-05-20/GNU/arm-elf/lib//libgcc.a(_truncdfsf2.o)
 .glue_7        0x0c08d8f4        0x0 D:/资料/工作资源/ARM7-SDK-2011-05-20/GNU/arm-elf/lib//libc.a(lib_a-atol.o)
 .glue_7        0x0c08d8f4        0x0 D:/资料/工作资源/ARM7-SDK-2011-05-20/GNU/arm-elf/lib//libc.a(lib_a-memcmp.o)
 .glue_7        0x0c08d8f4        0x0 D:/资料/工作资源/ARM7-SDK-2011-05-20/GNU/arm-elf/lib//libc.a(lib_a-strcat.o)
 .glue_7        0x0c08d8f4        0x0 D:/资料/工作资源/ARM7-SDK-2011-05-20/GNU/arm-elf/lib//libc.a(lib_a-strstr.o)
 .glue_7        0x0c08d8f4        0x0 D:/资料/工作资源/ARM7-SDK-2011-05-20/GNU/arm-elf/lib//libm.a(lib_a-w_pow.o)
 .glue_7        0x0c08d8f4        0x0 D:/资料/工作资源/ARM7-SDK-2011-05-20/GNU/arm-elf/lib//libm.a(lib_a-e_pow.o)
 .glue_7        0x0c08d8f4        0x0 D:/资料/工作资源/ARM7-SDK-2011-05-20/GNU/arm-elf/lib//libm.a(lib_a-e_sqrt.o)
 .glue_7        0x0c08d8f4        0x0 D:/资料/工作资源/ARM7-SDK-2011-05-20/GNU/arm-elf/lib//libm.a(lib_a-s_fabs.o)
 .glue_7        0x0c08d8f4        0x0 D:/资料/工作资源/ARM7-SDK-2011-05-20/GNU/arm-elf/lib//libm.a(lib_a-s_finite.o)
 .glue_7        0x0c08d8f4        0x0 D:/资料/工作资源/ARM7-SDK-2011-05-20/GNU/arm-elf/lib//libm.a(lib_a-s_lib_ver.o)
 .glue_7        0x0c08d8f4        0x0 D:/资料/工作资源/ARM7-SDK-2011-05-20/GNU/arm-elf/lib//libm.a(lib_a-s_matherr.o)
 .glue_7        0x0c08d8f4        0x0 D:/资料/工作资源/ARM7-SDK-2011-05-20/GNU/arm-elf/lib//libm.a(lib_a-s_rint.o)
 .glue_7        0x0c08d8f4        0x0 D:/资料/工作资源/ARM7-SDK-2011-05-20/GNU/arm-elf/lib//libm.a(lib_a-s_scalbn.o)
 .glue_7        0x0c08d8f4        0x0 D:/资料/工作资源/ARM7-SDK-2011-05-20/GNU/arm-elf/lib//libm.a(lib_a-s_copysign.o)
 .glue_7        0x0c08d8f4        0x0 D:/资料/工作资源/ARM7-SDK-2011-05-20/GNU/arm-elf/lib//libc.a(lib_a-errno.o)
                0x0c08d8f4                . = ALIGN (0x4)
                0x0c08d8f4                _etext = .

.vfp11_veneer   0x00000000        0x0
 .vfp11_veneer  0x00000000        0x0 D:/项目文件夹/WiFi_Demo/Release/crt0.o
 .vfp11_veneer  0x00000000        0x0 D:/项目文件夹/WiFi_Demo/Release/WiFi_Demo.o
 .vfp11_veneer  0x00000000        0x0 D:/项目文件夹/WiFi_Demo/Release/d_upload.o
 .vfp11_veneer  0x00000000        0x0 D:/项目文件夹/WiFi_Demo/Release/fun.o
 .vfp11_veneer  0x00000000        0x0 D:/项目文件夹/WiFi_Demo/Release/macset.o
 .vfp11_veneer  0x00000000        0x0 D:/项目文件夹/WiFi_Demo/Release/vst_db.o
 .vfp11_veneer  0x00000000        0x0 D:/项目文件夹/WiFi_Demo/Release/wifi_con.o
 .vfp11_veneer  0x00000000        0x0 D:/项目文件夹/WiFi_Demo/Release/eeprom.o
 .vfp11_veneer  0x00000000        0x0 D:/项目文件夹/WiFi_Demo/Release/mifare.o
 .vfp11_veneer  0x00000000        0x0 D:/项目文件夹/WiFi_Demo/Release/cal_key.o
 .vfp11_veneer  0x00000000        0x0 D:/项目文件夹/WiFi_Demo/Release/usbprog.o
 .vfp11_veneer  0x00000000        0x0 D:/项目文件夹/WiFi_Demo/Release/db.o
 .vfp11_veneer  0x00000000        0x0 D:/项目文件夹/WiFi_Demo/Release/iso8583.o
 .vfp11_veneer  0x00000000        0x0 D:/项目文件夹/WiFi_Demo/Release/cpu_card.o
 .vfp11_veneer  0x00000000        0x0 D:/资料/工作资源/ARM7-SDK-2011-05-20/GNU/arm-elf/lib//libc.a(lib_a-fprintf.o)
 .vfp11_veneer  0x00000000        0x0 D:/资料/工作资源/ARM7-SDK-2011-05-20/GNU/arm-elf/lib//libc.a(lib_a-memcpy.o)
 .vfp11_veneer  0x00000000        0x0 D:/资料/工作资源/ARM7-SDK-2011-05-20/GNU/arm-elf/lib//libc.a(lib_a-memset.o)
 .vfp11_veneer  0x00000000        0x0 D:/资料/工作资源/ARM7-SDK-2011-05-20/GNU/arm-elf/lib//libc.a(lib_a-sprintf.o)
 .vfp11_veneer  0x00000000        0x0 D:/资料/工作资源/ARM7-SDK-2011-05-20/GNU/arm-elf/lib//libc.a(lib_a-sscanf.o)
 .vfp11_veneer  0x00000000        0x0 D:/资料/工作资源/ARM7-SDK-2011-05-20/GNU/arm-elf/lib//libc.a(lib_a-strcpy.o)
 .vfp11_veneer  0x00000000        0x0 D:/资料/工作资源/ARM7-SDK-2011-05-20/GNU/arm-elf/lib//libc.a(lib_a-strlen.o)
 .vfp11_veneer  0x00000000        0x0 D:/资料/工作资源/ARM7-SDK-2011-05-20/GNU/arm-elf/lib//libc.a(lib_a-strncmp.o)
 .vfp11_veneer  0x00000000        0x0 D:/资料/工作资源/ARM7-SDK-2011-05-20/GNU/arm-elf/lib//libc.a(lib_a-strncpy.o)
 .vfp11_veneer  0x00000000        0x0 D:/资料/工作资源/ARM7-SDK-2011-05-20/GNU/arm-elf/lib//libc.a(lib_a-strtoul.o)
 .vfp11_veneer  0x00000000        0x0 D:/资料/工作资源/ARM7-SDK-2011-05-20/GNU/arm-elf/lib//libc.a(lib_a-vfprintf.o)
 .vfp11_veneer  0x00000000        0x0 D:/资料/工作资源/ARM7-SDK-2011-05-20/GNU/arm-elf/lib//libc.a(lib_a-vfscanf.o)
 .vfp11_veneer  0x00000000        0x0 D:/资料/工作资源/ARM7-SDK-2011-05-20/GNU/arm-elf/lib//libc.a(lib_a-wcrtomb.o)
 .vfp11_veneer  0x00000000        0x0 D:/资料/工作资源/ARM7-SDK-2011-05-20/GNU/arm-elf/lib//libc.a(lib_a-wcsrtombs.o)
 .vfp11_veneer  0x00000000        0x0 D:/资料/工作资源/ARM7-SDK-2011-05-20/GNU/arm-elf/lib//libc.a(lib_a-wctomb_r.o)
 .vfp11_veneer  0x00000000        0x0 D:/资料/工作资源/ARM7-SDK-2011-05-20/GNU/arm-elf/lib//libc.a(lib_a-wsetup.o)
 .vfp11_veneer  0x00000000        0x0 D:/资料/工作资源/ARM7-SDK-2011-05-20/GNU/arm-elf/lib//libc.a(lib_a-ctype_.o)
 .vfp11_veneer  0x00000000        0x0 D:/资料/工作资源/ARM7-SDK-2011-05-20/GNU/arm-elf/lib//libc.a(lib_a-dtoa.o)
 .vfp11_veneer  0x00000000        0x0 D:/资料/工作资源/ARM7-SDK-2011-05-20/GNU/arm-elf/lib//libc.a(lib_a-fflush.o)
 .vfp11_veneer  0x00000000        0x0 D:/资料/工作资源/ARM7-SDK-2011-05-20/GNU/arm-elf/lib//libc.a(lib_a-findfp.o)
 .vfp11_veneer  0x00000000        0x0 D:/资料/工作资源/ARM7-SDK-2011-05-20/GNU/arm-elf/lib//libc.a(lib_a-fread.o)